******************************************************************************
                  TI ARM Linker PC v5.2.5                      
******************************************************************************
>> Linked Thu Mar 10 03:58:26 2016

OUTPUT FILE NAME:   <lab5 3rd.out>
ENTRY POINT SYMBOL: "_c_int00"  address: 20011051


MEMORY CONFIGURATION

         name            origin    length      used     unused   attr    fill
----------------------  --------  ---------  --------  --------  ----  --------
  SRAM_CODE             20004000   00013000  0000f6ef  00003911  RW X
  SRAM_DATA             20017000   00019000  0000eb19  0000a4e7  RW X


SEGMENT ALLOCATION MAP

run origin  load origin   length   init length attrs members
----------  ----------- ---------- ----------- ----- -------
20004000    20004000    0000f6f0   0000f6f0    r-x
  20004000    20004000    00000400   00000400    r-- .intvecs
  20004400    20004400    0000d870   0000d870    r-x .text
  20011c70    20011c70    000018e7   000018e7    r-- .const
  20013558    20013558    00000198   00000198    r-- .cinit
20017000    20017000    0000db20   00000000    rw-
  20017000    20017000    00008000   00000000    rw- .sysmem
  2001f000    2001f000    00005351   00000000    rw- .bss
  20024358    20024358    000007c8   00000000    rw- .data
2002f000    2002f000    00001000   00000000    rw-
  2002f000    2002f000    00001000   00000000    rw- .stack


SECTION ALLOCATION MAP

 output                                  attributes/
section   page    origin      length       input sections
--------  ----  ----------  ----------   ----------------
.intvecs   0    20004000    00000400     
                  20004000    00000400     startup_ccs.obj (.intvecs)

.init_array 
*          0    20004000    00000000     UNINITIALIZED

.text      0    20004400    0000d870     
                  20004400    00002774     main.obj (.text)
                  20006b74    00000004     rtsv7M4_T_le_eabi.lib : pre_init.obj (.text)
                  20006b78    000018e8     cJSON.obj (.text)
                  20008460    000010a6     rtsv7M4_T_le_eabi.lib : _printfi.obj (.text)
                  20009506    00000002     driverlib.a : interrupt.obj (.text:IntDefaultHandler)
                  20009508    00000790     Adafruit_GFX.obj (.text)
                  20009c98    000005ec     simplelink.a : driver.obj (.text:_SlDrvMsgRead)
                  2000a284    00000480     rtsv7M4_T_le_eabi.lib : pow.obj (.text)
                  2000a704    000003dc                           : memory.obj (.text)
                  2000aae0    000003ac     Adafruit_OLED.obj (.text)
                  2000ae8c    0000030c     rtsv7M4_T_le_eabi.lib : lowlev.obj (.text)
                  2000b198    000002e4                           : xlog.obj (.text)
                  2000b47c    000002d4                           : trgdrv.obj (.text)
                  2000b750    000002a8                           : mktime.obj (.text)
                  2000b9f8    0000026c     gpio_if.obj (.text)
                  2000bc64    00000248     simplelink.a : driver.obj (.text:_SlDrvRxHdrRead)
                  2000beac    00000244                  : wlan.obj (.text:sl_WlanConnect)
                  2000c0f0    000001fc     rtsv7M4_T_le_eabi.lib : xexp.obj (.text)
                  2000c2ec    000001f4                           : ull_div_t2.obj (.text)
                  2000c4e0    000001f4     uart_if.obj (.text)
                  2000c6d4    000001d0     simplelink.a : driver.obj (.text:_SlDrvReleasePoolObj)
                  2000c8a4    000001cc                  : driver.obj (.text:_SlDrvMsgWrite)
                  2000ca70    000001c4     rtsv7M4_T_le_eabi.lib : fopen.obj (.text)
                  2000cc34    000001b6                           : fd_add_t2.obj (.text)
                  2000cdea    00000002                           : i_div0.obj (.text)
                  2000cdec    00000190     simplelink.a : driver.obj (.text:_SlDrvWaitForPoolObj)
                  2000cf7c    00000188                  : driver.obj (.text:_SlDrvDriverCBInit)
                  2000d104    00000170                  : driver.obj (.text:_SlFindAndSetActiveObj)
                  2000d274    00000144                  : cc_pal.obj (.text:spi_Open)
                  2000d3b8    0000013c     pinmux.obj (.text)
                  2000d4f4    00000136     rtsv7M4_T_le_eabi.lib : fd_div_t2.obj (.text)
                  2000d62a    00000002     --HOLE-- [fill = 0]
                  2000d62c    00000134     driverlib.a : prcm.obj (.text:PRCMCC3200MCUInit)
                  2000d760    00000134     rtsv7M4_T_le_eabi.lib : fputs.obj (.text)
                  2000d894    0000012c     simplelink.a : driver.obj (.text:_SlDrvDataReadOp)
                  2000d9c0    00000110     rtsv7M4_T_le_eabi.lib : xdscale.obj (.text)
                  2000dad0    00000108     simplelink.a : driver.obj (.text:_SlDrvDataWriteOp)
                  2000dbd8    00000108                  : socket.obj (.text:sl_Connect)
                  2000dce0    00000108                  : socket.obj (.text:sl_Send)
                  2000dde8    00000104                  : netapp.obj (.text:sl_NetAppDnsGetHostByName)
                  2000deec    00000100                  : driver.obj (.text:_SlDrvDriverCBDeinit)
                  2000dfec    000000fe                  : netapp.obj (.text:_SlDrvNetAppEventHandler)
                  2000e0ea    000000fc     rtsv7M4_T_le_eabi.lib : fd_mul_t2.obj (.text)
                  2000e1e6    00000002     --HOLE-- [fill = 0]
                  2000e1e8    000000f0     simplelink.a : cc_pal.obj (.text:spi_Read)
                  2000e2d8    000000f0     driverlib.a : udma.obj (.text:uDMAChannelTransferSet)
                  2000e3c8    000000dc     rtsv7M4_T_le_eabi.lib : setvbuf.obj (.text)
                  2000e4a4    000000d8     simplelink.a : driver.obj (.text:_SlDrvClassifyRxMsg)
                  2000e57c    000000d4                  : device.obj (.text:sl_Stop)
                  2000e650    000000c8                  : netapp.obj (.text:_sl_HandleAsync_DnsGetHostByService)
                  2000e718    000000c8     rtsv7M4_T_le_eabi.lib : fflush.obj (.text)
                  2000e7e0    000000c4                           : floor.obj (.text)
                  2000e8a4    000000c0     simplelink.a : driver.obj (.text:_SlDrvMsgReadCmdCtx)
                  2000e964    000000c0                  : driver.obj (.text:_SlRemoveFromList)
                  2000ea24    000000c0     rtsv7M4_T_le_eabi.lib : xdint.obj (.text)
                  2000eae4    000000be                           : xdnorm.obj (.text)
                  2000eba2    00000002     --HOLE-- [fill = 0]
                  2000eba4    000000bc     simplelink.a : device.obj (.text:sl_Start)
                  2000ec60    000000b8                  : driver.obj (.text:_SlAsyncEventGenericHandler)
                  2000ed18    000000b4                  : netapp.obj (.text:sl_NetAppMDNSRegisterUnregisterService)
                  2000edcc    000000ac     rtsv7M4_T_le_eabi.lib : _io_perm.obj (.text)
                  2000ee78    000000a8     driverlib.a : interrupt.obj (.text:IntDisable)
                  2000ef20    000000a8                 : interrupt.obj (.text:IntEnable)
                  2000efc8    000000a0                 : spi.obj (.text:SPIConfigSetExpClk)
                  2000f068    0000009c     simplelink.a : driver.obj (.text:_SlDrvMsgReadSpawnCtx)
                  2000f104    0000009c     rtsv7M4_T_le_eabi.lib : memcpy_t2.obj (.text)
                  2000f1a0    0000009c     simplelink.a : device.obj (.text:sl_DevGet)
                  2000f23c    00000098     rtsv7M4_T_le_eabi.lib : fclose.obj (.text)
                  2000f2d4    00000098                           : fputc.obj (.text)
                  2000f36c    00000098     simplelink.a : cc_pal.obj (.text:spi_Write)
                  2000f404    00000094     driverlib.a : prcm.obj (.text:PRCMPeripheralClockGet)
                  2000f498    0000008c     simplelink.a : cc_pal.obj (.text:SetupDMAReceive)
                  2000f524    0000008c                  : cc_pal.obj (.text:SetupDMASend)
                  2000f5b0    0000008c                  : netapp.obj (.text:_sl_HandleAsync_DnsGetHostByName)
                  2000f63c    0000008c                  : netapp.obj (.text:_sl_HandleAsync_PingResponse)
                  2000f6c8    00000088     driverlib.a : pin.obj (.text:PinConfigSet)
                  2000f750    00000088     rtsv7M4_T_le_eabi.lib : vsnprintf.obj (.text)
                  2000f7d8    00000086                           : fd_cmp_t2.obj (.text:__aeabi_cdcmple)
                  2000f85e    00000086                           : fd_cmp_t2.obj (.text:__aeabi_cdrcmple)
                  2000f8e4    00000084     simplelink.a : cc_pal.obj (.text:NwpPowerOnPreamble)
                  2000f968    00000082     driverlib.a : gpio.obj (.text:GPIOIntTypeSet)
                  2000f9ea    00000002     --HOLE-- [fill = 0]
                  2000f9ec    00000080     simplelink.a : driver.obj (.text:_SlDrvCmdOp)
                  2000fa6c    00000080                  : cc_pal.obj (.text:spi_Read_CPU)
                  2000faec    00000080                  : cc_pal.obj (.text:spi_Write_CPU)
                  2000fb6c    0000007c                  : device.obj (.text:_sl_HandleAsync_InitComplete)
                  2000fbe8    0000007a     rtsv7M4_T_le_eabi.lib : memset_t2.obj (.text)
                  2000fc62    00000002     --HOLE-- [fill = 0]
                  2000fc64    00000078     simplelink.a : socket.obj (.text:_sl_HandleAsync_Connect)
                  2000fcdc    00000078                  : cc_pal.obj (.text:spi_Close)
                  2000fd54    00000076     driverlib.a : uart.obj (.text:UARTConfigSetExpClk)
                  2000fdca    00000002     --HOLE-- [fill = 0]
                  2000fdcc    00000074     simplelink.a : socket.obj (.text:sl_Recv)
                  2000fe40    00000070                  : nonos.obj (.text:_SlNonOsMainLoopTask)
                  2000feb0    00000070     rtsv7M4_T_le_eabi.lib : printf.obj (.text)
                  2000ff20    0000006c     simplelink.a : driver.obj (.text:_SlDrvCmdSend)
                  2000ff8c    0000006c     rtsv7M4_T_le_eabi.lib : autoinit.obj (.text)
                  2000fff8    0000006a                           : copy_decompress_rle.obj (.text)
                  20010062    00000002     --HOLE-- [fill = 0]
                  20010064    00000068     simplelink.a : netapp.obj (.text:_sl_NetAppSendTokenValue)
                  200100cc    00000068     rtsv7M4_T_le_eabi.lib : trgmsg.obj (.text)
                  20010134    00000068     simplelink.a : device.obj (.text:sl_DevSet)
                  2001019c    00000068                  : netcfg.obj (.text:sl_NetCfgSet)
                  20010204    00000068                  : socket.obj (.text:sl_SetSockOpt)
                  2001026c    00000068                  : wlan.obj (.text:sl_WlanSet)
                  200102d4    00000066     rtsv7M4_T_le_eabi.lib : xdunscal.obj (.text)
                  2001033a    00000002     --HOLE-- [fill = 0]
                  2001033c    00000064                           : fseek.obj (.text)
                  200103a0    00000064     driverlib.a : udma.obj (.text:uDMAChannelAttributeDisable)
                  20010404    00000064                 : udma.obj (.text:uDMAChannelAttributeEnable)
                  20010468    00000060     simplelink.a : socket.obj (.text:_sl_HandleAsync_Accept)
                  200104c8    00000060     rtsv7M4_T_le_eabi.lib : sprintf.obj (.text)
                  20010528    00000060     simplelink.a : wlan.obj (.text:sl_WlanPolicySet)
                  20010588    0000005c                  : nonos.obj (.text:_SlNonOsSemGet)
                  200105e4    0000005c                  : nonos.obj (.text:_SlNonOsSpawn)
                  20010640    0000005c                  : socket.obj (.text:sl_Socket)
                  2001069c    00000058     driverlib.a : interrupt.obj (.text:IntPendClear)
                  200106f4    00000058                 : prcm.obj (.text:PRCMPeripheralReset)
                  2001074c    00000056     rtsv7M4_T_le_eabi.lib : ltoa.obj (.text)
                  200107a2    00000002     --HOLE-- [fill = 0]
                  200107a4    00000054     driverlib.a : interrupt.obj (.text:IntPrioritySet)
                  200107f8    00000054     simplelink.a : socket.obj (.text:_sl_HandleAsync_Select)
                  2001084c    00000054                  : wlan.obj (.text:sl_WlanRxFilterSet)
                  200108a0    00000050                  : device.obj (.text:_sl_HandleAsync_Stop)
                  200108f0    0000004c     driverlib.a : spi.obj (.text:SPIIntEnable)
                  2001093c    0000004c                 : spi.obj (.text:SPIIntNumberGet)
                  20010988    0000004c     simplelink.a : driver.obj (.text:_SlDrvProtectAsyncRespSetting)
                  200109d4    0000004c                  : driver.obj (.text:_SlDrvRxIrqHandler)
                  20010a20    0000004c                  : socket.obj (.text:_sl_BuildAddress)
                  20010a6c    0000004c     rtsv7M4_T_le_eabi.lib : atoi.obj (.text)
                  20010ab8    0000004c                           : cpy_tbl.obj (.text)
                  20010b04    0000004c                           : localtim.obj (.text)
                  20010b50    0000004c     driverlib.a : udma.obj (.text:uDMAChannelAssign)
                  20010b9c    00000048                 : gpio.obj (.text:GPIOGetIntNumber)
                  20010be4    00000048                 : spi.obj (.text:SPIIntClear)
                  20010c2c    00000048     simplelink.a : driver.obj (.text:_SlDrvBasicCmd)
                  20010c74    00000048     rtsv7M4_T_le_eabi.lib : fd_toi_t2.obj (.text)
                  20010cbc    00000046                           : ldexp.obj (.text)
                  20010d02    00000002     --HOLE-- [fill = 0]
                  20010d04    00000044     driverlib.a : spi.obj (.text:SPIDmaMaskGet)
                  20010d48    00000044                 : timer.obj (.text:TimerConfigure)
                  20010d8c    00000044                 : uart.obj (.text:UARTIntNumberGet)
                  20010dd0    00000044     simplelink.a : cc_pal.obj (.text:cc_SetupTransfer)
                  20010e14    00000044     rtsv7M4_T_le_eabi.lib : exit.obj (.text)
                  20010e58    00000042     simplelink.a : socket.obj (.text:sl_Htonl)
                  20010e9a    00000002     --HOLE-- [fill = 0]
                  20010e9c    00000040     driverlib.a : pin.obj (.text:PinModeSet)
                  20010edc    00000040     rtsv7M4_T_le_eabi.lib : signal.obj (.text)
                  20010f1c    00000040                           : u_divt2.obj (.text)
                  20010f5c    0000003e     simplelink.a : cc_pal.obj (.text:NwpRegisterInterruptHandler)
                  20010f9a    0000003c                  : netapp.obj (.text:CopyPingResultsToReport)
                  20010fd6    00000002     --HOLE-- [fill = 0]
                  20010fd8    0000003c     driverlib.a : prcm.obj (.text:PRCMPeripheralClkEnable)
                  20011014    0000003c     simplelink.a : socket.obj (.text:_sl_TruncatePayloadByProtocol)
                  20011050    0000003c     rtsv7M4_T_le_eabi.lib : boot.obj (.text)
                  2001108c    0000003c     simplelink.a : socket.obj (.text:sl_Htons)
                  200110c8    0000003c     driverlib.a : udma.obj (.text:uDMAChannelControlSet)
                  20011104    00000038     simplelink.a : cc_pal.obj (.text:NwpPowerOff)
                  2001113c    00000038     rtsv7M4_T_le_eabi.lib : fs_tod_t2.obj (.text)
                  20011174    00000036     driverlib.a : gpio.obj (.text:GPIODirModeSet)
                  200111aa    00000036     simplelink.a : netapp.obj (.text:sl_NetAppMDNSUnRegisterService)
                  200111e0    00000034     driverlib.a : prcm.obj (.text:PRCMPeripheralStatusGet)
                  20011214    00000034                 : spi.obj (.text:SPIFIFOLevelSet)
                  20011248    00000034     rtsv7M4_T_le_eabi.lib : feraiseexcept.obj (.text)
                  2001127c    00000030     driverlib.a : pin.obj (.text:PinTypeGPIO)
                  200112ac    00000030                 : uart.obj (.text:UARTDisable)
                  200112dc    00000030     simplelink.a : device.obj (.text:_SlDrvDeviceEventHandler)
                  2001130c    00000030     rtsv7M4_T_le_eabi.lib : strncpy.obj (.text)
                  2001133c    00000030                           : xferaise.obj (.text)
                  2001136c    00000030     simplelink.a : socket.obj (.text:sl_Close)
                  2001139c    00000030                  : wlan.obj (.text:sl_WlanProfileDel)
                  200113cc    00000030                  : wlan.obj (.text:sl_WlanSetMode)
                  200113fc    0000002e     rtsv7M4_T_le_eabi.lib : i_tofd_t2.obj (.text)
                  2001142a    0000002e                           : raise.obj (.text)
                  20011458    0000002c     simplelink.a : cc_pal.obj (.text:NwpPowerOn)
                  20011484    0000002c     driverlib.a : prcm.obj (.text:PRCMSysResetCauseGet)
                  200114b0    0000002a                 : timer.obj (.text:TimerLoadSet)
                  200114da    0000002a     rtsv7M4_T_le_eabi.lib : xdclass.obj (.text)
                  20011504    00000028     driverlib.a : prcm.obj (.text:PRCMPeripheralClkDisable)
                  2001152c    00000026     rtsv7M4_T_le_eabi.lib : strncmp.obj (.text)
                  20011552    00000002     --HOLE-- [fill = 0]
                  20011554    00000024     simplelink.a : cc_pal.obj (.text:DmaSpiSwIntHandler)
                  20011578    00000024     driverlib.a : interrupt.obj (.text:IntUnregister)
                  2001159c    00000024                 : uart.obj (.text:UARTEnable)
                  200115c0    00000024     simplelink.a : driver.obj (.text:_SlDrvProtectionObjLockWaitForever)
                  200115e4    00000024     rtsv7M4_T_le_eabi.lib : memmov.obj (.text)
                  20011608    00000022     driverlib.a : spi.obj (.text:SPIReset)
                  2001162a    00000022                 : spi.obj (.text:SPIWordCountSet)
                  2001164c    00000022                 : timer.obj (.text:TimerValueSet)
                  2001166e    00000022     rtsv7M4_T_le_eabi.lib : frexp.obj (.text)
                  20011690    00000022     startup_ccs.obj (.text)
                  200116b2    00000020     driverlib.a : gpio.obj (.text:GPIOPinWrite)
                  200116d2    00000002     --HOLE-- [fill = 0]
                  200116d4    00000020                 : interrupt.obj (.text:IntRegister)
                  200116f4    00000020                 : spi.obj (.text:SPIDataGet)
                  20011714    00000020     simplelink.a : driver.obj (.text:_SlDrvProtectionObjUnLock)
                  20011734    00000020     rtsv7M4_T_le_eabi.lib : memchr.obj (.text)
                  20011754    0000001e     driverlib.a : gpio.obj (.text:GPIOIntRegister)
                  20011772    0000001e                 : spi.obj (.text:SPIDataPut)
                  20011790    0000001e                 : timer.obj (.text:TimerEnable)
                  200117ae    0000001e                 : uart.obj (.text:UARTCharPut)
                  200117cc    0000001e                 : uart.obj (.text:UARTIntRegister)
                  200117ea    0000001e     simplelink.a : driver.obj (.text:_SlDrvObjLockWaitForever)
                  20011808    0000001e                  : driver.obj (.text:_SlDrvSyncObjWaitForever)
                  20011826    0000001e                  : cc_pal.obj (.text:cc_UDMAChannelSelect)
                  20011844    0000001e     rtsv7M4_T_le_eabi.lib : strcat.obj (.text)
                  20011862    0000001c     driverlib.a : timer.obj (.text:TimerValueGet)
                  2001187e    0000001c                 : uart.obj (.text:UARTCharGetNonBlocking)
                  2001189a    0000001c     rtsv7M4_T_le_eabi.lib : memccpy.obj (.text)
                  200118b6    00000002     --HOLE-- [fill = 0]
                  200118b8    0000001c     driverlib.a : udma.obj (.text:uDMAChannelEnable)
                  200118d4    0000001a                 : gpio.obj (.text:GPIOIntDisable)
                  200118ee    0000001a                 : gpio.obj (.text:GPIOIntEnable)
                  20011908    0000001a                 : pin.obj (.text:PinTypeSPI)
                  20011922    0000001a                 : pin.obj (.text:PinTypeUART)
                  2001193c    0000001a                 : spi.obj (.text:SPIDmaDisable)
                  20011956    0000001a                 : spi.obj (.text:SPIDmaEnable)
                  20011970    0000001a                 : spi.obj (.text:SPIFIFODisable)
                  2001198a    0000001a                 : spi.obj (.text:SPIFIFOEnable)
                  200119a4    0000001a                 : spi.obj (.text:SPIIntUnregister)
                  200119be    0000001a     simplelink.a : driver.obj (.text:_SlDrvObjUnLock)
                  200119d8    0000001a                  : driver.obj (.text:_SlDrvSyncObjSignal)
                  200119f2    00000018     driverlib.a : gpio.obj (.text:GPIOPinRead)
                  20011a0a    00000018                 : spi.obj (.text:SPICSDisable)
                  20011a22    00000018                 : spi.obj (.text:SPICSEnable)
                  20011a3a    00000018                 : spi.obj (.text:SPIDisable)
                  20011a52    00000018                 : spi.obj (.text:SPIEnable)
                  20011a6a    00000018                 : uart.obj (.text:UARTCharsAvail)
                  20011a82    00000018                 : uart.obj (.text:UARTIntEnable)
                  20011a9a    00000018     simplelink.a : nonos.obj (.text:_SlNonOsSemSet)
                  20011ab2    00000002     --HOLE-- [fill = 0]
                  20011ab4    00000018                  : device.obj (.text:_sl_GetStartResponseConvert)
                  20011acc    00000018     rtsv7M4_T_le_eabi.lib : args_main.obj (.text)
                  20011ae4    00000018                           : strcmp.obj (.text)
                  20011afc    00000016     driverlib.a : prcm.obj (.text:PRCMHIBRegRead)
                  20011b12    00000016                 : prcm.obj (.text:PRCMHIBRegWrite)
                  20011b28    00000016                 : uart.obj (.text:UARTCharGet)
                  20011b3e    00000016                 : uart.obj (.text:UARTFIFODisable)
                  20011b54    00000016     simplelink.a : driver.obj (.text:_SlDrvMemZero)
                  20011b6a    00000016     rtsv7M4_T_le_eabi.lib : strchr.obj (.text)
                  20011b80    00000014     driverlib.a : cpu.obj (.text:CPUcpsie)
                  20011b94    00000014                 : gpio.obj (.text:GPIOIntClear)
                  20011ba8    00000014                 : interrupt.obj (.text:IntVTableBaseSet)
                  20011bbc    00000014     rtsv7M4_T_le_eabi.lib : _lock.obj (.text)
                  20011bd0    00000014                           : strcpy.obj (.text)
                  20011be4    00000014                           : strlen.obj (.text)
                  20011bf8    0000000e     simplelink.a : driver.obj (.text:_SlDrvResetCmdExt)
                  20011c06    0000000e     rtsv7M4_T_le_eabi.lib : copy_decompress_none.obj (.text:decompress:none)
                  20011c14    0000000e                           : time.obj (.text)
                  20011c22    00000002     --HOLE-- [fill = 0]
                  20011c24    0000000c     simplelink.a : cc_pal.obj (.text:NwpMaskInterrupt)
                  20011c30    0000000c                  : cc_pal.obj (.text:NwpUnMaskInterrupt)
                  20011c3c    0000000c     rtsv7M4_T_le_eabi.lib : copy_zero_init.obj (.text:decompress:ZI)
                  20011c48    0000000c     simplelink.a : wlan.obj (.text:sl_WlanDisconnect)
                  20011c54    0000000a     driverlib.a : interrupt.obj (.text:IntMasterEnable)
                  20011c5e    00000006                 : utils.obj (.text:UtilsDelay)
                  20011c64    00000006     rtsv7M4_T_le_eabi.lib : copy_decompress_rle.obj (.text:decompress:rle24)
                  20011c6a    00000006                           : log.obj (.text)

.const     0    20011c70    000018e7     
                  20011c70    000004fb     Adafruit_GFX.obj (.const:.string:font)
                  2001216b    00000101     rtsv7M4_T_le_eabi.lib : ctype.obj (.const:.string:_ctypes_)
                  2001226c    00000100     driverlib.a : pin.obj (.const:g_ulPinToPadMap)
                  2001236c    000000d4                 : interrupt.obj (.const:g_pulRegs)
                  20012440    000000b0     simplelink.a : wlan.obj (.const:$P$T0$1)
                  200124f0    000000a8     driverlib.a : prcm.obj (.const:PRCM_PeriphRegsList)
                  20012598    00000094     main.obj (.const:$P$T10$12)
                  2001262c    00000094     main.obj (.const:$P$T11$13)
                  200126c0    00000094     main.obj (.const:$P$T12$14)
                  20012754    00000094     main.obj (.const:$P$T13$15)
                  200127e8    00000094     main.obj (.const:$P$T14$16)
                  2001287c    00000094     main.obj (.const:$P$T15$17)
                  20012910    00000094     main.obj (.const:$P$T16$18)
                  200129a4    00000094     main.obj (.const:$P$T17$19)
                  20012a38    00000094     main.obj (.const:$P$T18$20)
                  20012acc    00000094     main.obj (.const:$P$T19$21)
                  20012b60    00000094     main.obj (.const:$P$T20$22)
                  20012bf4    00000094     main.obj (.const:$P$T21$23)
                  20012c88    00000094     main.obj (.const:$P$T22$24)
                  20012d1c    00000094     main.obj (.const:$P$T23$25)
                  20012db0    00000094     main.obj (.const:$P$T24$26)
                  20012e44    00000094     main.obj (.const:$P$T25$27)
                  20012ed8    00000094     main.obj (.const:$P$T26$28)
                  20012f6c    00000094     main.obj (.const:$P$T27$29)
                  20013000    00000094     main.obj (.const:$P$T8$10)
                  20013094    00000094     main.obj (.const:$P$T9$11)
                  20013128    00000080     driverlib.a : interrupt.obj (.const)
                  200131a8    00000068     main.obj (.const:.string)
                  20013210    00000060     rtsv7M4_T_le_eabi.lib : mktime.obj (.const)
                  20013270    00000048                           : xexp.obj (.const)
                  200132b8    0000003c     simplelink.a : driver.obj (.const:OpcodeTranslateTable)
                  200132f4    0000003c                  : wlan.obj (.const)
                  20013330    00000038                  : driver.obj (.const:_SlActionLookupTable)
                  20013368    00000038     rtsv7M4_T_le_eabi.lib : xlog.obj (.const:p)
                  200133a0    00000034     simplelink.a : driver.obj (.const)
                  200133d4    00000034                  : socket.obj (.const)
                  20013408    00000030     rtsv7M4_T_le_eabi.lib : xdint.obj (.const)
                  20013438    0000002c     main.obj (.const:$P$T1$2)
                  20013464    00000028     simplelink.a : netapp.obj (.const)
                  2001348c    00000024     driverlib.a : spi.obj (.const:g_ppulSPIIntMap)
                  200134b0    00000022     main.obj (.const:.string:$P$T0$1)
                  200134d2    00000002     --HOLE-- [fill = 0]
                  200134d4    00000020     main.obj (.const)
                  200134f4    00000018     driverlib.a : spi.obj (.const)
                  2001350c    00000014     simplelink.a : device.obj (.const)
                  20013520    00000010                  : socket.obj (.const:.string)
                  20013530    00000010     driverlib.a : uart.obj (.const)
                  20013540    00000008     simplelink.a : device.obj (.const:.string)
                  20013548    00000008                  : netcfg.obj (.const)
                  20013550    00000007     cJSON.obj (.const:.string)

.cinit     0    20013558    00000198     
                  20013558    0000016d     (.cinit..data.load) [load image, compression = rle]
                  200136c5    00000003     --HOLE-- [fill = 0]
                  200136c8    0000000c     (__TI_handler_table)
                  200136d4    00000004     --HOLE-- [fill = 0]
                  200136d8    00000008     (.cinit..bss.load) [load image, compression = zero_init]
                  200136e0    00000010     (__TI_cinit_table)

.sysmem    0    20017000    00008000     UNINITIALIZED
                  20017000    00000008     rtsv7M4_T_le_eabi.lib : memory.obj (.sysmem)
                  20017008    00007ff8     --HOLE--

.bss       0    2001f000    00005351     UNINITIALIZED
                  2001f000    00002710     main.obj (.bss:acRecvBuff$9)
                  20021710    000001e0     main.obj (.bss:chDown)
                  200218f0    000001e0     main.obj (.bss:chUp)
                  20021ad0    000001e0     main.obj (.bss:down)
                  20021cb0    000001e0     main.obj (.bss:eight)
                  20021e90    000001e0     main.obj (.bss:enter)
                  20022070    000001e0     main.obj (.bss:five)
                  20022250    000001e0     main.obj (.bss:four)
                  20022430    000001e0     main.obj (.bss:left)
                  20022610    000001e0     main.obj (.bss:nine)
                  200227f0    000001e0     main.obj (.bss:ok)
                  200229d0    000001e0     main.obj (.bss:one)
                  20022bb0    000001e0     main.obj (.bss:right)
                  20022d90    000001e0     main.obj (.bss:seven)
                  20022f70    000001e0     main.obj (.bss:six)
                  20023150    000001e0     main.obj (.bss:three)
                  20023330    000001e0     main.obj (.bss:two)
                  20023510    000001e0     main.obj (.bss:up)
                  200236f0    000001e0     main.obj (.bss:volDown)
                  200238d0    000001e0     main.obj (.bss:volUp)
                  20023ab0    000001e0     main.obj (.bss:zero)
                  20023c90    00000190     main.obj (.bss:globalBuffer)
                  20023e20    00000168     simplelink.a : driver.obj (.bss:g_StatMem)
                  20023f88    00000120     rtsv7M4_T_le_eabi.lib : trgmsg.obj (.bss:__CIOBUF_)
                  200240a8    000000a0                           : defs.obj (.bss:__TI_tmpnams)
                  20024148    000000a0     main.obj (.bss:buf$31)
                  200241e8    00000064     main.obj (.bss:temp$41)
                  2002424c    00000050     simplelink.a : cc_pal.obj (.bss:g_ucDinDout)
                  2002429c    0000002c     main.obj (.bss:g_time)
                  200242c8    00000028     simplelink.a : nonos.obj (.bss:g__SlNonOsCB)
                  200242f0    00000024     main.obj (.bss:g_ucConnectionSSID)
                  20024314    00000020     (.common:U_buffer)
                  20024334    00000008     (.common:g_ucConnectionBSSID)
                  2002433c    00000008     (.common:parmbuf)
                  20024344    00000004     (.common:__Errorlog)
                  20024348    00000004     (.common:ep)
                  2002434c    00000001     (.common:RxIrqCnt)
                  2002434d    00000001     (.common:g_cDummy)
                  2002434e    00000001     (.common:g_ucLED1Pin)
                  2002434f    00000001     (.common:g_ucLED2Pin)
                  20024350    00000001     (.common:g_ucLED3Pin)

.TI.noinit 
*          0    2001f000    00000000     UNINITIALIZED

.data      0    20024358    000007c8     UNINITIALIZED
                  20024358    00000278     main.obj (.data)
                  200245d0    000000f0     rtsv7M4_T_le_eabi.lib : defs.obj (.data:_ftable)
                  200246c0    000000d0                           : lowlev.obj (.data)
                  20024790    000000b0                           : signal.obj (.data:sigtable)
                  20024840    00000080                           : xvalues.obj (.data)
                  200248c0    00000068                           : xfvalues.obj (.data)
                  20024928    00000064     main.obj (.data:forecast$40)
                  2002498c    00000050     main.obj (.data:keys)
                  200249dc    0000003c     main.obj (.data:forecast$60)
                  20024a18    0000003c     main.obj (.data:summary$59)
                  20024a54    00000024     rtsv7M4_T_le_eabi.lib : localtim.obj (.data:local_tm)
                  20024a78    00000020     gpio_if.obj (.data)
                  20024a98    00000015     Adafruit_GFX.obj (.data)
                  20024aad    00000003     --HOLE--
                  20024ab0    00000010     rtsv7M4_T_le_eabi.lib : defs.obj (.data)
                  20024ac0    00000010                           : tmzone.obj (.data)
                  20024ad0    0000000c                           : memory.obj (.data)
                  20024adc    00000009     simplelink.a : cc_pal.obj (.data)
                  20024ae5    00000003     --HOLE--
                  20024ae8    00000009                  : driver.obj (.data)
                  20024af1    00000003     --HOLE--
                  20024af4    00000008     cJSON.obj (.data)
                  20024afc    00000008     rtsv7M4_T_le_eabi.lib : _lock.obj (.data)
                  20024b04    00000008                           : exit.obj (.data)
                  20024b0c    00000008                           : feraiseexcept.obj (.data)
                  20024b14    00000004                           : errno.obj (.data)
                  20024b18    00000004                           : fopen.obj (.data)
                  20024b1c    00000004                           : stkdepth_vars.obj (.data)

.TI.persistent 
*          0    20024358    00000000     UNINITIALIZED

.stack     0    2002f000    00001000     UNINITIALIZED
                  2002f000    00001000     --HOLE--


LINKER GENERATED COPY TABLES

__TI_cinit_table @ 200136e0 records: 2, size/record: 8, table size: 16
	.data: load addr=20013558, load size=0000016d bytes, run addr=20024358, run size=000007c8 bytes, compression=rle
	.bss: load addr=200136d8, load size=00000008 bytes, run addr=2001f000, run size=00005351 bytes, compression=zero_init


LINKER GENERATED HANDLER TABLE

__TI_handler_table @ 200136c8 records: 3, size/record: 4, table size: 12
	index: 0, handler: __TI_decompress_rle24
	index: 1, handler: __TI_decompress_none
	index: 2, handler: __TI_zero_init


GLOBAL SYMBOLS: SORTED ALPHABETICALLY BY Name 

address   name                                  
-------   ----                                  
2000ad59  Adafruit_Init                         
20010e15  C$$EXIT                               
200100fb  C$$IO$$                               
20011b81  CPUcpsie                              
2000c699  ClearTerm                             
2000ad41  Color565                              
20010f9b  CopyPingResultsToReport               
20011555  DmaSpiSwIntHandler                    
2000c661  Error                                 
20011175  GPIODirModeSet                        
20011b95  GPIOIntClear                          
200118d5  GPIOIntDisable                        
200118ef  GPIOIntEnable                         
20011755  GPIOIntRegister                       
2000f969  GPIOIntTypeSet                        
200119f3  GPIOPinRead                           
200116b3  GPIOPinWrite                          
2000bc11  GPIO_IF_ConfigureNIntEnable           
2000ba11  GPIO_IF_Get                           
2000bba1  GPIO_IF_GetPortNPin                   
2000bbc1  GPIO_IF_LedConfigure                  
2000baf9  GPIO_IF_LedOff                        
2000ba71  GPIO_IF_LedOn                         
2000ba29  GPIO_IF_LedStatus                     
2000bb81  GPIO_IF_LedToggle                     
2000b9f9  GPIO_IF_Set                           
2000c5e1  GetCmd                                
2000b709  HOSTclock                             
2000b6d1  HOSTclose                             
2000b693  HOSTgetenv                            
2000b637  HOSTlseek                             
2000b5e5  HOSTopen                              
2000b599  HOSTread                              
2000b53b  HOSTrename                            
2000b501  HOSTtime                              
2000b4c9  HOSTunlink                            
2000b47d  HOSTwrite                             
2000c5c1  InitTerm                              
2000ee79  IntDisable                            
2000ef21  IntEnable                             
20011c55  IntMasterEnable                       
2001069d  IntPendClear                          
200107a5  IntPrioritySet                        
200116d5  IntRegister                           
20011579  IntUnregister                         
20011ba9  IntVTableBaseSet                      
2000c539  Message                               
200068c1  Message2                              
20011c25  NwpMaskInterrupt                      
20011105  NwpPowerOff                           
20011459  NwpPowerOn                            
2000f8e5  NwpPowerOnPreamble                    
20010f5d  NwpRegisterInterruptHandler           
20011c31  NwpUnMaskInterrupt                    
200132b8  OpcodeTranslateTable                  
20009bf9  Outstr                                
2000d62d  PRCMCC3200MCUInit                     
20011afd  PRCMHIBRegRead                        
20011b13  PRCMHIBRegWrite                       
20011505  PRCMPeripheralClkDisable              
20010fd9  PRCMPeripheralClkEnable               
2000f405  PRCMPeripheralClockGet                
200106f5  PRCMPeripheralReset                   
200111e1  PRCMPeripheralStatusGet               
20011485  PRCMSysResetCauseGet                  
2000f6c9  PinConfigSet                          
20010e9d  PinModeSet                            
2000d3b9  PinMuxConfig                          
2001127d  PinTypeGPIO                           
20011909  PinTypeSPI                            
20011923  PinTypeUART                           
2000c551  Report                                
20011691  ResetISR                              
2002434c  RxIrqCnt                              
200133b0  RxMsgClassLUT                         
UNDEFED   SHT$$INIT_ARRAY$$Base                 
UNDEFED   SHT$$INIT_ARRAY$$Limit                
20011a0b  SPICSDisable                          
20011a23  SPICSEnable                           
2000efc9  SPIConfigSetExpClk                    
200116f5  SPIDataGet                            
20011773  SPIDataPut                            
20011a3b  SPIDisable                            
2001193d  SPIDmaDisable                         
20011957  SPIDmaEnable                          
20011a53  SPIEnable                             
20011971  SPIFIFODisable                        
2001198b  SPIFIFOEnable                         
20011215  SPIFIFOLevelSet                       
20010be5  SPIIntClear                           
200108f1  SPIIntEnable                          
200119a5  SPIIntUnregister                      
20011609  SPIReset                              
2001162b  SPIWordCountSet                       
200068b1  SimpleLinkGeneralEventHandler         
200068a9  SimpleLinkHttpServerCallback          
20006849  SimpleLinkNetAppEventHandler          
20006819  SimpleLinkSockEventHandler            
20006701  SimpleLinkWlanEventHandler            
20013540  StartResponseLUT                      
20010d49  TimerConfigure                        
20011791  TimerEnable                           
200114b1  TimerLoadSet                          
20011863  TimerValueGet                         
2001164d  TimerValueSet                         
2000c4e1  TrimSpace                             
20011b29  UARTCharGet                           
2001187f  UARTCharGetNonBlocking                
200117af  UARTCharPut                           
20011a6b  UARTCharsAvail                        
2000fd55  UARTConfigSetExpClk                   
200112ad  UARTDisable                           
2001159d  UARTEnable                            
20011b3f  UARTFIFODisable                       
20011a83  UARTIntEnable                         
200117cd  UARTIntRegister                       
20011c5f  UtilsDelay                            
200114db  _Dclass                               
20024840  _Denorm                               
2000ea25  _Dint                                 
2000eae5  _Dnorm                                
2000d9c1  _Dscale                               
200102d5  _Dunscale                             
20024850  _Eps                                  
20024b14  _Errno                                
2000c0f1  _Exp                                  
200248c0  _FDenorm                              
200248d0  _FEps                                 
200248e0  _FInf                                 
200248f0  _FNan                                 
20024910  _FRteps                               
20024900  _FSnan                                
20024920  _FXbig                                
20024924  _FZero                                
20024b0c  _Fenv                                 
2001133d  _Feraise                              
20024860  _Hugeval                              
20024870  _Inf                                  
2000b199  _Log                                  
20024880  _Nan                                  
200248a0  _Rteps                                
200133e8  _SlAcceptCmdCtrl                      
20013330  _SlActionLookupTable                  
2000ec61  _SlAsyncEventGenericHandler           
20013518  _SlDeviceGetCmdCtrl                   
2001351c  _SlDeviceSetCmdCtrl                   
20010c2d  _SlDrvBasicCmd                        
2000e4a5  _SlDrvClassifyRxMsg                   
2000f9ed  _SlDrvCmdOp                           
2000ff21  _SlDrvCmdSend                         
2000d895  _SlDrvDataReadOp                      
2000dad1  _SlDrvDataWriteOp                     
200112dd  _SlDrvDeviceEventHandler              
2000deed  _SlDrvDriverCBDeinit                  
2000cf7d  _SlDrvDriverCBInit                    
20011b55  _SlDrvMemZero                         
20009c99  _SlDrvMsgRead                         
2000e8a5  _SlDrvMsgReadCmdCtx                   
2000f069  _SlDrvMsgReadSpawnCtx                 
2000c8a5  _SlDrvMsgWrite                        
2000dfed  _SlDrvNetAppEventHandler              
200117eb  _SlDrvObjLockWaitForever              
200119bf  _SlDrvObjUnLock                       
20010989  _SlDrvProtectAsyncRespSetting         
200115c1  _SlDrvProtectionObjLockWaitForever    
20011715  _SlDrvProtectionObjUnLock             
2000c6d5  _SlDrvReleasePoolObj                  
20011bf9  _SlDrvResetCmdExt                     
2000bc65  _SlDrvRxHdrRead                       
200109d5  _SlDrvRxIrqHandler                    
200119d9  _SlDrvSyncObjSignal                   
20011809  _SlDrvSyncObjWaitForever              
2000cded  _SlDrvWaitForPoolObj                  
20013514  _SlEventMaskGetCmdCtrl                
20013510  _SlEventMaskSetCmdCtrl                
2000d105  _SlFindAndSetActiveObj                
20013478  _SlGetHostByNameCtrl                  
20013474  _SlGetHostByServiceCtrl               
2001346c  _SlGetServiceListeCtrl                
200133f4  _SlGetSockOptCmdCtrl                  
200133e4  _SlListenCmdCtrl                      
20013484  _SlNetAppGetCmdCtrl                   
20013480  _SlNetAppSendTokenValueCmdCtrl        
2001347c  _SlNetAppSetCmdCtrl                   
20013464  _SlNetAppStartCtrl                    
20013468  _SlNetAppStopCtrl                     
2001354c  _SlNetCfgGetCmdCtrl                   
20013548  _SlNetCfgSetCmdCtrl                   
2000fe41  _SlNonOsMainLoopTask                  
20010589  _SlNonOsSemGet                        
20011a9b  _SlNonOsSemSet                        
200105e5  _SlNonOsSpawn                         
20013520  _SlPayloadByProtocolLUT               
200132f8  _SlPolicyGetCmdCtrl                   
200132f4  _SlPolicySetCmdCtrl                   
20013300  _SlProfileDelCmdCtrl                  
200132fc  _SlProfileGetCmdCtrl                  
200133ec  _SlRecvCmdCtrl                        
200133dc  _SlRecvfomCmdCtrl                     
20013470  _SlRegisterServiceCtrl                
2000e965  _SlRemoveFromList                     
20013308  _SlRxFilterAddtCmdCtrl                
20013310  _SlRxFilterGetCmdCtrl                 
2001330c  _SlRxFilterSetCmdCtrl                 
200133f8  _SlSelectCmdCtrl                      
200133e0  _SlSendCmdCtrl                        
200133f0  _SlSetSockOptCmdCtrl                  
20013314  _SlSmartConfigStartCmdCtrl            
200133d8  _SlSockCloseCmdCtrl                   
200133d4  _SlSockSocketCmdCtrl                  
2001350c  _SlStopCmdCtrl                        
20013320  _SlWlanCfgGetCmdCtrl                  
2001331c  _SlWlanCfgSetCmdCtrl                  
20013304  _SlWlanGetNetworkListCtrl             
20013318  _SlWlanSetModeCmdCtrl                 
20024890  _Snan                                 
20024b10  _Tls_setup__Fenv                      
200248b0  _Xbig                                 
200248b8  _Zero                                 
20023f88  __CIOBUF_                             
20030000  __STACK_END                           
00001000  __STACK_SIZE                          
00008000  __SYSMEM_SIZE                         
200136e0  __TI_CINIT_Base                       
200136f0  __TI_CINIT_Limit                      
200136c8  __TI_Handler_Table_Base               
200136d4  __TI_Handler_Table_Limit              
2000ff8d  __TI_auto_init                        
2000cb39  __TI_cleanup                          
20024b04  __TI_cleanup_ptr                      
2000f23d  __TI_closefile                        
20011c07  __TI_decompress_none                  
20011c65  __TI_decompress_rle24                 
2000e719  __TI_doflush                          
20024b08  __TI_dtors_ptr                        
20024ab0  __TI_ft_end                           
20009201  __TI_printfi                          
2000ee2f  __TI_rd_ok                            
200100ff  __TI_readmsg                          
20013558  __TI_static_base__                    
200240a8  __TI_tmpnams                          
200100cd  __TI_writemsg                         
2000edcd  __TI_wrt_ok                           
20011c3d  __TI_zero_init                        
2000f7d9  __aeabi_cdcmpeq                       
2000f7d9  __aeabi_cdcmple                       
2000f85f  __aeabi_cdrcmple                      
20010c75  __aeabi_d2iz                          
2000cc3f  __aeabi_dadd                          
2000d4f5  __aeabi_ddiv                          
2000e0eb  __aeabi_dmul                          
2000cc35  __aeabi_dsub                          
2001113d  __aeabi_f2d                           
200113fd  __aeabi_i2d                           
2000cdeb  __aeabi_idiv0                         
2000fbe9  __aeabi_memclr                        
2000fbe9  __aeabi_memclr4                       
2000fbe9  __aeabi_memclr8                       
2000f105  __aeabi_memcpy                        
2000f105  __aeabi_memcpy4                       
2000f105  __aeabi_memcpy8                       
2000fbeb  __aeabi_memset                        
2000fbeb  __aeabi_memset4                       
2000fbeb  __aeabi_memset8                       
20024abc  __aeabi_stderr                        
20024ab4  __aeabi_stdin                         
20024ab8  __aeabi_stdout                        
20010f1d  __aeabi_uidiv                         
20010f1d  __aeabi_uidivmod                      
2000c2ed  __aeabi_uldivmod                      
ffffffff  __binit__                             
ffffffff  __c_args__                            
2002f000  __stack                               
20011acd  _args_main                            
20011051  _c_int00                              
2001216b  _ctypes_                              
200245d0  _ftable                               
20024afc  _lock                                 
20011bcb  _nop                                  
20011bc3  _register_lock                        
20011bbd  _register_unlock                      
20010a21  _sl_BuildAddress                      
20011ab5  _sl_GetStartResponseConvert           
20010469  _sl_HandleAsync_Accept                
2000fc65  _sl_HandleAsync_Connect               
2000f5b1  _sl_HandleAsync_DnsGetHostByName      
2000e651  _sl_HandleAsync_DnsGetHostByService   
2000fb6d  _sl_HandleAsync_InitComplete          
2000f63d  _sl_HandleAsync_PingResponse          
200107f9  _sl_HandleAsync_Select                
200108a1  _sl_HandleAsync_Stop                  
20010065  _sl_NetAppSendTokenValue              
20011015  _sl_TruncatePayloadByProtocol         
20017000  _sys_memory                           
20006b75  _system_pre_init                      
20024ac0  _tz                                   
20024b00  _unlock                               
20010e19  abort                                 
2000b0ed  add_device                            
20010a6d  atoi                                  
ffffffff  binit                                 
20024370  bufferSize                            
20008449  cJSON_AddItemReferenceToArray         
20008431  cJSON_AddItemReferenceToObject        
20007fc1  cJSON_AddItemToArray                  
200083d9  cJSON_AddItemToObject                 
200083a9  cJSON_AddItemToObjectCS               
200081d9  cJSON_CreateArray                     
20008391  cJSON_CreateBool                      
20008349  cJSON_CreateDoubleArray               
20008331  cJSON_CreateFalse                     
200082e9  cJSON_CreateFloatArray                
20008291  cJSON_CreateIntArray                  
20008281  cJSON_CreateNull                      
20008259  cJSON_CreateNumber                    
20008249  cJSON_CreateObject                    
200081e9  cJSON_CreateString                    
20008209  cJSON_CreateStringArray               
200081c9  cJSON_CreateTrue                      
20006c01  cJSON_Delete                          
200081b9  cJSON_DeleteItemFromArray             
200081a9  cJSON_DeleteItemFromObject            
20008131  cJSON_DetachItemFromArray             
20008171  cJSON_DetachItemFromObject            
200080a1  cJSON_Duplicate                       
20008081  cJSON_GetArrayItem                    
20008069  cJSON_GetArraySize                    
20008061  cJSON_GetErrorPtr                     
20008041  cJSON_GetObjectItem                   
20008019  cJSON_InitHooks                       
20007fe1  cJSON_InsertItemInArray               
20007f19  cJSON_Minify                          
20007f11  cJSON_Parse                           
20007ea9  cJSON_ParseWithOpts                   
200077d9  cJSON_Print                           
200077a9  cJSON_PrintBuffered                   
20007799  cJSON_PrintUnformatted                
20006c51  cJSON_ReplaceItemInArray              
20006c89  cJSON_ReplaceItemInObject             
2000aaad  calloc                                
20021710  chDown                                
200218f0  chUp                                  
2000b09d  close                                 
20005e99  convert                               
20010ab9  copy_in                               
20024a98  cursor_x                              
20024a9c  cursor_y                              
20021ad0  down                                  
20009b51  drawChar                              
20009a71  drawCircle                            
200098c9  drawCircleHelper                      
2000acd1  drawFastHLine                         
2000ac61  drawFastVLine                         
200097f9  drawLine                              
2000ac39  drawPixel                             
20009a29  drawRect                              
20009979  drawRoundRect                         
20009891  drawTriangle                          
20021cb0  eight                                 
20021e90  enter                                 
20010e21  exit                                  
2000f2a3  fclose                                
20011249  feraiseexcept                         
2000e765  fflush                                
200097b9  fillCircle                            
200096c1  fillCircleHelper                      
2000ab91  fillRect                              
20009759  fillRoundRect                         
2000ac21  fillScreen                            
20009569  fillTriangle                          
20022070  five                                  
2000e7e1  floor                                 
2000cb8f  fopen                                 
20022250  four                                  
2000f2d5  fputc                                 
2000d761  fputs                                 
2000a7fb  free                                  
2000cb65  freopen                               
2001166f  frexp                                 
2001033d  fseek                                 
20024af0  gFirstCmdMode                         
200133a8  g_H2NCnysPattern                      
200133a0  g_H2NSyncPattern                      
20024364  g_Host                                
20024adc  g_SpiFd                               
20023e20  g_StatMem                             
200242c8  g__SlNonOsCB                          
2002434d  g_cDummy                              
20024ae8  g_pCB                                 
20024ae0  g_pHostIntHdl                         
20004000  g_pfnVectors                          
2002429c  g_time                                
20024334  g_ucConnectionBSSID                   
200242f0  g_ucConnectionSSID                    
20024ae4  g_ucDMAEnabled                        
2002424c  g_ucDinDout                           
2002434e  g_ucLED1Pin                           
2002434f  g_ucLED2Pin                           
20024350  g_ucLED3Pin                           
20024a8c  g_uiLED1Port                          
20024a90  g_uiLED2Port                          
20024a94  g_uiLED3Port                          
20024360  g_ulGatewayIP                         
2002435c  g_ulPingPacketsRecv                   
20024358  g_ulStatus                            
20005a21  get                                   
20005b11  getJson                               
20009561  getTextSize                           
20009559  getX                                  
20009551  getY                                  
20023c90  globalBuffer                          
2000ab51  goTo                                  
20009549  height                                
20005361  init                                  
20005299  initUART1                             
200052d9  initializeKeys                        
2000ab41  invert                                
200065f9  ir_handler                            
2002498c  keys                                  
20010cbd  ldexp                                 
20022430  left                                  
20010b05  localtime                             
20011c6b  log                                   
2000b079  lseek                                 
2001074d  ltoa                                  
200060e1  main                                  
20024b1c  main_func_sp                          
2000a793  malloc                                
2000a9c9  memalign                              
2001189b  memccpy                               
20011735  memchr                                
2000f105  memcpy                                
200115e5  memmove                               
2000fbf1  memset                                
2000a705  minit                                 
2000b751  mktime                                
20022610  nine                                  
200227f0  ok                                    
200229d0  one                                   
2000afcb  open                                  
20024aec  pPingCallBackFunc                     
20004fc1  page1                                 
20004c69  page2                                 
200047c1  page3                                 
20004531  post                                  
2000a285  pow                                   
2000feb9  printf                                
2000f2d5  putc                                  
2000f359  putchar                               
2000d86d  puts                                  
2001142b  raise                                 
2000afa7  read                                  
2000a8bd  realloc                               
2000af1d  remove                                
2000af7f  remove_device                         
2000af41  rename                                
20022bb0  right                                 
200044c1  search                                
20009539  setCursor                             
20009529  setTextColor                          
20009519  setTextSize                           
20009511  setTextWrap                           
2000e3c9  setvbuf                               
20022d90  seven                                 
20010edd  signal                                
20022f70  six                                   
2001136d  sl_Close                              
2000dbd9  sl_Connect                            
2000f1a1  sl_DevGet                             
20010135  sl_DevSet                             
20010e59  sl_Htonl                              
2001108d  sl_Htons                              
2000dde9  sl_NetAppDnsGetHostByName             
2000ed19  sl_NetAppMDNSRegisterUnregisterService
200111ab  sl_NetAppMDNSUnRegisterService        
2001019d  sl_NetCfgSet                          
2000fdcd  sl_Recv                               
2000dce1  sl_Send                               
20010205  sl_SetSockOpt                         
20010641  sl_Socket                             
2000eba5  sl_Start                              
2000e57d  sl_Stop                               
2000bead  sl_WlanConnect                        
20011c49  sl_WlanDisconnect                     
20010529  sl_WlanPolicySet                      
2001139d  sl_WlanProfileDel                     
2001084d  sl_WlanRxFilterSet                    
2001026d  sl_WlanSet                            
200113cd  sl_WlanSetMode                        
2000fcdd  spi_Close                             
2000d275  spi_Open                              
2000e1e9  spi_Read                              
2000f36d  spi_Write                             
200104c9  sprintf                               
20011845  strcat                                
20011b6b  strchr                                
20011ae5  strcmp                                
20011bd1  strcpy                                
20011be5  strlen                                
2001152d  strncmp                               
2001130d  strncpy                               
20004439  tcp_connect                           
20024aa8  textbgcolor                           
20024aa4  textcolor                             
20024aa0  textsize                              
20023150  three                                 
20011c15  time                                  
20023330  two                                   
20010b51  uDMAChannelAssign                     
200103a1  uDMAChannelAttributeDisable           
20010405  uDMAChannelAttributeEnable            
200110c9  uDMAChannelControlSet                 
200118b9  uDMAChannelEnable                     
2000e2d9  uDMAChannelTransferSet                
20004401  uart1_handler                         
2000af1d  unlink                                
20023510  up                                    
200236f0  volDown                               
200238d0  volUp                                 
2000f751  vsnprintf                             
20009509  width                                 
20024aac  wrap                                  
2000ae8d  write                                 
2000ab11  writeCommand                          
2000aae1  writeData                             
20023ab0  zero                                  


GLOBAL SYMBOLS: SORTED BY Symbol Address 

address   name                                  
-------   ----                                  
00001000  __STACK_SIZE                          
00008000  __SYSMEM_SIZE                         
20004000  g_pfnVectors                          
20004401  uart1_handler                         
20004439  tcp_connect                           
200044c1  search                                
20004531  post                                  
200047c1  page3                                 
20004c69  page2                                 
20004fc1  page1                                 
20005299  initUART1                             
200052d9  initializeKeys                        
20005361  init                                  
20005a21  get                                   
20005b11  getJson                               
20005e99  convert                               
200060e1  main                                  
200065f9  ir_handler                            
20006701  SimpleLinkWlanEventHandler            
20006819  SimpleLinkSockEventHandler            
20006849  SimpleLinkNetAppEventHandler          
200068a9  SimpleLinkHttpServerCallback          
200068b1  SimpleLinkGeneralEventHandler         
200068c1  Message2                              
20006b75  _system_pre_init                      
20006c01  cJSON_Delete                          
20006c51  cJSON_ReplaceItemInArray              
20006c89  cJSON_ReplaceItemInObject             
20007799  cJSON_PrintUnformatted                
200077a9  cJSON_PrintBuffered                   
200077d9  cJSON_Print                           
20007ea9  cJSON_ParseWithOpts                   
20007f11  cJSON_Parse                           
20007f19  cJSON_Minify                          
20007fc1  cJSON_AddItemToArray                  
20007fe1  cJSON_InsertItemInArray               
20008019  cJSON_InitHooks                       
20008041  cJSON_GetObjectItem                   
20008061  cJSON_GetErrorPtr                     
20008069  cJSON_GetArraySize                    
20008081  cJSON_GetArrayItem                    
200080a1  cJSON_Duplicate                       
20008131  cJSON_DetachItemFromArray             
20008171  cJSON_DetachItemFromObject            
200081a9  cJSON_DeleteItemFromObject            
200081b9  cJSON_DeleteItemFromArray             
200081c9  cJSON_CreateTrue                      
200081d9  cJSON_CreateArray                     
200081e9  cJSON_CreateString                    
20008209  cJSON_CreateStringArray               
20008249  cJSON_CreateObject                    
20008259  cJSON_CreateNumber                    
20008281  cJSON_CreateNull                      
20008291  cJSON_CreateIntArray                  
200082e9  cJSON_CreateFloatArray                
20008331  cJSON_CreateFalse                     
20008349  cJSON_CreateDoubleArray               
20008391  cJSON_CreateBool                      
200083a9  cJSON_AddItemToObjectCS               
200083d9  cJSON_AddItemToObject                 
20008431  cJSON_AddItemReferenceToObject        
20008449  cJSON_AddItemReferenceToArray         
20009201  __TI_printfi                          
20009509  width                                 
20009511  setTextWrap                           
20009519  setTextSize                           
20009529  setTextColor                          
20009539  setCursor                             
20009549  height                                
20009551  getY                                  
20009559  getX                                  
20009561  getTextSize                           
20009569  fillTriangle                          
200096c1  fillCircleHelper                      
20009759  fillRoundRect                         
200097b9  fillCircle                            
200097f9  drawLine                              
20009891  drawTriangle                          
200098c9  drawCircleHelper                      
20009979  drawRoundRect                         
20009a29  drawRect                              
20009a71  drawCircle                            
20009b51  drawChar                              
20009bf9  Outstr                                
20009c99  _SlDrvMsgRead                         
2000a285  pow                                   
2000a705  minit                                 
2000a793  malloc                                
2000a7fb  free                                  
2000a8bd  realloc                               
2000a9c9  memalign                              
2000aaad  calloc                                
2000aae1  writeData                             
2000ab11  writeCommand                          
2000ab41  invert                                
2000ab51  goTo                                  
2000ab91  fillRect                              
2000ac21  fillScreen                            
2000ac39  drawPixel                             
2000ac61  drawFastVLine                         
2000acd1  drawFastHLine                         
2000ad41  Color565                              
2000ad59  Adafruit_Init                         
2000ae8d  write                                 
2000af1d  remove                                
2000af1d  unlink                                
2000af41  rename                                
2000af7f  remove_device                         
2000afa7  read                                  
2000afcb  open                                  
2000b079  lseek                                 
2000b09d  close                                 
2000b0ed  add_device                            
2000b199  _Log                                  
2000b47d  HOSTwrite                             
2000b4c9  HOSTunlink                            
2000b501  HOSTtime                              
2000b53b  HOSTrename                            
2000b599  HOSTread                              
2000b5e5  HOSTopen                              
2000b637  HOSTlseek                             
2000b693  HOSTgetenv                            
2000b6d1  HOSTclose                             
2000b709  HOSTclock                             
2000b751  mktime                                
2000b9f9  GPIO_IF_Set                           
2000ba11  GPIO_IF_Get                           
2000ba29  GPIO_IF_LedStatus                     
2000ba71  GPIO_IF_LedOn                         
2000baf9  GPIO_IF_LedOff                        
2000bb81  GPIO_IF_LedToggle                     
2000bba1  GPIO_IF_GetPortNPin                   
2000bbc1  GPIO_IF_LedConfigure                  
2000bc11  GPIO_IF_ConfigureNIntEnable           
2000bc65  _SlDrvRxHdrRead                       
2000bead  sl_WlanConnect                        
2000c0f1  _Exp                                  
2000c2ed  __aeabi_uldivmod                      
2000c4e1  TrimSpace                             
2000c539  Message                               
2000c551  Report                                
2000c5c1  InitTerm                              
2000c5e1  GetCmd                                
2000c661  Error                                 
2000c699  ClearTerm                             
2000c6d5  _SlDrvReleasePoolObj                  
2000c8a5  _SlDrvMsgWrite                        
2000cb39  __TI_cleanup                          
2000cb65  freopen                               
2000cb8f  fopen                                 
2000cc35  __aeabi_dsub                          
2000cc3f  __aeabi_dadd                          
2000cdeb  __aeabi_idiv0                         
2000cded  _SlDrvWaitForPoolObj                  
2000cf7d  _SlDrvDriverCBInit                    
2000d105  _SlFindAndSetActiveObj                
2000d275  spi_Open                              
2000d3b9  PinMuxConfig                          
2000d4f5  __aeabi_ddiv                          
2000d62d  PRCMCC3200MCUInit                     
2000d761  fputs                                 
2000d86d  puts                                  
2000d895  _SlDrvDataReadOp                      
2000d9c1  _Dscale                               
2000dad1  _SlDrvDataWriteOp                     
2000dbd9  sl_Connect                            
2000dce1  sl_Send                               
2000dde9  sl_NetAppDnsGetHostByName             
2000deed  _SlDrvDriverCBDeinit                  
2000dfed  _SlDrvNetAppEventHandler              
2000e0eb  __aeabi_dmul                          
2000e1e9  spi_Read                              
2000e2d9  uDMAChannelTransferSet                
2000e3c9  setvbuf                               
2000e4a5  _SlDrvClassifyRxMsg                   
2000e57d  sl_Stop                               
2000e651  _sl_HandleAsync_DnsGetHostByService   
2000e719  __TI_doflush                          
2000e765  fflush                                
2000e7e1  floor                                 
2000e8a5  _SlDrvMsgReadCmdCtx                   
2000e965  _SlRemoveFromList                     
2000ea25  _Dint                                 
2000eae5  _Dnorm                                
2000eba5  sl_Start                              
2000ec61  _SlAsyncEventGenericHandler           
2000ed19  sl_NetAppMDNSRegisterUnregisterService
2000edcd  __TI_wrt_ok                           
2000ee2f  __TI_rd_ok                            
2000ee79  IntDisable                            
2000ef21  IntEnable                             
2000efc9  SPIConfigSetExpClk                    
2000f069  _SlDrvMsgReadSpawnCtx                 
2000f105  __aeabi_memcpy                        
2000f105  __aeabi_memcpy4                       
2000f105  __aeabi_memcpy8                       
2000f105  memcpy                                
2000f1a1  sl_DevGet                             
2000f23d  __TI_closefile                        
2000f2a3  fclose                                
2000f2d5  fputc                                 
2000f2d5  putc                                  
2000f359  putchar                               
2000f36d  spi_Write                             
2000f405  PRCMPeripheralClockGet                
2000f5b1  _sl_HandleAsync_DnsGetHostByName      
2000f63d  _sl_HandleAsync_PingResponse          
2000f6c9  PinConfigSet                          
2000f751  vsnprintf                             
2000f7d9  __aeabi_cdcmpeq                       
2000f7d9  __aeabi_cdcmple                       
2000f85f  __aeabi_cdrcmple                      
2000f8e5  NwpPowerOnPreamble                    
2000f969  GPIOIntTypeSet                        
2000f9ed  _SlDrvCmdOp                           
2000fb6d  _sl_HandleAsync_InitComplete          
2000fbe9  __aeabi_memclr                        
2000fbe9  __aeabi_memclr4                       
2000fbe9  __aeabi_memclr8                       
2000fbeb  __aeabi_memset                        
2000fbeb  __aeabi_memset4                       
2000fbeb  __aeabi_memset8                       
2000fbf1  memset                                
2000fc65  _sl_HandleAsync_Connect               
2000fcdd  spi_Close                             
2000fd55  UARTConfigSetExpClk                   
2000fdcd  sl_Recv                               
2000fe41  _SlNonOsMainLoopTask                  
2000feb9  printf                                
2000ff21  _SlDrvCmdSend                         
2000ff8d  __TI_auto_init                        
20010065  _sl_NetAppSendTokenValue              
200100cd  __TI_writemsg                         
200100fb  C$$IO$$                               
200100ff  __TI_readmsg                          
20010135  sl_DevSet                             
2001019d  sl_NetCfgSet                          
20010205  sl_SetSockOpt                         
2001026d  sl_WlanSet                            
200102d5  _Dunscale                             
2001033d  fseek                                 
200103a1  uDMAChannelAttributeDisable           
20010405  uDMAChannelAttributeEnable            
20010469  _sl_HandleAsync_Accept                
200104c9  sprintf                               
20010529  sl_WlanPolicySet                      
20010589  _SlNonOsSemGet                        
200105e5  _SlNonOsSpawn                         
20010641  sl_Socket                             
2001069d  IntPendClear                          
200106f5  PRCMPeripheralReset                   
2001074d  ltoa                                  
200107a5  IntPrioritySet                        
200107f9  _sl_HandleAsync_Select                
2001084d  sl_WlanRxFilterSet                    
200108a1  _sl_HandleAsync_Stop                  
200108f1  SPIIntEnable                          
20010989  _SlDrvProtectAsyncRespSetting         
200109d5  _SlDrvRxIrqHandler                    
20010a21  _sl_BuildAddress                      
20010a6d  atoi                                  
20010ab9  copy_in                               
20010b05  localtime                             
20010b51  uDMAChannelAssign                     
20010be5  SPIIntClear                           
20010c2d  _SlDrvBasicCmd                        
20010c75  __aeabi_d2iz                          
20010cbd  ldexp                                 
20010d49  TimerConfigure                        
20010e15  C$$EXIT                               
20010e19  abort                                 
20010e21  exit                                  
20010e59  sl_Htonl                              
20010e9d  PinModeSet                            
20010edd  signal                                
20010f1d  __aeabi_uidiv                         
20010f1d  __aeabi_uidivmod                      
20010f5d  NwpRegisterInterruptHandler           
20010f9b  CopyPingResultsToReport               
20010fd9  PRCMPeripheralClkEnable               
20011015  _sl_TruncatePayloadByProtocol         
20011051  _c_int00                              
2001108d  sl_Htons                              
200110c9  uDMAChannelControlSet                 
20011105  NwpPowerOff                           
2001113d  __aeabi_f2d                           
20011175  GPIODirModeSet                        
200111ab  sl_NetAppMDNSUnRegisterService        
200111e1  PRCMPeripheralStatusGet               
20011215  SPIFIFOLevelSet                       
20011249  feraiseexcept                         
2001127d  PinTypeGPIO                           
200112ad  UARTDisable                           
200112dd  _SlDrvDeviceEventHandler              
2001130d  strncpy                               
2001133d  _Feraise                              
2001136d  sl_Close                              
2001139d  sl_WlanProfileDel                     
200113cd  sl_WlanSetMode                        
200113fd  __aeabi_i2d                           
2001142b  raise                                 
20011459  NwpPowerOn                            
20011485  PRCMSysResetCauseGet                  
200114b1  TimerLoadSet                          
200114db  _Dclass                               
20011505  PRCMPeripheralClkDisable              
2001152d  strncmp                               
20011555  DmaSpiSwIntHandler                    
20011579  IntUnregister                         
2001159d  UARTEnable                            
200115c1  _SlDrvProtectionObjLockWaitForever    
200115e5  memmove                               
20011609  SPIReset                              
2001162b  SPIWordCountSet                       
2001164d  TimerValueSet                         
2001166f  frexp                                 
20011691  ResetISR                              
200116b3  GPIOPinWrite                          
200116d5  IntRegister                           
200116f5  SPIDataGet                            
20011715  _SlDrvProtectionObjUnLock             
20011735  memchr                                
20011755  GPIOIntRegister                       
20011773  SPIDataPut                            
20011791  TimerEnable                           
200117af  UARTCharPut                           
200117cd  UARTIntRegister                       
200117eb  _SlDrvObjLockWaitForever              
20011809  _SlDrvSyncObjWaitForever              
20011845  strcat                                
20011863  TimerValueGet                         
2001187f  UARTCharGetNonBlocking                
2001189b  memccpy                               
200118b9  uDMAChannelEnable                     
200118d5  GPIOIntDisable                        
200118ef  GPIOIntEnable                         
20011909  PinTypeSPI                            
20011923  PinTypeUART                           
2001193d  SPIDmaDisable                         
20011957  SPIDmaEnable                          
20011971  SPIFIFODisable                        
2001198b  SPIFIFOEnable                         
200119a5  SPIIntUnregister                      
200119bf  _SlDrvObjUnLock                       
200119d9  _SlDrvSyncObjSignal                   
200119f3  GPIOPinRead                           
20011a0b  SPICSDisable                          
20011a23  SPICSEnable                           
20011a3b  SPIDisable                            
20011a53  SPIEnable                             
20011a6b  UARTCharsAvail                        
20011a83  UARTIntEnable                         
20011a9b  _SlNonOsSemSet                        
20011ab5  _sl_GetStartResponseConvert           
20011acd  _args_main                            
20011ae5  strcmp                                
20011afd  PRCMHIBRegRead                        
20011b13  PRCMHIBRegWrite                       
20011b29  UARTCharGet                           
20011b3f  UARTFIFODisable                       
20011b55  _SlDrvMemZero                         
20011b6b  strchr                                
20011b81  CPUcpsie                              
20011b95  GPIOIntClear                          
20011ba9  IntVTableBaseSet                      
20011bbd  _register_unlock                      
20011bc3  _register_lock                        
20011bcb  _nop                                  
20011bd1  strcpy                                
20011be5  strlen                                
20011bf9  _SlDrvResetCmdExt                     
20011c07  __TI_decompress_none                  
20011c15  time                                  
20011c25  NwpMaskInterrupt                      
20011c31  NwpUnMaskInterrupt                    
20011c3d  __TI_zero_init                        
20011c49  sl_WlanDisconnect                     
20011c55  IntMasterEnable                       
20011c5f  UtilsDelay                            
20011c65  __TI_decompress_rle24                 
20011c6b  log                                   
2001216b  _ctypes_                              
200132b8  OpcodeTranslateTable                  
200132f4  _SlPolicySetCmdCtrl                   
200132f8  _SlPolicyGetCmdCtrl                   
200132fc  _SlProfileGetCmdCtrl                  
20013300  _SlProfileDelCmdCtrl                  
20013304  _SlWlanGetNetworkListCtrl             
20013308  _SlRxFilterAddtCmdCtrl                
2001330c  _SlRxFilterSetCmdCtrl                 
20013310  _SlRxFilterGetCmdCtrl                 
20013314  _SlSmartConfigStartCmdCtrl            
20013318  _SlWlanSetModeCmdCtrl                 
2001331c  _SlWlanCfgSetCmdCtrl                  
20013320  _SlWlanCfgGetCmdCtrl                  
20013330  _SlActionLookupTable                  
200133a0  g_H2NSyncPattern                      
200133a8  g_H2NCnysPattern                      
200133b0  RxMsgClassLUT                         
200133d4  _SlSockSocketCmdCtrl                  
200133d8  _SlSockCloseCmdCtrl                   
200133dc  _SlRecvfomCmdCtrl                     
200133e0  _SlSendCmdCtrl                        
200133e4  _SlListenCmdCtrl                      
200133e8  _SlAcceptCmdCtrl                      
200133ec  _SlRecvCmdCtrl                        
200133f0  _SlSetSockOptCmdCtrl                  
200133f4  _SlGetSockOptCmdCtrl                  
200133f8  _SlSelectCmdCtrl                      
20013464  _SlNetAppStartCtrl                    
20013468  _SlNetAppStopCtrl                     
2001346c  _SlGetServiceListeCtrl                
20013470  _SlRegisterServiceCtrl                
20013474  _SlGetHostByServiceCtrl               
20013478  _SlGetHostByNameCtrl                  
2001347c  _SlNetAppSetCmdCtrl                   
20013480  _SlNetAppSendTokenValueCmdCtrl        
20013484  _SlNetAppGetCmdCtrl                   
2001350c  _SlStopCmdCtrl                        
20013510  _SlEventMaskSetCmdCtrl                
20013514  _SlEventMaskGetCmdCtrl                
20013518  _SlDeviceGetCmdCtrl                   
2001351c  _SlDeviceSetCmdCtrl                   
20013520  _SlPayloadByProtocolLUT               
20013540  StartResponseLUT                      
20013548  _SlNetCfgSetCmdCtrl                   
2001354c  _SlNetCfgGetCmdCtrl                   
20013558  __TI_static_base__                    
200136c8  __TI_Handler_Table_Base               
200136d4  __TI_Handler_Table_Limit              
200136e0  __TI_CINIT_Base                       
200136f0  __TI_CINIT_Limit                      
20017000  _sys_memory                           
20021710  chDown                                
200218f0  chUp                                  
20021ad0  down                                  
20021cb0  eight                                 
20021e90  enter                                 
20022070  five                                  
20022250  four                                  
20022430  left                                  
20022610  nine                                  
200227f0  ok                                    
200229d0  one                                   
20022bb0  right                                 
20022d90  seven                                 
20022f70  six                                   
20023150  three                                 
20023330  two                                   
20023510  up                                    
200236f0  volDown                               
200238d0  volUp                                 
20023ab0  zero                                  
20023c90  globalBuffer                          
20023e20  g_StatMem                             
20023f88  __CIOBUF_                             
200240a8  __TI_tmpnams                          
2002424c  g_ucDinDout                           
2002429c  g_time                                
200242c8  g__SlNonOsCB                          
200242f0  g_ucConnectionSSID                    
20024334  g_ucConnectionBSSID                   
2002434c  RxIrqCnt                              
2002434d  g_cDummy                              
2002434e  g_ucLED1Pin                           
2002434f  g_ucLED2Pin                           
20024350  g_ucLED3Pin                           
20024358  g_ulStatus                            
2002435c  g_ulPingPacketsRecv                   
20024360  g_ulGatewayIP                         
20024364  g_Host                                
20024370  bufferSize                            
200245d0  _ftable                               
20024840  _Denorm                               
20024850  _Eps                                  
20024860  _Hugeval                              
20024870  _Inf                                  
20024880  _Nan                                  
20024890  _Snan                                 
200248a0  _Rteps                                
200248b0  _Xbig                                 
200248b8  _Zero                                 
200248c0  _FDenorm                              
200248d0  _FEps                                 
200248e0  _FInf                                 
200248f0  _FNan                                 
20024900  _FSnan                                
20024910  _FRteps                               
20024920  _FXbig                                
20024924  _FZero                                
2002498c  keys                                  
20024a8c  g_uiLED1Port                          
20024a90  g_uiLED2Port                          
20024a94  g_uiLED3Port                          
20024a98  cursor_x                              
20024a9c  cursor_y                              
20024aa0  textsize                              
20024aa4  textcolor                             
20024aa8  textbgcolor                           
20024aac  wrap                                  
20024ab0  __TI_ft_end                           
20024ab4  __aeabi_stdin                         
20024ab8  __aeabi_stdout                        
20024abc  __aeabi_stderr                        
20024ac0  _tz                                   
20024adc  g_SpiFd                               
20024ae0  g_pHostIntHdl                         
20024ae4  g_ucDMAEnabled                        
20024ae8  g_pCB                                 
20024aec  pPingCallBackFunc                     
20024af0  gFirstCmdMode                         
20024afc  _lock                                 
20024b00  _unlock                               
20024b04  __TI_cleanup_ptr                      
20024b08  __TI_dtors_ptr                        
20024b0c  _Fenv                                 
20024b10  _Tls_setup__Fenv                      
20024b14  _Errno                                
20024b1c  main_func_sp                          
2002f000  __stack                               
20030000  __STACK_END                           
ffffffff  __binit__                             
ffffffff  __c_args__                            
ffffffff  binit                                 
UNDEFED   SHT$$INIT_ARRAY$$Base                 
UNDEFED   SHT$$INIT_ARRAY$$Limit                

[526 symbols]
