<?xml version="1.0"?>
<link_info>
   <banner>TI ARM Linker PC v5.2.5</banner>
   <copyright>Copyright (c) 1996-2015 Texas Instruments Incorporated</copyright>
   <link_time>0x56e16162</link_time>
   <link_errors>0x0</link_errors>
   <output_file>lab5 3rd.out</output_file>
   <entry_point>
      <name>_c_int00</name>
      <address>0x20011051</address>
   </entry_point>
   <input_file_list>
      <input_file id="fl-2">
         <path>.\</path>
         <kind>object</kind>
         <file>Adafruit_GFX.obj</file>
         <name>Adafruit_GFX.obj</name>
      </input_file>
      <input_file id="fl-3">
         <path>.\</path>
         <kind>object</kind>
         <file>Adafruit_OLED.obj</file>
         <name>Adafruit_OLED.obj</name>
      </input_file>
      <input_file id="fl-4">
         <path>.\</path>
         <kind>object</kind>
         <file>cJSON.obj</file>
         <name>cJSON.obj</name>
      </input_file>
      <input_file id="fl-5">
         <path>.\</path>
         <kind>object</kind>
         <file>gpio_if.obj</file>
         <name>gpio_if.obj</name>
      </input_file>
      <input_file id="fl-6">
         <path>.\</path>
         <kind>object</kind>
         <file>main.obj</file>
         <name>main.obj</name>
      </input_file>
      <input_file id="fl-7">
         <path>.\</path>
         <kind>object</kind>
         <file>pinmux.obj</file>
         <name>pinmux.obj</name>
      </input_file>
      <input_file id="fl-8">
         <path>.\</path>
         <kind>object</kind>
         <file>startup_ccs.obj</file>
         <name>startup_ccs.obj</name>
      </input_file>
      <input_file id="fl-9">
         <path>.\</path>
         <kind>object</kind>
         <file>uart_if.obj</file>
         <name>uart_if.obj</name>
      </input_file>
      <input_file id="fl-131">
         <path>C:\TI\ccsv6\tools\compiler\ti-cgt-arm_5.2.5\lib\</path>
         <kind>archive</kind>
         <file>rtsv7M4_T_le_eabi.lib</file>
         <name>boot.obj</name>
      </input_file>
      <input_file id="fl-132">
         <path>C:\TI\ccsv6\tools\compiler\ti-cgt-arm_5.2.5\lib\</path>
         <kind>archive</kind>
         <file>rtsv7M4_T_le_eabi.lib</file>
         <name>copy_decompress_none.obj</name>
      </input_file>
      <input_file id="fl-133">
         <path>C:\TI\ccsv6\tools\compiler\ti-cgt-arm_5.2.5\lib\</path>
         <kind>archive</kind>
         <file>rtsv7M4_T_le_eabi.lib</file>
         <name>copy_decompress_rle.obj</name>
      </input_file>
      <input_file id="fl-134">
         <path>C:\TI\ccsv6\tools\compiler\ti-cgt-arm_5.2.5\lib\</path>
         <kind>archive</kind>
         <file>rtsv7M4_T_le_eabi.lib</file>
         <name>copy_zero_init.obj</name>
      </input_file>
      <input_file id="fl-135">
         <path>C:\TI\ccsv6\tools\compiler\ti-cgt-arm_5.2.5\lib\</path>
         <kind>archive</kind>
         <file>rtsv7M4_T_le_eabi.lib</file>
         <name>exit.obj</name>
      </input_file>
      <input_file id="fl-136">
         <path>C:\TI\ccsv6\tools\compiler\ti-cgt-arm_5.2.5\lib\</path>
         <kind>archive</kind>
         <file>rtsv7M4_T_le_eabi.lib</file>
         <name>fd_add_t2.obj</name>
      </input_file>
      <input_file id="fl-137">
         <path>C:\TI\ccsv6\tools\compiler\ti-cgt-arm_5.2.5\lib\</path>
         <kind>archive</kind>
         <file>rtsv7M4_T_le_eabi.lib</file>
         <name>fd_cmp_t2.obj</name>
      </input_file>
      <input_file id="fl-138">
         <path>C:\TI\ccsv6\tools\compiler\ti-cgt-arm_5.2.5\lib\</path>
         <kind>archive</kind>
         <file>rtsv7M4_T_le_eabi.lib</file>
         <name>fd_mul_t2.obj</name>
      </input_file>
      <input_file id="fl-139">
         <path>C:\TI\ccsv6\tools\compiler\ti-cgt-arm_5.2.5\lib\</path>
         <kind>archive</kind>
         <file>rtsv7M4_T_le_eabi.lib</file>
         <name>fd_toi_t2.obj</name>
      </input_file>
      <input_file id="fl-13a">
         <path>C:\TI\ccsv6\tools\compiler\ti-cgt-arm_5.2.5\lib\</path>
         <kind>archive</kind>
         <file>rtsv7M4_T_le_eabi.lib</file>
         <name>floor.obj</name>
      </input_file>
      <input_file id="fl-13b">
         <path>C:\TI\ccsv6\tools\compiler\ti-cgt-arm_5.2.5\lib\</path>
         <kind>archive</kind>
         <file>rtsv7M4_T_le_eabi.lib</file>
         <name>fputs.obj</name>
      </input_file>
      <input_file id="fl-13c">
         <path>C:\TI\ccsv6\tools\compiler\ti-cgt-arm_5.2.5\lib\</path>
         <kind>archive</kind>
         <file>rtsv7M4_T_le_eabi.lib</file>
         <name>fs_tod_t2.obj</name>
      </input_file>
      <input_file id="fl-13d">
         <path>C:\TI\ccsv6\tools\compiler\ti-cgt-arm_5.2.5\lib\</path>
         <kind>archive</kind>
         <file>rtsv7M4_T_le_eabi.lib</file>
         <name>i_tofd_t2.obj</name>
      </input_file>
      <input_file id="fl-13e">
         <path>C:\TI\ccsv6\tools\compiler\ti-cgt-arm_5.2.5\lib\</path>
         <kind>archive</kind>
         <file>rtsv7M4_T_le_eabi.lib</file>
         <name>localtim.obj</name>
      </input_file>
      <input_file id="fl-13f">
         <path>C:\TI\ccsv6\tools\compiler\ti-cgt-arm_5.2.5\lib\</path>
         <kind>archive</kind>
         <file>rtsv7M4_T_le_eabi.lib</file>
         <name>lowlev.obj</name>
      </input_file>
      <input_file id="fl-140">
         <path>C:\TI\ccsv6\tools\compiler\ti-cgt-arm_5.2.5\lib\</path>
         <kind>archive</kind>
         <file>rtsv7M4_T_le_eabi.lib</file>
         <name>memchr.obj</name>
      </input_file>
      <input_file id="fl-141">
         <path>C:\TI\ccsv6\tools\compiler\ti-cgt-arm_5.2.5\lib\</path>
         <kind>archive</kind>
         <file>rtsv7M4_T_le_eabi.lib</file>
         <name>memcpy_t2.obj</name>
      </input_file>
      <input_file id="fl-142">
         <path>C:\TI\ccsv6\tools\compiler\ti-cgt-arm_5.2.5\lib\</path>
         <kind>archive</kind>
         <file>rtsv7M4_T_le_eabi.lib</file>
         <name>memmov.obj</name>
      </input_file>
      <input_file id="fl-143">
         <path>C:\TI\ccsv6\tools\compiler\ti-cgt-arm_5.2.5\lib\</path>
         <kind>archive</kind>
         <file>rtsv7M4_T_le_eabi.lib</file>
         <name>memory.obj</name>
      </input_file>
      <input_file id="fl-144">
         <path>C:\TI\ccsv6\tools\compiler\ti-cgt-arm_5.2.5\lib\</path>
         <kind>archive</kind>
         <file>rtsv7M4_T_le_eabi.lib</file>
         <name>memset_t2.obj</name>
      </input_file>
      <input_file id="fl-145">
         <path>C:\TI\ccsv6\tools\compiler\ti-cgt-arm_5.2.5\lib\</path>
         <kind>archive</kind>
         <file>rtsv7M4_T_le_eabi.lib</file>
         <name>mktime.obj</name>
      </input_file>
      <input_file id="fl-146">
         <path>C:\TI\ccsv6\tools\compiler\ti-cgt-arm_5.2.5\lib\</path>
         <kind>archive</kind>
         <file>rtsv7M4_T_le_eabi.lib</file>
         <name>pow.obj</name>
      </input_file>
      <input_file id="fl-147">
         <path>C:\TI\ccsv6\tools\compiler\ti-cgt-arm_5.2.5\lib\</path>
         <kind>archive</kind>
         <file>rtsv7M4_T_le_eabi.lib</file>
         <name>pre_init.obj</name>
      </input_file>
      <input_file id="fl-148">
         <path>C:\TI\ccsv6\tools\compiler\ti-cgt-arm_5.2.5\lib\</path>
         <kind>archive</kind>
         <file>rtsv7M4_T_le_eabi.lib</file>
         <name>printf.obj</name>
      </input_file>
      <input_file id="fl-149">
         <path>C:\TI\ccsv6\tools\compiler\ti-cgt-arm_5.2.5\lib\</path>
         <kind>archive</kind>
         <file>rtsv7M4_T_le_eabi.lib</file>
         <name>sprintf.obj</name>
      </input_file>
      <input_file id="fl-14a">
         <path>C:\TI\ccsv6\tools\compiler\ti-cgt-arm_5.2.5\lib\</path>
         <kind>archive</kind>
         <file>rtsv7M4_T_le_eabi.lib</file>
         <name>stkdepth_vars.obj</name>
      </input_file>
      <input_file id="fl-14b">
         <path>C:\TI\ccsv6\tools\compiler\ti-cgt-arm_5.2.5\lib\</path>
         <kind>archive</kind>
         <file>rtsv7M4_T_le_eabi.lib</file>
         <name>strcat.obj</name>
      </input_file>
      <input_file id="fl-14c">
         <path>C:\TI\ccsv6\tools\compiler\ti-cgt-arm_5.2.5\lib\</path>
         <kind>archive</kind>
         <file>rtsv7M4_T_le_eabi.lib</file>
         <name>strchr.obj</name>
      </input_file>
      <input_file id="fl-14d">
         <path>C:\TI\ccsv6\tools\compiler\ti-cgt-arm_5.2.5\lib\</path>
         <kind>archive</kind>
         <file>rtsv7M4_T_le_eabi.lib</file>
         <name>strcmp.obj</name>
      </input_file>
      <input_file id="fl-14e">
         <path>C:\TI\ccsv6\tools\compiler\ti-cgt-arm_5.2.5\lib\</path>
         <kind>archive</kind>
         <file>rtsv7M4_T_le_eabi.lib</file>
         <name>strcpy.obj</name>
      </input_file>
      <input_file id="fl-14f">
         <path>C:\TI\ccsv6\tools\compiler\ti-cgt-arm_5.2.5\lib\</path>
         <kind>archive</kind>
         <file>rtsv7M4_T_le_eabi.lib</file>
         <name>strlen.obj</name>
      </input_file>
      <input_file id="fl-150">
         <path>C:\TI\ccsv6\tools\compiler\ti-cgt-arm_5.2.5\lib\</path>
         <kind>archive</kind>
         <file>rtsv7M4_T_le_eabi.lib</file>
         <name>strncmp.obj</name>
      </input_file>
      <input_file id="fl-151">
         <path>C:\TI\ccsv6\tools\compiler\ti-cgt-arm_5.2.5\lib\</path>
         <kind>archive</kind>
         <file>rtsv7M4_T_le_eabi.lib</file>
         <name>strncpy.obj</name>
      </input_file>
      <input_file id="fl-152">
         <path>C:\TI\ccsv6\tools\compiler\ti-cgt-arm_5.2.5\lib\</path>
         <kind>archive</kind>
         <file>rtsv7M4_T_le_eabi.lib</file>
         <name>time.obj</name>
      </input_file>
      <input_file id="fl-153">
         <path>C:\TI\ccsv6\tools\compiler\ti-cgt-arm_5.2.5\lib\</path>
         <kind>archive</kind>
         <file>rtsv7M4_T_le_eabi.lib</file>
         <name>tmzone.obj</name>
      </input_file>
      <input_file id="fl-154">
         <path>C:\TI\ccsv6\tools\compiler\ti-cgt-arm_5.2.5\lib\</path>
         <kind>archive</kind>
         <file>rtsv7M4_T_le_eabi.lib</file>
         <name>trgdrv.obj</name>
      </input_file>
      <input_file id="fl-155">
         <path>C:\TI\ccsv6\tools\compiler\ti-cgt-arm_5.2.5\lib\</path>
         <kind>archive</kind>
         <file>rtsv7M4_T_le_eabi.lib</file>
         <name>trgmsg.obj</name>
      </input_file>
      <input_file id="fl-156">
         <path>C:\TI\ccsv6\tools\compiler\ti-cgt-arm_5.2.5\lib\</path>
         <kind>archive</kind>
         <file>rtsv7M4_T_le_eabi.lib</file>
         <name>u_divt2.obj</name>
      </input_file>
      <input_file id="fl-157">
         <path>C:\TI\ccsv6\tools\compiler\ti-cgt-arm_5.2.5\lib\</path>
         <kind>archive</kind>
         <file>rtsv7M4_T_le_eabi.lib</file>
         <name>vsnprintf.obj</name>
      </input_file>
      <input_file id="fl-158">
         <path>C:\TI\ccsv6\tools\compiler\ti-cgt-arm_5.2.5\lib\</path>
         <kind>archive</kind>
         <file>rtsv7M4_T_le_eabi.lib</file>
         <name>xdint.obj</name>
      </input_file>
      <input_file id="fl-159">
         <path>C:\TI\ccsv6\tools\compiler\ti-cgt-arm_5.2.5\lib\</path>
         <kind>archive</kind>
         <file>rtsv7M4_T_le_eabi.lib</file>
         <name>xdunscal.obj</name>
      </input_file>
      <input_file id="fl-15a">
         <path>C:\TI\ccsv6\tools\compiler\ti-cgt-arm_5.2.5\lib\</path>
         <kind>archive</kind>
         <file>rtsv7M4_T_le_eabi.lib</file>
         <name>xexp.obj</name>
      </input_file>
      <input_file id="fl-15b">
         <path>C:\TI\ccsv6\tools\compiler\ti-cgt-arm_5.2.5\lib\</path>
         <kind>archive</kind>
         <file>rtsv7M4_T_le_eabi.lib</file>
         <name>xferaise.obj</name>
      </input_file>
      <input_file id="fl-15c">
         <path>C:\TI\ccsv6\tools\compiler\ti-cgt-arm_5.2.5\lib\</path>
         <kind>archive</kind>
         <file>rtsv7M4_T_le_eabi.lib</file>
         <name>xvalues.obj</name>
      </input_file>
      <input_file id="fl-15d">
         <path>C:\TI\ccsv6\tools\compiler\ti-cgt-arm_5.2.5\lib\</path>
         <kind>archive</kind>
         <file>rtsv7M4_T_le_eabi.lib</file>
         <name>_io_perm.obj</name>
      </input_file>
      <input_file id="fl-15e">
         <path>C:\TI\ccsv6\tools\compiler\ti-cgt-arm_5.2.5\lib\</path>
         <kind>archive</kind>
         <file>rtsv7M4_T_le_eabi.lib</file>
         <name>_lock.obj</name>
      </input_file>
      <input_file id="fl-15f">
         <path>C:\TI\ccsv6\tools\compiler\ti-cgt-arm_5.2.5\lib\</path>
         <kind>archive</kind>
         <file>rtsv7M4_T_le_eabi.lib</file>
         <name>_printfi.obj</name>
      </input_file>
      <input_file id="fl-160">
         <path>C:\TI\ccsv6\tools\compiler\ti-cgt-arm_5.2.5\lib\</path>
         <kind>archive</kind>
         <file>rtsv7M4_T_le_eabi.lib</file>
         <name>args_main.obj</name>
      </input_file>
      <input_file id="fl-161">
         <path>C:\TI\ccsv6\tools\compiler\ti-cgt-arm_5.2.5\lib\</path>
         <kind>archive</kind>
         <file>rtsv7M4_T_le_eabi.lib</file>
         <name>atoi.obj</name>
      </input_file>
      <input_file id="fl-162">
         <path>C:\TI\ccsv6\tools\compiler\ti-cgt-arm_5.2.5\lib\</path>
         <kind>archive</kind>
         <file>rtsv7M4_T_le_eabi.lib</file>
         <name>autoinit.obj</name>
      </input_file>
      <input_file id="fl-163">
         <path>C:\TI\ccsv6\tools\compiler\ti-cgt-arm_5.2.5\lib\</path>
         <kind>archive</kind>
         <file>rtsv7M4_T_le_eabi.lib</file>
         <name>cpy_tbl.obj</name>
      </input_file>
      <input_file id="fl-164">
         <path>C:\TI\ccsv6\tools\compiler\ti-cgt-arm_5.2.5\lib\</path>
         <kind>archive</kind>
         <file>rtsv7M4_T_le_eabi.lib</file>
         <name>ctype.obj</name>
      </input_file>
      <input_file id="fl-165">
         <path>C:\TI\ccsv6\tools\compiler\ti-cgt-arm_5.2.5\lib\</path>
         <kind>archive</kind>
         <file>rtsv7M4_T_le_eabi.lib</file>
         <name>defs.obj</name>
      </input_file>
      <input_file id="fl-166">
         <path>C:\TI\ccsv6\tools\compiler\ti-cgt-arm_5.2.5\lib\</path>
         <kind>archive</kind>
         <file>rtsv7M4_T_le_eabi.lib</file>
         <name>errno.obj</name>
      </input_file>
      <input_file id="fl-167">
         <path>C:\TI\ccsv6\tools\compiler\ti-cgt-arm_5.2.5\lib\</path>
         <kind>archive</kind>
         <file>rtsv7M4_T_le_eabi.lib</file>
         <name>fd_div_t2.obj</name>
      </input_file>
      <input_file id="fl-168">
         <path>C:\TI\ccsv6\tools\compiler\ti-cgt-arm_5.2.5\lib\</path>
         <kind>archive</kind>
         <file>rtsv7M4_T_le_eabi.lib</file>
         <name>feraiseexcept.obj</name>
      </input_file>
      <input_file id="fl-169">
         <path>C:\TI\ccsv6\tools\compiler\ti-cgt-arm_5.2.5\lib\</path>
         <kind>archive</kind>
         <file>rtsv7M4_T_le_eabi.lib</file>
         <name>fflush.obj</name>
      </input_file>
      <input_file id="fl-16a">
         <path>C:\TI\ccsv6\tools\compiler\ti-cgt-arm_5.2.5\lib\</path>
         <kind>archive</kind>
         <file>rtsv7M4_T_le_eabi.lib</file>
         <name>fputc.obj</name>
      </input_file>
      <input_file id="fl-16b">
         <path>C:\TI\ccsv6\tools\compiler\ti-cgt-arm_5.2.5\lib\</path>
         <kind>archive</kind>
         <file>rtsv7M4_T_le_eabi.lib</file>
         <name>frexp.obj</name>
      </input_file>
      <input_file id="fl-16c">
         <path>C:\TI\ccsv6\tools\compiler\ti-cgt-arm_5.2.5\lib\</path>
         <kind>archive</kind>
         <file>rtsv7M4_T_le_eabi.lib</file>
         <name>fseek.obj</name>
      </input_file>
      <input_file id="fl-16d">
         <path>C:\TI\ccsv6\tools\compiler\ti-cgt-arm_5.2.5\lib\</path>
         <kind>archive</kind>
         <file>rtsv7M4_T_le_eabi.lib</file>
         <name>i_div0.obj</name>
      </input_file>
      <input_file id="fl-16e">
         <path>C:\TI\ccsv6\tools\compiler\ti-cgt-arm_5.2.5\lib\</path>
         <kind>archive</kind>
         <file>rtsv7M4_T_le_eabi.lib</file>
         <name>ldexp.obj</name>
      </input_file>
      <input_file id="fl-16f">
         <path>C:\TI\ccsv6\tools\compiler\ti-cgt-arm_5.2.5\lib\</path>
         <kind>archive</kind>
         <file>rtsv7M4_T_le_eabi.lib</file>
         <name>log.obj</name>
      </input_file>
      <input_file id="fl-170">
         <path>C:\TI\ccsv6\tools\compiler\ti-cgt-arm_5.2.5\lib\</path>
         <kind>archive</kind>
         <file>rtsv7M4_T_le_eabi.lib</file>
         <name>ltoa.obj</name>
      </input_file>
      <input_file id="fl-171">
         <path>C:\TI\ccsv6\tools\compiler\ti-cgt-arm_5.2.5\lib\</path>
         <kind>archive</kind>
         <file>rtsv7M4_T_le_eabi.lib</file>
         <name>memccpy.obj</name>
      </input_file>
      <input_file id="fl-172">
         <path>C:\TI\ccsv6\tools\compiler\ti-cgt-arm_5.2.5\lib\</path>
         <kind>archive</kind>
         <file>rtsv7M4_T_le_eabi.lib</file>
         <name>raise.obj</name>
      </input_file>
      <input_file id="fl-173">
         <path>C:\TI\ccsv6\tools\compiler\ti-cgt-arm_5.2.5\lib\</path>
         <kind>archive</kind>
         <file>rtsv7M4_T_le_eabi.lib</file>
         <name>setvbuf.obj</name>
      </input_file>
      <input_file id="fl-174">
         <path>C:\TI\ccsv6\tools\compiler\ti-cgt-arm_5.2.5\lib\</path>
         <kind>archive</kind>
         <file>rtsv7M4_T_le_eabi.lib</file>
         <name>signal.obj</name>
      </input_file>
      <input_file id="fl-175">
         <path>C:\TI\ccsv6\tools\compiler\ti-cgt-arm_5.2.5\lib\</path>
         <kind>archive</kind>
         <file>rtsv7M4_T_le_eabi.lib</file>
         <name>ull_div_t2.obj</name>
      </input_file>
      <input_file id="fl-176">
         <path>C:\TI\ccsv6\tools\compiler\ti-cgt-arm_5.2.5\lib\</path>
         <kind>archive</kind>
         <file>rtsv7M4_T_le_eabi.lib</file>
         <name>xdclass.obj</name>
      </input_file>
      <input_file id="fl-177">
         <path>C:\TI\ccsv6\tools\compiler\ti-cgt-arm_5.2.5\lib\</path>
         <kind>archive</kind>
         <file>rtsv7M4_T_le_eabi.lib</file>
         <name>xdnorm.obj</name>
      </input_file>
      <input_file id="fl-178">
         <path>C:\TI\ccsv6\tools\compiler\ti-cgt-arm_5.2.5\lib\</path>
         <kind>archive</kind>
         <file>rtsv7M4_T_le_eabi.lib</file>
         <name>xdscale.obj</name>
      </input_file>
      <input_file id="fl-179">
         <path>C:\TI\ccsv6\tools\compiler\ti-cgt-arm_5.2.5\lib\</path>
         <kind>archive</kind>
         <file>rtsv7M4_T_le_eabi.lib</file>
         <name>xlog.obj</name>
      </input_file>
      <input_file id="fl-17a">
         <path>C:\TI\ccsv6\tools\compiler\ti-cgt-arm_5.2.5\lib\</path>
         <kind>archive</kind>
         <file>rtsv7M4_T_le_eabi.lib</file>
         <name>fopen.obj</name>
      </input_file>
      <input_file id="fl-17b">
         <path>C:\TI\ccsv6\tools\compiler\ti-cgt-arm_5.2.5\lib\</path>
         <kind>archive</kind>
         <file>rtsv7M4_T_le_eabi.lib</file>
         <name>xfvalues.obj</name>
      </input_file>
      <input_file id="fl-17c">
         <path>C:\TI\ccsv6\tools\compiler\ti-cgt-arm_5.2.5\lib\</path>
         <kind>archive</kind>
         <file>rtsv7M4_T_le_eabi.lib</file>
         <name>fclose.obj</name>
      </input_file>
      <input_file id="fl-17d">
         <path>C:\TI\ccsv6\tools\compiler\ti-cgt-arm_5.2.5\lib\</path>
         <kind>archive</kind>
         <file>rtsv7M4_T_le_eabi.lib</file>
         <name>remove.obj</name>
      </input_file>
      <input_file id="fl-17e">
         <path>C:\ti\CC3200SDK_1.1.0\cc3200-sdk\example\ssl\ccs\..\..\..\driverlib\ccs\Release\</path>
         <kind>archive</kind>
         <file>driverlib.a</file>
         <name>gpio.obj</name>
      </input_file>
      <input_file id="fl-17f">
         <path>C:\ti\CC3200SDK_1.1.0\cc3200-sdk\example\ssl\ccs\..\..\..\driverlib\ccs\Release\</path>
         <kind>archive</kind>
         <file>driverlib.a</file>
         <name>interrupt.obj</name>
      </input_file>
      <input_file id="fl-180">
         <path>C:\ti\CC3200SDK_1.1.0\cc3200-sdk\example\ssl\ccs\..\..\..\driverlib\ccs\Release\</path>
         <kind>archive</kind>
         <file>driverlib.a</file>
         <name>pin.obj</name>
      </input_file>
      <input_file id="fl-181">
         <path>C:\ti\CC3200SDK_1.1.0\cc3200-sdk\example\ssl\ccs\..\..\..\driverlib\ccs\Release\</path>
         <kind>archive</kind>
         <file>driverlib.a</file>
         <name>prcm.obj</name>
      </input_file>
      <input_file id="fl-182">
         <path>C:\ti\CC3200SDK_1.1.0\cc3200-sdk\example\ssl\ccs\..\..\..\driverlib\ccs\Release\</path>
         <kind>archive</kind>
         <file>driverlib.a</file>
         <name>spi.obj</name>
      </input_file>
      <input_file id="fl-183">
         <path>C:\ti\CC3200SDK_1.1.0\cc3200-sdk\example\ssl\ccs\..\..\..\driverlib\ccs\Release\</path>
         <kind>archive</kind>
         <file>driverlib.a</file>
         <name>timer.obj</name>
      </input_file>
      <input_file id="fl-184">
         <path>C:\ti\CC3200SDK_1.1.0\cc3200-sdk\example\ssl\ccs\..\..\..\driverlib\ccs\Release\</path>
         <kind>archive</kind>
         <file>driverlib.a</file>
         <name>uart.obj</name>
      </input_file>
      <input_file id="fl-185">
         <path>C:\ti\CC3200SDK_1.1.0\cc3200-sdk\example\ssl\ccs\..\..\..\driverlib\ccs\Release\</path>
         <kind>archive</kind>
         <file>driverlib.a</file>
         <name>utils.obj</name>
      </input_file>
      <input_file id="fl-186">
         <path>C:\ti\CC3200SDK_1.1.0\cc3200-sdk\example\ssl\ccs\..\..\..\driverlib\ccs\Release\</path>
         <kind>archive</kind>
         <file>driverlib.a</file>
         <name>cpu.obj</name>
      </input_file>
      <input_file id="fl-187">
         <path>C:\ti\CC3200SDK_1.1.0\cc3200-sdk\example\ssl\ccs\..\..\..\driverlib\ccs\Release\</path>
         <kind>archive</kind>
         <file>driverlib.a</file>
         <name>flash.obj</name>
      </input_file>
      <input_file id="fl-188">
         <path>C:\ti\CC3200SDK_1.1.0\cc3200-sdk\example\ssl\ccs\..\..\..\simplelink\ccs\NON_OS\</path>
         <kind>archive</kind>
         <file>simplelink.a</file>
         <name>device.obj</name>
      </input_file>
      <input_file id="fl-189">
         <path>C:\ti\CC3200SDK_1.1.0\cc3200-sdk\example\ssl\ccs\..\..\..\simplelink\ccs\NON_OS\</path>
         <kind>archive</kind>
         <file>simplelink.a</file>
         <name>driver.obj</name>
      </input_file>
      <input_file id="fl-18a">
         <path>C:\ti\CC3200SDK_1.1.0\cc3200-sdk\example\ssl\ccs\..\..\..\simplelink\ccs\NON_OS\</path>
         <kind>archive</kind>
         <file>simplelink.a</file>
         <name>netapp.obj</name>
      </input_file>
      <input_file id="fl-18b">
         <path>C:\ti\CC3200SDK_1.1.0\cc3200-sdk\example\ssl\ccs\..\..\..\simplelink\ccs\NON_OS\</path>
         <kind>archive</kind>
         <file>simplelink.a</file>
         <name>netcfg.obj</name>
      </input_file>
      <input_file id="fl-18c">
         <path>C:\ti\CC3200SDK_1.1.0\cc3200-sdk\example\ssl\ccs\..\..\..\simplelink\ccs\NON_OS\</path>
         <kind>archive</kind>
         <file>simplelink.a</file>
         <name>nonos.obj</name>
      </input_file>
      <input_file id="fl-18d">
         <path>C:\ti\CC3200SDK_1.1.0\cc3200-sdk\example\ssl\ccs\..\..\..\simplelink\ccs\NON_OS\</path>
         <kind>archive</kind>
         <file>simplelink.a</file>
         <name>socket.obj</name>
      </input_file>
      <input_file id="fl-18e">
         <path>C:\ti\CC3200SDK_1.1.0\cc3200-sdk\example\ssl\ccs\..\..\..\simplelink\ccs\NON_OS\</path>
         <kind>archive</kind>
         <file>simplelink.a</file>
         <name>wlan.obj</name>
      </input_file>
      <input_file id="fl-18f">
         <path>C:\ti\CC3200SDK_1.1.0\cc3200-sdk\example\ssl\ccs\..\..\..\simplelink\ccs\NON_OS\</path>
         <kind>archive</kind>
         <file>simplelink.a</file>
         <name>cc_pal.obj</name>
      </input_file>
      <input_file id="fl-190">
         <path>C:\TI\ccsv6\tools\compiler\ti-cgt-arm_5.2.5\lib\</path>
         <kind>archive</kind>
         <file>rtsv7M4_T_le_eabi.lib</file>
         <name>ll_lsr_t2.obj</name>
      </input_file>
      <input_file id="fl-191">
         <path>C:\ti\CC3200SDK_1.1.0\cc3200-sdk\example\ssl\ccs\..\..\..\driverlib\ccs\Release\</path>
         <kind>archive</kind>
         <file>driverlib.a</file>
         <name>udma.obj</name>
      </input_file>
   </input_file_list>
   <object_component_list>
      <object_component id="oc-f">
         <name>.intvecs</name>
         <load_address>0x20004000</load_address>
         <run_address>0x20004000</run_address>
         <size>0x400</size>
         <input_file_ref idref="fl-8"/>
      </object_component>
      <object_component id="oc-9f">
         <name>.text</name>
         <load_address>0x20004400</load_address>
         <run_address>0x20004400</run_address>
         <size>0x2774</size>
         <input_file_ref idref="fl-6"/>
      </object_component>
      <object_component id="oc-5b">
         <name>.text</name>
         <load_address>0x20006b74</load_address>
         <run_address>0x20006b74</run_address>
         <size>0x4</size>
         <input_file_ref idref="fl-147"/>
      </object_component>
      <object_component id="oc-14b">
         <name>.text</name>
         <load_address>0x20006b78</load_address>
         <run_address>0x20006b78</run_address>
         <size>0x18e8</size>
         <input_file_ref idref="fl-4"/>
      </object_component>
      <object_component id="oc-3b9">
         <name>.text</name>
         <load_address>0x20008460</load_address>
         <run_address>0x20008460</run_address>
         <size>0x10a6</size>
         <input_file_ref idref="fl-15f"/>
      </object_component>
      <object_component id="oc-928">
         <name>.text:IntDefaultHandler</name>
         <load_address>0x20009506</load_address>
         <run_address>0x20009506</run_address>
         <size>0x2</size>
         <input_file_ref idref="fl-17f"/>
      </object_component>
      <object_component id="oc-13f">
         <name>.text</name>
         <load_address>0x20009508</load_address>
         <run_address>0x20009508</run_address>
         <size>0x790</size>
         <input_file_ref idref="fl-2"/>
      </object_component>
      <object_component id="oc-854">
         <name>.text:_SlDrvMsgRead</name>
         <load_address>0x20009c98</load_address>
         <run_address>0x20009c98</run_address>
         <size>0x5ec</size>
         <input_file_ref idref="fl-189"/>
      </object_component>
      <object_component id="oc-47e">
         <name>.text</name>
         <load_address>0x2000a284</load_address>
         <run_address>0x2000a284</run_address>
         <size>0x480</size>
         <input_file_ref idref="fl-146"/>
      </object_component>
      <object_component id="oc-371">
         <name>.text</name>
         <load_address>0x2000a704</load_address>
         <run_address>0x2000a704</run_address>
         <size>0x3dc</size>
         <input_file_ref idref="fl-143"/>
      </object_component>
      <object_component id="oc-139">
         <name>.text</name>
         <load_address>0x2000aae0</load_address>
         <run_address>0x2000aae0</run_address>
         <size>0x3ac</size>
         <input_file_ref idref="fl-3"/>
      </object_component>
      <object_component id="oc-341">
         <name>.text</name>
         <load_address>0x2000ae8c</load_address>
         <run_address>0x2000ae8c</run_address>
         <size>0x30c</size>
         <input_file_ref idref="fl-13f"/>
      </object_component>
      <object_component id="oc-8cc">
         <name>.text</name>
         <load_address>0x2000b198</load_address>
         <run_address>0x2000b198</run_address>
         <size>0x2e4</size>
         <input_file_ref idref="fl-179"/>
      </object_component>
      <object_component id="oc-49e">
         <name>.text</name>
         <load_address>0x2000b47c</load_address>
         <run_address>0x2000b47c</run_address>
         <size>0x2d4</size>
         <input_file_ref idref="fl-154"/>
      </object_component>
      <object_component id="oc-4b0">
         <name>.text</name>
         <load_address>0x2000b750</load_address>
         <run_address>0x2000b750</run_address>
         <size>0x2a8</size>
         <input_file_ref idref="fl-145"/>
      </object_component>
      <object_component id="oc-126">
         <name>.text</name>
         <load_address>0x2000b9f8</load_address>
         <run_address>0x2000b9f8</run_address>
         <size>0x26c</size>
         <input_file_ref idref="fl-5"/>
      </object_component>
      <object_component id="oc-960">
         <name>.text:_SlDrvRxHdrRead</name>
         <load_address>0x2000bc64</load_address>
         <run_address>0x2000bc64</run_address>
         <size>0x248</size>
         <input_file_ref idref="fl-189"/>
      </object_component>
      <object_component id="oc-218">
         <name>.text:sl_WlanConnect</name>
         <load_address>0x2000beac</load_address>
         <run_address>0x2000beac</run_address>
         <size>0x244</size>
         <input_file_ref idref="fl-18e"/>
      </object_component>
      <object_component id="oc-735">
         <name>.text</name>
         <load_address>0x2000c0f0</load_address>
         <run_address>0x2000c0f0</run_address>
         <size>0x1fc</size>
         <input_file_ref idref="fl-15a"/>
      </object_component>
      <object_component id="oc-685">
         <name>.text</name>
         <load_address>0x2000c2ec</load_address>
         <run_address>0x2000c2ec</run_address>
         <size>0x1f4</size>
         <input_file_ref idref="fl-175"/>
      </object_component>
      <object_component id="oc-102">
         <name>.text</name>
         <load_address>0x2000c4e0</load_address>
         <run_address>0x2000c4e0</run_address>
         <size>0x1f4</size>
         <input_file_ref idref="fl-9"/>
      </object_component>
      <object_component id="oc-312">
         <name>.text:_SlDrvReleasePoolObj</name>
         <load_address>0x2000c6d4</load_address>
         <run_address>0x2000c6d4</run_address>
         <size>0x1d0</size>
         <input_file_ref idref="fl-189"/>
      </object_component>
      <object_component id="oc-608">
         <name>.text:_SlDrvMsgWrite</name>
         <load_address>0x2000c8a4</load_address>
         <run_address>0x2000c8a4</run_address>
         <size>0x1cc</size>
         <input_file_ref idref="fl-189"/>
      </object_component>
      <object_component id="oc-866">
         <name>.text</name>
         <load_address>0x2000ca70</load_address>
         <run_address>0x2000ca70</run_address>
         <size>0x1c4</size>
         <input_file_ref idref="fl-17a"/>
      </object_component>
      <object_component id="oc-46b">
         <name>.text</name>
         <load_address>0x2000cc34</load_address>
         <run_address>0x2000cc34</run_address>
         <size>0x1b6</size>
         <input_file_ref idref="fl-136"/>
      </object_component>
      <object_component id="oc-757">
         <name>.text</name>
         <load_address>0x2000cdea</load_address>
         <run_address>0x2000cdea</run_address>
         <size>0x2</size>
         <input_file_ref idref="fl-16d"/>
      </object_component>
      <object_component id="oc-2f4">
         <name>.text:_SlDrvWaitForPoolObj</name>
         <load_address>0x2000cdec</load_address>
         <run_address>0x2000cdec</run_address>
         <size>0x190</size>
         <input_file_ref idref="fl-189"/>
      </object_component>
      <object_component id="oc-521">
         <name>.text:_SlDrvDriverCBInit</name>
         <load_address>0x2000cf7c</load_address>
         <run_address>0x2000cf7c</run_address>
         <size>0x188</size>
         <input_file_ref idref="fl-189"/>
      </object_component>
      <object_component id="oc-972">
         <name>.text:_SlFindAndSetActiveObj</name>
         <load_address>0x2000d104</load_address>
         <run_address>0x2000d104</run_address>
         <size>0x170</size>
         <input_file_ref idref="fl-189"/>
      </object_component>
      <object_component id="oc-527">
         <name>.text:spi_Open</name>
         <load_address>0x2000d274</load_address>
         <run_address>0x2000d274</run_address>
         <size>0x144</size>
         <input_file_ref idref="fl-18f"/>
      </object_component>
      <object_component id="oc-23c">
         <name>.text</name>
         <load_address>0x2000d3b8</load_address>
         <run_address>0x2000d3b8</run_address>
         <size>0x13c</size>
         <input_file_ref idref="fl-7"/>
      </object_component>
      <object_component id="oc-68a">
         <name>.text</name>
         <load_address>0x2000d4f4</load_address>
         <run_address>0x2000d4f4</run_address>
         <size>0x136</size>
         <input_file_ref idref="fl-167"/>
      </object_component>
      <object_component id="oc-177">
         <name>.text:PRCMCC3200MCUInit</name>
         <load_address>0x2000d62c</load_address>
         <run_address>0x2000d62c</run_address>
         <size>0x134</size>
         <input_file_ref idref="fl-181"/>
      </object_component>
      <object_component id="oc-de">
         <name>.text</name>
         <load_address>0x2000d760</load_address>
         <run_address>0x2000d760</run_address>
         <size>0x134</size>
         <input_file_ref idref="fl-13b"/>
      </object_component>
      <object_component id="oc-3f3">
         <name>.text:_SlDrvDataReadOp</name>
         <load_address>0x2000d894</load_address>
         <run_address>0x2000d894</run_address>
         <size>0x12c</size>
         <input_file_ref idref="fl-189"/>
      </object_component>
      <object_component id="oc-894">
         <name>.text</name>
         <load_address>0x2000d9c0</load_address>
         <run_address>0x2000d9c0</run_address>
         <size>0x110</size>
         <input_file_ref idref="fl-178"/>
      </object_component>
      <object_component id="oc-3d1">
         <name>.text:_SlDrvDataWriteOp</name>
         <load_address>0x2000dad0</load_address>
         <run_address>0x2000dad0</run_address>
         <size>0x108</size>
         <input_file_ref idref="fl-189"/>
      </object_component>
      <object_component id="oc-f6">
         <name>.text:sl_Connect</name>
         <load_address>0x2000dbd8</load_address>
         <run_address>0x2000dbd8</run_address>
         <size>0x108</size>
         <input_file_ref idref="fl-18d"/>
      </object_component>
      <object_component id="oc-120">
         <name>.text:sl_Send</name>
         <load_address>0x2000dce0</load_address>
         <run_address>0x2000dce0</run_address>
         <size>0x108</size>
         <input_file_ref idref="fl-18d"/>
      </object_component>
      <object_component id="oc-d8">
         <name>.text:sl_NetAppDnsGetHostByName</name>
         <load_address>0x2000dde8</load_address>
         <run_address>0x2000dde8</run_address>
         <size>0x104</size>
         <input_file_ref idref="fl-18a"/>
      </object_component>
      <object_component id="oc-565">
         <name>.text:_SlDrvDriverCBDeinit</name>
         <load_address>0x2000deec</load_address>
         <run_address>0x2000deec</run_address>
         <size>0x100</size>
         <input_file_ref idref="fl-189"/>
      </object_component>
      <object_component id="oc-9e6">
         <name>.text:_SlDrvNetAppEventHandler</name>
         <load_address>0x2000dfec</load_address>
         <run_address>0x2000dfec</run_address>
         <size>0xfe</size>
         <input_file_ref idref="fl-18a"/>
      </object_component>
      <object_component id="oc-151">
         <name>.text</name>
         <load_address>0x2000e0ea</load_address>
         <run_address>0x2000e0ea</run_address>
         <size>0xfc</size>
         <input_file_ref idref="fl-138"/>
      </object_component>
      <object_component id="oc-96c">
         <name>.text:spi_Read</name>
         <load_address>0x2000e1e8</load_address>
         <run_address>0x2000e1e8</run_address>
         <size>0xf0</size>
         <input_file_ref idref="fl-18f"/>
      </object_component>
      <object_component id="oc-a40">
         <name>.text:uDMAChannelTransferSet</name>
         <load_address>0x2000e2d8</load_address>
         <run_address>0x2000e2d8</run_address>
         <size>0xf0</size>
         <input_file_ref idref="fl-191"/>
      </object_component>
      <object_component id="oc-63f">
         <name>.text</name>
         <load_address>0x2000e3c8</load_address>
         <run_address>0x2000e3c8</run_address>
         <size>0xdc</size>
         <input_file_ref idref="fl-173"/>
      </object_component>
      <object_component id="oc-966">
         <name>.text:_SlDrvClassifyRxMsg</name>
         <load_address>0x2000e4a4</load_address>
         <run_address>0x2000e4a4</run_address>
         <size>0xd8</size>
         <input_file_ref idref="fl-189"/>
      </object_component>
      <object_component id="oc-1d8">
         <name>.text:sl_Stop</name>
         <load_address>0x2000e57c</load_address>
         <run_address>0x2000e57c</run_address>
         <size>0xd4</size>
         <input_file_ref idref="fl-188"/>
      </object_component>
      <object_component id="oc-a53">
         <name>.text:_sl_HandleAsync_DnsGetHostByService</name>
         <load_address>0x2000e650</load_address>
         <run_address>0x2000e650</run_address>
         <size>0xc8</size>
         <input_file_ref idref="fl-18a"/>
      </object_component>
      <object_component id="oc-33b">
         <name>.text</name>
         <load_address>0x2000e718</load_address>
         <run_address>0x2000e718</run_address>
         <size>0xc8</size>
         <input_file_ref idref="fl-169"/>
      </object_component>
      <object_component id="oc-475">
         <name>.text</name>
         <load_address>0x2000e7e0</load_address>
         <run_address>0x2000e7e0</run_address>
         <size>0xc4</size>
         <input_file_ref idref="fl-13a"/>
      </object_component>
      <object_component id="oc-60e">
         <name>.text:_SlDrvMsgReadCmdCtx</name>
         <load_address>0x2000e8a4</load_address>
         <run_address>0x2000e8a4</run_address>
         <size>0xc0</size>
         <input_file_ref idref="fl-189"/>
      </object_component>
      <object_component id="oc-61c">
         <name>.text:_SlRemoveFromList</name>
         <load_address>0x2000e964</load_address>
         <run_address>0x2000e964</run_address>
         <size>0xc0</size>
         <input_file_ref idref="fl-189"/>
      </object_component>
      <object_component id="oc-723">
         <name>.text</name>
         <load_address>0x2000ea24</load_address>
         <run_address>0x2000ea24</run_address>
         <size>0xc0</size>
         <input_file_ref idref="fl-158"/>
      </object_component>
      <object_component id="oc-8b6">
         <name>.text</name>
         <load_address>0x2000eae4</load_address>
         <run_address>0x2000eae4</run_address>
         <size>0xbe</size>
         <input_file_ref idref="fl-177"/>
      </object_component>
      <object_component id="oc-1c6">
         <name>.text:sl_Start</name>
         <load_address>0x2000eba4</load_address>
         <run_address>0x2000eba4</run_address>
         <size>0xbc</size>
         <input_file_ref idref="fl-188"/>
      </object_component>
      <object_component id="oc-85a">
         <name>.text:_SlAsyncEventGenericHandler</name>
         <load_address>0x2000ec60</load_address>
         <run_address>0x2000ec60</run_address>
         <size>0xb8</size>
         <input_file_ref idref="fl-189"/>
      </object_component>
      <object_component id="oc-589">
         <name>.text:sl_NetAppMDNSRegisterUnregisterService</name>
         <load_address>0x2000ed18</load_address>
         <run_address>0x2000ed18</run_address>
         <size>0xb4</size>
         <input_file_ref idref="fl-18a"/>
      </object_component>
      <object_component id="oc-32f">
         <name>.text</name>
         <load_address>0x2000edcc</load_address>
         <run_address>0x2000edcc</run_address>
         <size>0xac</size>
         <input_file_ref idref="fl-15d"/>
      </object_component>
      <object_component id="oc-7c0">
         <name>.text:IntDisable</name>
         <load_address>0x2000ee78</load_address>
         <run_address>0x2000ee78</run_address>
         <size>0xa8</size>
         <input_file_ref idref="fl-17f"/>
      </object_component>
      <object_component id="oc-171">
         <name>.text:IntEnable</name>
         <load_address>0x2000ef20</load_address>
         <run_address>0x2000ef20</run_address>
         <size>0xa8</size>
         <input_file_ref idref="fl-17f"/>
      </object_component>
      <object_component id="oc-254">
         <name>.text:SPIConfigSetExpClk</name>
         <load_address>0x2000efc8</load_address>
         <run_address>0x2000efc8</run_address>
         <size>0xa0</size>
         <input_file_ref idref="fl-182"/>
      </object_component>
      <object_component id="oc-7e4">
         <name>.text:_SlDrvMsgReadSpawnCtx</name>
         <load_address>0x2000f068</load_address>
         <run_address>0x2000f068</run_address>
         <size>0x9c</size>
         <input_file_ref idref="fl-189"/>
      </object_component>
      <object_component id="oc-36">
         <name>.text</name>
         <load_address>0x2000f104</load_address>
         <run_address>0x2000f104</run_address>
         <size>0x9c</size>
         <input_file_ref idref="fl-141"/>
      </object_component>
      <object_component id="oc-1de">
         <name>.text:sl_DevGet</name>
         <load_address>0x2000f1a0</load_address>
         <run_address>0x2000f1a0</run_address>
         <size>0x9c</size>
         <input_file_ref idref="fl-188"/>
      </object_component>
      <object_component id="oc-97f">
         <name>.text</name>
         <load_address>0x2000f23c</load_address>
         <run_address>0x2000f23c</run_address>
         <size>0x98</size>
         <input_file_ref idref="fl-17c"/>
      </object_component>
      <object_component id="oc-3c1">
         <name>.text</name>
         <load_address>0x2000f2d4</load_address>
         <run_address>0x2000f2d4</run_address>
         <size>0x98</size>
         <input_file_ref idref="fl-16a"/>
      </object_component>
      <object_component id="oc-84d">
         <name>.text:spi_Write</name>
         <load_address>0x2000f36c</load_address>
         <run_address>0x2000f36c</run_address>
         <size>0x98</size>
         <input_file_ref idref="fl-18f"/>
      </object_component>
      <object_component id="oc-17d">
         <name>.text:PRCMPeripheralClockGet</name>
         <load_address>0x2000f404</load_address>
         <run_address>0x2000f404</run_address>
         <size>0x94</size>
         <input_file_ref idref="fl-181"/>
      </object_component>
      <object_component id="oc-9f3">
         <name>.text:SetupDMAReceive</name>
         <load_address>0x2000f498</load_address>
         <run_address>0x2000f498</run_address>
         <size>0x8c</size>
         <input_file_ref idref="fl-18f"/>
      </object_component>
      <object_component id="oc-94d">
         <name>.text:SetupDMASend</name>
         <load_address>0x2000f524</load_address>
         <run_address>0x2000f524</run_address>
         <size>0x8c</size>
         <input_file_ref idref="fl-18f"/>
      </object_component>
      <object_component id="oc-a4d">
         <name>.text:_sl_HandleAsync_DnsGetHostByName</name>
         <load_address>0x2000f5b0</load_address>
         <run_address>0x2000f5b0</run_address>
         <size>0x8c</size>
         <input_file_ref idref="fl-18a"/>
      </object_component>
      <object_component id="oc-9ec">
         <name>.text:_sl_HandleAsync_PingResponse</name>
         <load_address>0x2000f63c</load_address>
         <run_address>0x2000f63c</run_address>
         <size>0x8c</size>
         <input_file_ref idref="fl-18a"/>
      </object_component>
      <object_component id="oc-827">
         <name>.text:PinConfigSet</name>
         <load_address>0x2000f6c8</load_address>
         <run_address>0x2000f6c8</run_address>
         <size>0x88</size>
         <input_file_ref idref="fl-180"/>
      </object_component>
      <object_component id="oc-377">
         <name>.text</name>
         <load_address>0x2000f750</load_address>
         <run_address>0x2000f750</run_address>
         <size>0x88</size>
         <input_file_ref idref="fl-157"/>
      </object_component>
      <object_component id="oc-461">
         <name>.text:__aeabi_cdcmple</name>
         <load_address>0x2000f7d8</load_address>
         <run_address>0x2000f7d8</run_address>
         <size>0x86</size>
         <input_file_ref idref="fl-137"/>
      </object_component>
      <object_component id="oc-470">
         <name>.text:__aeabi_cdrcmple</name>
         <load_address>0x2000f85e</load_address>
         <run_address>0x2000f85e</run_address>
         <size>0x86</size>
         <input_file_ref idref="fl-137"/>
      </object_component>
      <object_component id="oc-51b">
         <name>.text:NwpPowerOnPreamble</name>
         <load_address>0x2000f8e4</load_address>
         <run_address>0x2000f8e4</run_address>
         <size>0x84</size>
         <input_file_ref idref="fl-18f"/>
      </object_component>
      <object_component id="oc-272">
         <name>.text:GPIOIntTypeSet</name>
         <load_address>0x2000f968</load_address>
         <run_address>0x2000f968</run_address>
         <size>0x82</size>
         <input_file_ref idref="fl-17e"/>
      </object_component>
      <object_component id="oc-306">
         <name>.text:_SlDrvCmdOp</name>
         <load_address>0x2000f9ec</load_address>
         <run_address>0x2000f9ec</run_address>
         <size>0x80</size>
         <input_file_ref idref="fl-189"/>
      </object_component>
      <object_component id="oc-9f9">
         <name>.text:spi_Read_CPU</name>
         <load_address>0x2000fa6c</load_address>
         <run_address>0x2000fa6c</run_address>
         <size>0x80</size>
         <input_file_ref idref="fl-18f"/>
      </object_component>
      <object_component id="oc-959">
         <name>.text:spi_Write_CPU</name>
         <load_address>0x2000faec</load_address>
         <run_address>0x2000faec</run_address>
         <size>0x80</size>
         <input_file_ref idref="fl-18f"/>
      </object_component>
      <object_component id="oc-9cc">
         <name>.text:_sl_HandleAsync_InitComplete</name>
         <load_address>0x2000fb6c</load_address>
         <run_address>0x2000fb6c</run_address>
         <size>0x7c</size>
         <input_file_ref idref="fl-188"/>
      </object_component>
      <object_component id="oc-4f">
         <name>.text</name>
         <load_address>0x2000fbe8</load_address>
         <run_address>0x2000fbe8</run_address>
         <size>0x7a</size>
         <input_file_ref idref="fl-144"/>
      </object_component>
      <object_component id="oc-a6f">
         <name>.text:_sl_HandleAsync_Connect</name>
         <load_address>0x2000fc64</load_address>
         <run_address>0x2000fc64</run_address>
         <size>0x78</size>
         <input_file_ref idref="fl-18d"/>
      </object_component>
      <object_component id="oc-55f">
         <name>.text:spi_Close</name>
         <load_address>0x2000fcdc</load_address>
         <run_address>0x2000fcdc</run_address>
         <size>0x78</size>
         <input_file_ref idref="fl-18f"/>
      </object_component>
      <object_component id="oc-183">
         <name>.text:UARTConfigSetExpClk</name>
         <load_address>0x2000fd54</load_address>
         <run_address>0x2000fd54</run_address>
         <size>0x76</size>
         <input_file_ref idref="fl-184"/>
      </object_component>
      <object_component id="oc-12c">
         <name>.text:sl_Recv</name>
         <load_address>0x2000fdcc</load_address>
         <run_address>0x2000fdcc</run_address>
         <size>0x74</size>
         <input_file_ref idref="fl-18d"/>
      </object_component>
      <object_component id="oc-1cc">
         <name>.text:_SlNonOsMainLoopTask</name>
         <load_address>0x2000fe40</load_address>
         <run_address>0x2000fe40</run_address>
         <size>0x70</size>
         <input_file_ref idref="fl-18c"/>
      </object_component>
      <object_component id="oc-114">
         <name>.text</name>
         <load_address>0x2000feb0</load_address>
         <run_address>0x2000feb0</run_address>
         <size>0x70</size>
         <input_file_ref idref="fl-148"/>
      </object_component>
      <object_component id="oc-a96">
         <name>.text:_SlDrvCmdSend</name>
         <load_address>0x2000ff20</load_address>
         <run_address>0x2000ff20</run_address>
         <size>0x6c</size>
         <input_file_ref idref="fl-189"/>
      </object_component>
      <object_component id="oc-61">
         <name>.text</name>
         <load_address>0x2000ff8c</load_address>
         <run_address>0x2000ff8c</run_address>
         <size>0x6c</size>
         <input_file_ref idref="fl-162"/>
      </object_component>
      <object_component id="oc-42">
         <name>.text</name>
         <load_address>0x2000fff8</load_address>
         <run_address>0x2000fff8</run_address>
         <size>0x6a</size>
         <input_file_ref idref="fl-133"/>
      </object_component>
      <object_component id="oc-a59">
         <name>.text:_sl_NetAppSendTokenValue</name>
         <load_address>0x20010064</load_address>
         <run_address>0x20010064</run_address>
         <size>0x68</size>
         <input_file_ref idref="fl-18a"/>
      </object_component>
      <object_component id="oc-746">
         <name>.text</name>
         <load_address>0x200100cc</load_address>
         <run_address>0x200100cc</run_address>
         <size>0x68</size>
         <input_file_ref idref="fl-155"/>
      </object_component>
      <object_component id="oc-21f">
         <name>.text:sl_DevSet</name>
         <load_address>0x20010134</load_address>
         <run_address>0x20010134</run_address>
         <size>0x68</size>
         <input_file_ref idref="fl-188"/>
      </object_component>
      <object_component id="oc-1f6">
         <name>.text:sl_NetCfgSet</name>
         <load_address>0x2001019c</load_address>
         <run_address>0x2001019c</run_address>
         <size>0x68</size>
         <input_file_ref idref="fl-18b"/>
      </object_component>
      <object_component id="oc-236">
         <name>.text:sl_SetSockOpt</name>
         <load_address>0x20010204</load_address>
         <run_address>0x20010204</run_address>
         <size>0x68</size>
         <input_file_ref idref="fl-18d"/>
      </object_component>
      <object_component id="oc-1fc">
         <name>.text:sl_WlanSet</name>
         <load_address>0x2001026c</load_address>
         <run_address>0x2001026c</run_address>
         <size>0x68</size>
         <input_file_ref idref="fl-18e"/>
      </object_component>
      <object_component id="oc-71d">
         <name>.text</name>
         <load_address>0x200102d4</load_address>
         <run_address>0x200102d4</run_address>
         <size>0x66</size>
         <input_file_ref idref="fl-159"/>
      </object_component>
      <object_component id="oc-639">
         <name>.text</name>
         <load_address>0x2001033c</load_address>
         <run_address>0x2001033c</run_address>
         <size>0x64</size>
         <input_file_ref idref="fl-16c"/>
      </object_component>
      <object_component id="oc-903">
         <name>.text:uDMAChannelAttributeDisable</name>
         <load_address>0x200103a0</load_address>
         <run_address>0x200103a0</run_address>
         <size>0x64</size>
         <input_file_ref idref="fl-191"/>
      </object_component>
      <object_component id="oc-a3a">
         <name>.text:uDMAChannelAttributeEnable</name>
         <load_address>0x20010404</load_address>
         <run_address>0x20010404</run_address>
         <size>0x64</size>
         <input_file_ref idref="fl-191"/>
      </object_component>
      <object_component id="oc-a69">
         <name>.text:_sl_HandleAsync_Accept</name>
         <load_address>0x20010468</load_address>
         <run_address>0x20010468</run_address>
         <size>0x60</size>
         <input_file_ref idref="fl-18d"/>
      </object_component>
      <object_component id="oc-10e">
         <name>.text</name>
         <load_address>0x200104c8</load_address>
         <run_address>0x200104c8</run_address>
         <size>0x60</size>
         <input_file_ref idref="fl-149"/>
      </object_component>
      <object_component id="oc-1e4">
         <name>.text:sl_WlanPolicySet</name>
         <load_address>0x20010528</load_address>
         <run_address>0x20010528</run_address>
         <size>0x60</size>
         <input_file_ref idref="fl-18e"/>
      </object_component>
      <object_component id="oc-5f4">
         <name>.text:_SlNonOsSemGet</name>
         <load_address>0x20010588</load_address>
         <run_address>0x20010588</run_address>
         <size>0x5c</size>
         <input_file_ref idref="fl-18c"/>
      </object_component>
      <object_component id="oc-7de">
         <name>.text:_SlNonOsSpawn</name>
         <load_address>0x200105e4</load_address>
         <run_address>0x200105e4</run_address>
         <size>0x5c</size>
         <input_file_ref idref="fl-18c"/>
      </object_component>
      <object_component id="oc-f0">
         <name>.text:sl_Socket</name>
         <load_address>0x20010640</load_address>
         <run_address>0x20010640</run_address>
         <size>0x5c</size>
         <input_file_ref idref="fl-18d"/>
      </object_component>
      <object_component id="oc-7cc">
         <name>.text:IntPendClear</name>
         <load_address>0x2001069c</load_address>
         <run_address>0x2001069c</run_address>
         <size>0x58</size>
         <input_file_ref idref="fl-17f"/>
      </object_component>
      <object_component id="oc-248">
         <name>.text:PRCMPeripheralReset</name>
         <load_address>0x200106f4</load_address>
         <run_address>0x200106f4</run_address>
         <size>0x58</size>
         <input_file_ref idref="fl-181"/>
      </object_component>
      <object_component id="oc-68f">
         <name>.text</name>
         <load_address>0x2001074c</load_address>
         <run_address>0x2001074c</run_address>
         <size>0x56</size>
         <input_file_ref idref="fl-170"/>
      </object_component>
      <object_component id="oc-3e4">
         <name>.text:IntPrioritySet</name>
         <load_address>0x200107a4</load_address>
         <run_address>0x200107a4</run_address>
         <size>0x54</size>
         <input_file_ref idref="fl-17f"/>
      </object_component>
      <object_component id="oc-a75">
         <name>.text:_sl_HandleAsync_Select</name>
         <load_address>0x200107f8</load_address>
         <run_address>0x200107f8</run_address>
         <size>0x54</size>
         <input_file_ref idref="fl-18d"/>
      </object_component>
      <object_component id="oc-208">
         <name>.text:sl_WlanRxFilterSet</name>
         <load_address>0x2001084c</load_address>
         <run_address>0x2001084c</run_address>
         <size>0x54</size>
         <input_file_ref idref="fl-18e"/>
      </object_component>
      <object_component id="oc-9d2">
         <name>.text:_sl_HandleAsync_Stop</name>
         <load_address>0x200108a0</load_address>
         <run_address>0x200108a0</run_address>
         <size>0x50</size>
         <input_file_ref idref="fl-188"/>
      </object_component>
      <object_component id="oc-7a3">
         <name>.text:SPIIntEnable</name>
         <load_address>0x200108f0</load_address>
         <run_address>0x200108f0</run_address>
         <size>0x4c</size>
         <input_file_ref idref="fl-182"/>
      </object_component>
      <object_component id="oc-935">
         <name>.text:SPIIntNumberGet</name>
         <load_address>0x2001093c</load_address>
         <run_address>0x2001093c</run_address>
         <size>0x4c</size>
         <input_file_ref idref="fl-182"/>
      </object_component>
      <object_component id="oc-35e">
         <name>.text:_SlDrvProtectAsyncRespSetting</name>
         <load_address>0x20010988</load_address>
         <run_address>0x20010988</run_address>
         <size>0x4c</size>
         <input_file_ref idref="fl-189"/>
      </object_component>
      <object_component id="oc-545">
         <name>.text:_SlDrvRxIrqHandler</name>
         <load_address>0x200109d4</load_address>
         <run_address>0x200109d4</run_address>
         <size>0x4c</size>
         <input_file_ref idref="fl-189"/>
      </object_component>
      <object_component id="oc-358">
         <name>.text:_sl_BuildAddress</name>
         <load_address>0x20010a20</load_address>
         <run_address>0x20010a20</run_address>
         <size>0x4c</size>
         <input_file_ref idref="fl-18d"/>
      </object_component>
      <object_component id="oc-6ad">
         <name>.text</name>
         <load_address>0x20010a6c</load_address>
         <run_address>0x20010a6c</run_address>
         <size>0x4c</size>
         <input_file_ref idref="fl-161"/>
      </object_component>
      <object_component id="oc-97">
         <name>.text</name>
         <load_address>0x20010ab8</load_address>
         <run_address>0x20010ab8</run_address>
         <size>0x4c</size>
         <input_file_ref idref="fl-163"/>
      </object_component>
      <object_component id="oc-15f">
         <name>.text</name>
         <load_address>0x20010b04</load_address>
         <run_address>0x20010b04</run_address>
         <size>0x4c</size>
         <input_file_ref idref="fl-13e"/>
      </object_component>
      <object_component id="oc-8fd">
         <name>.text:uDMAChannelAssign</name>
         <load_address>0x20010b50</load_address>
         <run_address>0x20010b50</run_address>
         <size>0x4c</size>
         <input_file_ref idref="fl-191"/>
      </object_component>
      <object_component id="oc-5dc">
         <name>.text:GPIOGetIntNumber</name>
         <load_address>0x20010b9c</load_address>
         <run_address>0x20010b9c</run_address>
         <size>0x48</size>
         <input_file_ref idref="fl-17e"/>
      </object_component>
      <object_component id="oc-918">
         <name>.text:SPIIntClear</name>
         <load_address>0x20010be4</load_address>
         <run_address>0x20010be4</run_address>
         <size>0x48</size>
         <input_file_ref idref="fl-182"/>
      </object_component>
      <object_component id="oc-577">
         <name>.text:_SlDrvBasicCmd</name>
         <load_address>0x20010c2c</load_address>
         <run_address>0x20010c2c</run_address>
         <size>0x48</size>
         <input_file_ref idref="fl-189"/>
      </object_component>
      <object_component id="oc-484">
         <name>.text</name>
         <load_address>0x20010c74</load_address>
         <run_address>0x20010c74</run_address>
         <size>0x48</size>
         <input_file_ref idref="fl-139"/>
      </object_component>
      <object_component id="oc-69b">
         <name>.text</name>
         <load_address>0x20010cbc</load_address>
         <run_address>0x20010cbc</run_address>
         <size>0x46</size>
         <input_file_ref idref="fl-16e"/>
      </object_component>
      <object_component id="oc-90d">
         <name>.text:SPIDmaMaskGet</name>
         <load_address>0x20010d04</load_address>
         <run_address>0x20010d04</run_address>
         <size>0x44</size>
         <input_file_ref idref="fl-182"/>
      </object_component>
      <object_component id="oc-284">
         <name>.text:TimerConfigure</name>
         <load_address>0x20010d48</load_address>
         <run_address>0x20010d48</run_address>
         <size>0x44</size>
         <input_file_ref idref="fl-183"/>
      </object_component>
      <object_component id="oc-5cc">
         <name>.text:UARTIntNumberGet</name>
         <load_address>0x20010d8c</load_address>
         <run_address>0x20010d8c</run_address>
         <size>0x44</size>
         <input_file_ref idref="fl-184"/>
      </object_component>
      <object_component id="oc-9dc">
         <name>.text:cc_SetupTransfer</name>
         <load_address>0x20010dd0</load_address>
         <run_address>0x20010dd0</run_address>
         <size>0x44</size>
         <input_file_ref idref="fl-18f"/>
      </object_component>
      <object_component id="oc-6d">
         <name>.text</name>
         <load_address>0x20010e14</load_address>
         <run_address>0x20010e14</run_address>
         <size>0x44</size>
         <input_file_ref idref="fl-135"/>
      </object_component>
      <object_component id="oc-ea">
         <name>.text:sl_Htonl</name>
         <load_address>0x20010e58</load_address>
         <run_address>0x20010e58</run_address>
         <size>0x42</size>
         <input_file_ref idref="fl-18d"/>
      </object_component>
      <object_component id="oc-82d">
         <name>.text:PinModeSet</name>
         <load_address>0x20010e9c</load_address>
         <run_address>0x20010e9c</run_address>
         <size>0x40</size>
         <input_file_ref idref="fl-180"/>
      </object_component>
      <object_component id="oc-a13">
         <name>.text</name>
         <load_address>0x20010edc</load_address>
         <run_address>0x20010edc</run_address>
         <size>0x40</size>
         <input_file_ref idref="fl-174"/>
      </object_component>
      <object_component id="oc-4ab">
         <name>.text</name>
         <load_address>0x20010f1c</load_address>
         <run_address>0x20010f1c</run_address>
         <size>0x40</size>
         <input_file_ref idref="fl-156"/>
      </object_component>
      <object_component id="oc-533">
         <name>.text:NwpRegisterInterruptHandler</name>
         <load_address>0x20010f5c</load_address>
         <run_address>0x20010f5c</run_address>
         <size>0x3e</size>
         <input_file_ref idref="fl-18f"/>
      </object_component>
      <object_component id="oc-a60">
         <name>.text:CopyPingResultsToReport</name>
         <load_address>0x20010f9a</load_address>
         <run_address>0x20010f9a</run_address>
         <size>0x3c</size>
         <input_file_ref idref="fl-18a"/>
      </object_component>
      <object_component id="oc-242">
         <name>.text:PRCMPeripheralClkEnable</name>
         <load_address>0x20010fd8</load_address>
         <run_address>0x20010fd8</run_address>
         <size>0x3c</size>
         <input_file_ref idref="fl-181"/>
      </object_component>
      <object_component id="oc-3cb">
         <name>.text:_sl_TruncatePayloadByProtocol</name>
         <load_address>0x20011014</load_address>
         <run_address>0x20011014</run_address>
         <size>0x3c</size>
         <input_file_ref idref="fl-18d"/>
      </object_component>
      <object_component id="oc-24">
         <name>.text</name>
         <load_address>0x20011050</load_address>
         <run_address>0x20011050</run_address>
         <size>0x3c</size>
         <input_file_ref idref="fl-131"/>
      </object_component>
      <object_component id="oc-e4">
         <name>.text:sl_Htons</name>
         <load_address>0x2001108c</load_address>
         <run_address>0x2001108c</run_address>
         <size>0x3c</size>
         <input_file_ref idref="fl-18d"/>
      </object_component>
      <object_component id="oc-a34">
         <name>.text:uDMAChannelControlSet</name>
         <load_address>0x200110c8</load_address>
         <run_address>0x200110c8</run_address>
         <size>0x3c</size>
         <input_file_ref idref="fl-191"/>
      </object_component>
      <object_component id="oc-52d">
         <name>.text:NwpPowerOff</name>
         <load_address>0x20011104</load_address>
         <run_address>0x20011104</run_address>
         <size>0x38</size>
         <input_file_ref idref="fl-18f"/>
      </object_component>
      <object_component id="oc-492">
         <name>.text</name>
         <load_address>0x2001113c</load_address>
         <run_address>0x2001113c</run_address>
         <size>0x38</size>
         <input_file_ref idref="fl-13c"/>
      </object_component>
      <object_component id="oc-5af">
         <name>.text:GPIODirModeSet</name>
         <load_address>0x20011174</load_address>
         <run_address>0x20011174</run_address>
         <size>0x36</size>
         <input_file_ref idref="fl-17e"/>
      </object_component>
      <object_component id="oc-202">
         <name>.text:sl_NetAppMDNSUnRegisterService</name>
         <load_address>0x200111aa</load_address>
         <run_address>0x200111aa</run_address>
         <size>0x36</size>
         <input_file_ref idref="fl-18a"/>
      </object_component>
      <object_component id="oc-785">
         <name>.text:PRCMPeripheralStatusGet</name>
         <load_address>0x200111e0</load_address>
         <run_address>0x200111e0</run_address>
         <size>0x34</size>
         <input_file_ref idref="fl-181"/>
      </object_component>
      <object_component id="oc-79d">
         <name>.text:SPIFIFOLevelSet</name>
         <load_address>0x20011214</load_address>
         <run_address>0x20011214</run_address>
         <size>0x34</size>
         <input_file_ref idref="fl-182"/>
      </object_component>
      <object_component id="oc-8c2">
         <name>.text</name>
         <load_address>0x20011248</load_address>
         <run_address>0x20011248</run_address>
         <size>0x34</size>
         <input_file_ref idref="fl-168"/>
      </object_component>
      <object_component id="oc-5a9">
         <name>.text:PinTypeGPIO</name>
         <load_address>0x2001127c</load_address>
         <run_address>0x2001127c</run_address>
         <size>0x30</size>
         <input_file_ref idref="fl-180"/>
      </object_component>
      <object_component id="oc-4e6">
         <name>.text:UARTDisable</name>
         <load_address>0x200112ac</load_address>
         <run_address>0x200112ac</run_address>
         <size>0x30</size>
         <input_file_ref idref="fl-184"/>
      </object_component>
      <object_component id="oc-93e">
         <name>.text:_SlDrvDeviceEventHandler</name>
         <load_address>0x200112dc</load_address>
         <run_address>0x200112dc</run_address>
         <size>0x30</size>
         <input_file_ref idref="fl-188"/>
      </object_component>
      <object_component id="oc-64e">
         <name>.text</name>
         <load_address>0x2001130c</load_address>
         <run_address>0x2001130c</run_address>
         <size>0x30</size>
         <input_file_ref idref="fl-151"/>
      </object_component>
      <object_component id="oc-729">
         <name>.text</name>
         <load_address>0x2001133c</load_address>
         <run_address>0x2001133c</run_address>
         <size>0x30</size>
         <input_file_ref idref="fl-15b"/>
      </object_component>
      <object_component id="oc-fc">
         <name>.text:sl_Close</name>
         <load_address>0x2001136c</load_address>
         <run_address>0x2001136c</run_address>
         <size>0x30</size>
         <input_file_ref idref="fl-18d"/>
      </object_component>
      <object_component id="oc-1ea">
         <name>.text:sl_WlanProfileDel</name>
         <load_address>0x2001139c</load_address>
         <run_address>0x2001139c</run_address>
         <size>0x30</size>
         <input_file_ref idref="fl-18e"/>
      </object_component>
      <object_component id="oc-1d2">
         <name>.text:sl_WlanSetMode</name>
         <load_address>0x200113cc</load_address>
         <run_address>0x200113cc</run_address>
         <size>0x30</size>
         <input_file_ref idref="fl-18e"/>
      </object_component>
      <object_component id="oc-466">
         <name>.text</name>
         <load_address>0x200113fc</load_address>
         <run_address>0x200113fc</run_address>
         <size>0x2e</size>
         <input_file_ref idref="fl-13d"/>
      </object_component>
      <object_component id="oc-9a3">
         <name>.text</name>
         <load_address>0x2001142a</load_address>
         <run_address>0x2001142a</run_address>
         <size>0x2e</size>
         <input_file_ref idref="fl-172"/>
      </object_component>
      <object_component id="oc-539">
         <name>.text:NwpPowerOn</name>
         <load_address>0x20011458</load_address>
         <run_address>0x20011458</run_address>
         <size>0x2c</size>
         <input_file_ref idref="fl-18f"/>
      </object_component>
      <object_component id="oc-4de">
         <name>.text:PRCMSysResetCauseGet</name>
         <load_address>0x20011484</load_address>
         <run_address>0x20011484</run_address>
         <size>0x2c</size>
         <input_file_ref idref="fl-181"/>
      </object_component>
      <object_component id="oc-28a">
         <name>.text:TimerLoadSet</name>
         <load_address>0x200114b0</load_address>
         <run_address>0x200114b0</run_address>
         <size>0x2a</size>
         <input_file_ref idref="fl-183"/>
      </object_component>
      <object_component id="oc-6a1">
         <name>.text</name>
         <load_address>0x200114da</load_address>
         <run_address>0x200114da</run_address>
         <size>0x2a</size>
         <input_file_ref idref="fl-176"/>
      </object_component>
      <object_component id="oc-4d8">
         <name>.text:PRCMPeripheralClkDisable</name>
         <load_address>0x20011504</load_address>
         <run_address>0x20011504</run_address>
         <size>0x28</size>
         <input_file_ref idref="fl-181"/>
      </object_component>
      <object_component id="oc-48c">
         <name>.text</name>
         <load_address>0x2001152c</load_address>
         <run_address>0x2001152c</run_address>
         <size>0x26</size>
         <input_file_ref idref="fl-150"/>
      </object_component>
      <object_component id="oc-7af">
         <name>.text:DmaSpiSwIntHandler</name>
         <load_address>0x20011554</load_address>
         <run_address>0x20011554</run_address>
         <size>0x24</size>
         <input_file_ref idref="fl-18f"/>
      </object_component>
      <object_component id="oc-7c6">
         <name>.text:IntUnregister</name>
         <load_address>0x20011578</load_address>
         <run_address>0x20011578</run_address>
         <size>0x24</size>
         <input_file_ref idref="fl-17f"/>
      </object_component>
      <object_component id="oc-4ec">
         <name>.text:UARTEnable</name>
         <load_address>0x2001159c</load_address>
         <run_address>0x2001159c</run_address>
         <size>0x24</size>
         <input_file_ref idref="fl-184"/>
      </object_component>
      <object_component id="oc-2fa">
         <name>.text:_SlDrvProtectionObjLockWaitForever</name>
         <load_address>0x200115c0</load_address>
         <run_address>0x200115c0</run_address>
         <size>0x24</size>
         <input_file_ref idref="fl-189"/>
      </object_component>
      <object_component id="oc-36b">
         <name>.text</name>
         <load_address>0x200115e4</load_address>
         <run_address>0x200115e4</run_address>
         <size>0x24</size>
         <input_file_ref idref="fl-142"/>
      </object_component>
      <object_component id="oc-24e">
         <name>.text:SPIReset</name>
         <load_address>0x20011608</load_address>
         <run_address>0x20011608</run_address>
         <size>0x22</size>
         <input_file_ref idref="fl-182"/>
      </object_component>
      <object_component id="oc-953">
         <name>.text:SPIWordCountSet</name>
         <load_address>0x2001162a</load_address>
         <run_address>0x2001162a</run_address>
         <size>0x22</size>
         <input_file_ref idref="fl-182"/>
      </object_component>
      <object_component id="oc-2a8">
         <name>.text:TimerValueSet</name>
         <load_address>0x2001164c</load_address>
         <run_address>0x2001164c</run_address>
         <size>0x22</size>
         <input_file_ref idref="fl-183"/>
      </object_component>
      <object_component id="oc-695">
         <name>.text</name>
         <load_address>0x2001166e</load_address>
         <run_address>0x2001166e</run_address>
         <size>0x22</size>
         <input_file_ref idref="fl-16b"/>
      </object_component>
      <object_component id="oc-2d">
         <name>.text</name>
         <load_address>0x20011690</load_address>
         <run_address>0x20011690</run_address>
         <size>0x22</size>
         <input_file_ref idref="fl-8"/>
      </object_component>
      <object_component id="oc-3d8">
         <name>.text:GPIOPinWrite</name>
         <load_address>0x200116b2</load_address>
         <run_address>0x200116b2</run_address>
         <size>0x20</size>
         <input_file_ref idref="fl-17e"/>
      </object_component>
      <object_component id="oc-5d2">
         <name>.text:IntRegister</name>
         <load_address>0x200116d4</load_address>
         <run_address>0x200116d4</run_address>
         <size>0x20</size>
         <input_file_ref idref="fl-17f"/>
      </object_component>
      <object_component id="oc-446">
         <name>.text:SPIDataGet</name>
         <load_address>0x200116f4</load_address>
         <run_address>0x200116f4</run_address>
         <size>0x20</size>
         <input_file_ref idref="fl-182"/>
      </object_component>
      <object_component id="oc-300">
         <name>.text:_SlDrvProtectionObjUnLock</name>
         <load_address>0x20011714</load_address>
         <run_address>0x20011714</run_address>
         <size>0x20</size>
         <input_file_ref idref="fl-189"/>
      </object_component>
      <object_component id="oc-335">
         <name>.text</name>
         <load_address>0x20011734</load_address>
         <run_address>0x20011734</run_address>
         <size>0x20</size>
         <input_file_ref idref="fl-140"/>
      </object_component>
      <object_component id="oc-278">
         <name>.text:GPIOIntRegister</name>
         <load_address>0x20011754</load_address>
         <run_address>0x20011754</run_address>
         <size>0x1e</size>
         <input_file_ref idref="fl-17e"/>
      </object_component>
      <object_component id="oc-440">
         <name>.text:SPIDataPut</name>
         <load_address>0x20011772</load_address>
         <run_address>0x20011772</run_address>
         <size>0x1e</size>
         <input_file_ref idref="fl-182"/>
      </object_component>
      <object_component id="oc-290">
         <name>.text:TimerEnable</name>
         <load_address>0x20011790</load_address>
         <run_address>0x20011790</run_address>
         <size>0x1e</size>
         <input_file_ref idref="fl-183"/>
      </object_component>
      <object_component id="oc-2af">
         <name>.text:UARTCharPut</name>
         <load_address>0x200117ae</load_address>
         <run_address>0x200117ae</run_address>
         <size>0x1e</size>
         <input_file_ref idref="fl-184"/>
      </object_component>
      <object_component id="oc-266">
         <name>.text:UARTIntRegister</name>
         <load_address>0x200117cc</load_address>
         <run_address>0x200117cc</run_address>
         <size>0x1e</size>
         <input_file_ref idref="fl-184"/>
      </object_component>
      <object_component id="oc-602">
         <name>.text:_SlDrvObjLockWaitForever</name>
         <load_address>0x200117ea</load_address>
         <run_address>0x200117ea</run_address>
         <size>0x1e</size>
         <input_file_ref idref="fl-189"/>
      </object_component>
      <object_component id="oc-30c">
         <name>.text:_SlDrvSyncObjWaitForever</name>
         <load_address>0x20011808</load_address>
         <run_address>0x20011808</run_address>
         <size>0x1e</size>
         <input_file_ref idref="fl-189"/>
      </object_component>
      <object_component id="oc-78b">
         <name>.text:cc_UDMAChannelSelect</name>
         <load_address>0x20011826</load_address>
         <run_address>0x20011826</run_address>
         <size>0x1e</size>
         <input_file_ref idref="fl-18f"/>
      </object_component>
      <object_component id="oc-226">
         <name>.text</name>
         <load_address>0x20011844</load_address>
         <run_address>0x20011844</run_address>
         <size>0x1e</size>
         <input_file_ref idref="fl-14b"/>
      </object_component>
      <object_component id="oc-296">
         <name>.text:TimerValueGet</name>
         <load_address>0x20011862</load_address>
         <run_address>0x20011862</run_address>
         <size>0x1c</size>
         <input_file_ref idref="fl-183"/>
      </object_component>
      <object_component id="oc-383">
         <name>.text:UARTCharGetNonBlocking</name>
         <load_address>0x2001187e</load_address>
         <run_address>0x2001187e</run_address>
         <size>0x1c</size>
         <input_file_ref idref="fl-184"/>
      </object_component>
      <object_component id="oc-6a7">
         <name>.text</name>
         <load_address>0x2001189a</load_address>
         <run_address>0x2001189a</run_address>
         <size>0x1c</size>
         <input_file_ref idref="fl-171"/>
      </object_component>
      <object_component id="oc-a46">
         <name>.text:uDMAChannelEnable</name>
         <load_address>0x200118b8</load_address>
         <run_address>0x200118b8</run_address>
         <size>0x1c</size>
         <input_file_ref idref="fl-191"/>
      </object_component>
      <object_component id="oc-29c">
         <name>.text:GPIOIntDisable</name>
         <load_address>0x200118d4</load_address>
         <run_address>0x200118d4</run_address>
         <size>0x1a</size>
         <input_file_ref idref="fl-17e"/>
      </object_component>
      <object_component id="oc-27e">
         <name>.text:GPIOIntEnable</name>
         <load_address>0x200118ee</load_address>
         <run_address>0x200118ee</run_address>
         <size>0x1a</size>
         <input_file_ref idref="fl-17e"/>
      </object_component>
      <object_component id="oc-5b5">
         <name>.text:PinTypeSPI</name>
         <load_address>0x20011908</load_address>
[...]
         <name>_SlDrvDriverCBInit</name>
         <value>0x2000cf7d</value>
         <object_component_ref idref="oc-521"/>
      </symbol>
      <symbol id="sm-1747">
         <name>g_pCB</name>
         <value>0x20024ae8</value>
         <object_component_ref idref="oc-318"/>
      </symbol>
      <symbol id="sm-1748">
         <name>_SlDrvProtectionObjLockWaitForever</name>
         <value>0x200115c1</value>
         <object_component_ref idref="oc-2fa"/>
      </symbol>
      <symbol id="sm-1749">
         <name>_SlDrvClassifyRxMsg</name>
         <value>0x2000e4a5</value>
         <object_component_ref idref="oc-966"/>
      </symbol>
      <symbol id="sm-174a">
         <name>_SlDrvCmdOp</name>
         <value>0x2000f9ed</value>
         <object_component_ref idref="oc-306"/>
      </symbol>
      <symbol id="sm-174b">
         <name>_SlDrvMsgReadCmdCtx</name>
         <value>0x2000e8a5</value>
         <object_component_ref idref="oc-60e"/>
      </symbol>
      <symbol id="sm-174c">
         <name>RxMsgClassLUT</name>
         <value>0x200133b0</value>
         <object_component_ref idref="oc-817"/>
      </symbol>
      <symbol id="sm-174d">
         <name>g_StatMem</name>
         <value>0x20023e20</value>
         <object_component_ref idref="oc-77b"/>
      </symbol>
      <symbol id="sm-174e">
         <name>_SlFindAndSetActiveObj</name>
         <value>0x2000d105</value>
         <object_component_ref idref="oc-972"/>
      </symbol>
      <symbol id="sm-174f">
         <name>_SlDrvMemZero</name>
         <value>0x20011b55</value>
         <object_component_ref idref="oc-597"/>
      </symbol>
      <symbol id="sm-1750">
         <name>_SlDrvWaitForPoolObj</name>
         <value>0x2000cded</value>
         <object_component_ref idref="oc-2f4"/>
      </symbol>
      <symbol id="sm-1751">
         <name>_SlDrvSyncObjSignal</name>
         <value>0x200119d9</value>
         <object_component_ref idref="oc-622"/>
      </symbol>
      <symbol id="sm-1752">
         <name>g_H2NCnysPattern</name>
         <value>0x200133a8</value>
         <object_component_ref idref="oc-817"/>
      </symbol>
      <symbol id="sm-1753">
         <name>_SlDrvMsgWrite</name>
         <value>0x2000c8a5</value>
         <object_component_ref idref="oc-608"/>
      </symbol>
      <symbol id="sm-1754">
         <name>_SlDrvDataReadOp</name>
         <value>0x2000d895</value>
         <object_component_ref idref="oc-3f3"/>
      </symbol>
      <symbol id="sm-1755">
         <name>_SlDrvDataWriteOp</name>
         <value>0x2000dad1</value>
         <object_component_ref idref="oc-3d1"/>
      </symbol>
      <symbol id="sm-1756">
         <name>_SlDrvRxIrqHandler</name>
         <value>0x200109d5</value>
         <object_component_ref idref="oc-545"/>
      </symbol>
      <symbol id="sm-1757">
         <name>_SlDrvMsgRead</name>
         <value>0x20009c99</value>
         <object_component_ref idref="oc-854"/>
      </symbol>
      <symbol id="sm-1758">
         <name>_SlDrvSyncObjWaitForever</name>
         <value>0x20011809</value>
         <object_component_ref idref="oc-30c"/>
      </symbol>
      <symbol id="sm-1759">
         <name>g_H2NSyncPattern</name>
         <value>0x200133a0</value>
         <object_component_ref idref="oc-817"/>
      </symbol>
      <symbol id="sm-175a">
         <name>_SlDrvCmdSend</name>
         <value>0x2000ff21</value>
         <object_component_ref idref="oc-a96"/>
      </symbol>
      <symbol id="sm-175b">
         <name>_SlActionLookupTable</name>
         <value>0x20013330</value>
         <object_component_ref idref="oc-a00"/>
      </symbol>
      <symbol id="sm-17ed">
         <name>sl_NetAppMDNSUnRegisterService</name>
         <value>0x200111ab</value>
         <object_component_ref idref="oc-202"/>
      </symbol>
      <symbol id="sm-17ee">
         <name>_SlNetAppSendTokenValueCmdCtrl</name>
         <value>0x20013480</value>
         <object_component_ref idref="oc-31b"/>
      </symbol>
      <symbol id="sm-17ef">
         <name>_SlGetServiceListeCtrl</name>
         <value>0x2001346c</value>
         <object_component_ref idref="oc-31b"/>
      </symbol>
      <symbol id="sm-17f0">
         <name>_SlNetAppStopCtrl</name>
         <value>0x20013468</value>
         <object_component_ref idref="oc-31b"/>
      </symbol>
      <symbol id="sm-17f1">
         <name>_SlNetAppSetCmdCtrl</name>
         <value>0x2001347c</value>
         <object_component_ref idref="oc-31b"/>
      </symbol>
      <symbol id="sm-17f2">
         <name>_SlNetAppGetCmdCtrl</name>
         <value>0x20013484</value>
         <object_component_ref idref="oc-31b"/>
      </symbol>
      <symbol id="sm-17f3">
         <name>sl_NetAppDnsGetHostByName</name>
         <value>0x2000dde9</value>
         <object_component_ref idref="oc-d8"/>
      </symbol>
      <symbol id="sm-17f4">
         <name>_sl_HandleAsync_DnsGetHostByName</name>
         <value>0x2000f5b1</value>
         <object_component_ref idref="oc-a4d"/>
      </symbol>
      <symbol id="sm-17f5">
         <name>_SlRegisterServiceCtrl</name>
         <value>0x20013470</value>
         <object_component_ref idref="oc-31b"/>
      </symbol>
      <symbol id="sm-17f6">
         <name>_sl_HandleAsync_PingResponse</name>
         <value>0x2000f63d</value>
         <object_component_ref idref="oc-9ec"/>
      </symbol>
      <symbol id="sm-17f7">
         <name>_SlNetAppStartCtrl</name>
         <value>0x20013464</value>
         <object_component_ref idref="oc-31b"/>
      </symbol>
      <symbol id="sm-17f8">
         <name>_SlDrvNetAppEventHandler</name>
         <value>0x2000dfed</value>
         <object_component_ref idref="oc-9e6"/>
      </symbol>
      <symbol id="sm-17f9">
         <name>_sl_HandleAsync_DnsGetHostByService</name>
         <value>0x2000e651</value>
         <object_component_ref idref="oc-a53"/>
      </symbol>
      <symbol id="sm-17fa">
         <name>_sl_NetAppSendTokenValue</name>
         <value>0x20010065</value>
         <object_component_ref idref="oc-a59"/>
      </symbol>
      <symbol id="sm-17fb">
         <name>CopyPingResultsToReport</name>
         <value>0x20010f9b</value>
         <object_component_ref idref="oc-a60"/>
      </symbol>
      <symbol id="sm-17fc">
         <name>_SlGetHostByNameCtrl</name>
         <value>0x20013478</value>
         <object_component_ref idref="oc-31b"/>
      </symbol>
      <symbol id="sm-17fd">
         <name>_SlGetHostByServiceCtrl</name>
         <value>0x20013474</value>
         <object_component_ref idref="oc-31b"/>
      </symbol>
      <symbol id="sm-17fe">
         <name>sl_NetAppMDNSRegisterUnregisterService</name>
         <value>0x2000ed19</value>
         <object_component_ref idref="oc-589"/>
      </symbol>
      <symbol id="sm-181b">
         <name>_SlNetCfgSetCmdCtrl</name>
         <value>0x20013548</value>
         <object_component_ref idref="oc-57e"/>
      </symbol>
      <symbol id="sm-181c">
         <name>_SlNetCfgGetCmdCtrl</name>
         <value>0x2001354c</value>
         <object_component_ref idref="oc-57e"/>
      </symbol>
      <symbol id="sm-181d">
         <name>sl_NetCfgSet</name>
         <value>0x2001019d</value>
         <object_component_ref idref="oc-1f6"/>
      </symbol>
      <symbol id="sm-185f">
         <name>_SlNonOsSemSet</name>
         <value>0x20011a9b</value>
         <object_component_ref idref="oc-5fb"/>
      </symbol>
      <symbol id="sm-1860">
         <name>_SlNonOsSpawn</name>
         <value>0x200105e5</value>
         <object_component_ref idref="oc-7de"/>
      </symbol>
      <symbol id="sm-1861">
         <name>_SlNonOsSemGet</name>
         <value>0x20010589</value>
         <object_component_ref idref="oc-5f4"/>
      </symbol>
      <symbol id="sm-1862">
         <name>_SlNonOsMainLoopTask</name>
         <value>0x2000fe41</value>
         <object_component_ref idref="oc-1cc"/>
      </symbol>
      <symbol id="sm-1863">
         <name>g__SlNonOsCB</name>
         <value>0x200242c8</value>
         <object_component_ref idref="oc-54d"/>
      </symbol>
      <symbol id="sm-1931">
         <name>sl_Recv</name>
         <value>0x2000fdcd</value>
         <object_component_ref idref="oc-12c"/>
      </symbol>
      <symbol id="sm-1932">
         <name>_SlSockCloseCmdCtrl</name>
         <value>0x200133d8</value>
         <object_component_ref idref="oc-34f"/>
      </symbol>
      <symbol id="sm-1933">
         <name>_SlSendCmdCtrl</name>
         <value>0x200133e0</value>
         <object_component_ref idref="oc-34f"/>
      </symbol>
      <symbol id="sm-1934">
         <name>_sl_BuildAddress</name>
         <value>0x20010a21</value>
         <object_component_ref idref="oc-358"/>
      </symbol>
      <symbol id="sm-1935">
         <name>sl_Send</name>
         <value>0x2000dce1</value>
         <object_component_ref idref="oc-120"/>
      </symbol>
      <symbol id="sm-1936">
         <name>_sl_HandleAsync_Connect</name>
         <value>0x2000fc65</value>
         <object_component_ref idref="oc-a6f"/>
      </symbol>
      <symbol id="sm-1937">
         <name>sl_Htonl</name>
         <value>0x20010e59</value>
         <object_component_ref idref="oc-ea"/>
      </symbol>
      <symbol id="sm-1938">
         <name>sl_Htons</name>
         <value>0x2001108d</value>
         <object_component_ref idref="oc-e4"/>
      </symbol>
      <symbol id="sm-1939">
         <name>_SlSelectCmdCtrl</name>
         <value>0x200133f8</value>
         <object_component_ref idref="oc-34f"/>
      </symbol>
      <symbol id="sm-193a">
         <name>sl_Connect</name>
         <value>0x2000dbd9</value>
         <object_component_ref idref="oc-f6"/>
      </symbol>
      <symbol id="sm-193b">
         <name>sl_Socket</name>
         <value>0x20010641</value>
         <object_component_ref idref="oc-f0"/>
      </symbol>
      <symbol id="sm-193c">
         <name>_sl_HandleAsync_Select</name>
         <value>0x200107f9</value>
         <object_component_ref idref="oc-a75"/>
      </symbol>
      <symbol id="sm-193d">
         <name>_SlSockSocketCmdCtrl</name>
         <value>0x200133d4</value>
         <object_component_ref idref="oc-34f"/>
      </symbol>
      <symbol id="sm-193e">
         <name>_SlRecvfomCmdCtrl</name>
         <value>0x200133dc</value>
         <object_component_ref idref="oc-34f"/>
      </symbol>
      <symbol id="sm-193f">
         <name>_SlSetSockOptCmdCtrl</name>
         <value>0x200133f0</value>
         <object_component_ref idref="oc-34f"/>
      </symbol>
      <symbol id="sm-1940">
         <name>_SlAcceptCmdCtrl</name>
         <value>0x200133e8</value>
         <object_component_ref idref="oc-34f"/>
      </symbol>
      <symbol id="sm-1941">
         <name>_SlPayloadByProtocolLUT</name>
         <value>0x20013520</value>
         <object_component_ref idref="oc-6c7"/>
      </symbol>
      <symbol id="sm-1942">
         <name>_SlListenCmdCtrl</name>
         <value>0x200133e4</value>
         <object_component_ref idref="oc-34f"/>
      </symbol>
      <symbol id="sm-1943">
         <name>_SlRecvCmdCtrl</name>
         <value>0x200133ec</value>
         <object_component_ref idref="oc-34f"/>
      </symbol>
      <symbol id="sm-1944">
         <name>_SlGetSockOptCmdCtrl</name>
         <value>0x200133f4</value>
         <object_component_ref idref="oc-34f"/>
      </symbol>
      <symbol id="sm-1945">
         <name>_sl_TruncatePayloadByProtocol</name>
         <value>0x20011015</value>
         <object_component_ref idref="oc-3cb"/>
      </symbol>
      <symbol id="sm-1946">
         <name>sl_Close</name>
         <value>0x2001136d</value>
         <object_component_ref idref="oc-fc"/>
      </symbol>
      <symbol id="sm-1947">
         <name>_sl_HandleAsync_Accept</name>
         <value>0x20010469</value>
         <object_component_ref idref="oc-a69"/>
      </symbol>
      <symbol id="sm-1948">
         <name>sl_SetSockOpt</name>
         <value>0x20010205</value>
         <object_component_ref idref="oc-236"/>
      </symbol>
      <symbol id="sm-19d6">
         <name>sl_WlanDisconnect</name>
         <value>0x20011c49</value>
         <object_component_ref idref="oc-1f0"/>
      </symbol>
      <symbol id="sm-19d7">
         <name>_SlPolicyGetCmdCtrl</name>
         <value>0x200132f8</value>
         <object_component_ref idref="oc-555"/>
      </symbol>
      <symbol id="sm-19d8">
         <name>_SlPolicySetCmdCtrl</name>
         <value>0x200132f4</value>
         <object_component_ref idref="oc-555"/>
      </symbol>
      <symbol id="sm-19d9">
         <name>_SlRxFilterGetCmdCtrl</name>
         <value>0x20013310</value>
         <object_component_ref idref="oc-555"/>
      </symbol>
      <symbol id="sm-19da">
         <name>_SlRxFilterSetCmdCtrl</name>
         <value>0x2001330c</value>
         <object_component_ref idref="oc-555"/>
      </symbol>
      <symbol id="sm-19db">
         <name>_SlProfileGetCmdCtrl</name>
         <value>0x200132fc</value>
         <object_component_ref idref="oc-555"/>
      </symbol>
      <symbol id="sm-19dc">
         <name>_SlWlanGetNetworkListCtrl</name>
         <value>0x20013304</value>
         <object_component_ref idref="oc-555"/>
      </symbol>
      <symbol id="sm-19dd">
         <name>sl_WlanPolicySet</name>
         <value>0x20010529</value>
         <object_component_ref idref="oc-1e4"/>
      </symbol>
      <symbol id="sm-19de">
         <name>_SlProfileDelCmdCtrl</name>
         <value>0x20013300</value>
         <object_component_ref idref="oc-555"/>
      </symbol>
      <symbol id="sm-19df">
         <name>_SlWlanSetModeCmdCtrl</name>
         <value>0x20013318</value>
         <object_component_ref idref="oc-555"/>
      </symbol>
      <symbol id="sm-19e0">
         <name>_SlWlanCfgSetCmdCtrl</name>
         <value>0x2001331c</value>
         <object_component_ref idref="oc-555"/>
      </symbol>
      <symbol id="sm-19e1">
         <name>_SlWlanCfgGetCmdCtrl</name>
         <value>0x20013320</value>
         <object_component_ref idref="oc-555"/>
      </symbol>
      <symbol id="sm-19e2">
         <name>sl_WlanProfileDel</name>
         <value>0x2001139d</value>
         <object_component_ref idref="oc-1ea"/>
      </symbol>
      <symbol id="sm-19e3">
         <name>_SlRxFilterAddtCmdCtrl</name>
         <value>0x20013308</value>
         <object_component_ref idref="oc-555"/>
      </symbol>
      <symbol id="sm-19e4">
         <name>sl_WlanRxFilterSet</name>
         <value>0x2001084d</value>
         <object_component_ref idref="oc-208"/>
      </symbol>
      <symbol id="sm-19e5">
         <name>sl_WlanConnect</name>
         <value>0x2000bead</value>
         <object_component_ref idref="oc-218"/>
      </symbol>
      <symbol id="sm-19e6">
         <name>sl_WlanSet</name>
         <value>0x2001026d</value>
         <object_component_ref idref="oc-1fc"/>
      </symbol>
      <symbol id="sm-19e7">
         <name>_SlSmartConfigStartCmdCtrl</name>
         <value>0x20013314</value>
         <object_component_ref idref="oc-555"/>
      </symbol>
      <symbol id="sm-19e8">
         <name>sl_WlanSetMode</name>
         <value>0x200113cd</value>
         <object_component_ref idref="oc-1d2"/>
      </symbol>
      <symbol id="sm-1aff">
         <name>g_cDummy</name>
         <value>0x2002434d</value>
      </symbol>
      <symbol id="sm-1b00">
         <name>NwpMaskInterrupt</name>
         <value>0x20011c25</value>
         <object_component_ref idref="oc-7b9"/>
      </symbol>
      <symbol id="sm-1b01">
         <name>NwpRegisterInterruptHandler</name>
         <value>0x20010f5d</value>
         <object_component_ref idref="oc-533"/>
      </symbol>
      <symbol id="sm-1b02">
         <name>NwpPowerOnPreamble</name>
         <value>0x2000f8e5</value>
         <object_component_ref idref="oc-51b"/>
      </symbol>
      <symbol id="sm-1b03">
         <name>g_pHostIntHdl</name>
         <value>0x20024ae0</value>
         <object_component_ref idref="oc-7a9"/>
      </symbol>
      <symbol id="sm-1b04">
         <name>NwpUnMaskInterrupt</name>
         <value>0x20011c31</value>
         <object_component_ref idref="oc-7d3"/>
      </symbol>
      <symbol id="sm-1b05">
         <name>g_ucDinDout</name>
         <value>0x2002424c</value>
         <object_component_ref idref="oc-7ac"/>
      </symbol>
      <symbol id="sm-1b06">
         <name>NwpPowerOff</name>
         <value>0x20011105</value>
         <object_component_ref idref="oc-52d"/>
      </symbol>
      <symbol id="sm-1b07">
         <name>spi_Read</name>
         <value>0x2000e1e9</value>
         <object_component_ref idref="oc-96c"/>
      </symbol>
      <symbol id="sm-1b08">
         <name>DmaSpiSwIntHandler</name>
         <value>0x20011555</value>
         <object_component_ref idref="oc-7af"/>
      </symbol>
      <symbol id="sm-1b09">
         <name>NwpPowerOn</name>
         <value>0x20011459</value>
         <object_component_ref idref="oc-539"/>
      </symbol>
      <symbol id="sm-1b0a">
         <name>spi_Close</name>
         <value>0x2000fcdd</value>
         <object_component_ref idref="oc-55f"/>
      </symbol>
      <symbol id="sm-1b0b">
         <name>spi_Write</name>
         <value>0x2000f36d</value>
         <object_component_ref idref="oc-84d"/>
      </symbol>
      <symbol id="sm-1b0c">
         <name>spi_Open</name>
         <value>0x2000d275</value>
         <object_component_ref idref="oc-527"/>
      </symbol>
      <symbol id="sm-1b0d">
         <name>g_ucDMAEnabled</name>
         <value>0x20024ae4</value>
         <object_component_ref idref="oc-7a9"/>
      </symbol>
      <symbol id="sm-1b0e">
         <name>g_SpiFd</name>
         <value>0x20024adc</value>
         <object_component_ref idref="oc-7a9"/>
      </symbol>
      <symbol id="sm-1b69">
         <name>uDMAChannelControlSet</name>
         <value>0x200110c9</value>
         <object_component_ref idref="oc-a34"/>
      </symbol>
      <symbol id="sm-1b6a">
         <name>uDMAChannelAttributeEnable</name>
         <value>0x20010405</value>
         <object_component_ref idref="oc-a3a"/>
      </symbol>
      <symbol id="sm-1b6b">
         <name>uDMAChannelTransferSet</name>
         <value>0x2000e2d9</value>
         <object_component_ref idref="oc-a40"/>
      </symbol>
      <symbol id="sm-1b6c">
         <name>uDMAChannelAssign</name>
         <value>0x20010b51</value>
         <object_component_ref idref="oc-8fd"/>
      </symbol>
      <symbol id="sm-1b6d">
         <name>uDMAChannelAttributeDisable</name>
         <value>0x200103a1</value>
         <object_component_ref idref="oc-903"/>
      </symbol>
      <symbol id="sm-1b6e">
         <name>uDMAChannelEnable</name>
         <value>0x200118b9</value>
         <object_component_ref idref="oc-a46"/>
      </symbol>
      <symbol id="sm-1b6f">
         <name>__TI_static_base__</name>
         <value>0x20013558</value>
      </symbol>
      <symbol id="sm-1b72">
         <name>SHT$$INIT_ARRAY$$Limit</name>
         <value>0x0</value>
      </symbol>
      <symbol id="sm-1b73">
         <name>SHT$$INIT_ARRAY$$Base</name>
         <value>0x0</value>
      </symbol>
      <symbol id="sm-1b74">
         <name>remove</name>
         <value>0x2000af1d</value>
      </symbol>
   </symbol_table>
   <title>Link successful</title>
</link_info>
