******************************************************************************
                  TI ARM Linker PC v5.2.6                      
******************************************************************************
>> Linked Tue Dec 29 16:33:13 2015

OUTPUT FILE NAME:   <ssl.out>
ENTRY POINT SYMBOL: "_c_int00"  address: 20008a6d


MEMORY CONFIGURATION

         name            origin    length      used     unused   attr    fill
----------------------  --------  ---------  --------  --------  ----  --------
  SRAM_CODE             20004000   00013000  0000586a  0000d796  RW X
  SRAM_DATA             20017000   00019000  0000129d  00017d63  RW X


SEGMENT ALLOCATION MAP

run origin  load origin   length   init length attrs members
----------  ----------- ---------- ----------- ----- -------
20004000    20004000    00005870   00005870    r-x
  20004000    20004000    00000400   00000400    r-- .intvecs
  20004400    20004400    00004e6a   00004e6a    r-x .text
  2000926c    2000926c    000005a8   000005a8    r-- .const
  20009818    20009818    00000058   00000058    r-- .cinit
20017000    20017000    000002a0   00000000    rw-
  20017000    20017000    00000241   00000000    rw- .bss
  20017244    20017244    0000005c   00000000    rw- .data
2002f000    2002f000    00001000   00000000    rw-
  2002f000    2002f000    00001000   00000000    rw- .stack


SECTION ALLOCATION MAP

 output                                  attributes/
section   page    origin      length       input sections
--------  ----  ----------  ----------   ----------------
.intvecs   0    20004000    00000400     
                  20004000    00000400     startup_ccs.obj (.intvecs)

.init_array 
*          0    20004000    00000000     UNINITIALIZED

.text      0    20004400    00004e6a     
                  20004400    00000618     main.obj (.text)
                  20004a18    000005ec     simplelink.a : driver.obj (.text:_SlDrvMsgRead)
                  20005004    0000039c     gpio_if.obj (.text)
                  200053a0    00000248     simplelink.a : driver.obj (.text:_SlDrvRxHdrRead)
                  200055e8    00000244                  : wlan.obj (.text:sl_WlanConnect)
                  2000582c    000001d0                  : driver.obj (.text:_SlDrvReleasePoolObj)
                  200059fc    000001cc                  : driver.obj (.text:_SlDrvMsgWrite)
                  20005bc8    00000190                  : driver.obj (.text:_SlDrvWaitForPoolObj)
                  20005d58    0000018c     uart_if.obj (.text)
                  20005ee4    00000188     simplelink.a : driver.obj (.text:_SlDrvDriverCBInit)
                  2000606c    00000170                  : driver.obj (.text:_SlFindAndSetActiveObj)
                  200061dc    00000144                  : cc_pal.obj (.text:spi_Open)
                  20006320    00000134     driverlib.a : prcm.obj (.text:PRCMCC3200MCUInit)
                  20006454    00000108     simplelink.a : socket.obj (.text:sl_Connect)
                  2000655c    00000104                  : netapp.obj (.text:sl_NetAppDnsGetHostByName)
                  20006660    00000100                  : driver.obj (.text:_SlDrvDriverCBDeinit)
                  20006760    000000fe                  : netapp.obj (.text:_SlDrvNetAppEventHandler)
                  2000685e    00000002     driverlib.a : interrupt.obj (.text:IntDefaultHandler)
                  20006860    000000f0     simplelink.a : cc_pal.obj (.text:spi_Read)
                  20006950    000000f0     driverlib.a : udma.obj (.text:uDMAChannelTransferSet)
                  20006a40    000000d8     simplelink.a : driver.obj (.text:_SlDrvClassifyRxMsg)
                  20006b18    000000d4                  : device.obj (.text:sl_Stop)
                  20006bec    000000c8                  : netapp.obj (.text:_sl_HandleAsync_DnsGetHostByService)
                  20006cb4    000000c0                  : driver.obj (.text:_SlDrvMsgReadCmdCtx)
                  20006d74    000000c0                  : driver.obj (.text:_SlRemoveFromList)
                  20006e34    000000bc                  : device.obj (.text:sl_Start)
                  20006ef0    000000b8                  : driver.obj (.text:_SlAsyncEventGenericHandler)
                  20006fa8    000000b4                  : netapp.obj (.text:sl_NetAppMDNSRegisterUnregisterService)
                  2000705c    000000b0     pinmux.obj (.text)
                  2000710c    000000a8     driverlib.a : interrupt.obj (.text:IntDisable)
                  200071b4    000000a8                 : interrupt.obj (.text:IntEnable)
                  2000725c    000000a0                 : spi.obj (.text:SPIConfigSetExpClk)
                  200072fc    0000009c     simplelink.a : driver.obj (.text:_SlDrvMsgReadSpawnCtx)
                  20007398    0000009c     rtsv7M4_T_le_eabi.lib : memcpy_t2.obj (.text)
                  20007434    0000009c     simplelink.a : device.obj (.text:sl_DevGet)
                  200074d0    00000098                  : cc_pal.obj (.text:spi_Write)
                  20007568    00000094     driverlib.a : prcm.obj (.text:PRCMPeripheralClockGet)
                  200075fc    0000008c     simplelink.a : cc_pal.obj (.text:SetupDMAReceive)
                  20007688    0000008c                  : cc_pal.obj (.text:SetupDMASend)
                  20007714    0000008c                  : netapp.obj (.text:_sl_HandleAsync_DnsGetHostByName)
                  200077a0    0000008c                  : netapp.obj (.text:_sl_HandleAsync_PingResponse)
                  2000782c    00000088     driverlib.a : pin.obj (.text:PinConfigSet)
                  200078b4    00000084     simplelink.a : cc_pal.obj (.text:NwpPowerOnPreamble)
                  20007938    00000082     driverlib.a : gpio.obj (.text:GPIOIntTypeSet)
                  200079ba    00000002     --HOLE-- [fill = 0]
                  200079bc    00000080     simplelink.a : driver.obj (.text:_SlDrvCmdOp)
                  20007a3c    00000080                  : cc_pal.obj (.text:spi_Read_CPU)
                  20007abc    00000080                  : cc_pal.obj (.text:spi_Write_CPU)
                  20007b3c    0000007c                  : device.obj (.text:_sl_HandleAsync_InitComplete)
                  20007bb8    0000007a     rtsv7M4_T_le_eabi.lib : memset_t2.obj (.text)
                  20007c32    00000002     --HOLE-- [fill = 0]
                  20007c34    00000078     simplelink.a : socket.obj (.text:_sl_HandleAsync_Connect)
                  20007cac    00000078                  : cc_pal.obj (.text:spi_Close)
                  20007d24    00000070                  : nonos.obj (.text:_SlNonOsMainLoopTask)
                  20007d94    0000006c                  : driver.obj (.text:_SlDrvCmdSend)
                  20007e00    0000006c     rtsv7M4_T_le_eabi.lib : autoinit.obj (.text)
                  20007e6c    0000006a                           : copy_decompress_rle.obj (.text)
                  20007ed6    00000002     --HOLE-- [fill = 0]
                  20007ed8    00000068     simplelink.a : netapp.obj (.text:_sl_NetAppSendTokenValue)
                  20007f40    00000068                  : device.obj (.text:sl_DevSet)
                  20007fa8    00000068                  : netcfg.obj (.text:sl_NetCfgSet)
                  20008010    00000068                  : socket.obj (.text:sl_SetSockOpt)
                  20008078    00000068                  : wlan.obj (.text:sl_WlanSet)
                  200080e0    00000064     driverlib.a : udma.obj (.text:uDMAChannelAttributeDisable)
                  20008144    00000064                 : udma.obj (.text:uDMAChannelAttributeEnable)
                  200081a8    00000060     simplelink.a : socket.obj (.text:_sl_HandleAsync_Accept)
                  20008208    00000060                  : wlan.obj (.text:sl_WlanPolicySet)
                  20008268    0000005c                  : nonos.obj (.text:_SlNonOsSemGet)
                  200082c4    0000005c                  : nonos.obj (.text:_SlNonOsSpawn)
                  20008320    0000005c                  : socket.obj (.text:sl_Socket)
                  2000837c    00000058     driverlib.a : interrupt.obj (.text:IntPendClear)
                  200083d4    00000058                 : prcm.obj (.text:PRCMPeripheralReset)
                  2000842c    00000054                 : interrupt.obj (.text:IntPrioritySet)
                  20008480    00000054     simplelink.a : socket.obj (.text:_sl_HandleAsync_Select)
                  200084d4    00000054                  : wlan.obj (.text:sl_WlanRxFilterSet)
                  20008528    00000050                  : device.obj (.text:_sl_HandleAsync_Stop)
                  20008578    0000004c     driverlib.a : spi.obj (.text:SPIIntEnable)
                  200085c4    0000004c                 : spi.obj (.text:SPIIntNumberGet)
                  20008610    0000004c     simplelink.a : driver.obj (.text:_SlDrvProtectAsyncRespSetting)
                  2000865c    0000004c                  : driver.obj (.text:_SlDrvRxIrqHandler)
                  200086a8    0000004c                  : socket.obj (.text:_sl_BuildAddress)
                  200086f4    0000004c     rtsv7M4_T_le_eabi.lib : cpy_tbl.obj (.text)
                  20008740    0000004c     driverlib.a : udma.obj (.text:uDMAChannelAssign)
                  2000878c    00000048                 : gpio.obj (.text:GPIOGetIntNumber)
                  200087d4    00000048                 : spi.obj (.text:SPIIntClear)
                  2000881c    00000048     simplelink.a : driver.obj (.text:_SlDrvBasicCmd)
                  20008864    00000044     driverlib.a : spi.obj (.text:SPIDmaMaskGet)
                  200088a8    00000044     simplelink.a : cc_pal.obj (.text:cc_SetupTransfer)
                  200088ec    00000044     rtsv7M4_T_le_eabi.lib : exit.obj (.text)
                  20008930    00000042     simplelink.a : socket.obj (.text:sl_Htonl)
                  20008972    00000002     --HOLE-- [fill = 0]
                  20008974    00000040     driverlib.a : pin.obj (.text:PinModeSet)
                  200089b4    0000003e     simplelink.a : cc_pal.obj (.text:NwpRegisterInterruptHandler)
                  200089f2    0000003c                  : netapp.obj (.text:CopyPingResultsToReport)
                  20008a2e    00000002     --HOLE-- [fill = 0]
                  20008a30    0000003c     driverlib.a : prcm.obj (.text:PRCMPeripheralClkEnable)
                  20008a6c    0000003c     rtsv7M4_T_le_eabi.lib : boot.obj (.text)
                  20008aa8    0000003c     simplelink.a : socket.obj (.text:sl_Htons)
                  20008ae4    0000003c     driverlib.a : udma.obj (.text:uDMAChannelControlSet)
                  20008b20    00000038     simplelink.a : cc_pal.obj (.text:NwpPowerOff)
                  20008b58    00000036     driverlib.a : gpio.obj (.text:GPIODirModeSet)
                  20008b8e    00000036     simplelink.a : netapp.obj (.text:sl_NetAppMDNSUnRegisterService)
                  20008bc4    00000034     driverlib.a : prcm.obj (.text:PRCMPeripheralStatusGet)
                  20008bf8    00000034                 : spi.obj (.text:SPIFIFOLevelSet)
                  20008c2c    00000030                 : pin.obj (.text:PinTypeGPIO)
                  20008c5c    00000030     simplelink.a : device.obj (.text:_SlDrvDeviceEventHandler)
                  20008c8c    00000030                  : wlan.obj (.text:sl_WlanProfileDel)
                  20008cbc    00000030                  : wlan.obj (.text:sl_WlanSetMode)
                  20008cec    0000002c                  : cc_pal.obj (.text:NwpPowerOn)
                  20008d18    0000002c     driverlib.a : prcm.obj (.text:PRCMSysResetCauseGet)
                  20008d44    00000028                 : prcm.obj (.text:PRCMPeripheralClkDisable)
                  20008d6c    00000024     simplelink.a : cc_pal.obj (.text:DmaSpiSwIntHandler)
                  20008d90    00000024     driverlib.a : interrupt.obj (.text:IntUnregister)
                  20008db4    00000024     simplelink.a : driver.obj (.text:_SlDrvProtectionObjLockWaitForever)
                  20008dd8    00000024     rtsv7M4_T_le_eabi.lib : memmov.obj (.text)
                  20008dfc    00000022     driverlib.a : spi.obj (.text:SPIReset)
                  20008e1e    00000022                 : spi.obj (.text:SPIWordCountSet)
                  20008e40    00000020                 : gpio.obj (.text:GPIOPinWrite)
                  20008e60    00000020                 : interrupt.obj (.text:IntRegister)
                  20008e80    00000020     simplelink.a : driver.obj (.text:_SlDrvProtectionObjUnLock)
                  20008ea0    0000001e     driverlib.a : gpio.obj (.text:GPIOIntRegister)
                  20008ebe    0000001e                 : uart.obj (.text:UARTCharPut)
                  20008edc    0000001e     simplelink.a : driver.obj (.text:_SlDrvObjLockWaitForever)
                  20008efa    0000001e                  : driver.obj (.text:_SlDrvSyncObjWaitForever)
                  20008f18    0000001e                  : cc_pal.obj (.text:cc_UDMAChannelSelect)
                  20008f36    0000001c     driverlib.a : uart.obj (.text:UARTCharGetNonBlocking)
                  20008f52    00000002     --HOLE-- [fill = 0]
                  20008f54    0000001c                 : udma.obj (.text:uDMAChannelEnable)
                  20008f70    0000001a                 : gpio.obj (.text:GPIOIntEnable)
                  20008f8a    0000001a                 : pin.obj (.text:PinTypeSPI)
                  20008fa4    0000001a                 : pin.obj (.text:PinTypeUART)
                  20008fbe    0000001a                 : spi.obj (.text:SPIDmaDisable)
                  20008fd8    0000001a                 : spi.obj (.text:SPIDmaEnable)
                  20008ff2    0000001a                 : spi.obj (.text:SPIFIFODisable)
                  2000900c    0000001a                 : spi.obj (.text:SPIFIFOEnable)
                  20009026    0000001a                 : spi.obj (.text:SPIIntUnregister)
                  20009040    0000001a     simplelink.a : driver.obj (.text:_SlDrvObjUnLock)
                  2000905a    0000001a                  : driver.obj (.text:_SlDrvSyncObjSignal)
                  20009074    00000018     driverlib.a : gpio.obj (.text:GPIOPinRead)
                  2000908c    00000018                 : spi.obj (.text:SPICSDisable)
                  200090a4    00000018                 : spi.obj (.text:SPICSEnable)
                  200090bc    00000018                 : spi.obj (.text:SPIDisable)
                  200090d4    00000018                 : spi.obj (.text:SPIEnable)
                  200090ec    00000018                 : uart.obj (.text:UARTCharsAvail)
                  20009104    00000018     simplelink.a : nonos.obj (.text:_SlNonOsSemSet)
                  2000911c    00000018                  : device.obj (.text:_sl_GetStartResponseConvert)
                  20009134    00000018     rtsv7M4_T_le_eabi.lib : args_main.obj (.text)
                  2000914c    00000016     driverlib.a : prcm.obj (.text:PRCMHIBRegRead)
                  20009162    00000016                 : prcm.obj (.text:PRCMHIBRegWrite)
                  20009178    00000016     simplelink.a : driver.obj (.text:_SlDrvMemZero)
                  2000918e    00000014     driverlib.a : cpu.obj (.text:CPUcpsie)
                  200091a2    00000014                 : gpio.obj (.text:GPIOIntClear)
                  200091b6    00000002     --HOLE-- [fill = 0]
                  200091b8    00000014                 : interrupt.obj (.text:IntVTableBaseSet)
                  200091cc    00000014     rtsv7M4_T_le_eabi.lib : _lock.obj (.text)
                  200091e0    00000014                           : strlen.obj (.text)
                  200091f4    0000000e     simplelink.a : driver.obj (.text:_SlDrvResetCmdExt)
                  20009202    0000000e     rtsv7M4_T_le_eabi.lib : copy_decompress_none.obj (.text:decompress:none)
                  20009210    0000000e     startup_ccs.obj (.text)
                  2000921e    00000002     --HOLE-- [fill = 0]
                  20009220    0000000c     simplelink.a : cc_pal.obj (.text:NwpMaskInterrupt)
                  2000922c    0000000c                  : cc_pal.obj (.text:NwpUnMaskInterrupt)
                  20009238    0000000c     rtsv7M4_T_le_eabi.lib : copy_zero_init.obj (.text:decompress:ZI)
                  20009244    0000000c     simplelink.a : wlan.obj (.text:sl_WlanDisconnect)
                  20009250    0000000a     driverlib.a : interrupt.obj (.text:IntMasterEnable)
                  2000925a    00000006                 : utils.obj (.text:UtilsDelay)
                  20009260    00000006     rtsv7M4_T_le_eabi.lib : copy_decompress_rle.obj (.text:decompress:rle24)
                  20009266    00000004                           : pre_init.obj (.text)

.const     0    2000926c    000005a8     
                  2000926c    00000100     driverlib.a : pin.obj (.const:g_ulPinToPadMap)
                  2000936c    000000d4                 : interrupt.obj (.const:g_pulRegs)
                  20009440    000000b0     simplelink.a : wlan.obj (.const:$P$T0$1)
                  200094f0    000000a8     driverlib.a : prcm.obj (.const:PRCM_PeriphRegsList)
                  20009598    00000080                 : interrupt.obj (.const)
                  20009618    0000003c     simplelink.a : driver.obj (.const:OpcodeTranslateTable)
                  20009654    0000003c                  : wlan.obj (.const)
                  20009690    00000038                  : driver.obj (.const:_SlActionLookupTable)
                  200096c8    00000034                  : driver.obj (.const)
                  200096fc    00000034                  : socket.obj (.const)
                  20009730    0000002c     main.obj (.const:$P$T0$1)
                  2000975c    00000028     simplelink.a : netapp.obj (.const)
                  20009784    00000024     driverlib.a : spi.obj (.const:g_ppulSPIIntMap)
                  200097a8    00000020     main.obj (.const)
                  200097c8    00000018     driverlib.a : spi.obj (.const)
                  200097e0    00000014     simplelink.a : device.obj (.const)
                  200097f4    00000010     main.obj (.const:.string)
                  20009804    00000008     simplelink.a : device.obj (.const:.string)
                  2000980c    00000008                  : netcfg.obj (.const)

.cinit     0    20009818    00000058     
                  20009818    0000002f     (.cinit..data.load) [load image, compression = rle]
                  20009847    00000001     --HOLE-- [fill = 0]
                  20009848    0000000c     (__TI_handler_table)
                  20009854    00000004     --HOLE-- [fill = 0]
                  20009858    00000008     (.cinit..bss.load) [load image, compression = zero_init]
                  20009860    00000010     (__TI_cinit_table)

.bss       0    20017000    00000241     UNINITIALIZED
                  20017000    00000168     simplelink.a : driver.obj (.bss:g_StatMem)
                  20017168    00000050                  : cc_pal.obj (.bss:g_ucDinDout)
                  200171b8    0000002c     main.obj (.bss:g_time)
                  200171e4    00000028     simplelink.a : nonos.obj (.bss:g__SlNonOsCB)
                  2001720c    00000024     main.obj (.bss:g_ucConnectionSSID)
                  20017230    00000008     (.common:g_ucConnectionBSSID)
                  20017238    00000004     (.common:__Errorlog)
                  2001723c    00000001     (.common:RxIrqCnt)
                  2001723d    00000001     (.common:g_cDummy)
                  2001723e    00000001     (.common:g_ucLED1Pin)
                  2001723f    00000001     (.common:g_ucLED2Pin)
                  20017240    00000001     (.common:g_ucLED3Pin)

.data      0    20017244    0000005c     UNINITIALIZED
                  20017244    00000020     gpio_if.obj (.data)
                  20017264    00000010     main.obj (.data)
                  20017274    00000009     simplelink.a : cc_pal.obj (.data)
                  2001727d    00000003     --HOLE--
                  20017280    00000009                  : driver.obj (.data)
                  20017289    00000003     --HOLE--
                  2001728c    00000008     rtsv7M4_T_le_eabi.lib : _lock.obj (.data)
                  20017294    00000008                           : exit.obj (.data)
                  2001729c    00000004                           : stkdepth_vars.obj (.data)

.TI.noinit 
*          0    20017000    00000000     UNINITIALIZED

.TI.persistent 
*          0    20017244    00000000     UNINITIALIZED

.stack     0    2002f000    00001000     UNINITIALIZED
                  2002f000    00001000     --HOLE--


LINKER GENERATED COPY TABLES

__TI_cinit_table @ 20009860 records: 2, size/record: 8, table size: 16
	.data: load addr=20009818, load size=0000002f bytes, run addr=20017244, run size=0000005c bytes, compression=rle
	.bss: load addr=20009858, load size=00000008 bytes, run addr=20017000, run size=00000241 bytes, compression=zero_init


LINKER GENERATED HANDLER TABLE

__TI_handler_table @ 20009848 records: 3, size/record: 4, table size: 12
	index: 0, handler: __TI_decompress_rle24
	index: 1, handler: __TI_decompress_none
	index: 2, handler: __TI_zero_init


GLOBAL SYMBOLS: SORTED ALPHABETICALLY BY Name 

address   name                                  
-------   ----                                  
200088ed  C$$EXIT                               
2000918f  CPUcpsie                              
20005d6b  ClearTerm                             
200089f3  CopyPingResultsToReport               
20008d6d  DmaSpiSwIntHandler                    
20005d75  Error                                 
20008b59  GPIODirModeSet                        
200091a3  GPIOIntClear                          
20008f71  GPIOIntEnable                         
20008ea1  GPIOIntRegister                       
20007939  GPIOIntTypeSet                        
20009075  GPIOPinRead                           
20008e41  GPIOPinWrite                          
200052c5  GPIO_IF_ConfigureNIntEnable           
20005351  GPIO_IF_Get                           
2000527f  GPIO_IF_GetPortNPin                   
20005041  GPIO_IF_LedConfigure                  
20005133  GPIO_IF_LedOff                        
2000507f  GPIO_IF_LedOn                         
200051e7  GPIO_IF_LedStatus                     
20005251  GPIO_IF_LedToggle                     
2000530d  GPIO_IF_Set                           
20005d83  GetCmd                                
20005d59  InitTerm                              
2000710d  IntDisable                            
200071b5  IntEnable                             
20009251  IntMasterEnable                       
2000837d  IntPendClear                          
2000842d  IntPrioritySet                        
20008e61  IntRegister                           
20008d91  IntUnregister                         
200091b9  IntVTableBaseSet                      
20005d61  Message                               
20009221  NwpMaskInterrupt                      
20008b21  NwpPowerOff                           
20008ced  NwpPowerOn                            
200078b5  NwpPowerOnPreamble                    
200089b5  NwpRegisterInterruptHandler           
2000922d  NwpUnMaskInterrupt                    
20009618  OpcodeTranslateTable                  
20006321  PRCMCC3200MCUInit                     
2000914d  PRCMHIBRegRead                        
20009163  PRCMHIBRegWrite                       
20008d45  PRCMPeripheralClkDisable              
20008a31  PRCMPeripheralClkEnable               
20007569  PRCMPeripheralClockGet                
200083d5  PRCMPeripheralReset                   
20008bc5  PRCMPeripheralStatusGet               
20008d19  PRCMSysResetCauseGet                  
2000782d  PinConfigSet                          
20008975  PinModeSet                            
2000705d  PinMuxConfig                          
20008c2d  PinTypeGPIO                           
20008f8b  PinTypeSPI                            
20008fa5  PinTypeUART                           
20005ec1  Report                                
20009211  ResetISR                              
2001723c  RxIrqCnt                              
200096d8  RxMsgClassLUT                         
UNDEFED   SHT$$INIT_ARRAY$$Base                 
UNDEFED   SHT$$INIT_ARRAY$$Limit                
2000908d  SPICSDisable                          
200090a5  SPICSEnable                           
2000725d  SPIConfigSetExpClk                    
200090bd  SPIDisable                            
20008fbf  SPIDmaDisable                         
20008fd9  SPIDmaEnable                          
200090d5  SPIEnable                             
20008ff3  SPIFIFODisable                        
2000900d  SPIFIFOEnable                         
20008bf9  SPIFIFOLevelSet                       
200087d5  SPIIntClear                           
20008579  SPIIntEnable                          
20009027  SPIIntUnregister                      
20008dfd  SPIReset                              
20008e1f  SPIWordCountSet                       
200044c7  SimpleLinkGeneralEventHandler         
200044bb  SimpleLinkHttpServerCallback          
20004483  SimpleLinkNetAppEventHandler          
200044d7  SimpleLinkSockEventHandler            
20004401  SimpleLinkWlanEventHandler            
20009804  StartResponseLUT                      
20005e29  TrimSpace                             
20008f37  UARTCharGetNonBlocking                
20008ebf  UARTCharPut                           
200090ed  UARTCharsAvail                        
2000925b  UtilsDelay                            
20009710  _SlAcceptCmdCtrl                      
20009690  _SlActionLookupTable                  
20006ef1  _SlAsyncEventGenericHandler           
200097ec  _SlDeviceGetCmdCtrl                   
200097f0  _SlDeviceSetCmdCtrl                   
2000881d  _SlDrvBasicCmd                        
20006a41  _SlDrvClassifyRxMsg                   
200079bd  _SlDrvCmdOp                           
20007d95  _SlDrvCmdSend                         
20008c5d  _SlDrvDeviceEventHandler              
20006661  _SlDrvDriverCBDeinit                  
20005ee5  _SlDrvDriverCBInit                    
20009179  _SlDrvMemZero                         
20004a19  _SlDrvMsgRead                         
20006cb5  _SlDrvMsgReadCmdCtx                   
200072fd  _SlDrvMsgReadSpawnCtx                 
200059fd  _SlDrvMsgWrite                        
20006761  _SlDrvNetAppEventHandler              
20008edd  _SlDrvObjLockWaitForever              
20009041  _SlDrvObjUnLock                       
20008611  _SlDrvProtectAsyncRespSetting         
20008db5  _SlDrvProtectionObjLockWaitForever    
20008e81  _SlDrvProtectionObjUnLock             
2000582d  _SlDrvReleasePoolObj                  
200091f5  _SlDrvResetCmdExt                     
200053a1  _SlDrvRxHdrRead                       
2000865d  _SlDrvRxIrqHandler                    
2000905b  _SlDrvSyncObjSignal                   
20008efb  _SlDrvSyncObjWaitForever              
20005bc9  _SlDrvWaitForPoolObj                  
200097e8  _SlEventMaskGetCmdCtrl                
200097e4  _SlEventMaskSetCmdCtrl                
2000606d  _SlFindAndSetActiveObj                
20009770  _SlGetHostByNameCtrl                  
2000976c  _SlGetHostByServiceCtrl               
20009764  _SlGetServiceListeCtrl                
2000971c  _SlGetSockOptCmdCtrl                  
2000970c  _SlListenCmdCtrl                      
2000977c  _SlNetAppGetCmdCtrl                   
20009778  _SlNetAppSendTokenValueCmdCtrl        
20009774  _SlNetAppSetCmdCtrl                   
2000975c  _SlNetAppStartCtrl                    
20009760  _SlNetAppStopCtrl                     
20009810  _SlNetCfgGetCmdCtrl                   
2000980c  _SlNetCfgSetCmdCtrl                   
20007d25  _SlNonOsMainLoopTask                  
20008269  _SlNonOsSemGet                        
20009105  _SlNonOsSemSet                        
200082c5  _SlNonOsSpawn                         
20009658  _SlPolicyGetCmdCtrl                   
20009654  _SlPolicySetCmdCtrl                   
20009660  _SlProfileDelCmdCtrl                  
2000965c  _SlProfileGetCmdCtrl                  
20009714  _SlRecvCmdCtrl                        
20009704  _SlRecvfomCmdCtrl                     
20009768  _SlRegisterServiceCtrl                
20006d75  _SlRemoveFromList                     
20009668  _SlRxFilterAddtCmdCtrl                
20009670  _SlRxFilterGetCmdCtrl                 
2000966c  _SlRxFilterSetCmdCtrl                 
20009720  _SlSelectCmdCtrl                      
20009708  _SlSendCmdCtrl                        
20009718  _SlSetSockOptCmdCtrl                  
20009674  _SlSmartConfigStartCmdCtrl            
20009700  _SlSockCloseCmdCtrl                   
200096fc  _SlSockSocketCmdCtrl                  
200097e0  _SlStopCmdCtrl                        
20009680  _SlWlanCfgGetCmdCtrl                  
2000967c  _SlWlanCfgSetCmdCtrl                  
20009664  _SlWlanGetNetworkListCtrl             
20009678  _SlWlanSetModeCmdCtrl                 
20030000  __STACK_END                           
00001000  __STACK_SIZE                          
20009860  __TI_CINIT_Base                       
20009870  __TI_CINIT_Limit                      
20009848  __TI_Handler_Table_Base               
20009854  __TI_Handler_Table_Limit              
20007e01  __TI_auto_init                        
20017294  __TI_cleanup_ptr                      
20009203  __TI_decompress_none                  
20009261  __TI_decompress_rle24                 
20017298  __TI_dtors_ptr                        
20009818  __TI_static_base__                    
20009239  __TI_zero_init                        
20007bb9  __aeabi_memclr                        
20007bb9  __aeabi_memclr4                       
20007bb9  __aeabi_memclr8                       
20007399  __aeabi_memcpy                        
20007399  __aeabi_memcpy4                       
20007399  __aeabi_memcpy8                       
20007bbb  __aeabi_memset                        
20007bbb  __aeabi_memset4                       
20007bbb  __aeabi_memset8                       
ffffffff  __binit__                             
ffffffff  __c_args__                            
2002f000  __stack                               
20009135  _args_main                            
20008a6d  _c_int00                              
2001728c  _lock                                 
200091db  _nop                                  
200091d3  _register_lock                        
200091cd  _register_unlock                      
200086a9  _sl_BuildAddress                      
2000911d  _sl_GetStartResponseConvert           
200081a9  _sl_HandleAsync_Accept                
20007c35  _sl_HandleAsync_Connect               
20007715  _sl_HandleAsync_DnsGetHostByName      
20006bed  _sl_HandleAsync_DnsGetHostByService   
20007b3d  _sl_HandleAsync_InitComplete          
200077a1  _sl_HandleAsync_PingResponse          
20008481  _sl_HandleAsync_Select                
20008529  _sl_HandleAsync_Stop                  
20007ed9  _sl_NetAppSendTokenValue              
20009267  _system_pre_init                      
20017290  _unlock                               
200088f1  abort                                 
ffffffff  binit                                 
200086f5  copy_in                               
200088f9  exit                                  
20017288  gFirstCmdMode                         
200096d0  g_H2NCnysPattern                      
200096c8  g_H2NSyncPattern                      
20017270  g_Host                                
20017274  g_SpiFd                               
20017000  g_StatMem                             
200171e4  g__SlNonOsCB                          
2001723d  g_cDummy                              
20017280  g_pCB                                 
20017278  g_pHostIntHdl                         
20004000  g_pfnVectors                          
200171b8  g_time                                
20017230  g_ucConnectionBSSID                   
2001720c  g_ucConnectionSSID                    
2001727c  g_ucDMAEnabled                        
20017168  g_ucDinDout                           
2001723e  g_ucLED1Pin                           
2001723f  g_ucLED2Pin                           
20017240  g_ucLED3Pin                           
20017258  g_uiLED1Port                          
2001725c  g_uiLED2Port                          
20017260  g_uiLED3Port                          
2001726c  g_ulGatewayIP                         
20017268  g_ulPingPacketsRecv                   
20017264  g_ulStatus                            
2000499f  main                                  
2001729c  main_func_sp                          
20007399  memcpy                                
20008dd9  memmove                               
20007bc1  memset                                
20017284  pPingCallBackFunc                     
20006455  sl_Connect                            
20007435  sl_DevGet                             
20007f41  sl_DevSet                             
20008931  sl_Htonl                              
20008aa9  sl_Htons                              
2000655d  sl_NetAppDnsGetHostByName             
20006fa9  sl_NetAppMDNSRegisterUnregisterService
20008b8f  sl_NetAppMDNSUnRegisterService        
20007fa9  sl_NetCfgSet                          
20008011  sl_SetSockOpt                         
20008321  sl_Socket                             
20006e35  sl_Start                              
20006b19  sl_Stop                               
200055e9  sl_WlanConnect                        
20009245  sl_WlanDisconnect                     
20008209  sl_WlanPolicySet                      
20008c8d  sl_WlanProfileDel                     
200084d5  sl_WlanRxFilterSet                    
20008079  sl_WlanSet                            
20008cbd  sl_WlanSetMode                        
20007cad  spi_Close                             
200061dd  spi_Open                              
20006861  spi_Read                              
200074d1  spi_Write                             
200091e1  strlen                                
20008741  uDMAChannelAssign                     
200080e1  uDMAChannelAttributeDisable           
20008145  uDMAChannelAttributeEnable            
20008ae5  uDMAChannelControlSet                 
20008f55  uDMAChannelEnable                     
20006951  uDMAChannelTransferSet                


GLOBAL SYMBOLS: SORTED BY Symbol Address 

address   name                                  
-------   ----                                  
00001000  __STACK_SIZE                          
20004000  g_pfnVectors                          
20004401  SimpleLinkWlanEventHandler            
20004483  SimpleLinkNetAppEventHandler          
200044bb  SimpleLinkHttpServerCallback          
200044c7  SimpleLinkGeneralEventHandler         
200044d7  SimpleLinkSockEventHandler            
2000499f  main                                  
20004a19  _SlDrvMsgRead                         
20005041  GPIO_IF_LedConfigure                  
2000507f  GPIO_IF_LedOn                         
20005133  GPIO_IF_LedOff                        
200051e7  GPIO_IF_LedStatus                     
20005251  GPIO_IF_LedToggle                     
2000527f  GPIO_IF_GetPortNPin                   
200052c5  GPIO_IF_ConfigureNIntEnable           
2000530d  GPIO_IF_Set                           
20005351  GPIO_IF_Get                           
200053a1  _SlDrvRxHdrRead                       
200055e9  sl_WlanConnect                        
2000582d  _SlDrvReleasePoolObj                  
200059fd  _SlDrvMsgWrite                        
20005bc9  _SlDrvWaitForPoolObj                  
20005d59  InitTerm                              
20005d61  Message                               
20005d6b  ClearTerm                             
20005d75  Error                                 
20005d83  GetCmd                                
20005e29  TrimSpace                             
20005ec1  Report                                
20005ee5  _SlDrvDriverCBInit                    
2000606d  _SlFindAndSetActiveObj                
200061dd  spi_Open                              
20006321  PRCMCC3200MCUInit                     
20006455  sl_Connect                            
2000655d  sl_NetAppDnsGetHostByName             
20006661  _SlDrvDriverCBDeinit                  
20006761  _SlDrvNetAppEventHandler              
20006861  spi_Read                              
20006951  uDMAChannelTransferSet                
20006a41  _SlDrvClassifyRxMsg                   
20006b19  sl_Stop                               
20006bed  _sl_HandleAsync_DnsGetHostByService   
20006cb5  _SlDrvMsgReadCmdCtx                   
20006d75  _SlRemoveFromList                     
20006e35  sl_Start                              
20006ef1  _SlAsyncEventGenericHandler           
20006fa9  sl_NetAppMDNSRegisterUnregisterService
2000705d  PinMuxConfig                          
2000710d  IntDisable                            
200071b5  IntEnable                             
2000725d  SPIConfigSetExpClk                    
200072fd  _SlDrvMsgReadSpawnCtx                 
20007399  __aeabi_memcpy                        
20007399  __aeabi_memcpy4                       
20007399  __aeabi_memcpy8                       
20007399  memcpy                                
20007435  sl_DevGet                             
200074d1  spi_Write                             
20007569  PRCMPeripheralClockGet                
20007715  _sl_HandleAsync_DnsGetHostByName      
200077a1  _sl_HandleAsync_PingResponse          
2000782d  PinConfigSet                          
200078b5  NwpPowerOnPreamble                    
20007939  GPIOIntTypeSet                        
200079bd  _SlDrvCmdOp                           
20007b3d  _sl_HandleAsync_InitComplete          
20007bb9  __aeabi_memclr                        
20007bb9  __aeabi_memclr4                       
20007bb9  __aeabi_memclr8                       
20007bbb  __aeabi_memset                        
20007bbb  __aeabi_memset4                       
20007bbb  __aeabi_memset8                       
20007bc1  memset                                
20007c35  _sl_HandleAsync_Connect               
20007cad  spi_Close                             
20007d25  _SlNonOsMainLoopTask                  
20007d95  _SlDrvCmdSend                         
20007e01  __TI_auto_init                        
20007ed9  _sl_NetAppSendTokenValue              
20007f41  sl_DevSet                             
20007fa9  sl_NetCfgSet                          
20008011  sl_SetSockOpt                         
20008079  sl_WlanSet                            
200080e1  uDMAChannelAttributeDisable           
20008145  uDMAChannelAttributeEnable            
200081a9  _sl_HandleAsync_Accept                
20008209  sl_WlanPolicySet                      
20008269  _SlNonOsSemGet                        
200082c5  _SlNonOsSpawn                         
20008321  sl_Socket                             
2000837d  IntPendClear                          
200083d5  PRCMPeripheralReset                   
2000842d  IntPrioritySet                        
20008481  _sl_HandleAsync_Select                
200084d5  sl_WlanRxFilterSet                    
20008529  _sl_HandleAsync_Stop                  
20008579  SPIIntEnable                          
20008611  _SlDrvProtectAsyncRespSetting         
2000865d  _SlDrvRxIrqHandler                    
200086a9  _sl_BuildAddress                      
200086f5  copy_in                               
20008741  uDMAChannelAssign                     
200087d5  SPIIntClear                           
2000881d  _SlDrvBasicCmd                        
200088ed  C$$EXIT                               
200088f1  abort                                 
200088f9  exit                                  
20008931  sl_Htonl                              
20008975  PinModeSet                            
200089b5  NwpRegisterInterruptHandler           
200089f3  CopyPingResultsToReport               
20008a31  PRCMPeripheralClkEnable               
20008a6d  _c_int00                              
20008aa9  sl_Htons                              
20008ae5  uDMAChannelControlSet                 
20008b21  NwpPowerOff                           
20008b59  GPIODirModeSet                        
20008b8f  sl_NetAppMDNSUnRegisterService        
20008bc5  PRCMPeripheralStatusGet               
20008bf9  SPIFIFOLevelSet                       
20008c2d  PinTypeGPIO                           
20008c5d  _SlDrvDeviceEventHandler              
20008c8d  sl_WlanProfileDel                     
20008cbd  sl_WlanSetMode                        
20008ced  NwpPowerOn                            
20008d19  PRCMSysResetCauseGet                  
20008d45  PRCMPeripheralClkDisable              
20008d6d  DmaSpiSwIntHandler                    
20008d91  IntUnregister                         
20008db5  _SlDrvProtectionObjLockWaitForever    
20008dd9  memmove                               
20008dfd  SPIReset                              
20008e1f  SPIWordCountSet                       
20008e41  GPIOPinWrite                          
20008e61  IntRegister                           
20008e81  _SlDrvProtectionObjUnLock             
20008ea1  GPIOIntRegister                       
20008ebf  UARTCharPut                           
20008edd  _SlDrvObjLockWaitForever              
20008efb  _SlDrvSyncObjWaitForever              
20008f37  UARTCharGetNonBlocking                
20008f55  uDMAChannelEnable                     
20008f71  GPIOIntEnable                         
20008f8b  PinTypeSPI                            
20008fa5  PinTypeUART                           
20008fbf  SPIDmaDisable                         
20008fd9  SPIDmaEnable                          
20008ff3  SPIFIFODisable                        
2000900d  SPIFIFOEnable                         
20009027  SPIIntUnregister                      
20009041  _SlDrvObjUnLock                       
2000905b  _SlDrvSyncObjSignal                   
20009075  GPIOPinRead                           
2000908d  SPICSDisable                          
200090a5  SPICSEnable                           
200090bd  SPIDisable                            
200090d5  SPIEnable                             
200090ed  UARTCharsAvail                        
20009105  _SlNonOsSemSet                        
2000911d  _sl_GetStartResponseConvert           
20009135  _args_main                            
2000914d  PRCMHIBRegRead                        
20009163  PRCMHIBRegWrite                       
20009179  _SlDrvMemZero                         
2000918f  CPUcpsie                              
200091a3  GPIOIntClear                          
200091b9  IntVTableBaseSet                      
200091cd  _register_unlock                      
200091d3  _register_lock                        
200091db  _nop                                  
200091e1  strlen                                
200091f5  _SlDrvResetCmdExt                     
20009203  __TI_decompress_none                  
20009211  ResetISR                              
20009221  NwpMaskInterrupt                      
2000922d  NwpUnMaskInterrupt                    
20009239  __TI_zero_init                        
20009245  sl_WlanDisconnect                     
20009251  IntMasterEnable                       
2000925b  UtilsDelay                            
20009261  __TI_decompress_rle24                 
20009267  _system_pre_init                      
20009618  OpcodeTranslateTable                  
20009654  _SlPolicySetCmdCtrl                   
20009658  _SlPolicyGetCmdCtrl                   
2000965c  _SlProfileGetCmdCtrl                  
20009660  _SlProfileDelCmdCtrl                  
20009664  _SlWlanGetNetworkListCtrl             
20009668  _SlRxFilterAddtCmdCtrl                
2000966c  _SlRxFilterSetCmdCtrl                 
20009670  _SlRxFilterGetCmdCtrl                 
20009674  _SlSmartConfigStartCmdCtrl            
20009678  _SlWlanSetModeCmdCtrl                 
2000967c  _SlWlanCfgSetCmdCtrl                  
20009680  _SlWlanCfgGetCmdCtrl                  
20009690  _SlActionLookupTable                  
200096c8  g_H2NSyncPattern                      
200096d0  g_H2NCnysPattern                      
200096d8  RxMsgClassLUT                         
200096fc  _SlSockSocketCmdCtrl                  
20009700  _SlSockCloseCmdCtrl                   
20009704  _SlRecvfomCmdCtrl                     
20009708  _SlSendCmdCtrl                        
2000970c  _SlListenCmdCtrl                      
20009710  _SlAcceptCmdCtrl                      
20009714  _SlRecvCmdCtrl                        
20009718  _SlSetSockOptCmdCtrl                  
2000971c  _SlGetSockOptCmdCtrl                  
20009720  _SlSelectCmdCtrl                      
2000975c  _SlNetAppStartCtrl                    
20009760  _SlNetAppStopCtrl                     
20009764  _SlGetServiceListeCtrl                
20009768  _SlRegisterServiceCtrl                
2000976c  _SlGetHostByServiceCtrl               
20009770  _SlGetHostByNameCtrl                  
20009774  _SlNetAppSetCmdCtrl                   
20009778  _SlNetAppSendTokenValueCmdCtrl        
2000977c  _SlNetAppGetCmdCtrl                   
200097e0  _SlStopCmdCtrl                        
200097e4  _SlEventMaskSetCmdCtrl                
200097e8  _SlEventMaskGetCmdCtrl                
200097ec  _SlDeviceGetCmdCtrl                   
200097f0  _SlDeviceSetCmdCtrl                   
20009804  StartResponseLUT                      
2000980c  _SlNetCfgSetCmdCtrl                   
20009810  _SlNetCfgGetCmdCtrl                   
20009818  __TI_static_base__                    
20009848  __TI_Handler_Table_Base               
20009854  __TI_Handler_Table_Limit              
20009860  __TI_CINIT_Base                       
20009870  __TI_CINIT_Limit                      
20017000  g_StatMem                             
20017168  g_ucDinDout                           
200171b8  g_time                                
200171e4  g__SlNonOsCB                          
2001720c  g_ucConnectionSSID                    
20017230  g_ucConnectionBSSID                   
2001723c  RxIrqCnt                              
2001723d  g_cDummy                              
2001723e  g_ucLED1Pin                           
2001723f  g_ucLED2Pin                           
20017240  g_ucLED3Pin                           
20017258  g_uiLED1Port                          
2001725c  g_uiLED2Port                          
20017260  g_uiLED3Port                          
20017264  g_ulStatus                            
20017268  g_ulPingPacketsRecv                   
2001726c  g_ulGatewayIP                         
20017270  g_Host                                
20017274  g_SpiFd                               
20017278  g_pHostIntHdl                         
2001727c  g_ucDMAEnabled                        
20017280  g_pCB                                 
20017284  pPingCallBackFunc                     
20017288  gFirstCmdMode                         
2001728c  _lock                                 
20017290  _unlock                               
20017294  __TI_cleanup_ptr                      
20017298  __TI_dtors_ptr                        
2001729c  main_func_sp                          
2002f000  __stack                               
20030000  __STACK_END                           
ffffffff  __binit__                             
ffffffff  __c_args__                            
ffffffff  binit                                 
UNDEFED   SHT$$INIT_ARRAY$$Base                 
UNDEFED   SHT$$INIT_ARRAY$$Limit                

[268 symbols]
