<?xml version="1.0"?>
<link_info>
   <banner>TI ARM Linker PC v5.2.6</banner>
   <copyright>Copyright (c) 1996-2015 Texas Instruments Incorporated</copyright>
   <link_time>0x569dd2c4</link_time>
   <link_errors>0x0</link_errors>
   <output_file>ssl_Restful_API.out</output_file>
   <entry_point>
      <name>_c_int00</name>
      <address>0x2000b99d</address>
   </entry_point>
   <input_file_list>
      <input_file id="fl-2">
         <path>.\</path>
         <kind>object</kind>
         <file>gpio_if.obj</file>
         <name>gpio_if.obj</name>
      </input_file>
      <input_file id="fl-3">
         <path>.\</path>
         <kind>object</kind>
         <file>main.obj</file>
         <name>main.obj</name>
      </input_file>
      <input_file id="fl-4">
         <path>.\</path>
         <kind>object</kind>
         <file>pinmux.obj</file>
         <name>pinmux.obj</name>
      </input_file>
      <input_file id="fl-5">
         <path>.\</path>
         <kind>object</kind>
         <file>startup_ccs.obj</file>
         <name>startup_ccs.obj</name>
      </input_file>
      <input_file id="fl-6">
         <path>.\</path>
         <kind>object</kind>
         <file>uart_if.obj</file>
         <name>uart_if.obj</name>
      </input_file>
      <input_file id="fl-12e">
         <path>C:\ti\ccsv6\tools\compiler\ti-cgt-arm_5.2.6\lib\</path>
         <kind>archive</kind>
         <file>rtsv7M4_T_le_eabi.lib</file>
         <name>boot.obj</name>
      </input_file>
      <input_file id="fl-12f">
         <path>C:\ti\ccsv6\tools\compiler\ti-cgt-arm_5.2.6\lib\</path>
         <kind>archive</kind>
         <file>rtsv7M4_T_le_eabi.lib</file>
         <name>copy_decompress_none.obj</name>
      </input_file>
      <input_file id="fl-130">
         <path>C:\ti\ccsv6\tools\compiler\ti-cgt-arm_5.2.6\lib\</path>
         <kind>archive</kind>
         <file>rtsv7M4_T_le_eabi.lib</file>
         <name>copy_decompress_rle.obj</name>
      </input_file>
      <input_file id="fl-131">
         <path>C:\ti\ccsv6\tools\compiler\ti-cgt-arm_5.2.6\lib\</path>
         <kind>archive</kind>
         <file>rtsv7M4_T_le_eabi.lib</file>
         <name>copy_zero_init.obj</name>
      </input_file>
      <input_file id="fl-132">
         <path>C:\ti\ccsv6\tools\compiler\ti-cgt-arm_5.2.6\lib\</path>
         <kind>archive</kind>
         <file>rtsv7M4_T_le_eabi.lib</file>
         <name>exit.obj</name>
      </input_file>
      <input_file id="fl-133">
         <path>C:\ti\ccsv6\tools\compiler\ti-cgt-arm_5.2.6\lib\</path>
         <kind>archive</kind>
         <file>rtsv7M4_T_le_eabi.lib</file>
         <name>memcpy_t2.obj</name>
      </input_file>
      <input_file id="fl-134">
         <path>C:\ti\ccsv6\tools\compiler\ti-cgt-arm_5.2.6\lib\</path>
         <kind>archive</kind>
         <file>rtsv7M4_T_le_eabi.lib</file>
         <name>memmov.obj</name>
      </input_file>
      <input_file id="fl-135">
         <path>C:\ti\ccsv6\tools\compiler\ti-cgt-arm_5.2.6\lib\</path>
         <kind>archive</kind>
         <file>rtsv7M4_T_le_eabi.lib</file>
         <name>memory.obj</name>
      </input_file>
      <input_file id="fl-136">
         <path>C:\ti\ccsv6\tools\compiler\ti-cgt-arm_5.2.6\lib\</path>
         <kind>archive</kind>
         <file>rtsv7M4_T_le_eabi.lib</file>
         <name>memset_t2.obj</name>
      </input_file>
      <input_file id="fl-137">
         <path>C:\ti\ccsv6\tools\compiler\ti-cgt-arm_5.2.6\lib\</path>
         <kind>archive</kind>
         <file>rtsv7M4_T_le_eabi.lib</file>
         <name>pre_init.obj</name>
      </input_file>
      <input_file id="fl-138">
         <path>C:\ti\ccsv6\tools\compiler\ti-cgt-arm_5.2.6\lib\</path>
         <kind>archive</kind>
         <file>rtsv7M4_T_le_eabi.lib</file>
         <name>stkdepth_vars.obj</name>
      </input_file>
      <input_file id="fl-139">
         <path>C:\ti\ccsv6\tools\compiler\ti-cgt-arm_5.2.6\lib\</path>
         <kind>archive</kind>
         <file>rtsv7M4_T_le_eabi.lib</file>
         <name>strcpy.obj</name>
      </input_file>
      <input_file id="fl-13a">
         <path>C:\ti\ccsv6\tools\compiler\ti-cgt-arm_5.2.6\lib\</path>
         <kind>archive</kind>
         <file>rtsv7M4_T_le_eabi.lib</file>
         <name>strlen.obj</name>
      </input_file>
      <input_file id="fl-13b">
         <path>C:\ti\ccsv6\tools\compiler\ti-cgt-arm_5.2.6\lib\</path>
         <kind>archive</kind>
         <file>rtsv7M4_T_le_eabi.lib</file>
         <name>vsnprintf.obj</name>
      </input_file>
      <input_file id="fl-13c">
         <path>C:\ti\ccsv6\tools\compiler\ti-cgt-arm_5.2.6\lib\</path>
         <kind>archive</kind>
         <file>rtsv7M4_T_le_eabi.lib</file>
         <name>_lock.obj</name>
      </input_file>
      <input_file id="fl-13d">
         <path>C:\ti\ccsv6\tools\compiler\ti-cgt-arm_5.2.6\lib\</path>
         <kind>archive</kind>
         <file>rtsv7M4_T_le_eabi.lib</file>
         <name>_printfi.obj</name>
      </input_file>
      <input_file id="fl-13e">
         <path>C:\ti\ccsv6\tools\compiler\ti-cgt-arm_5.2.6\lib\</path>
         <kind>archive</kind>
         <file>rtsv7M4_T_le_eabi.lib</file>
         <name>args_main.obj</name>
      </input_file>
      <input_file id="fl-13f">
         <path>C:\ti\ccsv6\tools\compiler\ti-cgt-arm_5.2.6\lib\</path>
         <kind>archive</kind>
         <file>rtsv7M4_T_le_eabi.lib</file>
         <name>atoi.obj</name>
      </input_file>
      <input_file id="fl-140">
         <path>C:\ti\ccsv6\tools\compiler\ti-cgt-arm_5.2.6\lib\</path>
         <kind>archive</kind>
         <file>rtsv7M4_T_le_eabi.lib</file>
         <name>autoinit.obj</name>
      </input_file>
      <input_file id="fl-141">
         <path>C:\ti\ccsv6\tools\compiler\ti-cgt-arm_5.2.6\lib\</path>
         <kind>archive</kind>
         <file>rtsv7M4_T_le_eabi.lib</file>
         <name>cpy_tbl.obj</name>
      </input_file>
      <input_file id="fl-142">
         <path>C:\ti\ccsv6\tools\compiler\ti-cgt-arm_5.2.6\lib\</path>
         <kind>archive</kind>
         <file>rtsv7M4_T_le_eabi.lib</file>
         <name>ctype.obj</name>
      </input_file>
      <input_file id="fl-143">
         <path>C:\ti\ccsv6\tools\compiler\ti-cgt-arm_5.2.6\lib\</path>
         <kind>archive</kind>
         <file>rtsv7M4_T_le_eabi.lib</file>
         <name>fd_add_t2.obj</name>
      </input_file>
      <input_file id="fl-144">
         <path>C:\ti\ccsv6\tools\compiler\ti-cgt-arm_5.2.6\lib\</path>
         <kind>archive</kind>
         <file>rtsv7M4_T_le_eabi.lib</file>
         <name>fd_cmp_t2.obj</name>
      </input_file>
      <input_file id="fl-145">
         <path>C:\ti\ccsv6\tools\compiler\ti-cgt-arm_5.2.6\lib\</path>
         <kind>archive</kind>
         <file>rtsv7M4_T_le_eabi.lib</file>
         <name>fd_div_t2.obj</name>
      </input_file>
      <input_file id="fl-146">
         <path>C:\ti\ccsv6\tools\compiler\ti-cgt-arm_5.2.6\lib\</path>
         <kind>archive</kind>
         <file>rtsv7M4_T_le_eabi.lib</file>
         <name>fd_mul_t2.obj</name>
      </input_file>
      <input_file id="fl-147">
         <path>C:\ti\ccsv6\tools\compiler\ti-cgt-arm_5.2.6\lib\</path>
         <kind>archive</kind>
         <file>rtsv7M4_T_le_eabi.lib</file>
         <name>fd_toi_t2.obj</name>
      </input_file>
      <input_file id="fl-148">
         <path>C:\ti\ccsv6\tools\compiler\ti-cgt-arm_5.2.6\lib\</path>
         <kind>archive</kind>
         <file>rtsv7M4_T_le_eabi.lib</file>
         <name>frexp.obj</name>
      </input_file>
      <input_file id="fl-149">
         <path>C:\ti\ccsv6\tools\compiler\ti-cgt-arm_5.2.6\lib\</path>
         <kind>archive</kind>
         <file>rtsv7M4_T_le_eabi.lib</file>
         <name>i_tofd_t2.obj</name>
      </input_file>
      <input_file id="fl-14a">
         <path>C:\ti\ccsv6\tools\compiler\ti-cgt-arm_5.2.6\lib\</path>
         <kind>archive</kind>
         <file>rtsv7M4_T_le_eabi.lib</file>
         <name>ldexp.obj</name>
      </input_file>
      <input_file id="fl-14b">
         <path>C:\ti\ccsv6\tools\compiler\ti-cgt-arm_5.2.6\lib\</path>
         <kind>archive</kind>
         <file>rtsv7M4_T_le_eabi.lib</file>
         <name>ltoa.obj</name>
      </input_file>
      <input_file id="fl-14c">
         <path>C:\ti\ccsv6\tools\compiler\ti-cgt-arm_5.2.6\lib\</path>
         <kind>archive</kind>
         <file>rtsv7M4_T_le_eabi.lib</file>
         <name>memccpy.obj</name>
      </input_file>
      <input_file id="fl-14d">
         <path>C:\ti\ccsv6\tools\compiler\ti-cgt-arm_5.2.6\lib\</path>
         <kind>archive</kind>
         <file>rtsv7M4_T_le_eabi.lib</file>
         <name>strchr.obj</name>
      </input_file>
      <input_file id="fl-14e">
         <path>C:\ti\ccsv6\tools\compiler\ti-cgt-arm_5.2.6\lib\</path>
         <kind>archive</kind>
         <file>rtsv7M4_T_le_eabi.lib</file>
         <name>ull_div_t2.obj</name>
      </input_file>
      <input_file id="fl-14f">
         <path>C:\ti\ccsv6\tools\compiler\ti-cgt-arm_5.2.6\lib\</path>
         <kind>archive</kind>
         <file>rtsv7M4_T_le_eabi.lib</file>
         <name>xdclass.obj</name>
      </input_file>
      <input_file id="fl-150">
         <path>C:\ti\ccsv6\tools\compiler\ti-cgt-arm_5.2.6\lib\</path>
         <kind>archive</kind>
         <file>rtsv7M4_T_le_eabi.lib</file>
         <name>xdscale.obj</name>
      </input_file>
      <input_file id="fl-151">
         <path>C:\ti\ccsv6\tools\compiler\ti-cgt-arm_5.2.6\lib\</path>
         <kind>archive</kind>
         <file>rtsv7M4_T_le_eabi.lib</file>
         <name>xdunscal.obj</name>
      </input_file>
      <input_file id="fl-152">
         <path>C:\ti\ccsv6\tools\compiler\ti-cgt-arm_5.2.6\lib\</path>
         <kind>archive</kind>
         <file>rtsv7M4_T_le_eabi.lib</file>
         <name>xferaise.obj</name>
      </input_file>
      <input_file id="fl-153">
         <path>C:\ti\ccsv6\tools\compiler\ti-cgt-arm_5.2.6\lib\</path>
         <kind>archive</kind>
         <file>rtsv7M4_T_le_eabi.lib</file>
         <name>xvalues.obj</name>
      </input_file>
      <input_file id="fl-154">
         <path>C:\ti\ccsv6\tools\compiler\ti-cgt-arm_5.2.6\lib\</path>
         <kind>archive</kind>
         <file>rtsv7M4_T_le_eabi.lib</file>
         <name>errno.obj</name>
      </input_file>
      <input_file id="fl-155">
         <path>C:\ti\ccsv6\tools\compiler\ti-cgt-arm_5.2.6\lib\</path>
         <kind>archive</kind>
         <file>rtsv7M4_T_le_eabi.lib</file>
         <name>feraiseexcept.obj</name>
      </input_file>
      <input_file id="fl-156">
         <path>C:\ti\ccsv6\tools\compiler\ti-cgt-arm_5.2.6\lib\</path>
         <kind>archive</kind>
         <file>rtsv7M4_T_le_eabi.lib</file>
         <name>raise.obj</name>
      </input_file>
      <input_file id="fl-157">
         <path>C:\ti\ccsv6\tools\compiler\ti-cgt-arm_5.2.6\lib\</path>
         <kind>archive</kind>
         <file>rtsv7M4_T_le_eabi.lib</file>
         <name>signal.obj</name>
      </input_file>
      <input_file id="fl-158">
         <path>C:\ti\ccsv6\tools\compiler\ti-cgt-arm_5.2.6\lib\</path>
         <kind>archive</kind>
         <file>rtsv7M4_T_le_eabi.lib</file>
         <name>xdnorm.obj</name>
      </input_file>
      <input_file id="fl-159">
         <path>C:\ti\CC3200SDK_1.1.0\cc3200-sdk\example\ssl\ccs\..\..\..\driverlib\ccs\Release\</path>
         <kind>archive</kind>
         <file>driverlib.a</file>
         <name>gpio.obj</name>
      </input_file>
      <input_file id="fl-15a">
         <path>C:\ti\CC3200SDK_1.1.0\cc3200-sdk\example\ssl\ccs\..\..\..\driverlib\ccs\Release\</path>
         <kind>archive</kind>
         <file>driverlib.a</file>
         <name>interrupt.obj</name>
      </input_file>
      <input_file id="fl-15b">
         <path>C:\ti\CC3200SDK_1.1.0\cc3200-sdk\example\ssl\ccs\..\..\..\driverlib\ccs\Release\</path>
         <kind>archive</kind>
         <file>driverlib.a</file>
         <name>pin.obj</name>
      </input_file>
      <input_file id="fl-15c">
         <path>C:\ti\CC3200SDK_1.1.0\cc3200-sdk\example\ssl\ccs\..\..\..\driverlib\ccs\Release\</path>
         <kind>archive</kind>
         <file>driverlib.a</file>
         <name>prcm.obj</name>
      </input_file>
      <input_file id="fl-15d">
         <path>C:\ti\CC3200SDK_1.1.0\cc3200-sdk\example\ssl\ccs\..\..\..\driverlib\ccs\Release\</path>
         <kind>archive</kind>
         <file>driverlib.a</file>
         <name>uart.obj</name>
      </input_file>
      <input_file id="fl-15e">
         <path>C:\ti\CC3200SDK_1.1.0\cc3200-sdk\example\ssl\ccs\..\..\..\driverlib\ccs\Release\</path>
         <kind>archive</kind>
         <file>driverlib.a</file>
         <name>utils.obj</name>
      </input_file>
      <input_file id="fl-15f">
         <path>C:\ti\CC3200SDK_1.1.0\cc3200-sdk\example\ssl\ccs\..\..\..\driverlib\ccs\Release\</path>
         <kind>archive</kind>
         <file>driverlib.a</file>
         <name>cpu.obj</name>
      </input_file>
      <input_file id="fl-160">
         <path>C:\ti\CC3200SDK_1.1.0\cc3200-sdk\example\ssl\ccs\..\..\..\driverlib\ccs\Release\</path>
         <kind>archive</kind>
         <file>driverlib.a</file>
         <name>flash.obj</name>
      </input_file>
      <input_file id="fl-161">
         <path>C:\ti\CC3200SDK_1.1.0\cc3200-sdk\example\ssl\ccs\..\..\..\simplelink\ccs\NON_OS\</path>
         <kind>archive</kind>
         <file>simplelink.a</file>
         <name>device.obj</name>
      </input_file>
      <input_file id="fl-162">
         <path>C:\ti\CC3200SDK_1.1.0\cc3200-sdk\example\ssl\ccs\..\..\..\simplelink\ccs\NON_OS\</path>
         <kind>archive</kind>
         <file>simplelink.a</file>
         <name>driver.obj</name>
      </input_file>
      <input_file id="fl-163">
         <path>C:\ti\CC3200SDK_1.1.0\cc3200-sdk\example\ssl\ccs\..\..\..\simplelink\ccs\NON_OS\</path>
         <kind>archive</kind>
         <file>simplelink.a</file>
         <name>netapp.obj</name>
      </input_file>
      <input_file id="fl-164">
         <path>C:\ti\CC3200SDK_1.1.0\cc3200-sdk\example\ssl\ccs\..\..\..\simplelink\ccs\NON_OS\</path>
         <kind>archive</kind>
         <file>simplelink.a</file>
         <name>netcfg.obj</name>
      </input_file>
      <input_file id="fl-165">
         <path>C:\ti\CC3200SDK_1.1.0\cc3200-sdk\example\ssl\ccs\..\..\..\simplelink\ccs\NON_OS\</path>
         <kind>archive</kind>
         <file>simplelink.a</file>
         <name>nonos.obj</name>
      </input_file>
      <input_file id="fl-166">
         <path>C:\ti\CC3200SDK_1.1.0\cc3200-sdk\example\ssl\ccs\..\..\..\simplelink\ccs\NON_OS\</path>
         <kind>archive</kind>
         <file>simplelink.a</file>
         <name>socket.obj</name>
      </input_file>
      <input_file id="fl-167">
         <path>C:\ti\CC3200SDK_1.1.0\cc3200-sdk\example\ssl\ccs\..\..\..\simplelink\ccs\NON_OS\</path>
         <kind>archive</kind>
         <file>simplelink.a</file>
         <name>wlan.obj</name>
      </input_file>
      <input_file id="fl-168">
         <path>C:\ti\CC3200SDK_1.1.0\cc3200-sdk\example\ssl\ccs\..\..\..\simplelink\ccs\NON_OS\</path>
         <kind>archive</kind>
         <file>simplelink.a</file>
         <name>cc_pal.obj</name>
      </input_file>
      <input_file id="fl-169">
         <path>C:\ti\ccsv6\tools\compiler\ti-cgt-arm_5.2.6\lib\</path>
         <kind>archive</kind>
         <file>rtsv7M4_T_le_eabi.lib</file>
         <name>ll_lsr_t2.obj</name>
      </input_file>
      <input_file id="fl-16a">
         <path>C:\ti\CC3200SDK_1.1.0\cc3200-sdk\example\ssl\ccs\..\..\..\driverlib\ccs\Release\</path>
         <kind>archive</kind>
         <file>driverlib.a</file>
         <name>spi.obj</name>
      </input_file>
      <input_file id="fl-16b">
         <path>C:\ti\CC3200SDK_1.1.0\cc3200-sdk\example\ssl\ccs\..\..\..\driverlib\ccs\Release\</path>
         <kind>archive</kind>
         <file>driverlib.a</file>
         <name>udma.obj</name>
      </input_file>
   </input_file_list>
   <object_component_list>
      <object_component id="oc-f">
         <name>.intvecs</name>
         <load_address>0x20004000</load_address>
         <run_address>0x20004000</run_address>
         <size>0x400</size>
         <input_file_ref idref="fl-5"/>
      </object_component>
      <object_component id="oc-3b9">
         <name>.text</name>
         <load_address>0x20004400</load_address>
         <run_address>0x20004400</run_address>
         <size>0x10a6</size>
         <input_file_ref idref="fl-13d"/>
      </object_component>
      <object_component id="oc-5c2">
         <name>.text:IntDefaultHandler</name>
         <load_address>0x200054a6</load_address>
         <run_address>0x200054a6</run_address>
         <size>0x2</size>
         <input_file_ref idref="fl-15a"/>
      </object_component>
      <object_component id="oc-9f">
         <name>.text</name>
         <load_address>0x200054a8</load_address>
         <run_address>0x200054a8</run_address>
         <size>0x104c</size>
         <input_file_ref idref="fl-3"/>
      </object_component>
      <object_component id="oc-5d0">
         <name>.text:_SlDrvMsgRead</name>
         <load_address>0x200064f4</load_address>
         <run_address>0x200064f4</run_address>
         <size>0x5ec</size>
         <input_file_ref idref="fl-162"/>
      </object_component>
      <object_component id="oc-1fc">
         <name>.text</name>
         <load_address>0x20006ae0</load_address>
         <run_address>0x20006ae0</run_address>
         <size>0x3dc</size>
         <input_file_ref idref="fl-135"/>
      </object_component>
      <object_component id="oc-148">
         <name>.text</name>
         <load_address>0x20006ebc</load_address>
         <run_address>0x20006ebc</run_address>
         <size>0x39c</size>
         <input_file_ref idref="fl-2"/>
      </object_component>
      <object_component id="oc-cc">
         <name>.text</name>
         <load_address>0x20007258</load_address>
         <run_address>0x20007258</run_address>
         <size>0x280</size>
         <input_file_ref idref="fl-6"/>
      </object_component>
      <object_component id="oc-649">
         <name>.text:_SlDrvRxHdrRead</name>
         <load_address>0x200074d8</load_address>
         <run_address>0x200074d8</run_address>
         <size>0x248</size>
         <input_file_ref idref="fl-162"/>
      </object_component>
      <object_component id="oc-142">
         <name>.text:sl_WlanConnect</name>
         <load_address>0x20007720</load_address>
         <run_address>0x20007720</run_address>
         <size>0x244</size>
         <input_file_ref idref="fl-167"/>
      </object_component>
      <object_component id="oc-528">
         <name>.text</name>
         <load_address>0x20007964</load_address>
         <run_address>0x20007964</run_address>
         <size>0x1f4</size>
         <input_file_ref idref="fl-14e"/>
      </object_component>
      <object_component id="oc-25a">
         <name>.text:_SlDrvReleasePoolObj</name>
         <load_address>0x20007b58</load_address>
         <run_address>0x20007b58</run_address>
         <size>0x1d0</size>
         <input_file_ref idref="fl-162"/>
      </object_component>
      <object_component id="oc-4a3">
         <name>.text:_SlDrvMsgWrite</name>
         <load_address>0x20007d28</load_address>
         <run_address>0x20007d28</run_address>
         <size>0x1cc</size>
         <input_file_ref idref="fl-162"/>
      </object_component>
      <object_component id="oc-551">
         <name>.text</name>
         <load_address>0x20007ef4</load_address>
         <run_address>0x20007ef4</run_address>
         <size>0x1b6</size>
         <input_file_ref idref="fl-143"/>
      </object_component>
      <object_component id="oc-341">
         <name>.text:_SlDrvWaitForPoolObj</name>
         <load_address>0x200080ac</load_address>
         <run_address>0x200080ac</run_address>
         <size>0x190</size>
         <input_file_ref idref="fl-162"/>
      </object_component>
      <object_component id="oc-230">
         <name>.text:_SlDrvDriverCBInit</name>
         <load_address>0x2000823c</load_address>
         <run_address>0x2000823c</run_address>
         <size>0x188</size>
         <input_file_ref idref="fl-162"/>
      </object_component>
      <object_component id="oc-65b">
         <name>.text:_SlFindAndSetActiveObj</name>
         <load_address>0x200083c4</load_address>
         <run_address>0x200083c4</run_address>
         <size>0x170</size>
         <input_file_ref idref="fl-162"/>
      </object_component>
      <object_component id="oc-236">
         <name>.text:spi_Open</name>
         <load_address>0x20008534</load_address>
         <run_address>0x20008534</run_address>
         <size>0x144</size>
         <input_file_ref idref="fl-168"/>
      </object_component>
      <object_component id="oc-537">
         <name>.text</name>
         <load_address>0x20008678</load_address>
         <run_address>0x20008678</run_address>
         <size>0x136</size>
         <input_file_ref idref="fl-145"/>
      </object_component>
      <object_component id="oc-13c">
         <name>.text:PRCMCC3200MCUInit</name>
         <load_address>0x200087b0</load_address>
         <run_address>0x200087b0</run_address>
         <size>0x134</size>
         <input_file_ref idref="fl-15c"/>
      </object_component>
      <object_component id="oc-3a0">
         <name>.text:_SlDrvDataReadOp</name>
         <load_address>0x200088e4</load_address>
         <run_address>0x200088e4</run_address>
         <size>0x12c</size>
         <input_file_ref idref="fl-162"/>
      </object_component>
      <object_component id="oc-621">
         <name>.text</name>
         <load_address>0x20008a10</load_address>
         <run_address>0x20008a10</run_address>
         <size>0x110</size>
         <input_file_ref idref="fl-150"/>
      </object_component>
      <object_component id="oc-398">
         <name>.text:_SlDrvDataWriteOp</name>
         <load_address>0x20008b20</load_address>
         <run_address>0x20008b20</run_address>
         <size>0x108</size>
         <input_file_ref idref="fl-162"/>
      </object_component>
      <object_component id="oc-17a">
         <name>.text:sl_Connect</name>
         <load_address>0x20008c28</load_address>
         <run_address>0x20008c28</run_address>
         <size>0x108</size>
         <input_file_ref idref="fl-166"/>
      </object_component>
      <object_component id="oc-18f">
         <name>.text:sl_Send</name>
         <load_address>0x20008d30</load_address>
         <run_address>0x20008d30</run_address>
         <size>0x108</size>
         <input_file_ref idref="fl-166"/>
      </object_component>
      <object_component id="oc-15c">
         <name>.text:sl_NetAppDnsGetHostByName</name>
         <load_address>0x20008e38</load_address>
         <run_address>0x20008e38</run_address>
         <size>0x104</size>
         <input_file_ref idref="fl-163"/>
      </object_component>
      <object_component id="oc-294">
         <name>.text:_SlDrvDriverCBDeinit</name>
         <load_address>0x20008f3c</load_address>
         <run_address>0x20008f3c</run_address>
         <size>0x100</size>
         <input_file_ref idref="fl-162"/>
      </object_component>
      <object_component id="oc-6bf">
         <name>.text:_SlDrvNetAppEventHandler</name>
         <load_address>0x2000903c</load_address>
         <run_address>0x2000903c</run_address>
         <size>0xfe</size>
         <input_file_ref idref="fl-163"/>
      </object_component>
      <object_component id="oc-532">
         <name>.text</name>
         <load_address>0x2000913a</load_address>
         <run_address>0x2000913a</run_address>
         <size>0xfc</size>
         <input_file_ref idref="fl-146"/>
      </object_component>
      <object_component id="oc-655">
         <name>.text:spi_Read</name>
         <load_address>0x20009238</load_address>
         <run_address>0x20009238</run_address>
         <size>0xf0</size>
         <input_file_ref idref="fl-168"/>
      </object_component>
      <object_component id="oc-748">
         <name>.text:uDMAChannelTransferSet</name>
         <load_address>0x20009328</load_address>
         <run_address>0x20009328</run_address>
         <size>0xf0</size>
         <input_file_ref idref="fl-16b"/>
      </object_component>
      <object_component id="oc-64f">
         <name>.text:_SlDrvClassifyRxMsg</name>
         <load_address>0x20009418</load_address>
         <run_address>0x20009418</run_address>
         <size>0xd8</size>
         <input_file_ref idref="fl-162"/>
      </object_component>
      <object_component id="oc-ed">
         <name>.text:sl_Stop</name>
         <load_address>0x200094f0</load_address>
         <run_address>0x200094f0</run_address>
         <size>0xd4</size>
         <input_file_ref idref="fl-161"/>
      </object_component>
      <object_component id="oc-712">
         <name>.text:_sl_HandleAsync_DnsGetHostByService</name>
         <load_address>0x200095c4</load_address>
         <run_address>0x200095c4</run_address>
         <size>0xc8</size>
         <input_file_ref idref="fl-163"/>
      </object_component>
      <object_component id="oc-4a9">
         <name>.text:_SlDrvMsgReadCmdCtx</name>
         <load_address>0x2000968c</load_address>
         <run_address>0x2000968c</run_address>
         <size>0xc0</size>
         <input_file_ref idref="fl-162"/>
      </object_component>
      <object_component id="oc-466">
         <name>.text:_SlRemoveFromList</name>
         <load_address>0x2000974c</load_address>
         <run_address>0x2000974c</run_address>
         <size>0xc0</size>
         <input_file_ref idref="fl-162"/>
      </object_component>
      <object_component id="oc-695">
         <name>.text</name>
         <load_address>0x2000980c</load_address>
         <run_address>0x2000980c</run_address>
         <size>0xbe</size>
         <input_file_ref idref="fl-158"/>
      </object_component>
      <object_component id="oc-db">
         <name>.text:sl_Start</name>
         <load_address>0x200098cc</load_address>
         <run_address>0x200098cc</run_address>
         <size>0xbc</size>
         <input_file_ref idref="fl-161"/>
      </object_component>
      <object_component id="oc-5d6">
         <name>.text:_SlAsyncEventGenericHandler</name>
         <load_address>0x20009988</load_address>
         <run_address>0x20009988</run_address>
         <size>0xb8</size>
         <input_file_ref idref="fl-162"/>
      </object_component>
      <object_component id="oc-2c3">
         <name>.text:sl_NetAppMDNSRegisterUnregisterService</name>
         <load_address>0x20009a40</load_address>
         <run_address>0x20009a40</run_address>
         <size>0xb4</size>
         <input_file_ref idref="fl-163"/>
      </object_component>
      <object_component id="oc-183">
         <name>.text</name>
         <load_address>0x20009af4</load_address>
         <run_address>0x20009af4</run_address>
         <size>0xb0</size>
         <input_file_ref idref="fl-4"/>
      </object_component>
      <object_component id="oc-44b">
         <name>.text:IntDisable</name>
         <load_address>0x20009ba4</load_address>
         <run_address>0x20009ba4</run_address>
         <size>0xa8</size>
         <input_file_ref idref="fl-15a"/>
      </object_component>
      <object_component id="oc-136">
         <name>.text:IntEnable</name>
         <load_address>0x20009c4c</load_address>
         <run_address>0x20009c4c</run_address>
         <size>0xa8</size>
         <input_file_ref idref="fl-15a"/>
      </object_component>
      <object_component id="oc-3f8">
         <name>.text:SPIConfigSetExpClk</name>
         <load_address>0x20009cf4</load_address>
         <run_address>0x20009cf4</run_address>
         <size>0xa0</size>
         <input_file_ref idref="fl-16a"/>
      </object_component>
      <object_component id="oc-47f">
         <name>.text:_SlDrvMsgReadSpawnCtx</name>
         <load_address>0x20009d94</load_address>
         <run_address>0x20009d94</run_address>
         <size>0x9c</size>
         <input_file_ref idref="fl-162"/>
      </object_component>
      <object_component id="oc-36">
         <name>.text</name>
         <load_address>0x20009e30</load_address>
         <run_address>0x20009e30</run_address>
         <size>0x9c</size>
         <input_file_ref idref="fl-133"/>
      </object_component>
      <object_component id="oc-f3">
         <name>.text:sl_DevGet</name>
         <load_address>0x20009ecc</load_address>
         <run_address>0x20009ecc</run_address>
         <size>0x9c</size>
         <input_file_ref idref="fl-161"/>
      </object_component>
      <object_component id="oc-5de">
         <name>.text:spi_Write</name>
         <load_address>0x20009f68</load_address>
         <run_address>0x20009f68</run_address>
         <size>0x98</size>
         <input_file_ref idref="fl-168"/>
      </object_component>
      <object_component id="oc-1d2">
         <name>.text:PRCMPeripheralClockGet</name>
         <load_address>0x2000a000</load_address>
         <run_address>0x2000a000</run_address>
         <size>0x94</size>
         <input_file_ref idref="fl-15c"/>
      </object_component>
      <object_component id="oc-6cc">
         <name>.text:SetupDMAReceive</name>
         <load_address>0x2000a094</load_address>
         <run_address>0x2000a094</run_address>
         <size>0x8c</size>
         <input_file_ref idref="fl-168"/>
      </object_component>
      <object_component id="oc-666">
         <name>.text:SetupDMASend</name>
         <load_address>0x2000a120</load_address>
         <run_address>0x2000a120</run_address>
         <size>0x8c</size>
         <input_file_ref idref="fl-168"/>
      </object_component>
      <object_component id="oc-70c">
         <name>.text:_sl_HandleAsync_DnsGetHostByName</name>
         <load_address>0x2000a1ac</load_address>
         <run_address>0x2000a1ac</run_address>
         <size>0x8c</size>
         <input_file_ref idref="fl-163"/>
      </object_component>
      <object_component id="oc-6c5">
         <name>.text:_sl_HandleAsync_PingResponse</name>
         <load_address>0x2000a238</load_address>
         <run_address>0x2000a238</run_address>
         <size>0x8c</size>
         <input_file_ref idref="fl-163"/>
      </object_component>
      <object_component id="oc-50e">
         <name>.text:PinConfigSet</name>
         <load_address>0x2000a2c4</load_address>
         <run_address>0x2000a2c4</run_address>
         <size>0x88</size>
         <input_file_ref idref="fl-15b"/>
      </object_component>
      <object_component id="oc-1e4">
         <name>.text</name>
         <load_address>0x2000a34c</load_address>
         <run_address>0x2000a34c</run_address>
         <size>0x88</size>
         <input_file_ref idref="fl-13b"/>
      </object_component>
      <object_component id="oc-52d">
         <name>.text:__aeabi_cdcmple</name>
         <load_address>0x2000a3d4</load_address>
         <run_address>0x2000a3d4</run_address>
         <size>0x86</size>
         <input_file_ref idref="fl-144"/>
      </object_component>
      <object_component id="oc-53c">
         <name>.text:__aeabi_cdrcmple</name>
         <load_address>0x2000a45a</load_address>
         <run_address>0x2000a45a</run_address>
         <size>0x86</size>
         <input_file_ref idref="fl-144"/>
      </object_component>
      <object_component id="oc-22a">
         <name>.text:NwpPowerOnPreamble</name>
         <load_address>0x2000a4e0</load_address>
         <run_address>0x2000a4e0</run_address>
         <size>0x84</size>
         <input_file_ref idref="fl-168"/>
      </object_component>
      <object_component id="oc-30b">
         <name>.text:GPIOIntTypeSet</name>
         <load_address>0x2000a564</load_address>
         <run_address>0x2000a564</run_address>
         <size>0x82</size>
         <input_file_ref idref="fl-159"/>
      </object_component>
      <object_component id="oc-27e">
         <name>.text:_SlDrvCmdOp</name>
         <load_address>0x2000a5e8</load_address>
         <run_address>0x2000a5e8</run_address>
         <size>0x80</size>
         <input_file_ref idref="fl-162"/>
      </object_component>
      <object_component id="oc-6d2">
         <name>.text:spi_Read_CPU</name>
         <load_address>0x2000a668</load_address>
         <run_address>0x2000a668</run_address>
         <size>0x80</size>
         <input_file_ref idref="fl-168"/>
      </object_component>
      <object_component id="oc-678">
         <name>.text:spi_Write_CPU</name>
         <load_address>0x2000a6e8</load_address>
         <run_address>0x2000a6e8</run_address>
         <size>0x80</size>
         <input_file_ref idref="fl-168"/>
      </object_component>
      <object_component id="oc-683">
         <name>.text:_sl_HandleAsync_InitComplete</name>
         <load_address>0x2000a768</load_address>
         <run_address>0x2000a768</run_address>
         <size>0x7c</size>
         <input_file_ref idref="fl-161"/>
      </object_component>
      <object_component id="oc-4f">
         <name>.text</name>
         <load_address>0x2000a7e4</load_address>
         <run_address>0x2000a7e4</run_address>
         <size>0x7a</size>
         <input_file_ref idref="fl-136"/>
      </object_component>
      <object_component id="oc-72e">
         <name>.text:_sl_HandleAsync_Connect</name>
         <load_address>0x2000a860</load_address>
         <run_address>0x2000a860</run_address>
         <size>0x78</size>
         <input_file_ref idref="fl-166"/>
      </object_component>
      <object_component id="oc-28e">
         <name>.text:spi_Close</name>
         <load_address>0x2000a8d8</load_address>
         <run_address>0x2000a8d8</run_address>
         <size>0x78</size>
         <input_file_ref idref="fl-168"/>
      </object_component>
      <object_component id="oc-1d8">
         <name>.text:UARTConfigSetExpClk</name>
         <load_address>0x2000a950</load_address>
         <run_address>0x2000a950</run_address>
         <size>0x76</size>
         <input_file_ref idref="fl-15d"/>
      </object_component>
      <object_component id="oc-19b">
         <name>.text:sl_Recv</name>
         <load_address>0x2000a9c8</load_address>
         <run_address>0x2000a9c8</run_address>
         <size>0x74</size>
         <input_file_ref idref="fl-166"/>
      </object_component>
      <object_component id="oc-e1">
         <name>.text:_SlNonOsMainLoopTask</name>
         <load_address>0x2000aa3c</load_address>
         <run_address>0x2000aa3c</run_address>
         <size>0x70</size>
         <input_file_ref idref="fl-165"/>
      </object_component>
      <object_component id="oc-76a">
         <name>.text:_SlDrvCmdSend</name>
         <load_address>0x2000aaac</load_address>
         <run_address>0x2000aaac</run_address>
         <size>0x6c</size>
         <input_file_ref idref="fl-162"/>
      </object_component>
      <object_component id="oc-61">
         <name>.text</name>
         <load_address>0x2000ab18</load_address>
         <run_address>0x2000ab18</run_address>
         <size>0x6c</size>
         <input_file_ref idref="fl-140"/>
      </object_component>
      <object_component id="oc-42">
         <name>.text</name>
         <load_address>0x2000ab84</load_address>
         <run_address>0x2000ab84</run_address>
         <size>0x6a</size>
         <input_file_ref idref="fl-130"/>
      </object_component>
      <object_component id="oc-718">
         <name>.text:_sl_NetAppSendTokenValue</name>
         <load_address>0x2000abf0</load_address>
         <run_address>0x2000abf0</run_address>
         <size>0x68</size>
         <input_file_ref idref="fl-163"/>
      </object_component>
      <object_component id="oc-14f">
         <name>.text:sl_DevSet</name>
         <load_address>0x2000ac58</load_address>
         <run_address>0x2000ac58</run_address>
         <size>0x68</size>
         <input_file_ref idref="fl-161"/>
      </object_component>
      <object_component id="oc-10b">
         <name>.text:sl_NetCfgSet</name>
         <load_address>0x2000acc0</load_address>
         <run_address>0x2000acc0</run_address>
         <size>0x68</size>
         <input_file_ref idref="fl-164"/>
      </object_component>
      <object_component id="oc-174">
         <name>.text:sl_SetSockOpt</name>
         <load_address>0x2000ad28</load_address>
         <run_address>0x2000ad28</run_address>
         <size>0x68</size>
         <input_file_ref idref="fl-166"/>
      </object_component>
      <object_component id="oc-111">
         <name>.text:sl_WlanSet</name>
         <load_address>0x2000ad90</load_address>
         <run_address>0x2000ad90</run_address>
         <size>0x68</size>
         <input_file_ref idref="fl-167"/>
      </object_component>
      <object_component id="oc-619">
         <name>.text</name>
         <load_address>0x2000adf8</load_address>
         <run_address>0x2000adf8</run_address>
         <size>0x66</size>
         <input_file_ref idref="fl-151"/>
      </object_component>
      <object_component id="oc-59b">
         <name>.text:uDMAChannelAttributeDisable</name>
         <load_address>0x2000ae60</load_address>
         <run_address>0x2000ae60</run_address>
         <size>0x64</size>
         <input_file_ref idref="fl-16b"/>
      </object_component>
      <object_component id="oc-742">
         <name>.text:uDMAChannelAttributeEnable</name>
         <load_address>0x2000aec4</load_address>
         <run_address>0x2000aec4</run_address>
         <size>0x64</size>
         <input_file_ref idref="fl-16b"/>
      </object_component>
      <object_component id="oc-728">
         <name>.text:_sl_HandleAsync_Accept</name>
         <load_address>0x2000af28</load_address>
         <run_address>0x2000af28</run_address>
         <size>0x60</size>
         <input_file_ref idref="fl-166"/>
      </object_component>
      <object_component id="oc-f9">
         <name>.text:sl_WlanPolicySet</name>
         <load_address>0x2000af88</load_address>
         <run_address>0x2000af88</run_address>
         <size>0x60</size>
         <input_file_ref idref="fl-167"/>
      </object_component>
      <object_component id="oc-3dc">
         <name>.text:_SlNonOsSemGet</name>
         <load_address>0x2000afe8</load_address>
         <run_address>0x2000afe8</run_address>
         <size>0x5c</size>
         <input_file_ref idref="fl-165"/>
      </object_component>
      <object_component id="oc-479">
         <name>.text:_SlNonOsSpawn</name>
         <load_address>0x2000b044</load_address>
         <run_address>0x2000b044</run_address>
         <size>0x5c</size>
         <input_file_ref idref="fl-165"/>
      </object_component>
      <object_component id="oc-16e">
         <name>.text:sl_Socket</name>
         <load_address>0x2000b0a0</load_address>
         <run_address>0x2000b0a0</run_address>
         <size>0x5c</size>
         <input_file_ref idref="fl-166"/>
      </object_component>
      <object_component id="oc-457">
         <name>.text:IntPendClear</name>
         <load_address>0x2000b0fc</load_address>
         <run_address>0x2000b0fc</run_address>
         <size>0x58</size>
         <input_file_ref idref="fl-15a"/>
      </object_component>
      <object_component id="oc-2ee">
         <name>.text:PRCMPeripheralReset</name>
         <load_address>0x2000b154</load_address>
         <run_address>0x2000b154</run_address>
         <size>0x58</size>
         <input_file_ref idref="fl-15c"/>
      </object_component>
      <object_component id="oc-546">
         <name>.text</name>
         <load_address>0x2000b1ac</load_address>
         <run_address>0x2000b1ac</run_address>
         <size>0x56</size>
         <input_file_ref idref="fl-14b"/>
      </object_component>
      <object_component id="oc-311">
         <name>.text:IntPrioritySet</name>
         <load_address>0x2000b204</load_address>
         <run_address>0x2000b204</run_address>
         <size>0x54</size>
         <input_file_ref idref="fl-15a"/>
      </object_component>
      <object_component id="oc-734">
         <name>.text:_sl_HandleAsync_Select</name>
         <load_address>0x2000b258</load_address>
         <run_address>0x2000b258</run_address>
         <size>0x54</size>
         <input_file_ref idref="fl-166"/>
      </object_component>
      <object_component id="oc-123">
         <name>.text:sl_WlanRxFilterSet</name>
         <load_address>0x2000b2ac</load_address>
         <run_address>0x2000b2ac</run_address>
         <size>0x54</size>
         <input_file_ref idref="fl-167"/>
      </object_component>
      <object_component id="oc-689">
         <name>.text:_sl_HandleAsync_Stop</name>
         <load_address>0x2000b300</load_address>
         <run_address>0x2000b300</run_address>
         <size>0x50</size>
         <input_file_ref idref="fl-161"/>
      </object_component>
      <object_component id="oc-422">
         <name>.text:SPIIntEnable</name>
         <load_address>0x2000b350</load_address>
         <run_address>0x2000b350</run_address>
         <size>0x4c</size>
         <input_file_ref idref="fl-16a"/>
      </object_component>
      <object_component id="oc-5e7">
         <name>.text:SPIIntNumberGet</name>
         <load_address>0x2000b39c</load_address>
         <run_address>0x2000b39c</run_address>
         <size>0x4c</size>
         <input_file_ref idref="fl-16a"/>
      </object_component>
      <object_component id="oc-23c">
         <name>.text:_SlDrvProtectAsyncRespSetting</name>
         <load_address>0x2000b3e8</load_address>
         <run_address>0x2000b3e8</run_address>
         <size>0x4c</size>
         <input_file_ref idref="fl-162"/>
      </object_component>
      <object_component id="oc-269">
         <name>.text:_SlDrvRxIrqHandler</name>
         <load_address>0x2000b434</load_address>
         <run_address>0x2000b434</run_address>
         <size>0x4c</size>
         <input_file_ref idref="fl-162"/>
      </object_component>
      <object_component id="oc-369">
         <name>.text:_sl_BuildAddress</name>
         <load_address>0x2000b480</load_address>
         <run_address>0x2000b480</run_address>
         <size>0x4c</size>
         <input_file_ref idref="fl-166"/>
      </object_component>
      <object_component id="oc-574">
         <name>.text</name>
         <load_address>0x2000b4cc</load_address>
         <run_address>0x2000b4cc</run_address>
         <size>0x4c</size>
         <input_file_ref idref="fl-13f"/>
      </object_component>
      <object_component id="oc-97">
         <name>.text</name>
         <load_address>0x2000b518</load_address>
         <run_address>0x2000b518</run_address>
         <size>0x4c</size>
         <input_file_ref idref="fl-141"/>
      </object_component>
      <object_component id="oc-595">
         <name>.text:uDMAChannelAssign</name>
         <load_address>0x2000b564</load_address>
         <run_address>0x2000b564</run_address>
         <size>0x4c</size>
         <input_file_ref idref="fl-16b"/>
      </object_component>
      <object_component id="oc-4f2">
         <name>.text:GPIOGetIntNumber</name>
         <load_address>0x2000b5b0</load_address>
         <run_address>0x2000b5b0</run_address>
         <size>0x48</size>
         <input_file_ref idref="fl-159"/>
      </object_component>
      <object_component id="oc-5b2">
         <name>.text:SPIIntClear</name>
         <load_address>0x2000b5f8</load_address>
         <run_address>0x2000b5f8</run_address>
         <size>0x48</size>
         <input_file_ref idref="fl-16a"/>
      </object_component>
      <object_component id="oc-2b1">
         <name>.text:_SlDrvBasicCmd</name>
         <load_address>0x2000b640</load_address>
         <run_address>0x2000b640</run_address>
         <size>0x48</size>
         <input_file_ref idref="fl-162"/>
      </object_component>
      <object_component id="oc-541">
         <name>.text</name>
         <load_address>0x2000b688</load_address>
         <run_address>0x2000b688</run_address>
         <size>0x48</size>
         <input_file_ref idref="fl-147"/>
      </object_component>
      <object_component id="oc-55c">
         <name>.text</name>
         <load_address>0x2000b6d0</load_address>
         <run_address>0x2000b6d0</run_address>
         <size>0x46</size>
         <input_file_ref idref="fl-14a"/>
      </object_component>
      <object_component id="oc-5a6">
         <name>.text:SPIDmaMaskGet</name>
         <load_address>0x2000b718</load_address>
         <run_address>0x2000b718</run_address>
         <size>0x44</size>
         <input_file_ref idref="fl-16a"/>
      </object_component>
      <object_component id="oc-6df">
         <name>.text:cc_SetupTransfer</name>
         <load_address>0x2000b75c</load_address>
         <run_address>0x2000b75c</run_address>
         <size>0x44</size>
         <input_file_ref idref="fl-168"/>
      </object_component>
      <object_component id="oc-6d">
         <name>.text</name>
         <load_address>0x2000b7a0</load_address>
         <run_address>0x2000b7a0</run_address>
         <size>0x44</size>
         <input_file_ref idref="fl-132"/>
      </object_component>
      <object_component id="oc-168">
         <name>.text:sl_Htonl</name>
         <load_address>0x2000b7e4</load_address>
         <run_address>0x2000b7e4</run_address>
         <size>0x42</size>
         <input_file_ref idref="fl-166"/>
      </object_component>
      <object_component id="oc-514">
         <name>.text:PinModeSet</name>
         <load_address>0x2000b828</load_address>
         <run_address>0x2000b828</run_address>
         <size>0x40</size>
         <input_file_ref idref="fl-15b"/>
      </object_component>
      <object_component id="oc-757">
         <name>.text</name>
         <load_address>0x2000b868</load_address>
         <run_address>0x2000b868</run_address>
         <size>0x40</size>
         <input_file_ref idref="fl-157"/>
      </object_component>
      <object_component id="oc-248">
         <name>.text:NwpRegisterInterruptHandler</name>
         <load_address>0x2000b8a8</load_address>
         <run_address>0x2000b8a8</run_address>
         <size>0x3e</size>
         <input_file_ref idref="fl-168"/>
      </object_component>
      <object_component id="oc-71f">
         <name>.text:CopyPingResultsToReport</name>
         <load_address>0x2000b8e6</load_address>
         <run_address>0x2000b8e6</run_address>
         <size>0x3c</size>
         <input_file_ref idref="fl-163"/>
      </object_component>
      <object_component id="oc-2e8">
         <name>.text:PRCMPeripheralClkEnable</name>
         <load_address>0x2000b924</load_address>
         <run_address>0x2000b924</run_address>
         <size>0x3c</size>
         <input_file_ref idref="fl-15c"/>
      </object_component>
      <object_component id="oc-392">
         <name>.text:_sl_TruncatePayloadByProtocol</name>
         <load_address>0x2000b960</load_address>
         <run_address>0x2000b960</run_address>
         <size>0x3c</size>
         <input_file_ref idref="fl-166"/>
      </object_component>
      <object_component id="oc-24">
         <name>.text</name>
         <load_address>0x2000b99c</load_address>
         <run_address>0x2000b99c</run_address>
         <size>0x3c</size>
         <input_file_ref idref="fl-12e"/>
      </object_component>
      <object_component id="oc-162">
         <name>.text:sl_Htons</name>
         <load_address>0x2000b9d8</load_address>
         <run_address>0x2000b9d8</run_address>
         <size>0x3c</size>
         <input_file_ref idref="fl-166"/>
      </object_component>
      <object_component id="oc-73c">
         <name>.text:uDMAChannelControlSet</name>
         <load_address>0x2000ba14</load_address>
         <run_address>0x2000ba14</run_address>
         <size>0x3c</size>
         <input_file_ref idref="fl-16b"/>
      </object_component>
      <object_component id="oc-242">
         <name>.text:NwpPowerOff</name>
         <load_address>0x2000ba50</load_address>
         <run_address>0x2000ba50</run_address>
         <size>0x38</size>
         <input_file_ref idref="fl-168"/>
      </object_component>
      <object_component id="oc-37d">
         <name>.text:GPIODirModeSet</name>
         <load_address>0x2000ba88</load_address>
         <run_address>0x2000ba88</run_address>
         <size>0x36</size>
         <input_file_ref idref="fl-159"/>
      </object_component>
      <object_component id="oc-117">
         <name>.text:sl_NetAppMDNSUnRegisterService</name>
         <load_address>0x2000babe</load_address>
         <run_address>0x2000babe</run_address>
         <size>0x36</size>
         <input_file_ref idref="fl-163"/>
      </object_component>
      <object_component id="oc-3fe">
         <name>.text:PRCMPeripheralStatusGet</name>
         <load_address>0x2000baf4</load_address>
         <run_address>0x2000baf4</run_address>
         <size>0x34</size>
         <input_file_ref idref="fl-15c"/>
      </object_component>
      <object_component id="oc-416">
         <name>.text:SPIFIFOLevelSet</name>
         <load_address>0x2000bb28</load_address>
         <run_address>0x2000bb28</run_address>
         <size>0x34</size>
         <input_file_ref idref="fl-16a"/>
      </object_component>
      <object_component id="oc-6a4">
         <name>.text</name>
         <load_address>0x2000bb5c</load_address>
         <run_address>0x2000bb5c</run_address>
         <size>0x34</size>
         <input_file_ref idref="fl-155"/>
      </object_component>
      <object_component id="oc-377">
         <name>.text:PinTypeGPIO</name>
         <load_address>0x2000bb90</load_address>
         <run_address>0x2000bb90</run_address>
         <size>0x30</size>
         <input_file_ref idref="fl-15b"/>
      </object_component>
      <object_component id="oc-3ab">
         <name>.text:UARTDisable</name>
         <load_address>0x2000bbc0</load_address>
         <run_address>0x2000bbc0</run_address>
         <size>0x30</size>
         <input_file_ref idref="fl-15d"/>
      </object_component>
      <object_component id="oc-5f0">
         <name>.text:_SlDrvDeviceEventHandler</name>
         <load_address>0x2000bbf0</load_address>
         <run_address>0x2000bbf0</run_address>
         <size>0x30</size>
         <input_file_ref idref="fl-161"/>
      </object_component>
      <object_component id="oc-627">
         <name>.text</name>
         <load_address>0x2000bc20</load_address>
         <run_address>0x2000bc20</run_address>
         <size>0x30</size>
         <input_file_ref idref="fl-152"/>
      </object_component>
      <object_component id="oc-195">
         <name>.text:sl_Close</name>
         <load_address>0x2000bc50</load_address>
         <run_address>0x2000bc50</run_address>
         <size>0x30</size>
         <input_file_ref idref="fl-166"/>
      </object_component>
      <object_component id="oc-ff">
         <name>.text:sl_WlanProfileDel</name>
         <load_address>0x2000bc80</load_address>
         <run_address>0x2000bc80</run_address>
         <size>0x30</size>
         <input_file_ref idref="fl-167"/>
      </object_component>
      <object_component id="oc-e7">
         <name>.text:sl_WlanSetMode</name>
         <load_address>0x2000bcb0</load_address>
         <run_address>0x2000bcb0</run_address>
         <size>0x30</size>
         <input_file_ref idref="fl-167"/>
      </object_component>
      <object_component id="oc-54c">
         <name>.text</name>
         <load_address>0x2000bce0</load_address>
         <run_address>0x2000bce0</run_address>
         <size>0x2e</size>
         <input_file_ref idref="fl-149"/>
      </object_component>
      <object_component id="oc-6fc">
         <name>.text</name>
         <load_address>0x2000bd0e</load_address>
         <run_address>0x2000bd0e</run_address>
         <size>0x2e</size>
         <input_file_ref idref="fl-156"/>
      </object_component>
      <object_component id="oc-24e">
         <name>.text:NwpPowerOn</name>
         <load_address>0x2000bd3c</load_address>
         <run_address>0x2000bd3c</run_address>
         <size>0x2c</size>
         <input_file_ref idref="fl-168"/>
      </object_component>
      <object_component id="oc-2fa">
         <name>.text:PRCMSysResetCauseGet</name>
         <load_address>0x2000bd68</load_address>
         <run_address>0x2000bd68</run_address>
         <size>0x2c</size>
         <input_file_ref idref="fl-15c"/>
      </object_component>
      <object_component id="oc-568">
         <name>.text</name>
         <load_address>0x2000bd94</load_address>
         <run_address>0x2000bd94</run_address>
         <size>0x2a</size>
         <input_file_ref idref="fl-14f"/>
      </object_component>
      <object_component id="oc-2f4">
         <name>.text:PRCMPeripheralClkDisable</name>
         <load_address>0x2000bdc0</load_address>
         <run_address>0x2000bdc0</run_address>
         <size>0x28</size>
         <input_file_ref idref="fl-15c"/>
      </object_component>
      <object_component id="oc-434">
         <name>.text:DmaSpiSwIntHandler</name>
         <load_address>0x2000bde8</load_address>
         <run_address>0x2000bde8</run_address>
         <size>0x24</size>
         <input_file_ref idref="fl-168"/>
      </object_component>
      <object_component id="oc-451">
         <name>.text:IntUnregister</name>
         <load_address>0x2000be0c</load_address>
         <run_address>0x2000be0c</run_address>
         <size>0x24</size>
         <input_file_ref idref="fl-15a"/>
      </object_component>
      <object_component id="oc-3b1">
         <name>.text:UARTEnable</name>
         <load_address>0x2000be30</load_address>
         <run_address>0x2000be30</run_address>
         <size>0x24</size>
         <input_file_ref idref="fl-15d"/>
      </object_component>
      <object_component id="oc-347">
         <name>.text:_SlDrvProtectionObjLockWaitForever</name>
         <load_address>0x2000be54</load_address>
         <run_address>0x2000be54</run_address>
         <size>0x24</size>
         <input_file_ref idref="fl-162"/>
      </object_component>
      <object_component id="oc-1f6">
         <name>.text</name>
         <load_address>0x2000be78</load_address>
         <run_address>0x2000be78</run_address>
         <size>0x24</size>
         <input_file_ref idref="fl-134"/>
      </object_component>
      <object_component id="oc-3f2">
         <name>.text:SPIReset</name>
         <load_address>0x2000be9c</load_address>
         <run_address>0x2000be9c</run_address>
         <size>0x22</size>
         <input_file_ref idref="fl-16a"/>
      </object_component>
      <object_component id="oc-672">
         <name>.text:SPIWordCountSet</name>
         <load_address>0x2000bebe</load_address>
         <run_address>0x2000bebe</run_address>
         <size>0x22</size>
         <input_file_ref idref="fl-16a"/>
      </object_component>
      <object_component id="oc-556">
         <name>.text</name>
         <load_address>0x2000bee0</load_address>
         <run_address>0x2000bee0</run_address>
         <size>0x22</size>
         <input_file_ref idref="fl-148"/>
      </object_component>
      <object_component id="oc-329">
         <name>.text:GPIOPinWrite</name>
         <load_address>0x2000bf02</load_address>
         <run_address>0x2000bf02</run_address>
         <size>0x20</size>
         <input_file_ref idref="fl-159"/>
      </object_component>
      <object_component id="oc-41c">
         <name>.text:IntRegister</name>
         <load_address>0x2000bf24</load_address>
         <run_address>0x2000bf24</run_address>
         <size>0x20</size>
         <input_file_ref idref="fl-15a"/>
      </object_component>
      <object_component id="oc-34d">
         <name>.text:_SlDrvProtectionObjUnLock</name>
         <load_address>0x2000bf44</load_address>
         <run_address>0x2000bf44</run_address>
         <size>0x20</size>
         <input_file_ref idref="fl-162"/>
      </object_component>
      <object_component id="oc-317">
         <name>.text:GPIOIntRegister</name>
         <load_address>0x2000bf64</load_address>
         <run_address>0x2000bf64</run_address>
         <size>0x1e</size>
         <input_file_ref idref="fl-159"/>
      </object_component>
      <object_component id="oc-1de">
         <name>.text:UARTCharPut</name>
         <load_address>0x2000bf82</load_address>
         <run_address>0x2000bf82</run_address>
         <size>0x1e</size>
         <input_file_ref idref="fl-15d"/>
      </object_component>
      <object_component id="oc-49d">
         <name>.text:_SlDrvObjLockWaitForever</name>
         <load_address>0x2000bfa0</load_address>
         <run_address>0x2000bfa0</run_address>
         <size>0x1e</size>
         <input_file_ref idref="fl-162"/>
      </object_component>
      <object_component id="oc-254">
         <name>.text:_SlDrvSyncObjWaitForever</name>
         <load_address>0x2000bfbe</load_address>
         <run_address>0x2000bfbe</run_address>
         <size>0x1e</size>
         <input_file_ref idref="fl-162"/>
      </object_component>
      <object_component id="oc-404">
         <name>.text:cc_UDMAChannelSelect</name>
         <load_address>0x2000bfdc</load_address>
         <run_address>0x2000bfdc</run_address>
         <size>0x1e</size>
         <input_file_ref idref="fl-168"/>
      </object_component>
      <object_component id="oc-1f0">
         <name>.text:UARTCharGetNonBlocking</name>
         <load_address>0x2000bffa</load_address>
         <run_address>0x2000bffa</run_address>
         <size>0x1c</size>
         <input_file_ref idref="fl-15d"/>
      </object_component>
      <object_component id="oc-56e">
         <name>.text</name>
         <load_address>0x2000c016</load_address>
         <run_address>0x2000c016</run_address>
         <size>0x1c</size>
         <input_file_ref idref="fl-14c"/>
      </object_component>
      <object_component id="oc-74e">
         <name>.text:uDMAChannelEnable</name>
         <load_address>0x2000c034</load_address>
         <run_address>0x2000c034</run_address>
         <size>0x1c</size>
         <input_file_ref idref="fl-16b"/>
      </object_component>
      <object_component id="oc-323">
         <name>.text:GPIOIntEnable</name>
         <load_address>0x2000c050</load_address>
         <run_address>0x2000c050</run_address>
         <size>0x1a</size>
         <input_file_ref idref="fl-159"/>
      </object_component>
      <object_component id="oc-383">
         <name>.text:PinTypeSPI</name>
         <load_address>0x2000c06a</load_address>
         <run_address>0x2000c06a</run_address>
         <size>0x1a</size>
         <input_file_ref idref="fl-15b"/>
      </object_component>
      <object_component id="oc-389">
         <name>.text:PinTypeUART</name>
         <load_address>0x2000c084</load_address>
         <run_address>0x2000c084</run_address>
         <size>0x1a</size>
         <input_file_ref idref="fl-15b"/>
      </object_component>
      <object_component id="oc-4c6">
         <name>.text:SPIDmaDisable</name>
         <load_address>0x2000c09e</load_address>
         <run_address>0x2000c09e</run_address>
         <size>0x1a</size>
         <input_file_ref idref="fl-16a"/>
      </object_component>
      <object_component id="oc-410">
         <name>.text:SPIDmaEnable</name>
         <load_address>0x2000c0b8</load_address>
         <run_address>0x2000c0b8</run_address>
         <size>0x1a</size>
         <input_file_ref idref="fl-16a"/>
      </object_component>
      <object_component id="oc-4c0">
         <name>.text:SPIFIFODisable</name>
         <load_address>0x2000c0d2</load_address>
         <run_address>0x2000c0d2</run_address>
         <size>0x1a</size>
         <input_file_ref idref="fl-16a"/>
      </object_component>
      <object_component id="oc-40a">
         <name>.text:SPIFIFOEnable</name>
         <load_address>0x2000c0ec</load_address>
         <run_address>0x2000c0ec</run_address>
         <size>0x1a</size>
         <input_file_ref idref="fl-16a"/>
      </object_component>
      <object_component id="oc-4ba">
         <name>.text:SPIIntUnregister</name>
         <load_address>0x2000c106</load_address>
         <run_address>0x2000c106</run_address>
         <size>0x1a</size>
         <input_file_ref idref="fl-16a"/>
      </object_component>
      <object_component id="oc-4af">
         <name>.text:_SlDrvObjUnLock</name>
         <load_address>0x2000c120</load_address>
         <run_address>0x2000c120</run_address>
         <size>0x1a</size>
         <input_file_ref idref="fl-162"/>
      </object_component>
      <object_component id="oc-46c">
         <name>.text:_SlDrvSyncObjSignal</name>
         <load_address>0x2000c13a</load_address>
         <run_address>0x2000c13a</run_address>
         <size>0x1a</size>
         <input_file_ref idref="fl-162"/>
      </object_component>
      <object_component id="oc-335">
         <name>.text:GPIOPinRead</name>
         <load_address>0x2000c154</load_address>
         <run_address>0x2000c154</run_address>
         <size>0x18</size>
         <input_file_ref idref="fl-159"/>
      </object_component>
      <object_component id="oc-3e6">
         <name>.text:SPICSDisable</name>
         <load_address>0x2000c16c</load_address>
         <run_address>0x2000c16c</run_address>
         <size>0x18</size>
         <input_file_ref idref="fl-16a"/>
      </object_component>
      <object_component id="oc-66c">
         <name>.text:SPICSEnable</name>
         <load_address>0x2000c184</load_address>
         <run_address>0x2000c184</run_address>
         <size>0x18</size>
         <input_file_ref idref="fl-16a"/>
      </object_component>
      <object_component id="oc-3ec">
         <name>.text:SPIDisable</name>
         <load_address>0x2000c19c</load_address>
         <run_address>0x2000c19c</run_address>
         <size>0x18</size>
         <input_file_ref idref="fl-16a"/>
      </object_component>
      <object_component id="oc-428">
         <name>.text:SPIEnable</name>
         <load_address>0x2000c1b4</load_address>
         <run_address>0x2000c1b4</run_address>
         <size>0x18</size>
         <input_file_ref idref="fl-16a"/>
      </object_component>
      <object_component id="oc-1ea">
         <name>.text:UARTCharsAvail</name>
         <load_address>0x2000c1cc</load_address>
         <run_address>0x2000c1cc</run_address>
         <size>0x18</size>
         <input_file_ref idref="fl-15d"/>
      </object_component>
      <object_component id="oc-3d6">
         <name>.text:_SlNonOsSemSet</name>
         <load_address>0x2000c1e4</load_address>
         <run_address>0x2000c1e4</run_address>
         <size>0x18</size>
         <input_file_ref idref="fl-165"/>
      </object_component>
      <object_component id="oc-260">
         <name>.text:_sl_GetStartResponseConvert</name>
         <load_address>0x2000c1fc</load_address>
         <run_address>0x2000c1fc</run_address>
         <size>0x18</size>
         <input_file_ref idref="fl-161"/>
      </object_component>
      <object_component id="oc-67">
         <name>.text</name>
         <load_address>0x2000c214</load_address>
         <run_address>0x2000c214</run_address>
         <size>0x18</size>
         <input_file_ref idref="fl-13e"/>
      </object_component>
      <object_component id="oc-2dc">
         <name>.text:PRCMHIBRegRead</name>
         <load_address>0x2000c22c</load_address>
         <run_address>0x2000c22c</run_address>
         <size>0x16</size>
         <input_file_ref idref="fl-15c"/>
      </object_component>
      <object_component id="oc-2e2">
         <name>.text:PRCMHIBRegWrite</name>
         <load_address>0x2000c242</load_address>
         <run_address>0x2000c242</run_address>
         <size>0x16</size>
         <input_file_ref idref="fl-15c"/>
      </object_component>
      <object_component id="oc-301">
         <name>.text:_SlDrvMemZero</name>
         <load_address>0x2000c258</load_address>
         <run_address>0x2000c258</run_address>
         <size>0x16</size>
         <input_file_ref idref="fl-162"/>
      </object_component>
      <object_component id="oc-562">
         <name>.text</name>
         <load_address>0x2000c26e</load_address>
         <run_address>0x2000c26e</run_address>
         <size>0x16</size>
         <input_file_ref idref="fl-14d"/>
      </object_component>
      <object_component id="oc-2d1">
         <name>.text:CPUcpsie</name>
         <load_address>0x2000c284</load_address>
         <run_address>0x2000c284</run_address>
         <size>0x14</size>
         <input_file_ref idref="fl-15f"/>
      </object_component>
      <object_component id="oc-31d">
         <name>.text:GPIOIntClear</name>
         <load_address>0x2000c298</load_address>
         <run_address>0x2000c298</run_address>
         <size>0x14</size>
         <input_file_ref idref="fl-159"/>
      </object_component>
      <object_component id="oc-12a">
         <name>.text:IntVTableBaseSet</name>
         <load_address>0x2000c2ac</load_address>
         <run_address>0x2000c2ac</run_address>
         <size>0x14</size>
         <input_file_ref idref="fl-15a"/>
      </object_component>
      <object_component id="oc-1bd">
         <name>.text</name>
         <load_address>0x2000c2c0</load_address>
         <run_address>0x2000c2c0</run_address>
         <size>0x14</size>
         <input_file_ref idref="fl-13c"/>
      </object_component>
      <object_component id="oc-189">
         <name>.text</name>
         <load_address>0x2000c2d4</load_address>
         <run_address>0x2000c2d4</run_address>
         <size>0x14</size>
         <input_file_ref idref="fl-139"/>
      </object_component>
      <object_component id="oc-156">
         <name>.text</name>
         <load_address>0x2000c2e8</load_address>
         <run_address>0x2000c2e8</run_address>
         <size>0x14</size>
         <input_file_ref idref="fl-13a"/>
      </object_component>
      <object_component id="oc-2a3">
         <name>.text:_SlDrvResetCmdExt</name>
         <load_address>0x2000c2fc</load_address>
         <run_address>0x2000c2fc</run_address>
         <size>0xe</size>
         <input_file_ref idref="fl-162"/>
      </object_component>
      <object_component id="oc-12">
         <name>.text:decompress:none</name>
         <load_address>0x2000c30a</load_address>
         <run_address>0x2000c30a</run_address>
         <size>0xe</size>
         <input_file_ref idref="fl-12f"/>
      </object_component>
      <object_component id="oc-2d">
         <name>.text</name>
         <load_address>0x2000c318</load_address>
         <run_address>0x2000c318</run_address>
         <size>0xe</size>
         <input_file_ref idref="fl-5"/>
      </object_component>
      <object_component id="oc-444">
         <name>.text:NwpMaskInterrupt</name>
         <load_address>0x2000c328</load_address>
         <run_address>0x2000c328</run_address>
         <size>0xc</size>
         <input_file_ref idref="fl-168"/>
      </object_component>
      <object_component id="oc-45e">
         <name>.text:NwpUnMaskInterrupt</name>
         <load_address>0x2000c334</load_address>
         <run_address>0x2000c334</run_address>
         <size>0xc</size>
         <input_file_ref idref="fl-168"/>
      </object_component>
      <object_component id="oc-1e">
         <name>.text:decompress:ZI</name>
         <load_address>0x2000c340</load_address>
         <run_address>0x2000c340</run_address>
         <size>0xc</size>
         <input_file_ref idref="fl-131"/>
      </object_component>
      <object_component id="oc-105">
         <name>.text:sl_WlanDisconnect</name>
         <load_address>0x2000c34c</load_address>
         <run_address>0x2000c34c</run_address>
         <size>0xc</size>
         <input_file_ref idref="fl-167"/>
      </object_component>
      <object_component id="oc-130">
         <name>.text:IntMasterEnable</name>
         <load_address>0x2000c358</load_address>
         <run_address>0x2000c358</run_address>
         <size>0xa</size>
         <input_file_ref idref="fl-15a"/>
      </object_component>
      <object_component id="oc-14e">
         <name>.text:UtilsDelay</name>
         <load_address>0x2000c362</load_address>
         <run_address>0x2000c362</run_address>
         <size>0x6</size>
         <input_file_ref idref="fl-15e"/>
      </object_component>
      <object_component id="oc-18">
         <name>.text:decompress:rle24</name>
         <load_address>0x2000c368</load_address>
         <run_address>0x2000c368</run_address>
         <size>0x6</size>
         <input_file_ref idref="fl-130"/>
      </object_component>
      <object_component id="oc-5b">
         <name>.text</name>
         <load_address>0x2000c36e</load_address>
         <run_address>0x2000c36e</run_address>
         <size>0x4</size>
         <input_file_ref idref="fl-137"/>
      </object_component>
      <object_component id="oc-635">
         <name>.const:.string:_ctypes_</name>
         <load_address>0x2000c374</load_address>
         <run_address>0x2000c374</run_address>
         <size>0x101</size>
         <input_file_ref idref="fl-142"/>
      </object_component>
      <object_component id="oc-608">
         <name>.const:g_ulPinToPadMap</name>
         <load_address>0x2000c478</load_address>
         <run_address>0x2000c478</run_address>
         <size>0x100</size>
         <input_file_ref idref="fl-15b"/>
      </object_component>
      <object_component id="oc-4ee">
         <name>.const:g_pulRegs</name>
         <load_address>0x2000c578</load_address>
         <run_address>0x2000c578</run_address>
         <size>0xd4</size>
         <input_file_ref idref="fl-15a"/>
      </object_component>
      <object_component id="oc-307">
         <name>.const:$P$T0$1</name>
         <load_address>0x2000c64c</load_address>
         <run_address>0x2000c64c</run_address>
         <size>0xb0</size>
         <input_file_ref idref="fl-167"/>
      </object_component>
      <object_component id="oc-4e2">
         <name>.const:PRCM_PeriphRegsList</name>
         <load_address>0x2000c6fc</load_address>
         <run_address>0x2000c6fc</run_address>
         <size>0xa8</size>
         <input_file_ref idref="fl-15c"/>
      </object_component>
      <object_component id="oc-2d8">
         <name>.const</name>
         <load_address>0x2000c7a4</load_address>
         <run_address>0x2000c7a4</run_address>
         <size>0x80</size>
         <input_file_ref idref="fl-15a"/>
      </object_component>
      <object_component id="oc-155">
         <name>.const:.string</name>
         <load_address>0x2000c824</load_address>
         <run_address>0x2000c824</run_address>
         <size>0x40</size>
         <input_file_ref idref="fl-3"/>
      </object_component>
      <object_component id="oc-662">
         <name>.const:OpcodeTranslateTable</name>
         <load_address>0x2000c864</load_address>
         <run_address>0x2000c864</run_address>
         <size>0x3c</size>
         <input_file_ref idref="fl-162"/>
      </object_component>
      <object_component id="oc-284">
         <name>.const</name>
         <load_address>0x2000c8a0</load_address>
         <run_address>0x2000c8a0</run_address>
         <size>0x3c</size>
         <input_file_ref idref="fl-167"/>
      </object_component>
      <object_component id="oc-6d9">
         <name>.const:_SlActionLookupTable</name>
         <load_address>0x2000c8dc</load_address>
         <run_address>0x2000c8dc</run_address>
         <size>0x38</size>
         <input_file_ref idref="fl-162"/>
      </object_component>
      <object_component id="oc-4d1">
         <name>.const</name>
         <load_address>0x2000c914</load_address>
         <run_address>0x2000c914</run_address>
         <size>0x34</size>
         <input_file_ref idref="fl-162"/>
      </object_component>
      <object_component id="oc-35f">
         <name>.const</name>
         <load_address>0x2000c948</load_address>
         <run_address>0x2000c948</run_address>
         <size>0x34</size>
         <input_file_ref idref="fl-166"/>
      </object_component>
      <object_component id="oc-11d">
         <name>.const:$P$T1$2</name>
         <load_address>0x2000c97c</load_address>
         <run_address>0x2000c97c</run_address>
         <size>0x2c</size>
         <input_file_ref idref="fl-3"/>
      </object_component>
      <object_component id="oc-353">
         <name>.const</name>
         <load_address>0x2000c9a8</load_address>
         <run_address>0x2000c9a8</run_address>
         <size>0x28</size>
         <input_file_ref idref="fl-163"/>
      </object_component>
      <object_component id="oc-67f">
         <name>.const:g_ppulSPIIntMap</name>
         <load_address>0x2000c9d0</load_address>
         <run_address>0x2000c9d0</run_address>
         <size>0x24</size>
         <input_file_ref idref="fl-16a"/>
      </object_component>
      <object_component id="oc-129">
         <name>.const:.string:$P$T0$1</name>
         <load_address>0x2000c9f4</load_address>
         <run_address>0x2000c9f4</run_address>
         <size>0x22</size>
         <input_file_ref idref="fl-3"/>
      </object_component>
      <object_component id="oc-120">
         <name>.const</name>
         <load_address>0x2000ca18</load_address>
         <run_address>0x2000ca18</run_address>
         <size>0x20</size>
         <input_file_ref idref="fl-3"/>
      </object_component>
      <object_component id="oc-643">
         <name>.const</name>
         <load_address>0x2000ca38</load_address>
         <run_address>0x2000ca38</run_address>
         <size>0x18</size>
         <input_file_ref idref="fl-16a"/>
      </object_component>
      <object_component id="oc-29a">
         <name>.const</name>
         <load_address>0x2000ca50</load_address>
         <run_address>0x2000ca50</run_address>
         <size>0x14</size>
         <input_file_ref idref="fl-161"/>
      </object_component>
      <object_component id="oc-520">
         <name>.const:.string</name>
         <load_address>0x2000ca64</load_address>
         <run_address>0x2000ca64</run_address>
         <size>0x10</size>
         <input_file_ref idref="fl-166"/>
      </object_component>
      <object_component id="oc-473">
         <name>.const:.string</name>
         <load_address>0x2000ca74</load_address>
         <run_address>0x2000ca74</run_address>
         <size>0x8</size>
         <input_file_ref idref="fl-161"/>
      </object_component>
      <object_component id="oc-2b8">
         <name>.const</name>
         <load_address>0x2000ca7c</load_address>
         <run_address>0x2000ca7c</run_address>
         <size>0x8</size>
         <input_file_ref idref="fl-164"/>
      </object_component>
      <object_component id="oc-7b7">
         <name>.cinit..data.load</name>
         <load_address>0x2000ca88</load_address>
         <run_address>0x2000ca88</run_address>
         <size>0x69</size>
      </object_component>
      <object_component id="oc-7b5">
         <name>__TI_handler_table</name>
         <load_address>0x2000caf4</load_address>
         <run_address>0x2000caf4</run_address>
         <size>0xc</size>
      </object_component>
      <object_component id="oc-7b8">
         <name>.cinit..bss.load</name>
         <load_address>0x2000cb00</load_address>
         <run_address>0x2000cb00</run_address>
         <size>0x8</size>
      </object_component>
      <object_component id="oc-7b6">
         <name>__TI_cinit_table</name>
         <load_address>0x2000cb08</load_address>
         <run_address>0x2000cb08</run_address>
         <size>0x10</size>
      </object_component>
      <object_component id="oc-2a">
         <name>.sysmem</name>
         <uninitialized>true</uninitialized>
         <run_address>0x20017000</run_address>
         <size>0x8</size>
         <input_file_ref idref="fl-135"/>
      </object_component>
      <object_component id="oc-7ba">
         <name>.sysmem</name>
         <uninitialized>true</uninitialized>
         <run_address>0x20017000</run_address>
         <size>0x0</size>
      </object_component>
      <object_component id="oc-29">
         <name>.stack</name>
         <uninitialized>true</uninitialized>
         <run_address>0x2002f000</run_address>
         <size>0x0</size>
         <input_file_ref idref="fl-12e"/>
      </object_component>
      <object_component id="oc-7b9">
         <name>.stack</name>
         <uninitialized>true</uninitialized>
         <run_address>0x2002f000</run_address>
         <size>0x0</size>
      </object_component>
      <object_component id="oc-d5">
         <name>.bss:g_ucConnectionSSID</name>
         <uninitialized>true</uninitialized>
         <run_address>0x2001f20c</run_address>
         <size>0x24</size>
         <input_file_ref idref="fl-3"/>
      </object_component>
      <object_component id="oc-180">
         <name>.bss:g_time</name>
         <uninitialized>true</uninitialized>
         <run_address>0x2001f1b8</run_address>
         <size>0x2c</size>
         <input_file_ref idref="fl-3"/>
      </object_component>
      <object_component id="oc-3e2">
         <name>.bss:g_StatMem</name>
         <uninitialized>true</uninitialized>
         <run_address>0x2001f000</run_address>
         <size>0x168</size>
         <input_file_ref idref="fl-162"/>
      </object_component>
      <object_component id="oc-276">
         <name>.bss:g__SlNonOsCB</name>
         <uninitialized>true</uninitialized>
         <run_address>0x2001f1e4</run_address>
         <size>0x28</size>
         <input_file_ref idref="fl-165"/>
      </object_component>
      <object_component id="oc-431">
         <name>.bss:g_ucDinDout</name>
         <uninitialized>true</uninitialized>
         <run_address>0x2001f168</run_address>
         <size>0x50</size>
         <input_file_ref idref="fl-168"/>
      </object_component>
      <object_component id="oc-332">
         <name>.common:g_ucLED1Pin</name>
         <uninitialized>true</uninitialized>
         <run_address>0x2001f23e</run_address>
         <size>0x1</size>
[...]
      </symbol>
      <symbol id="sm-c6b">
         <name>_SlDrvDataReadOp</name>
         <value>0x200088e5</value>
         <object_component_ref idref="oc-3a0"/>
      </symbol>
      <symbol id="sm-c6c">
         <name>_SlDrvDataWriteOp</name>
         <value>0x20008b21</value>
         <object_component_ref idref="oc-398"/>
      </symbol>
      <symbol id="sm-c6d">
         <name>_SlDrvRxIrqHandler</name>
         <value>0x2000b435</value>
         <object_component_ref idref="oc-269"/>
      </symbol>
      <symbol id="sm-c6e">
         <name>_SlDrvMsgRead</name>
         <value>0x200064f5</value>
         <object_component_ref idref="oc-5d0"/>
      </symbol>
      <symbol id="sm-c6f">
         <name>_SlDrvSyncObjWaitForever</name>
         <value>0x2000bfbf</value>
         <object_component_ref idref="oc-254"/>
      </symbol>
      <symbol id="sm-c70">
         <name>g_H2NSyncPattern</name>
         <value>0x2000c914</value>
         <object_component_ref idref="oc-4d1"/>
      </symbol>
      <symbol id="sm-c71">
         <name>_SlDrvCmdSend</name>
         <value>0x2000aaad</value>
         <object_component_ref idref="oc-76a"/>
      </symbol>
      <symbol id="sm-c72">
         <name>_SlActionLookupTable</name>
         <value>0x2000c8dc</value>
         <object_component_ref idref="oc-6d9"/>
      </symbol>
      <symbol id="sm-d04">
         <name>sl_NetAppMDNSUnRegisterService</name>
         <value>0x2000babf</value>
         <object_component_ref idref="oc-117"/>
      </symbol>
      <symbol id="sm-d05">
         <name>_SlNetAppSendTokenValueCmdCtrl</name>
         <value>0x2000c9c4</value>
         <object_component_ref idref="oc-353"/>
      </symbol>
      <symbol id="sm-d06">
         <name>_SlGetServiceListeCtrl</name>
         <value>0x2000c9b0</value>
         <object_component_ref idref="oc-353"/>
      </symbol>
      <symbol id="sm-d07">
         <name>_SlNetAppStopCtrl</name>
         <value>0x2000c9ac</value>
         <object_component_ref idref="oc-353"/>
      </symbol>
      <symbol id="sm-d08">
         <name>_SlNetAppSetCmdCtrl</name>
         <value>0x2000c9c0</value>
         <object_component_ref idref="oc-353"/>
      </symbol>
      <symbol id="sm-d09">
         <name>_SlNetAppGetCmdCtrl</name>
         <value>0x2000c9c8</value>
         <object_component_ref idref="oc-353"/>
      </symbol>
      <symbol id="sm-d0a">
         <name>sl_NetAppDnsGetHostByName</name>
         <value>0x20008e39</value>
         <object_component_ref idref="oc-15c"/>
      </symbol>
      <symbol id="sm-d0b">
         <name>_sl_HandleAsync_DnsGetHostByName</name>
         <value>0x2000a1ad</value>
         <object_component_ref idref="oc-70c"/>
      </symbol>
      <symbol id="sm-d0c">
         <name>_SlRegisterServiceCtrl</name>
         <value>0x2000c9b4</value>
         <object_component_ref idref="oc-353"/>
      </symbol>
      <symbol id="sm-d0d">
         <name>_sl_HandleAsync_PingResponse</name>
         <value>0x2000a239</value>
         <object_component_ref idref="oc-6c5"/>
      </symbol>
      <symbol id="sm-d0e">
         <name>_SlNetAppStartCtrl</name>
         <value>0x2000c9a8</value>
         <object_component_ref idref="oc-353"/>
      </symbol>
      <symbol id="sm-d0f">
         <name>_SlDrvNetAppEventHandler</name>
         <value>0x2000903d</value>
         <object_component_ref idref="oc-6bf"/>
      </symbol>
      <symbol id="sm-d10">
         <name>_sl_HandleAsync_DnsGetHostByService</name>
         <value>0x200095c5</value>
         <object_component_ref idref="oc-712"/>
      </symbol>
      <symbol id="sm-d11">
         <name>_sl_NetAppSendTokenValue</name>
         <value>0x2000abf1</value>
         <object_component_ref idref="oc-718"/>
      </symbol>
      <symbol id="sm-d12">
         <name>CopyPingResultsToReport</name>
         <value>0x2000b8e7</value>
         <object_component_ref idref="oc-71f"/>
      </symbol>
      <symbol id="sm-d13">
         <name>_SlGetHostByNameCtrl</name>
         <value>0x2000c9bc</value>
         <object_component_ref idref="oc-353"/>
      </symbol>
      <symbol id="sm-d14">
         <name>_SlGetHostByServiceCtrl</name>
         <value>0x2000c9b8</value>
         <object_component_ref idref="oc-353"/>
      </symbol>
      <symbol id="sm-d15">
         <name>sl_NetAppMDNSRegisterUnregisterService</name>
         <value>0x20009a41</value>
         <object_component_ref idref="oc-2c3"/>
      </symbol>
      <symbol id="sm-d32">
         <name>_SlNetCfgSetCmdCtrl</name>
         <value>0x2000ca7c</value>
         <object_component_ref idref="oc-2b8"/>
      </symbol>
      <symbol id="sm-d33">
         <name>_SlNetCfgGetCmdCtrl</name>
         <value>0x2000ca80</value>
         <object_component_ref idref="oc-2b8"/>
      </symbol>
      <symbol id="sm-d34">
         <name>sl_NetCfgSet</name>
         <value>0x2000acc1</value>
         <object_component_ref idref="oc-10b"/>
      </symbol>
      <symbol id="sm-d76">
         <name>_SlNonOsSemSet</name>
         <value>0x2000c1e5</value>
         <object_component_ref idref="oc-3d6"/>
      </symbol>
      <symbol id="sm-d77">
         <name>_SlNonOsSpawn</name>
         <value>0x2000b045</value>
         <object_component_ref idref="oc-479"/>
      </symbol>
      <symbol id="sm-d78">
         <name>_SlNonOsSemGet</name>
         <value>0x2000afe9</value>
         <object_component_ref idref="oc-3dc"/>
      </symbol>
      <symbol id="sm-d79">
         <name>_SlNonOsMainLoopTask</name>
         <value>0x2000aa3d</value>
         <object_component_ref idref="oc-e1"/>
      </symbol>
      <symbol id="sm-d7a">
         <name>g__SlNonOsCB</name>
         <value>0x2001f1e4</value>
         <object_component_ref idref="oc-276"/>
      </symbol>
      <symbol id="sm-e48">
         <name>sl_Recv</name>
         <value>0x2000a9c9</value>
         <object_component_ref idref="oc-19b"/>
      </symbol>
      <symbol id="sm-e49">
         <name>_SlSockCloseCmdCtrl</name>
         <value>0x2000c94c</value>
         <object_component_ref idref="oc-35f"/>
      </symbol>
      <symbol id="sm-e4a">
         <name>_SlSendCmdCtrl</name>
         <value>0x2000c954</value>
         <object_component_ref idref="oc-35f"/>
      </symbol>
      <symbol id="sm-e4b">
         <name>_sl_BuildAddress</name>
         <value>0x2000b481</value>
         <object_component_ref idref="oc-369"/>
      </symbol>
      <symbol id="sm-e4c">
         <name>sl_Send</name>
         <value>0x20008d31</value>
         <object_component_ref idref="oc-18f"/>
      </symbol>
      <symbol id="sm-e4d">
         <name>_sl_HandleAsync_Connect</name>
         <value>0x2000a861</value>
         <object_component_ref idref="oc-72e"/>
      </symbol>
      <symbol id="sm-e4e">
         <name>sl_Htonl</name>
         <value>0x2000b7e5</value>
         <object_component_ref idref="oc-168"/>
      </symbol>
      <symbol id="sm-e4f">
         <name>sl_Htons</name>
         <value>0x2000b9d9</value>
         <object_component_ref idref="oc-162"/>
      </symbol>
      <symbol id="sm-e50">
         <name>_SlSelectCmdCtrl</name>
         <value>0x2000c96c</value>
         <object_component_ref idref="oc-35f"/>
      </symbol>
      <symbol id="sm-e51">
         <name>sl_Connect</name>
         <value>0x20008c29</value>
         <object_component_ref idref="oc-17a"/>
      </symbol>
      <symbol id="sm-e52">
         <name>sl_Socket</name>
         <value>0x2000b0a1</value>
         <object_component_ref idref="oc-16e"/>
      </symbol>
      <symbol id="sm-e53">
         <name>_sl_HandleAsync_Select</name>
         <value>0x2000b259</value>
         <object_component_ref idref="oc-734"/>
      </symbol>
      <symbol id="sm-e54">
         <name>_SlSockSocketCmdCtrl</name>
         <value>0x2000c948</value>
         <object_component_ref idref="oc-35f"/>
      </symbol>
      <symbol id="sm-e55">
         <name>_SlRecvfomCmdCtrl</name>
         <value>0x2000c950</value>
         <object_component_ref idref="oc-35f"/>
      </symbol>
      <symbol id="sm-e56">
         <name>_SlSetSockOptCmdCtrl</name>
         <value>0x2000c964</value>
         <object_component_ref idref="oc-35f"/>
      </symbol>
      <symbol id="sm-e57">
         <name>_SlAcceptCmdCtrl</name>
         <value>0x2000c95c</value>
         <object_component_ref idref="oc-35f"/>
      </symbol>
      <symbol id="sm-e58">
         <name>_SlPayloadByProtocolLUT</name>
         <value>0x2000ca64</value>
         <object_component_ref idref="oc-520"/>
      </symbol>
      <symbol id="sm-e59">
         <name>_SlListenCmdCtrl</name>
         <value>0x2000c958</value>
         <object_component_ref idref="oc-35f"/>
      </symbol>
      <symbol id="sm-e5a">
         <name>_SlRecvCmdCtrl</name>
         <value>0x2000c960</value>
         <object_component_ref idref="oc-35f"/>
      </symbol>
      <symbol id="sm-e5b">
         <name>_SlGetSockOptCmdCtrl</name>
         <value>0x2000c968</value>
         <object_component_ref idref="oc-35f"/>
      </symbol>
      <symbol id="sm-e5c">
         <name>_sl_TruncatePayloadByProtocol</name>
         <value>0x2000b961</value>
         <object_component_ref idref="oc-392"/>
      </symbol>
      <symbol id="sm-e5d">
         <name>sl_Close</name>
         <value>0x2000bc51</value>
         <object_component_ref idref="oc-195"/>
      </symbol>
      <symbol id="sm-e5e">
         <name>_sl_HandleAsync_Accept</name>
         <value>0x2000af29</value>
         <object_component_ref idref="oc-728"/>
      </symbol>
      <symbol id="sm-e5f">
         <name>sl_SetSockOpt</name>
         <value>0x2000ad29</value>
         <object_component_ref idref="oc-174"/>
      </symbol>
      <symbol id="sm-eed">
         <name>sl_WlanDisconnect</name>
         <value>0x2000c34d</value>
         <object_component_ref idref="oc-105"/>
      </symbol>
      <symbol id="sm-eee">
         <name>_SlPolicyGetCmdCtrl</name>
         <value>0x2000c8a4</value>
         <object_component_ref idref="oc-284"/>
      </symbol>
      <symbol id="sm-eef">
         <name>_SlPolicySetCmdCtrl</name>
         <value>0x2000c8a0</value>
         <object_component_ref idref="oc-284"/>
      </symbol>
      <symbol id="sm-ef0">
         <name>_SlRxFilterGetCmdCtrl</name>
         <value>0x2000c8bc</value>
         <object_component_ref idref="oc-284"/>
      </symbol>
      <symbol id="sm-ef1">
         <name>_SlRxFilterSetCmdCtrl</name>
         <value>0x2000c8b8</value>
         <object_component_ref idref="oc-284"/>
      </symbol>
      <symbol id="sm-ef2">
         <name>_SlProfileGetCmdCtrl</name>
         <value>0x2000c8a8</value>
         <object_component_ref idref="oc-284"/>
      </symbol>
      <symbol id="sm-ef3">
         <name>_SlWlanGetNetworkListCtrl</name>
         <value>0x2000c8b0</value>
         <object_component_ref idref="oc-284"/>
      </symbol>
      <symbol id="sm-ef4">
         <name>sl_WlanPolicySet</name>
         <value>0x2000af89</value>
         <object_component_ref idref="oc-f9"/>
      </symbol>
      <symbol id="sm-ef5">
         <name>_SlProfileDelCmdCtrl</name>
         <value>0x2000c8ac</value>
         <object_component_ref idref="oc-284"/>
      </symbol>
      <symbol id="sm-ef6">
         <name>_SlWlanSetModeCmdCtrl</name>
         <value>0x2000c8c4</value>
         <object_component_ref idref="oc-284"/>
      </symbol>
      <symbol id="sm-ef7">
         <name>_SlWlanCfgSetCmdCtrl</name>
         <value>0x2000c8c8</value>
         <object_component_ref idref="oc-284"/>
      </symbol>
      <symbol id="sm-ef8">
         <name>_SlWlanCfgGetCmdCtrl</name>
         <value>0x2000c8cc</value>
         <object_component_ref idref="oc-284"/>
      </symbol>
      <symbol id="sm-ef9">
         <name>sl_WlanProfileDel</name>
         <value>0x2000bc81</value>
         <object_component_ref idref="oc-ff"/>
      </symbol>
      <symbol id="sm-efa">
         <name>_SlRxFilterAddtCmdCtrl</name>
         <value>0x2000c8b4</value>
         <object_component_ref idref="oc-284"/>
      </symbol>
      <symbol id="sm-efb">
         <name>sl_WlanRxFilterSet</name>
         <value>0x2000b2ad</value>
         <object_component_ref idref="oc-123"/>
      </symbol>
      <symbol id="sm-efc">
         <name>sl_WlanConnect</name>
         <value>0x20007721</value>
         <object_component_ref idref="oc-142"/>
      </symbol>
      <symbol id="sm-efd">
         <name>sl_WlanSet</name>
         <value>0x2000ad91</value>
         <object_component_ref idref="oc-111"/>
      </symbol>
      <symbol id="sm-efe">
         <name>_SlSmartConfigStartCmdCtrl</name>
         <value>0x2000c8c0</value>
         <object_component_ref idref="oc-284"/>
      </symbol>
      <symbol id="sm-eff">
         <name>sl_WlanSetMode</name>
         <value>0x2000bcb1</value>
         <object_component_ref idref="oc-e7"/>
      </symbol>
      <symbol id="sm-1016">
         <name>g_cDummy</name>
         <value>0x2001f23d</value>
      </symbol>
      <symbol id="sm-1017">
         <name>NwpMaskInterrupt</name>
         <value>0x2000c329</value>
         <object_component_ref idref="oc-444"/>
      </symbol>
      <symbol id="sm-1018">
         <name>NwpRegisterInterruptHandler</name>
         <value>0x2000b8a9</value>
         <object_component_ref idref="oc-248"/>
      </symbol>
      <symbol id="sm-1019">
         <name>NwpPowerOnPreamble</name>
         <value>0x2000a4e1</value>
         <object_component_ref idref="oc-22a"/>
      </symbol>
      <symbol id="sm-101a">
         <name>g_pHostIntHdl</name>
         <value>0x2001f3b8</value>
         <object_component_ref idref="oc-42e"/>
      </symbol>
      <symbol id="sm-101b">
         <name>NwpUnMaskInterrupt</name>
         <value>0x2000c335</value>
         <object_component_ref idref="oc-45e"/>
      </symbol>
      <symbol id="sm-101c">
         <name>g_ucDinDout</name>
         <value>0x2001f168</value>
         <object_component_ref idref="oc-431"/>
      </symbol>
      <symbol id="sm-101d">
         <name>NwpPowerOff</name>
         <value>0x2000ba51</value>
         <object_component_ref idref="oc-242"/>
      </symbol>
      <symbol id="sm-101e">
         <name>spi_Read</name>
         <value>0x20009239</value>
         <object_component_ref idref="oc-655"/>
      </symbol>
      <symbol id="sm-101f">
         <name>DmaSpiSwIntHandler</name>
         <value>0x2000bde9</value>
         <object_component_ref idref="oc-434"/>
      </symbol>
      <symbol id="sm-1020">
         <name>NwpPowerOn</name>
         <value>0x2000bd3d</value>
         <object_component_ref idref="oc-24e"/>
      </symbol>
      <symbol id="sm-1021">
         <name>spi_Close</name>
         <value>0x2000a8d9</value>
         <object_component_ref idref="oc-28e"/>
      </symbol>
      <symbol id="sm-1022">
         <name>spi_Write</name>
         <value>0x20009f69</value>
         <object_component_ref idref="oc-5de"/>
      </symbol>
      <symbol id="sm-1023">
         <name>spi_Open</name>
         <value>0x20008535</value>
         <object_component_ref idref="oc-236"/>
      </symbol>
      <symbol id="sm-1024">
         <name>g_ucDMAEnabled</name>
         <value>0x2001f3bc</value>
         <object_component_ref idref="oc-42e"/>
      </symbol>
      <symbol id="sm-1025">
         <name>g_SpiFd</name>
         <value>0x2001f3b4</value>
         <object_component_ref idref="oc-42e"/>
      </symbol>
      <symbol id="sm-10e4">
         <name>SPIFIFODisable</name>
         <value>0x2000c0d3</value>
         <object_component_ref idref="oc-4c0"/>
      </symbol>
      <symbol id="sm-10e5">
         <name>SPICSEnable</name>
         <value>0x2000c185</value>
         <object_component_ref idref="oc-66c"/>
      </symbol>
      <symbol id="sm-10e6">
         <name>SPIDisable</name>
         <value>0x2000c19d</value>
         <object_component_ref idref="oc-3ec"/>
      </symbol>
      <symbol id="sm-10e7">
         <name>SPIFIFOEnable</name>
         <value>0x2000c0ed</value>
         <object_component_ref idref="oc-40a"/>
      </symbol>
      <symbol id="sm-10e8">
         <name>SPIWordCountSet</name>
         <value>0x2000bebf</value>
         <object_component_ref idref="oc-672"/>
      </symbol>
      <symbol id="sm-10e9">
         <name>SPIEnable</name>
         <value>0x2000c1b5</value>
         <object_component_ref idref="oc-428"/>
      </symbol>
      <symbol id="sm-10ea">
         <name>SPIDmaEnable</name>
         <value>0x2000c0b9</value>
         <object_component_ref idref="oc-410"/>
      </symbol>
      <symbol id="sm-10eb">
         <name>SPIConfigSetExpClk</name>
         <value>0x20009cf5</value>
         <object_component_ref idref="oc-3f8"/>
      </symbol>
      <symbol id="sm-10ec">
         <name>SPIIntUnregister</name>
         <value>0x2000c107</value>
         <object_component_ref idref="oc-4ba"/>
      </symbol>
      <symbol id="sm-10ed">
         <name>SPIFIFOLevelSet</name>
         <value>0x2000bb29</value>
         <object_component_ref idref="oc-416"/>
      </symbol>
      <symbol id="sm-10ee">
         <name>SPIDmaDisable</name>
         <value>0x2000c09f</value>
         <object_component_ref idref="oc-4c6"/>
      </symbol>
      <symbol id="sm-10ef">
         <name>SPIReset</name>
         <value>0x2000be9d</value>
         <object_component_ref idref="oc-3f2"/>
      </symbol>
      <symbol id="sm-10f0">
         <name>SPIIntEnable</name>
         <value>0x2000b351</value>
         <object_component_ref idref="oc-422"/>
      </symbol>
      <symbol id="sm-10f1">
         <name>SPIIntClear</name>
         <value>0x2000b5f9</value>
         <object_component_ref idref="oc-5b2"/>
      </symbol>
      <symbol id="sm-10f2">
         <name>SPICSDisable</name>
         <value>0x2000c16d</value>
         <object_component_ref idref="oc-3e6"/>
      </symbol>
      <symbol id="sm-1149">
         <name>uDMAChannelControlSet</name>
         <value>0x2000ba15</value>
         <object_component_ref idref="oc-73c"/>
      </symbol>
      <symbol id="sm-114a">
         <name>uDMAChannelAttributeEnable</name>
         <value>0x2000aec5</value>
         <object_component_ref idref="oc-742"/>
      </symbol>
      <symbol id="sm-114b">
         <name>uDMAChannelTransferSet</name>
         <value>0x20009329</value>
         <object_component_ref idref="oc-748"/>
      </symbol>
      <symbol id="sm-114c">
         <name>uDMAChannelAssign</name>
         <value>0x2000b565</value>
         <object_component_ref idref="oc-595"/>
      </symbol>
      <symbol id="sm-114d">
         <name>uDMAChannelAttributeDisable</name>
         <value>0x2000ae61</value>
         <object_component_ref idref="oc-59b"/>
      </symbol>
      <symbol id="sm-114e">
         <name>uDMAChannelEnable</name>
         <value>0x2000c035</value>
         <object_component_ref idref="oc-74e"/>
      </symbol>
      <symbol id="sm-114f">
         <name>__TI_static_base__</name>
         <value>0x2000ca88</value>
      </symbol>
      <symbol id="sm-1152">
         <name>SHT$$INIT_ARRAY$$Limit</name>
         <value>0x0</value>
      </symbol>
      <symbol id="sm-1153">
         <name>SHT$$INIT_ARRAY$$Base</name>
         <value>0x0</value>
      </symbol>
   </symbol_table>
   <title>Link successful</title>
</link_info>
