******************************************************************************
                  TI ARM Linker PC v5.2.6                      
******************************************************************************
>> Linked Mon Jan 18 22:08:04 2016

OUTPUT FILE NAME:   <ssl_Restful_API.out>
ENTRY POINT SYMBOL: "_c_int00"  address: 2000b99d


MEMORY CONFIGURATION

         name            origin    length      used     unused   attr    fill
----------------------  --------  ---------  --------  --------  ----  --------
  SRAM_CODE             20004000   00013000  00008b12  0000a4ee  RW X
  SRAM_DATA             20017000   00019000  000093e5  0000fc1b  RW X


SEGMENT ALLOCATION MAP

run origin  load origin   length   init length attrs members
----------  ----------- ---------- ----------- ----- -------
20004000    20004000    00008b18   00008b18    r-x
  20004000    20004000    00000400   00000400    r-- .intvecs
  20004400    20004400    00007f72   00007f72    r-x .text
  2000c374    2000c374    00000710   00000710    r-- .const
  2000ca88    2000ca88    00000090   00000090    r-- .cinit
20017000    20017000    000083ec   00000000    rw-
  20017000    20017000    00008000   00000000    rw- .sysmem
  2001f000    2001f000    00000241   00000000    rw- .bss
  2001f248    2001f248    000001a4   00000000    rw- .data
2002f000    2002f000    00001000   00000000    rw-
  2002f000    2002f000    00001000   00000000    rw- .stack


SECTION ALLOCATION MAP

 output                                  attributes/
section   page    origin      length       input sections
--------  ----  ----------  ----------   ----------------
.intvecs   0    20004000    00000400     
                  20004000    00000400     startup_ccs.obj (.intvecs)

.init_array 
*          0    20004000    00000000     UNINITIALIZED

.text      0    20004400    00007f72     
                  20004400    000010a6     rtsv7M4_T_le_eabi.lib : _printfi.obj (.text)
                  200054a6    00000002     driverlib.a : interrupt.obj (.text:IntDefaultHandler)
                  200054a8    0000104c     main.obj (.text)
                  200064f4    000005ec     simplelink.a : driver.obj (.text:_SlDrvMsgRead)
                  20006ae0    000003dc     rtsv7M4_T_le_eabi.lib : memory.obj (.text)
                  20006ebc    0000039c     gpio_if.obj (.text)
                  20007258    00000280     uart_if.obj (.text)
                  200074d8    00000248     simplelink.a : driver.obj (.text:_SlDrvRxHdrRead)
                  20007720    00000244                  : wlan.obj (.text:sl_WlanConnect)
                  20007964    000001f4     rtsv7M4_T_le_eabi.lib : ull_div_t2.obj (.text)
                  20007b58    000001d0     simplelink.a : driver.obj (.text:_SlDrvReleasePoolObj)
                  20007d28    000001cc                  : driver.obj (.text:_SlDrvMsgWrite)
                  20007ef4    000001b6     rtsv7M4_T_le_eabi.lib : fd_add_t2.obj (.text)
                  200080aa    00000002     --HOLE-- [fill = 0]
                  200080ac    00000190     simplelink.a : driver.obj (.text:_SlDrvWaitForPoolObj)
                  2000823c    00000188                  : driver.obj (.text:_SlDrvDriverCBInit)
                  200083c4    00000170                  : driver.obj (.text:_SlFindAndSetActiveObj)
                  20008534    00000144                  : cc_pal.obj (.text:spi_Open)
                  20008678    00000136     rtsv7M4_T_le_eabi.lib : fd_div_t2.obj (.text)
                  200087ae    00000002     --HOLE-- [fill = 0]
                  200087b0    00000134     driverlib.a : prcm.obj (.text:PRCMCC3200MCUInit)
                  200088e4    0000012c     simplelink.a : driver.obj (.text:_SlDrvDataReadOp)
                  20008a10    00000110     rtsv7M4_T_le_eabi.lib : xdscale.obj (.text)
                  20008b20    00000108     simplelink.a : driver.obj (.text:_SlDrvDataWriteOp)
                  20008c28    00000108                  : socket.obj (.text:sl_Connect)
                  20008d30    00000108                  : socket.obj (.text:sl_Send)
                  20008e38    00000104                  : netapp.obj (.text:sl_NetAppDnsGetHostByName)
                  20008f3c    00000100                  : driver.obj (.text:_SlDrvDriverCBDeinit)
                  2000903c    000000fe                  : netapp.obj (.text:_SlDrvNetAppEventHandler)
                  2000913a    000000fc     rtsv7M4_T_le_eabi.lib : fd_mul_t2.obj (.text)
                  20009236    00000002     --HOLE-- [fill = 0]
                  20009238    000000f0     simplelink.a : cc_pal.obj (.text:spi_Read)
                  20009328    000000f0     driverlib.a : udma.obj (.text:uDMAChannelTransferSet)
                  20009418    000000d8     simplelink.a : driver.obj (.text:_SlDrvClassifyRxMsg)
                  200094f0    000000d4                  : device.obj (.text:sl_Stop)
                  200095c4    000000c8                  : netapp.obj (.text:_sl_HandleAsync_DnsGetHostByService)
                  2000968c    000000c0                  : driver.obj (.text:_SlDrvMsgReadCmdCtx)
                  2000974c    000000c0                  : driver.obj (.text:_SlRemoveFromList)
                  2000980c    000000be     rtsv7M4_T_le_eabi.lib : xdnorm.obj (.text)
                  200098ca    00000002     --HOLE-- [fill = 0]
                  200098cc    000000bc     simplelink.a : device.obj (.text:sl_Start)
                  20009988    000000b8                  : driver.obj (.text:_SlAsyncEventGenericHandler)
                  20009a40    000000b4                  : netapp.obj (.text:sl_NetAppMDNSRegisterUnregisterService)
                  20009af4    000000b0     pinmux.obj (.text)
                  20009ba4    000000a8     driverlib.a : interrupt.obj (.text:IntDisable)
                  20009c4c    000000a8                 : interrupt.obj (.text:IntEnable)
                  20009cf4    000000a0                 : spi.obj (.text:SPIConfigSetExpClk)
                  20009d94    0000009c     simplelink.a : driver.obj (.text:_SlDrvMsgReadSpawnCtx)
                  20009e30    0000009c     rtsv7M4_T_le_eabi.lib : memcpy_t2.obj (.text)
                  20009ecc    0000009c     simplelink.a : device.obj (.text:sl_DevGet)
                  20009f68    00000098                  : cc_pal.obj (.text:spi_Write)
                  2000a000    00000094     driverlib.a : prcm.obj (.text:PRCMPeripheralClockGet)
                  2000a094    0000008c     simplelink.a : cc_pal.obj (.text:SetupDMAReceive)
                  2000a120    0000008c                  : cc_pal.obj (.text:SetupDMASend)
                  2000a1ac    0000008c                  : netapp.obj (.text:_sl_HandleAsync_DnsGetHostByName)
                  2000a238    0000008c                  : netapp.obj (.text:_sl_HandleAsync_PingResponse)
                  2000a2c4    00000088     driverlib.a : pin.obj (.text:PinConfigSet)
                  2000a34c    00000088     rtsv7M4_T_le_eabi.lib : vsnprintf.obj (.text)
                  2000a3d4    00000086                           : fd_cmp_t2.obj (.text:__aeabi_cdcmple)
                  2000a45a    00000086                           : fd_cmp_t2.obj (.text:__aeabi_cdrcmple)
                  2000a4e0    00000084     simplelink.a : cc_pal.obj (.text:NwpPowerOnPreamble)
                  2000a564    00000082     driverlib.a : gpio.obj (.text:GPIOIntTypeSet)
                  2000a5e6    00000002     --HOLE-- [fill = 0]
                  2000a5e8    00000080     simplelink.a : driver.obj (.text:_SlDrvCmdOp)
                  2000a668    00000080                  : cc_pal.obj (.text:spi_Read_CPU)
                  2000a6e8    00000080                  : cc_pal.obj (.text:spi_Write_CPU)
                  2000a768    0000007c                  : device.obj (.text:_sl_HandleAsync_InitComplete)
                  2000a7e4    0000007a     rtsv7M4_T_le_eabi.lib : memset_t2.obj (.text)
                  2000a85e    00000002     --HOLE-- [fill = 0]
                  2000a860    00000078     simplelink.a : socket.obj (.text:_sl_HandleAsync_Connect)
                  2000a8d8    00000078                  : cc_pal.obj (.text:spi_Close)
                  2000a950    00000076     driverlib.a : uart.obj (.text:UARTConfigSetExpClk)
                  2000a9c6    00000002     --HOLE-- [fill = 0]
                  2000a9c8    00000074     simplelink.a : socket.obj (.text:sl_Recv)
                  2000aa3c    00000070                  : nonos.obj (.text:_SlNonOsMainLoopTask)
                  2000aaac    0000006c                  : driver.obj (.text:_SlDrvCmdSend)
                  2000ab18    0000006c     rtsv7M4_T_le_eabi.lib : autoinit.obj (.text)
                  2000ab84    0000006a                           : copy_decompress_rle.obj (.text)
                  2000abee    00000002     --HOLE-- [fill = 0]
                  2000abf0    00000068     simplelink.a : netapp.obj (.text:_sl_NetAppSendTokenValue)
                  2000ac58    00000068                  : device.obj (.text:sl_DevSet)
                  2000acc0    00000068                  : netcfg.obj (.text:sl_NetCfgSet)
                  2000ad28    00000068                  : socket.obj (.text:sl_SetSockOpt)
                  2000ad90    00000068                  : wlan.obj (.text:sl_WlanSet)
                  2000adf8    00000066     rtsv7M4_T_le_eabi.lib : xdunscal.obj (.text)
                  2000ae5e    00000002     --HOLE-- [fill = 0]
                  2000ae60    00000064     driverlib.a : udma.obj (.text:uDMAChannelAttributeDisable)
                  2000aec4    00000064                 : udma.obj (.text:uDMAChannelAttributeEnable)
                  2000af28    00000060     simplelink.a : socket.obj (.text:_sl_HandleAsync_Accept)
                  2000af88    00000060                  : wlan.obj (.text:sl_WlanPolicySet)
                  2000afe8    0000005c                  : nonos.obj (.text:_SlNonOsSemGet)
                  2000b044    0000005c                  : nonos.obj (.text:_SlNonOsSpawn)
                  2000b0a0    0000005c                  : socket.obj (.text:sl_Socket)
                  2000b0fc    00000058     driverlib.a : interrupt.obj (.text:IntPendClear)
                  2000b154    00000058                 : prcm.obj (.text:PRCMPeripheralReset)
                  2000b1ac    00000056     rtsv7M4_T_le_eabi.lib : ltoa.obj (.text)
                  2000b202    00000002     --HOLE-- [fill = 0]
                  2000b204    00000054     driverlib.a : interrupt.obj (.text:IntPrioritySet)
                  2000b258    00000054     simplelink.a : socket.obj (.text:_sl_HandleAsync_Select)
                  2000b2ac    00000054                  : wlan.obj (.text:sl_WlanRxFilterSet)
                  2000b300    00000050                  : device.obj (.text:_sl_HandleAsync_Stop)
                  2000b350    0000004c     driverlib.a : spi.obj (.text:SPIIntEnable)
                  2000b39c    0000004c                 : spi.obj (.text:SPIIntNumberGet)
                  2000b3e8    0000004c     simplelink.a : driver.obj (.text:_SlDrvProtectAsyncRespSetting)
                  2000b434    0000004c                  : driver.obj (.text:_SlDrvRxIrqHandler)
                  2000b480    0000004c                  : socket.obj (.text:_sl_BuildAddress)
                  2000b4cc    0000004c     rtsv7M4_T_le_eabi.lib : atoi.obj (.text)
                  2000b518    0000004c                           : cpy_tbl.obj (.text)
                  2000b564    0000004c     driverlib.a : udma.obj (.text:uDMAChannelAssign)
                  2000b5b0    00000048                 : gpio.obj (.text:GPIOGetIntNumber)
                  2000b5f8    00000048                 : spi.obj (.text:SPIIntClear)
                  2000b640    00000048     simplelink.a : driver.obj (.text:_SlDrvBasicCmd)
                  2000b688    00000048     rtsv7M4_T_le_eabi.lib : fd_toi_t2.obj (.text)
                  2000b6d0    00000046                           : ldexp.obj (.text)
                  2000b716    00000002     --HOLE-- [fill = 0]
                  2000b718    00000044     driverlib.a : spi.obj (.text:SPIDmaMaskGet)
                  2000b75c    00000044     simplelink.a : cc_pal.obj (.text:cc_SetupTransfer)
                  2000b7a0    00000044     rtsv7M4_T_le_eabi.lib : exit.obj (.text)
                  2000b7e4    00000042     simplelink.a : socket.obj (.text:sl_Htonl)
                  2000b826    00000002     --HOLE-- [fill = 0]
                  2000b828    00000040     driverlib.a : pin.obj (.text:PinModeSet)
                  2000b868    00000040     rtsv7M4_T_le_eabi.lib : signal.obj (.text)
                  2000b8a8    0000003e     simplelink.a : cc_pal.obj (.text:NwpRegisterInterruptHandler)
                  2000b8e6    0000003c                  : netapp.obj (.text:CopyPingResultsToReport)
                  2000b922    00000002     --HOLE-- [fill = 0]
                  2000b924    0000003c     driverlib.a : prcm.obj (.text:PRCMPeripheralClkEnable)
                  2000b960    0000003c     simplelink.a : socket.obj (.text:_sl_TruncatePayloadByProtocol)
                  2000b99c    0000003c     rtsv7M4_T_le_eabi.lib : boot.obj (.text)
                  2000b9d8    0000003c     simplelink.a : socket.obj (.text:sl_Htons)
                  2000ba14    0000003c     driverlib.a : udma.obj (.text:uDMAChannelControlSet)
                  2000ba50    00000038     simplelink.a : cc_pal.obj (.text:NwpPowerOff)
                  2000ba88    00000036     driverlib.a : gpio.obj (.text:GPIODirModeSet)
                  2000babe    00000036     simplelink.a : netapp.obj (.text:sl_NetAppMDNSUnRegisterService)
                  2000baf4    00000034     driverlib.a : prcm.obj (.text:PRCMPeripheralStatusGet)
                  2000bb28    00000034                 : spi.obj (.text:SPIFIFOLevelSet)
                  2000bb5c    00000034     rtsv7M4_T_le_eabi.lib : feraiseexcept.obj (.text)
                  2000bb90    00000030     driverlib.a : pin.obj (.text:PinTypeGPIO)
                  2000bbc0    00000030                 : uart.obj (.text:UARTDisable)
                  2000bbf0    00000030     simplelink.a : device.obj (.text:_SlDrvDeviceEventHandler)
                  2000bc20    00000030     rtsv7M4_T_le_eabi.lib : xferaise.obj (.text)
                  2000bc50    00000030     simplelink.a : socket.obj (.text:sl_Close)
                  2000bc80    00000030                  : wlan.obj (.text:sl_WlanProfileDel)
                  2000bcb0    00000030                  : wlan.obj (.text:sl_WlanSetMode)
                  2000bce0    0000002e     rtsv7M4_T_le_eabi.lib : i_tofd_t2.obj (.text)
                  2000bd0e    0000002e                           : raise.obj (.text)
                  2000bd3c    0000002c     simplelink.a : cc_pal.obj (.text:NwpPowerOn)
                  2000bd68    0000002c     driverlib.a : prcm.obj (.text:PRCMSysResetCauseGet)
                  2000bd94    0000002a     rtsv7M4_T_le_eabi.lib : xdclass.obj (.text)
                  2000bdbe    00000002     --HOLE-- [fill = 0]
                  2000bdc0    00000028     driverlib.a : prcm.obj (.text:PRCMPeripheralClkDisable)
                  2000bde8    00000024     simplelink.a : cc_pal.obj (.text:DmaSpiSwIntHandler)
                  2000be0c    00000024     driverlib.a : interrupt.obj (.text:IntUnregister)
                  2000be30    00000024                 : uart.obj (.text:UARTEnable)
                  2000be54    00000024     simplelink.a : driver.obj (.text:_SlDrvProtectionObjLockWaitForever)
                  2000be78    00000024     rtsv7M4_T_le_eabi.lib : memmov.obj (.text)
                  2000be9c    00000022     driverlib.a : spi.obj (.text:SPIReset)
                  2000bebe    00000022                 : spi.obj (.text:SPIWordCountSet)
                  2000bee0    00000022     rtsv7M4_T_le_eabi.lib : frexp.obj (.text)
                  2000bf02    00000020     driverlib.a : gpio.obj (.text:GPIOPinWrite)
                  2000bf22    00000002     --HOLE-- [fill = 0]
                  2000bf24    00000020                 : interrupt.obj (.text:IntRegister)
                  2000bf44    00000020     simplelink.a : driver.obj (.text:_SlDrvProtectionObjUnLock)
                  2000bf64    0000001e     driverlib.a : gpio.obj (.text:GPIOIntRegister)
                  2000bf82    0000001e                 : uart.obj (.text:UARTCharPut)
                  2000bfa0    0000001e     simplelink.a : driver.obj (.text:_SlDrvObjLockWaitForever)
                  2000bfbe    0000001e                  : driver.obj (.text:_SlDrvSyncObjWaitForever)
                  2000bfdc    0000001e                  : cc_pal.obj (.text:cc_UDMAChannelSelect)
                  2000bffa    0000001c     driverlib.a : uart.obj (.text:UARTCharGetNonBlocking)
                  2000c016    0000001c     rtsv7M4_T_le_eabi.lib : memccpy.obj (.text)
                  2000c032    00000002     --HOLE-- [fill = 0]
                  2000c034    0000001c     driverlib.a : udma.obj (.text:uDMAChannelEnable)
                  2000c050    0000001a                 : gpio.obj (.text:GPIOIntEnable)
                  2000c06a    0000001a                 : pin.obj (.text:PinTypeSPI)
                  2000c084    0000001a                 : pin.obj (.text:PinTypeUART)
                  2000c09e    0000001a                 : spi.obj (.text:SPIDmaDisable)
                  2000c0b8    0000001a                 : spi.obj (.text:SPIDmaEnable)
                  2000c0d2    0000001a                 : spi.obj (.text:SPIFIFODisable)
                  2000c0ec    0000001a                 : spi.obj (.text:SPIFIFOEnable)
                  2000c106    0000001a                 : spi.obj (.text:SPIIntUnregister)
                  2000c120    0000001a     simplelink.a : driver.obj (.text:_SlDrvObjUnLock)
                  2000c13a    0000001a                  : driver.obj (.text:_SlDrvSyncObjSignal)
                  2000c154    00000018     driverlib.a : gpio.obj (.text:GPIOPinRead)
                  2000c16c    00000018                 : spi.obj (.text:SPICSDisable)
                  2000c184    00000018                 : spi.obj (.text:SPICSEnable)
                  2000c19c    00000018                 : spi.obj (.text:SPIDisable)
                  2000c1b4    00000018                 : spi.obj (.text:SPIEnable)
                  2000c1cc    00000018                 : uart.obj (.text:UARTCharsAvail)
                  2000c1e4    00000018     simplelink.a : nonos.obj (.text:_SlNonOsSemSet)
                  2000c1fc    00000018                  : device.obj (.text:_sl_GetStartResponseConvert)
                  2000c214    00000018     rtsv7M4_T_le_eabi.lib : args_main.obj (.text)
                  2000c22c    00000016     driverlib.a : prcm.obj (.text:PRCMHIBRegRead)
                  2000c242    00000016                 : prcm.obj (.text:PRCMHIBRegWrite)
                  2000c258    00000016     simplelink.a : driver.obj (.text:_SlDrvMemZero)
                  2000c26e    00000016     rtsv7M4_T_le_eabi.lib : strchr.obj (.text)
                  2000c284    00000014     driverlib.a : cpu.obj (.text:CPUcpsie)
                  2000c298    00000014                 : gpio.obj (.text:GPIOIntClear)
                  2000c2ac    00000014                 : interrupt.obj (.text:IntVTableBaseSet)
                  2000c2c0    00000014     rtsv7M4_T_le_eabi.lib : _lock.obj (.text)
                  2000c2d4    00000014                           : strcpy.obj (.text)
                  2000c2e8    00000014                           : strlen.obj (.text)
                  2000c2fc    0000000e     simplelink.a : driver.obj (.text:_SlDrvResetCmdExt)
                  2000c30a    0000000e     rtsv7M4_T_le_eabi.lib : copy_decompress_none.obj (.text:decompress:none)
                  2000c318    0000000e     startup_ccs.obj (.text)
                  2000c326    00000002     --HOLE-- [fill = 0]
                  2000c328    0000000c     simplelink.a : cc_pal.obj (.text:NwpMaskInterrupt)
                  2000c334    0000000c                  : cc_pal.obj (.text:NwpUnMaskInterrupt)
                  2000c340    0000000c     rtsv7M4_T_le_eabi.lib : copy_zero_init.obj (.text:decompress:ZI)
                  2000c34c    0000000c     simplelink.a : wlan.obj (.text:sl_WlanDisconnect)
                  2000c358    0000000a     driverlib.a : interrupt.obj (.text:IntMasterEnable)
                  2000c362    00000006                 : utils.obj (.text:UtilsDelay)
                  2000c368    00000006     rtsv7M4_T_le_eabi.lib : copy_decompress_rle.obj (.text:decompress:rle24)
                  2000c36e    00000004                           : pre_init.obj (.text)

.const     0    2000c374    00000710     
                  2000c374    00000101     rtsv7M4_T_le_eabi.lib : ctype.obj (.const:.string:_ctypes_)
                  2000c475    00000003     --HOLE-- [fill = 0]
                  2000c478    00000100     driverlib.a : pin.obj (.const:g_ulPinToPadMap)
                  2000c578    000000d4                 : interrupt.obj (.const:g_pulRegs)
                  2000c64c    000000b0     simplelink.a : wlan.obj (.const:$P$T0$1)
                  2000c6fc    000000a8     driverlib.a : prcm.obj (.const:PRCM_PeriphRegsList)
                  2000c7a4    00000080                 : interrupt.obj (.const)
                  2000c824    00000040     main.obj (.const:.string)
                  2000c864    0000003c     simplelink.a : driver.obj (.const:OpcodeTranslateTable)
                  2000c8a0    0000003c                  : wlan.obj (.const)
                  2000c8dc    00000038                  : driver.obj (.const:_SlActionLookupTable)
                  2000c914    00000034                  : driver.obj (.const)
                  2000c948    00000034                  : socket.obj (.const)
                  2000c97c    0000002c     main.obj (.const:$P$T1$2)
                  2000c9a8    00000028     simplelink.a : netapp.obj (.const)
                  2000c9d0    00000024     driverlib.a : spi.obj (.const:g_ppulSPIIntMap)
                  2000c9f4    00000022     main.obj (.const:.string:$P$T0$1)
                  2000ca16    00000002     --HOLE-- [fill = 0]
                  2000ca18    00000020     main.obj (.const)
                  2000ca38    00000018     driverlib.a : spi.obj (.const)
                  2000ca50    00000014     simplelink.a : device.obj (.const)
                  2000ca64    00000010                  : socket.obj (.const:.string)
                  2000ca74    00000008                  : device.obj (.const:.string)
                  2000ca7c    00000008                  : netcfg.obj (.const)

.cinit     0    2000ca88    00000090     
                  2000ca88    00000069     (.cinit..data.load) [load image, compression = rle]
                  2000caf1    00000003     --HOLE-- [fill = 0]
                  2000caf4    0000000c     (__TI_handler_table)
                  2000cb00    00000008     (.cinit..bss.load) [load image, compression = zero_init]
                  2000cb08    00000010     (__TI_cinit_table)

.sysmem    0    20017000    00008000     UNINITIALIZED
                  20017000    00000008     rtsv7M4_T_le_eabi.lib : memory.obj (.sysmem)
                  20017008    00007ff8     --HOLE--

.bss       0    2001f000    00000241     UNINITIALIZED
                  2001f000    00000168     simplelink.a : driver.obj (.bss:g_StatMem)
                  2001f168    00000050                  : cc_pal.obj (.bss:g_ucDinDout)
                  2001f1b8    0000002c     main.obj (.bss:g_time)
                  2001f1e4    00000028     simplelink.a : nonos.obj (.bss:g__SlNonOsCB)
                  2001f20c    00000024     main.obj (.bss:g_ucConnectionSSID)
                  2001f230    00000008     (.common:g_ucConnectionBSSID)
                  2001f238    00000004     (.common:__Errorlog)
                  2001f23c    00000001     (.common:RxIrqCnt)
                  2001f23d    00000001     (.common:g_cDummy)
                  2001f23e    00000001     (.common:g_ucLED1Pin)
                  2001f23f    00000001     (.common:g_ucLED2Pin)
                  2001f240    00000001     (.common:g_ucLED3Pin)

.TI.noinit 
*          0    2001f000    00000000     UNINITIALIZED

.data      0    2001f248    000001a4     UNINITIALIZED
                  2001f248    000000b0     rtsv7M4_T_le_eabi.lib : signal.obj (.data:sigtable)
                  2001f2f8    00000080                           : xvalues.obj (.data)
                  2001f378    00000020     gpio_if.obj (.data)
                  2001f398    00000010     main.obj (.data)
                  2001f3a8    0000000c     rtsv7M4_T_le_eabi.lib : memory.obj (.data)
                  2001f3b4    00000009     simplelink.a : cc_pal.obj (.data)
                  2001f3bd    00000003     --HOLE--
                  2001f3c0    00000009                  : driver.obj (.data)
                  2001f3c9    00000003     --HOLE--
                  2001f3cc    00000008     rtsv7M4_T_le_eabi.lib : _lock.obj (.data)
                  2001f3d4    00000008                           : exit.obj (.data)
                  2001f3dc    00000008                           : feraiseexcept.obj (.data)
                  2001f3e4    00000004                           : errno.obj (.data)
                  2001f3e8    00000004                           : stkdepth_vars.obj (.data)

.TI.persistent 
*          0    2001f248    00000000     UNINITIALIZED

.stack     0    2002f000    00001000     UNINITIALIZED
                  2002f000    00001000     --HOLE--


LINKER GENERATED COPY TABLES

__TI_cinit_table @ 2000cb08 records: 2, size/record: 8, table size: 16
	.data: load addr=2000ca88, load size=00000069 bytes, run addr=2001f248, run size=000001a4 bytes, compression=rle
	.bss: load addr=2000cb00, load size=00000008 bytes, run addr=2001f000, run size=00000241 bytes, compression=zero_init


LINKER GENERATED HANDLER TABLE

__TI_handler_table @ 2000caf4 records: 3, size/record: 4, table size: 12
	index: 0, handler: __TI_decompress_rle24
	index: 1, handler: __TI_decompress_none
	index: 2, handler: __TI_zero_init


GLOBAL SYMBOLS: SORTED ALPHABETICALLY BY Name 

address   name                                  
-------   ----                                  
2000b7a1  C$$EXIT                               
2000c285  CPUcpsie                              
20007299  ClearTerm                             
2000b8e7  CopyPingResultsToReport               
2000bde9  DmaSpiSwIntHandler                    
200072a3  Error                                 
2000ba89  GPIODirModeSet                        
2000c299  GPIOIntClear                          
2000c051  GPIOIntEnable                         
2000bf65  GPIOIntRegister                       
2000a565  GPIOIntTypeSet                        
2000c155  GPIOPinRead                           
2000bf03  GPIOPinWrite                          
2000717d  GPIO_IF_ConfigureNIntEnable           
20007209  GPIO_IF_Get                           
20007137  GPIO_IF_GetPortNPin                   
20006ef9  GPIO_IF_LedConfigure                  
20006feb  GPIO_IF_LedOff                        
20006f37  GPIO_IF_LedOn                         
2000709f  GPIO_IF_LedStatus                     
20007109  GPIO_IF_LedToggle                     
200071c5  GPIO_IF_Set                           
200072db  GetCmd                                
20007259  InitTerm                              
20009ba5  IntDisable                            
20009c4d  IntEnable                             
2000c359  IntMasterEnable                       
2000b0fd  IntPendClear                          
2000b205  IntPrioritySet                        
2000bf25  IntRegister                           
2000be0d  IntUnregister                         
2000c2ad  IntVTableBaseSet                      
20007277  Message                               
2000c329  NwpMaskInterrupt                      
2000ba51  NwpPowerOff                           
2000bd3d  NwpPowerOn                            
2000a4e1  NwpPowerOnPreamble                    
2000b8a9  NwpRegisterInterruptHandler           
2000c335  NwpUnMaskInterrupt                    
2000c864  OpcodeTranslateTable                  
200087b1  PRCMCC3200MCUInit                     
2000c22d  PRCMHIBRegRead                        
2000c243  PRCMHIBRegWrite                       
2000bdc1  PRCMPeripheralClkDisable              
2000b925  PRCMPeripheralClkEnable               
2000a001  PRCMPeripheralClockGet                
2000b155  PRCMPeripheralReset                   
2000baf5  PRCMPeripheralStatusGet               
2000bd69  PRCMSysResetCauseGet                  
2000a2c5  PinConfigSet                          
2000b829  PinModeSet                            
20009af5  PinMuxConfig                          
2000bb91  PinTypeGPIO                           
2000c06b  PinTypeSPI                            
2000c085  PinTypeUART                           
20007419  Report                                
2000c319  ResetISR                              
2001f23c  RxIrqCnt                              
2000c924  RxMsgClassLUT                         
UNDEFED   SHT$$INIT_ARRAY$$Base                 
UNDEFED   SHT$$INIT_ARRAY$$Limit                
2000c16d  SPICSDisable                          
2000c185  SPICSEnable                           
20009cf5  SPIConfigSetExpClk                    
2000c19d  SPIDisable                            
2000c09f  SPIDmaDisable                         
2000c0b9  SPIDmaEnable                          
2000c1b5  SPIEnable                             
2000c0d3  SPIFIFODisable                        
2000c0ed  SPIFIFOEnable                         
2000bb29  SPIFIFOLevelSet                       
2000b5f9  SPIIntClear                           
2000b351  SPIIntEnable                          
2000c107  SPIIntUnregister                      
2000be9d  SPIReset                              
2000bebf  SPIWordCountSet                       
2000567d  SimpleLinkGeneralEventHandler         
20005659  SimpleLinkHttpServerCallback          
200055b7  SimpleLinkNetAppEventHandler          
2000569d  SimpleLinkSockEventHandler            
200054a9  SimpleLinkWlanEventHandler            
2000ca74  StartResponseLUT                      
20007381  TrimSpace                             
2000bffb  UARTCharGetNonBlocking                
2000bf83  UARTCharPut                           
2000c1cd  UARTCharsAvail                        
2000a951  UARTConfigSetExpClk                   
2000bbc1  UARTDisable                           
2000be31  UARTEnable                            
2000c363  UtilsDelay                            
2000bd95  _Dclass                               
2001f2f8  _Denorm                               
2000980d  _Dnorm                                
20008a11  _Dscale                               
2000adf9  _Dunscale                             
2001f308  _Eps                                  
2001f3e4  _Errno                                
2001f3dc  _Fenv                                 
2000bc21  _Feraise                              
2001f318  _Hugeval                              
2001f328  _Inf                                  
2001f338  _Nan                                  
2001f358  _Rteps                                
2000c95c  _SlAcceptCmdCtrl                      
2000c8dc  _SlActionLookupTable                  
20009989  _SlAsyncEventGenericHandler           
2000ca5c  _SlDeviceGetCmdCtrl                   
2000ca60  _SlDeviceSetCmdCtrl                   
2000b641  _SlDrvBasicCmd                        
20009419  _SlDrvClassifyRxMsg                   
2000a5e9  _SlDrvCmdOp                           
2000aaad  _SlDrvCmdSend                         
200088e5  _SlDrvDataReadOp                      
20008b21  _SlDrvDataWriteOp                     
2000bbf1  _SlDrvDeviceEventHandler              
20008f3d  _SlDrvDriverCBDeinit                  
2000823d  _SlDrvDriverCBInit                    
2000c259  _SlDrvMemZero                         
200064f5  _SlDrvMsgRead                         
2000968d  _SlDrvMsgReadCmdCtx                   
20009d95  _SlDrvMsgReadSpawnCtx                 
20007d29  _SlDrvMsgWrite                        
2000903d  _SlDrvNetAppEventHandler              
2000bfa1  _SlDrvObjLockWaitForever              
2000c121  _SlDrvObjUnLock                       
2000b3e9  _SlDrvProtectAsyncRespSetting         
2000be55  _SlDrvProtectionObjLockWaitForever    
2000bf45  _SlDrvProtectionObjUnLock             
20007b59  _SlDrvReleasePoolObj                  
2000c2fd  _SlDrvResetCmdExt                     
200074d9  _SlDrvRxHdrRead                       
2000b435  _SlDrvRxIrqHandler                    
2000c13b  _SlDrvSyncObjSignal                   
2000bfbf  _SlDrvSyncObjWaitForever              
200080ad  _SlDrvWaitForPoolObj                  
2000ca58  _SlEventMaskGetCmdCtrl                
2000ca54  _SlEventMaskSetCmdCtrl                
200083c5  _SlFindAndSetActiveObj                
2000c9bc  _SlGetHostByNameCtrl                  
2000c9b8  _SlGetHostByServiceCtrl               
2000c9b0  _SlGetServiceListeCtrl                
2000c968  _SlGetSockOptCmdCtrl                  
2000c958  _SlListenCmdCtrl                      
2000c9c8  _SlNetAppGetCmdCtrl                   
2000c9c4  _SlNetAppSendTokenValueCmdCtrl        
2000c9c0  _SlNetAppSetCmdCtrl                   
2000c9a8  _SlNetAppStartCtrl                    
2000c9ac  _SlNetAppStopCtrl                     
2000ca80  _SlNetCfgGetCmdCtrl                   
2000ca7c  _SlNetCfgSetCmdCtrl                   
2000aa3d  _SlNonOsMainLoopTask                  
2000afe9  _SlNonOsSemGet                        
2000c1e5  _SlNonOsSemSet                        
2000b045  _SlNonOsSpawn                         
2000ca64  _SlPayloadByProtocolLUT               
2000c8a4  _SlPolicyGetCmdCtrl                   
2000c8a0  _SlPolicySetCmdCtrl                   
2000c8ac  _SlProfileDelCmdCtrl                  
2000c8a8  _SlProfileGetCmdCtrl                  
2000c960  _SlRecvCmdCtrl                        
2000c950  _SlRecvfomCmdCtrl                     
2000c9b4  _SlRegisterServiceCtrl                
2000974d  _SlRemoveFromList                     
2000c8b4  _SlRxFilterAddtCmdCtrl                
2000c8bc  _SlRxFilterGetCmdCtrl                 
2000c8b8  _SlRxFilterSetCmdCtrl                 
2000c96c  _SlSelectCmdCtrl                      
2000c954  _SlSendCmdCtrl                        
2000c964  _SlSetSockOptCmdCtrl                  
2000c8c0  _SlSmartConfigStartCmdCtrl            
2000c94c  _SlSockCloseCmdCtrl                   
2000c948  _SlSockSocketCmdCtrl                  
2000ca50  _SlStopCmdCtrl                        
2000c8cc  _SlWlanCfgGetCmdCtrl                  
2000c8c8  _SlWlanCfgSetCmdCtrl                  
2000c8b0  _SlWlanGetNetworkListCtrl             
2000c8c4  _SlWlanSetModeCmdCtrl                 
2001f348  _Snan                                 
2001f3e0  _Tls_setup__Fenv                      
2001f368  _Xbig                                 
2001f370  _Zero                                 
20030000  __STACK_END                           
00001000  __STACK_SIZE                          
00008000  __SYSMEM_SIZE                         
2000cb08  __TI_CINIT_Base                       
2000cb18  __TI_CINIT_Limit                      
2000caf4  __TI_Handler_Table_Base               
2000cb00  __TI_Handler_Table_Limit              
2000ab19  __TI_auto_init                        
2001f3d4  __TI_cleanup_ptr                      
2000c30b  __TI_decompress_none                  
2000c369  __TI_decompress_rle24                 
2001f3d8  __TI_dtors_ptr                        
200051a1  __TI_printfi                          
2000ca88  __TI_static_base__                    
2000c341  __TI_zero_init                        
2000a3d5  __aeabi_cdcmpeq                       
2000a3d5  __aeabi_cdcmple                       
2000a45b  __aeabi_cdrcmple                      
2000b689  __aeabi_d2iz                          
20007eff  __aeabi_dadd                          
20008679  __aeabi_ddiv                          
2000913b  __aeabi_dmul                          
20007ef5  __aeabi_dsub                          
2000bce1  __aeabi_i2d                           
2000a7e5  __aeabi_memclr                        
2000a7e5  __aeabi_memclr4                       
2000a7e5  __aeabi_memclr8                       
20009e31  __aeabi_memcpy                        
20009e31  __aeabi_memcpy4                       
20009e31  __aeabi_memcpy8                       
2000a7e7  __aeabi_memset                        
2000a7e7  __aeabi_memset4                       
2000a7e7  __aeabi_memset8                       
20007965  __aeabi_uldivmod                      
ffffffff  __binit__                             
ffffffff  __c_args__                            
2002f000  __stack                               
2000c215  _args_main                            
2000b99d  _c_int00                              
2000c374  _ctypes_                              
2001f3cc  _lock                                 
2000c2cf  _nop                                  
2000c2c7  _register_lock                        
2000c2c1  _register_unlock                      
2000b481  _sl_BuildAddress                      
2000c1fd  _sl_GetStartResponseConvert           
2000af29  _sl_HandleAsync_Accept                
2000a861  _sl_HandleAsync_Connect               
2000a1ad  _sl_HandleAsync_DnsGetHostByName      
200095c5  _sl_HandleAsync_DnsGetHostByService   
2000a769  _sl_HandleAsync_InitComplete          
2000a239  _sl_HandleAsync_PingResponse          
2000b259  _sl_HandleAsync_Select                
2000b301  _sl_HandleAsync_Stop                  
2000abf1  _sl_NetAppSendTokenValue              
2000b961  _sl_TruncatePayloadByProtocol         
20017000  _sys_memory                           
2000c36f  _system_pre_init                      
2001f3d0  _unlock                               
2000b7a5  abort                                 
2000b4cd  atoi                                  
ffffffff  binit                                 
20006e89  calloc                                
2000b519  copy_in                               
2000b7ad  exit                                  
2000bb5d  feraiseexcept                         
20006bd7  free                                  
2000bee1  frexp                                 
2001f3c8  gFirstCmdMode                         
2000c91c  g_H2NCnysPattern                      
2000c914  g_H2NSyncPattern                      
2001f3a4  g_Host                                
2001f3b4  g_SpiFd                               
2001f000  g_StatMem                             
2001f1e4  g__SlNonOsCB                          
2001f23d  g_cDummy                              
2001f3c0  g_pCB                                 
2001f3b8  g_pHostIntHdl                         
20004000  g_pfnVectors                          
2001f1b8  g_time                                
2001f230  g_ucConnectionBSSID                   
2001f20c  g_ucConnectionSSID                    
2001f3bc  g_ucDMAEnabled                        
2001f168  g_ucDinDout                           
2001f23e  g_ucLED1Pin                           
2001f23f  g_ucLED2Pin                           
2001f240  g_ucLED3Pin                           
2001f38c  g_uiLED1Port                          
2001f390  g_uiLED2Port                          
2001f394  g_uiLED3Port                          
2001f3a0  g_ulGatewayIP                         
2001f39c  g_ulPingPacketsRecv                   
2001f398  g_ulStatus                            
2000b6d1  ldexp                                 
2000b1ad  ltoa                                  
20006085  main                                  
2001f3e8  main_func_sp                          
20006b6f  malloc                                
20006da5  memalign                              
2000c017  memccpy                               
20009e31  memcpy                                
2000be79  memmove                               
2000a7ed  memset                                
20006ae1  minit                                 
2001f3c4  pPingCallBackFunc                     
2000bd0f  raise                                 
20006c99  realloc                               
2000b869  signal                                
2000bc51  sl_Close                              
20008c29  sl_Connect                            
20009ecd  sl_DevGet                             
2000ac59  sl_DevSet                             
2000b7e5  sl_Htonl                              
2000b9d9  sl_Htons                              
20008e39  sl_NetAppDnsGetHostByName             
20009a41  sl_NetAppMDNSRegisterUnregisterService
2000babf  sl_NetAppMDNSUnRegisterService        
2000acc1  sl_NetCfgSet                          
2000a9c9  sl_Recv                               
20008d31  sl_Send                               
2000ad29  sl_SetSockOpt                         
2000b0a1  sl_Socket                             
200098cd  sl_Start                              
200094f1  sl_Stop                               
20007721  sl_WlanConnect                        
2000c34d  sl_WlanDisconnect                     
2000af89  sl_WlanPolicySet                      
2000bc81  sl_WlanProfileDel                     
2000b2ad  sl_WlanRxFilterSet                    
2000ad91  sl_WlanSet                            
2000bcb1  sl_WlanSetMode                        
2000a8d9  spi_Close                             
20008535  spi_Open                              
20009239  spi_Read                              
20009f69  spi_Write                             
2000c26f  strchr                                
2000c2d5  strcpy                                
2000c2e9  strlen                                
2000b565  uDMAChannelAssign                     
2000ae61  uDMAChannelAttributeDisable           
2000aec5  uDMAChannelAttributeEnable            
2000ba15  uDMAChannelControlSet                 
2000c035  uDMAChannelEnable                     
20009329  uDMAChannelTransferSet                
2000a34d  vsnprintf                             


GLOBAL SYMBOLS: SORTED BY Symbol Address 

address   name                                  
-------   ----                                  
00001000  __STACK_SIZE                          
00008000  __SYSMEM_SIZE                         
20004000  g_pfnVectors                          
200051a1  __TI_printfi                          
200054a9  SimpleLinkWlanEventHandler            
200055b7  SimpleLinkNetAppEventHandler          
20005659  SimpleLinkHttpServerCallback          
2000567d  SimpleLinkGeneralEventHandler         
2000569d  SimpleLinkSockEventHandler            
20006085  main                                  
200064f5  _SlDrvMsgRead                         
20006ae1  minit                                 
20006b6f  malloc                                
20006bd7  free                                  
20006c99  realloc                               
20006da5  memalign                              
20006e89  calloc                                
20006ef9  GPIO_IF_LedConfigure                  
20006f37  GPIO_IF_LedOn                         
20006feb  GPIO_IF_LedOff                        
2000709f  GPIO_IF_LedStatus                     
20007109  GPIO_IF_LedToggle                     
20007137  GPIO_IF_GetPortNPin                   
2000717d  GPIO_IF_ConfigureNIntEnable           
200071c5  GPIO_IF_Set                           
20007209  GPIO_IF_Get                           
20007259  InitTerm                              
20007277  Message                               
20007299  ClearTerm                             
200072a3  Error                                 
200072db  GetCmd                                
20007381  TrimSpace                             
20007419  Report                                
200074d9  _SlDrvRxHdrRead                       
20007721  sl_WlanConnect                        
20007965  __aeabi_uldivmod                      
20007b59  _SlDrvReleasePoolObj                  
20007d29  _SlDrvMsgWrite                        
20007ef5  __aeabi_dsub                          
20007eff  __aeabi_dadd                          
200080ad  _SlDrvWaitForPoolObj                  
2000823d  _SlDrvDriverCBInit                    
200083c5  _SlFindAndSetActiveObj                
20008535  spi_Open                              
20008679  __aeabi_ddiv                          
200087b1  PRCMCC3200MCUInit                     
200088e5  _SlDrvDataReadOp                      
20008a11  _Dscale                               
20008b21  _SlDrvDataWriteOp                     
20008c29  sl_Connect                            
20008d31  sl_Send                               
20008e39  sl_NetAppDnsGetHostByName             
20008f3d  _SlDrvDriverCBDeinit                  
2000903d  _SlDrvNetAppEventHandler              
2000913b  __aeabi_dmul                          
20009239  spi_Read                              
20009329  uDMAChannelTransferSet                
20009419  _SlDrvClassifyRxMsg                   
200094f1  sl_Stop                               
200095c5  _sl_HandleAsync_DnsGetHostByService   
2000968d  _SlDrvMsgReadCmdCtx                   
2000974d  _SlRemoveFromList                     
2000980d  _Dnorm                                
200098cd  sl_Start                              
20009989  _SlAsyncEventGenericHandler           
20009a41  sl_NetAppMDNSRegisterUnregisterService
20009af5  PinMuxConfig                          
20009ba5  IntDisable                            
20009c4d  IntEnable                             
20009cf5  SPIConfigSetExpClk                    
20009d95  _SlDrvMsgReadSpawnCtx                 
20009e31  __aeabi_memcpy                        
20009e31  __aeabi_memcpy4                       
20009e31  __aeabi_memcpy8                       
20009e31  memcpy                                
20009ecd  sl_DevGet                             
20009f69  spi_Write                             
2000a001  PRCMPeripheralClockGet                
2000a1ad  _sl_HandleAsync_DnsGetHostByName      
2000a239  _sl_HandleAsync_PingResponse          
2000a2c5  PinConfigSet                          
2000a34d  vsnprintf                             
2000a3d5  __aeabi_cdcmpeq                       
2000a3d5  __aeabi_cdcmple                       
2000a45b  __aeabi_cdrcmple                      
2000a4e1  NwpPowerOnPreamble                    
2000a565  GPIOIntTypeSet                        
2000a5e9  _SlDrvCmdOp                           
2000a769  _sl_HandleAsync_InitComplete          
2000a7e5  __aeabi_memclr                        
2000a7e5  __aeabi_memclr4                       
2000a7e5  __aeabi_memclr8                       
2000a7e7  __aeabi_memset                        
2000a7e7  __aeabi_memset4                       
2000a7e7  __aeabi_memset8                       
2000a7ed  memset                                
2000a861  _sl_HandleAsync_Connect               
2000a8d9  spi_Close                             
2000a951  UARTConfigSetExpClk                   
2000a9c9  sl_Recv                               
2000aa3d  _SlNonOsMainLoopTask                  
2000aaad  _SlDrvCmdSend                         
2000ab19  __TI_auto_init                        
2000abf1  _sl_NetAppSendTokenValue              
2000ac59  sl_DevSet                             
2000acc1  sl_NetCfgSet                          
2000ad29  sl_SetSockOpt                         
2000ad91  sl_WlanSet                            
2000adf9  _Dunscale                             
2000ae61  uDMAChannelAttributeDisable           
2000aec5  uDMAChannelAttributeEnable            
2000af29  _sl_HandleAsync_Accept                
2000af89  sl_WlanPolicySet                      
2000afe9  _SlNonOsSemGet                        
2000b045  _SlNonOsSpawn                         
2000b0a1  sl_Socket                             
2000b0fd  IntPendClear                          
2000b155  PRCMPeripheralReset                   
2000b1ad  ltoa                                  
2000b205  IntPrioritySet                        
2000b259  _sl_HandleAsync_Select                
2000b2ad  sl_WlanRxFilterSet                    
2000b301  _sl_HandleAsync_Stop                  
2000b351  SPIIntEnable                          
2000b3e9  _SlDrvProtectAsyncRespSetting         
2000b435  _SlDrvRxIrqHandler                    
2000b481  _sl_BuildAddress                      
2000b4cd  atoi                                  
2000b519  copy_in                               
2000b565  uDMAChannelAssign                     
2000b5f9  SPIIntClear                           
2000b641  _SlDrvBasicCmd                        
2000b689  __aeabi_d2iz                          
2000b6d1  ldexp                                 
2000b7a1  C$$EXIT                               
2000b7a5  abort                                 
2000b7ad  exit                                  
2000b7e5  sl_Htonl                              
2000b829  PinModeSet                            
2000b869  signal                                
2000b8a9  NwpRegisterInterruptHandler           
2000b8e7  CopyPingResultsToReport               
2000b925  PRCMPeripheralClkEnable               
2000b961  _sl_TruncatePayloadByProtocol         
2000b99d  _c_int00                              
2000b9d9  sl_Htons                              
2000ba15  uDMAChannelControlSet                 
2000ba51  NwpPowerOff                           
2000ba89  GPIODirModeSet                        
2000babf  sl_NetAppMDNSUnRegisterService        
2000baf5  PRCMPeripheralStatusGet               
2000bb29  SPIFIFOLevelSet                       
2000bb5d  feraiseexcept                         
2000bb91  PinTypeGPIO                           
2000bbc1  UARTDisable                           
2000bbf1  _SlDrvDeviceEventHandler              
2000bc21  _Feraise                              
2000bc51  sl_Close                              
2000bc81  sl_WlanProfileDel                     
2000bcb1  sl_WlanSetMode                        
2000bce1  __aeabi_i2d                           
2000bd0f  raise                                 
2000bd3d  NwpPowerOn                            
2000bd69  PRCMSysResetCauseGet                  
2000bd95  _Dclass                               
2000bdc1  PRCMPeripheralClkDisable              
2000bde9  DmaSpiSwIntHandler                    
2000be0d  IntUnregister                         
2000be31  UARTEnable                            
2000be55  _SlDrvProtectionObjLockWaitForever    
2000be79  memmove                               
2000be9d  SPIReset                              
2000bebf  SPIWordCountSet                       
2000bee1  frexp                                 
2000bf03  GPIOPinWrite                          
2000bf25  IntRegister                           
2000bf45  _SlDrvProtectionObjUnLock             
2000bf65  GPIOIntRegister                       
2000bf83  UARTCharPut                           
2000bfa1  _SlDrvObjLockWaitForever              
2000bfbf  _SlDrvSyncObjWaitForever              
2000bffb  UARTCharGetNonBlocking                
2000c017  memccpy                               
2000c035  uDMAChannelEnable                     
2000c051  GPIOIntEnable                         
2000c06b  PinTypeSPI                            
2000c085  PinTypeUART                           
2000c09f  SPIDmaDisable                         
2000c0b9  SPIDmaEnable                          
2000c0d3  SPIFIFODisable                        
2000c0ed  SPIFIFOEnable                         
2000c107  SPIIntUnregister                      
2000c121  _SlDrvObjUnLock                       
2000c13b  _SlDrvSyncObjSignal                   
2000c155  GPIOPinRead                           
2000c16d  SPICSDisable                          
2000c185  SPICSEnable                           
2000c19d  SPIDisable                            
2000c1b5  SPIEnable                             
2000c1cd  UARTCharsAvail                        
2000c1e5  _SlNonOsSemSet                        
2000c1fd  _sl_GetStartResponseConvert           
2000c215  _args_main                            
2000c22d  PRCMHIBRegRead                        
2000c243  PRCMHIBRegWrite                       
2000c259  _SlDrvMemZero                         
2000c26f  strchr                                
2000c285  CPUcpsie                              
2000c299  GPIOIntClear                          
2000c2ad  IntVTableBaseSet                      
2000c2c1  _register_unlock                      
2000c2c7  _register_lock                        
2000c2cf  _nop                                  
2000c2d5  strcpy                                
2000c2e9  strlen                                
2000c2fd  _SlDrvResetCmdExt                     
2000c30b  __TI_decompress_none                  
2000c319  ResetISR                              
2000c329  NwpMaskInterrupt                      
2000c335  NwpUnMaskInterrupt                    
2000c341  __TI_zero_init                        
2000c34d  sl_WlanDisconnect                     
2000c359  IntMasterEnable                       
2000c363  UtilsDelay                            
2000c369  __TI_decompress_rle24                 
2000c36f  _system_pre_init                      
2000c374  _ctypes_                              
2000c864  OpcodeTranslateTable                  
2000c8a0  _SlPolicySetCmdCtrl                   
2000c8a4  _SlPolicyGetCmdCtrl                   
2000c8a8  _SlProfileGetCmdCtrl                  
2000c8ac  _SlProfileDelCmdCtrl                  
2000c8b0  _SlWlanGetNetworkListCtrl             
2000c8b4  _SlRxFilterAddtCmdCtrl                
2000c8b8  _SlRxFilterSetCmdCtrl                 
2000c8bc  _SlRxFilterGetCmdCtrl                 
2000c8c0  _SlSmartConfigStartCmdCtrl            
2000c8c4  _SlWlanSetModeCmdCtrl                 
2000c8c8  _SlWlanCfgSetCmdCtrl                  
2000c8cc  _SlWlanCfgGetCmdCtrl                  
2000c8dc  _SlActionLookupTable                  
2000c914  g_H2NSyncPattern                      
2000c91c  g_H2NCnysPattern                      
2000c924  RxMsgClassLUT                         
2000c948  _SlSockSocketCmdCtrl                  
2000c94c  _SlSockCloseCmdCtrl                   
2000c950  _SlRecvfomCmdCtrl                     
2000c954  _SlSendCmdCtrl                        
2000c958  _SlListenCmdCtrl                      
2000c95c  _SlAcceptCmdCtrl                      
2000c960  _SlRecvCmdCtrl                        
2000c964  _SlSetSockOptCmdCtrl                  
2000c968  _SlGetSockOptCmdCtrl                  
2000c96c  _SlSelectCmdCtrl                      
2000c9a8  _SlNetAppStartCtrl                    
2000c9ac  _SlNetAppStopCtrl                     
2000c9b0  _SlGetServiceListeCtrl                
2000c9b4  _SlRegisterServiceCtrl                
2000c9b8  _SlGetHostByServiceCtrl               
2000c9bc  _SlGetHostByNameCtrl                  
2000c9c0  _SlNetAppSetCmdCtrl                   
2000c9c4  _SlNetAppSendTokenValueCmdCtrl        
2000c9c8  _SlNetAppGetCmdCtrl                   
2000ca50  _SlStopCmdCtrl                        
2000ca54  _SlEventMaskSetCmdCtrl                
2000ca58  _SlEventMaskGetCmdCtrl                
2000ca5c  _SlDeviceGetCmdCtrl                   
2000ca60  _SlDeviceSetCmdCtrl                   
2000ca64  _SlPayloadByProtocolLUT               
2000ca74  StartResponseLUT                      
2000ca7c  _SlNetCfgSetCmdCtrl                   
2000ca80  _SlNetCfgGetCmdCtrl                   
2000ca88  __TI_static_base__                    
2000caf4  __TI_Handler_Table_Base               
2000cb00  __TI_Handler_Table_Limit              
2000cb08  __TI_CINIT_Base                       
2000cb18  __TI_CINIT_Limit                      
20017000  _sys_memory                           
2001f000  g_StatMem                             
2001f168  g_ucDinDout                           
2001f1b8  g_time                                
2001f1e4  g__SlNonOsCB                          
2001f20c  g_ucConnectionSSID                    
2001f230  g_ucConnectionBSSID                   
2001f23c  RxIrqCnt                              
2001f23d  g_cDummy                              
2001f23e  g_ucLED1Pin                           
2001f23f  g_ucLED2Pin                           
2001f240  g_ucLED3Pin                           
2001f2f8  _Denorm                               
2001f308  _Eps                                  
2001f318  _Hugeval                              
2001f328  _Inf                                  
2001f338  _Nan                                  
2001f348  _Snan                                 
2001f358  _Rteps                                
2001f368  _Xbig                                 
2001f370  _Zero                                 
2001f38c  g_uiLED1Port                          
2001f390  g_uiLED2Port                          
2001f394  g_uiLED3Port                          
2001f398  g_ulStatus                            
2001f39c  g_ulPingPacketsRecv                   
2001f3a0  g_ulGatewayIP                         
2001f3a4  g_Host                                
2001f3b4  g_SpiFd                               
2001f3b8  g_pHostIntHdl                         
2001f3bc  g_ucDMAEnabled                        
2001f3c0  g_pCB                                 
2001f3c4  pPingCallBackFunc                     
2001f3c8  gFirstCmdMode                         
2001f3cc  _lock                                 
2001f3d0  _unlock                               
2001f3d4  __TI_cleanup_ptr                      
2001f3d8  __TI_dtors_ptr                        
2001f3dc  _Fenv                                 
2001f3e0  _Tls_setup__Fenv                      
2001f3e4  _Errno                                
2001f3e8  main_func_sp                          
2002f000  __stack                               
20030000  __STACK_END                           
ffffffff  __binit__                             
ffffffff  __c_args__                            
ffffffff  binit                                 
UNDEFED   SHT$$INIT_ARRAY$$Base                 
UNDEFED   SHT$$INIT_ARRAY$$Limit                

[326 symbols]
