******************************************************************************
                  TI ARM Linker PC v5.2.7                      
******************************************************************************
>> Linked Thu Mar 03 00:40:42 2016

OUTPUT FILE NAME:   <ssl_Restful_API_AWS.out>
ENTRY POINT SYMBOL: "_c_int00"  address: 2000c9f9


MEMORY CONFIGURATION

         name            origin    length      used     unused   attr    fill
----------------------  --------  ---------  --------  --------  ----  --------
  SRAM_CODE             20004000   00013000  00009c52  000093ae  RW X
  SRAM_DATA             20017000   00019000  00009781  0000f87f  RW X


SEGMENT ALLOCATION MAP

run origin  load origin   length   init length attrs members
----------  ----------- ---------- ----------- ----- -------
20004000    20004000    00009c58   00009c58    r-x
  20004000    20004000    00000400   00000400    r-- .intvecs
  20004400    20004400    00009036   00009036    r-x .text
  2000d438    2000d438    0000072c   0000072c    r-- .const
  2000db68    2000db68    000000f0   000000f0    r-- .cinit
20017000    20017000    00008788   00000000    rw-
  20017000    20017000    00008000   00000000    rw- .sysmem
  2001f000    2001f000    00000409   00000000    rw- .bss
  2001f410    2001f410    00000378   00000000    rw- .data
2002f000    2002f000    00001000   00000000    rw-
  2002f000    2002f000    00001000   00000000    rw- .stack


SECTION ALLOCATION MAP

 output                                  attributes/
section   page    origin      length       input sections
--------  ----  ----------  ----------   ----------------
.intvecs   0    20004000    00000400     
                  20004000    00000400     startup_ccs.obj (.intvecs)

.init_array 
*          0    20004000    00000000     UNINITIALIZED

.text      0    20004400    00009036     
                  20004400    000012b4     main.obj (.text)
                  200056b4    000010a6     rtsv7M4_T_le_eabi.lib : _printfi.obj (.text)
                  2000675a    00000002     driverlib.a : interrupt.obj (.text:IntDefaultHandler)
                  2000675c    000005ec     simplelink.a : driver.obj (.text:_SlDrvMsgRead)
                  20006d48    000003dc     rtsv7M4_T_le_eabi.lib : memory.obj (.text)
                  20007124    0000039c     gpio_if.obj (.text)
                  200074c0    0000030c     rtsv7M4_T_le_eabi.lib : lowlev.obj (.text)
                  200077cc    000002d4                           : trgdrv.obj (.text)
                  20007aa0    00000280     uart_if.obj (.text)
                  20007d20    00000248     simplelink.a : driver.obj (.text:_SlDrvRxHdrRead)
                  20007f68    00000244                  : wlan.obj (.text:sl_WlanConnect)
                  200081ac    000001f4     rtsv7M4_T_le_eabi.lib : ull_div_t2.obj (.text)
                  200083a0    000001d0     simplelink.a : driver.obj (.text:_SlDrvReleasePoolObj)
                  20008570    000001cc                  : driver.obj (.text:_SlDrvMsgWrite)
                  2000873c    000001c4     rtsv7M4_T_le_eabi.lib : fopen.obj (.text)
                  20008900    000001b6                           : fd_add_t2.obj (.text)
                  20008ab6    00000002     --HOLE-- [fill = 0]
                  20008ab8    00000190     simplelink.a : driver.obj (.text:_SlDrvWaitForPoolObj)
                  20008c48    00000188                  : driver.obj (.text:_SlDrvDriverCBInit)
                  20008dd0    00000170                  : driver.obj (.text:_SlFindAndSetActiveObj)
                  20008f40    00000144                  : cc_pal.obj (.text:spi_Open)
                  20009084    00000136     rtsv7M4_T_le_eabi.lib : fd_div_t2.obj (.text)
                  200091ba    00000002     --HOLE-- [fill = 0]
                  200091bc    00000134     driverlib.a : prcm.obj (.text:PRCMCC3200MCUInit)
                  200092f0    00000134     rtsv7M4_T_le_eabi.lib : fputs.obj (.text)
                  20009424    0000012c     simplelink.a : driver.obj (.text:_SlDrvDataReadOp)
                  20009550    00000110     rtsv7M4_T_le_eabi.lib : xdscale.obj (.text)
                  20009660    00000108     simplelink.a : driver.obj (.text:_SlDrvDataWriteOp)
                  20009768    00000108                  : socket.obj (.text:sl_Connect)
                  20009870    00000108                  : socket.obj (.text:sl_Send)
                  20009978    00000104                  : netapp.obj (.text:sl_NetAppDnsGetHostByName)
                  20009a7c    00000100                  : driver.obj (.text:_SlDrvDriverCBDeinit)
                  20009b7c    000000fe                  : netapp.obj (.text:_SlDrvNetAppEventHandler)
                  20009c7a    000000fc     rtsv7M4_T_le_eabi.lib : fd_mul_t2.obj (.text)
                  20009d76    00000002     --HOLE-- [fill = 0]
                  20009d78    000000f0     simplelink.a : cc_pal.obj (.text:spi_Read)
                  20009e68    000000f0     driverlib.a : udma.obj (.text:uDMAChannelTransferSet)
                  20009f58    000000dc     rtsv7M4_T_le_eabi.lib : setvbuf.obj (.text)
                  2000a034    000000d8     simplelink.a : driver.obj (.text:_SlDrvClassifyRxMsg)
                  2000a10c    000000d4                  : device.obj (.text:sl_Stop)
                  2000a1e0    000000c8                  : netapp.obj (.text:_sl_HandleAsync_DnsGetHostByService)
                  2000a2a8    000000c8     rtsv7M4_T_le_eabi.lib : fflush.obj (.text)
                  2000a370    000000c0     simplelink.a : driver.obj (.text:_SlDrvMsgReadCmdCtx)
                  2000a430    000000c0                  : driver.obj (.text:_SlRemoveFromList)
                  2000a4f0    000000be     rtsv7M4_T_le_eabi.lib : xdnorm.obj (.text)
                  2000a5ae    00000002     --HOLE-- [fill = 0]
                  2000a5b0    000000bc     simplelink.a : device.obj (.text:sl_Start)
                  2000a66c    000000b8                  : driver.obj (.text:_SlAsyncEventGenericHandler)
                  2000a724    000000b4                  : netapp.obj (.text:sl_NetAppMDNSRegisterUnregisterService)
                  2000a7d8    000000b0     pinmux.obj (.text)
                  2000a888    000000ac     rtsv7M4_T_le_eabi.lib : _io_perm.obj (.text)
                  2000a934    000000a8     driverlib.a : interrupt.obj (.text:IntDisable)
                  2000a9dc    000000a8                 : interrupt.obj (.text:IntEnable)
                  2000aa84    000000a0                 : spi.obj (.text:SPIConfigSetExpClk)
                  2000ab24    0000009c     simplelink.a : driver.obj (.text:_SlDrvMsgReadSpawnCtx)
                  2000abc0    0000009c     rtsv7M4_T_le_eabi.lib : memcpy_t2.obj (.text)
                  2000ac5c    0000009c     simplelink.a : device.obj (.text:sl_DevGet)
                  2000acf8    00000098     rtsv7M4_T_le_eabi.lib : fclose.obj (.text)
                  2000ad90    00000098                           : fputc.obj (.text)
                  2000ae28    00000098     simplelink.a : cc_pal.obj (.text:spi_Write)
                  2000aec0    00000094     driverlib.a : prcm.obj (.text:PRCMPeripheralClockGet)
                  2000af54    0000008c     simplelink.a : cc_pal.obj (.text:SetupDMAReceive)
                  2000afe0    0000008c                  : cc_pal.obj (.text:SetupDMASend)
                  2000b06c    0000008c                  : netapp.obj (.text:_sl_HandleAsync_DnsGetHostByName)
                  2000b0f8    0000008c                  : netapp.obj (.text:_sl_HandleAsync_PingResponse)
                  2000b184    00000088     driverlib.a : pin.obj (.text:PinConfigSet)
                  2000b20c    00000088     rtsv7M4_T_le_eabi.lib : vsnprintf.obj (.text)
                  2000b294    00000086                           : fd_cmp_t2.obj (.text:__aeabi_cdcmple)
                  2000b31a    00000086                           : fd_cmp_t2.obj (.text:__aeabi_cdrcmple)
                  2000b3a0    00000084     simplelink.a : cc_pal.obj (.text:NwpPowerOnPreamble)
                  2000b424    00000082     driverlib.a : gpio.obj (.text:GPIOIntTypeSet)
                  2000b4a6    00000002     --HOLE-- [fill = 0]
                  2000b4a8    00000080     simplelink.a : driver.obj (.text:_SlDrvCmdOp)
                  2000b528    00000080                  : cc_pal.obj (.text:spi_Read_CPU)
                  2000b5a8    00000080                  : cc_pal.obj (.text:spi_Write_CPU)
                  2000b628    0000007c                  : device.obj (.text:_sl_HandleAsync_InitComplete)
                  2000b6a4    0000007a     rtsv7M4_T_le_eabi.lib : memset_t2.obj (.text)
                  2000b71e    00000002     --HOLE-- [fill = 0]
                  2000b720    00000078     simplelink.a : socket.obj (.text:_sl_HandleAsync_Connect)
                  2000b798    00000078                  : cc_pal.obj (.text:spi_Close)
                  2000b810    00000076     driverlib.a : uart.obj (.text:UARTConfigSetExpClk)
                  2000b886    00000002     --HOLE-- [fill = 0]
                  2000b888    00000074     simplelink.a : socket.obj (.text:sl_Recv)
                  2000b8fc    00000070                  : nonos.obj (.text:_SlNonOsMainLoopTask)
                  2000b96c    00000070     rtsv7M4_T_le_eabi.lib : printf.obj (.text)
                  2000b9dc    0000006c     simplelink.a : driver.obj (.text:_SlDrvCmdSend)
                  2000ba48    0000006c     rtsv7M4_T_le_eabi.lib : autoinit.obj (.text)
                  2000bab4    0000006a                           : copy_decompress_rle.obj (.text)
                  2000bb1e    00000002     --HOLE-- [fill = 0]
                  2000bb20    00000068     simplelink.a : netapp.obj (.text:_sl_NetAppSendTokenValue)
                  2000bb88    00000068     rtsv7M4_T_le_eabi.lib : trgmsg.obj (.text)
                  2000bbf0    00000068     simplelink.a : device.obj (.text:sl_DevSet)
                  2000bc58    00000068                  : netcfg.obj (.text:sl_NetCfgSet)
                  2000bcc0    00000068                  : socket.obj (.text:sl_SetSockOpt)
                  2000bd28    00000068                  : wlan.obj (.text:sl_WlanSet)
                  2000bd90    00000066     rtsv7M4_T_le_eabi.lib : xdunscal.obj (.text)
                  2000bdf6    00000002     --HOLE-- [fill = 0]
                  2000bdf8    00000064                           : fseek.obj (.text)
                  2000be5c    00000064     driverlib.a : udma.obj (.text:uDMAChannelAttributeDisable)
                  2000bec0    00000064                 : udma.obj (.text:uDMAChannelAttributeEnable)
                  2000bf24    00000060     simplelink.a : socket.obj (.text:_sl_HandleAsync_Accept)
                  2000bf84    00000060     rtsv7M4_T_le_eabi.lib : sprintf.obj (.text)
                  2000bfe4    00000060     simplelink.a : wlan.obj (.text:sl_WlanPolicySet)
                  2000c044    0000005c                  : nonos.obj (.text:_SlNonOsSemGet)
                  2000c0a0    0000005c                  : nonos.obj (.text:_SlNonOsSpawn)
                  2000c0fc    0000005c                  : socket.obj (.text:sl_Socket)
                  2000c158    00000058     driverlib.a : interrupt.obj (.text:IntPendClear)
                  2000c1b0    00000058                 : prcm.obj (.text:PRCMPeripheralReset)
                  2000c208    00000056     rtsv7M4_T_le_eabi.lib : ltoa.obj (.text)
                  2000c25e    00000002     --HOLE-- [fill = 0]
                  2000c260    00000054     driverlib.a : interrupt.obj (.text:IntPrioritySet)
                  2000c2b4    00000054     simplelink.a : socket.obj (.text:_sl_HandleAsync_Select)
                  2000c308    00000054                  : wlan.obj (.text:sl_WlanRxFilterSet)
                  2000c35c    00000050                  : device.obj (.text:_sl_HandleAsync_Stop)
                  2000c3ac    0000004c     driverlib.a : spi.obj (.text:SPIIntEnable)
                  2000c3f8    0000004c                 : spi.obj (.text:SPIIntNumberGet)
                  2000c444    0000004c     simplelink.a : driver.obj (.text:_SlDrvProtectAsyncRespSetting)
                  2000c490    0000004c                  : driver.obj (.text:_SlDrvRxIrqHandler)
                  2000c4dc    0000004c                  : socket.obj (.text:_sl_BuildAddress)
                  2000c528    0000004c     rtsv7M4_T_le_eabi.lib : atoi.obj (.text)
                  2000c574    0000004c                           : cpy_tbl.obj (.text)
                  2000c5c0    0000004c     driverlib.a : udma.obj (.text:uDMAChannelAssign)
                  2000c60c    00000048                 : gpio.obj (.text:GPIOGetIntNumber)
                  2000c654    00000048                 : spi.obj (.text:SPIIntClear)
                  2000c69c    00000048     simplelink.a : driver.obj (.text:_SlDrvBasicCmd)
                  2000c6e4    00000048     rtsv7M4_T_le_eabi.lib : fd_toi_t2.obj (.text)
                  2000c72c    00000046                           : ldexp.obj (.text)
                  2000c772    00000002     --HOLE-- [fill = 0]
                  2000c774    00000044     driverlib.a : spi.obj (.text:SPIDmaMaskGet)
                  2000c7b8    00000044     simplelink.a : cc_pal.obj (.text:cc_SetupTransfer)
                  2000c7fc    00000044     rtsv7M4_T_le_eabi.lib : exit.obj (.text)
                  2000c840    00000042     simplelink.a : socket.obj (.text:sl_Htonl)
                  2000c882    00000002     --HOLE-- [fill = 0]
                  2000c884    00000040     driverlib.a : pin.obj (.text:PinModeSet)
                  2000c8c4    00000040     rtsv7M4_T_le_eabi.lib : signal.obj (.text)
                  2000c904    0000003e     simplelink.a : cc_pal.obj (.text:NwpRegisterInterruptHandler)
                  2000c942    0000003c                  : netapp.obj (.text:CopyPingResultsToReport)
                  2000c97e    00000002     --HOLE-- [fill = 0]
                  2000c980    0000003c     driverlib.a : prcm.obj (.text:PRCMPeripheralClkEnable)
                  2000c9bc    0000003c     simplelink.a : socket.obj (.text:_sl_TruncatePayloadByProtocol)
                  2000c9f8    0000003c     rtsv7M4_T_le_eabi.lib : boot.obj (.text)
                  2000ca34    0000003c     simplelink.a : socket.obj (.text:sl_Htons)
                  2000ca70    0000003c     driverlib.a : udma.obj (.text:uDMAChannelControlSet)
                  2000caac    00000038     simplelink.a : cc_pal.obj (.text:NwpPowerOff)
                  2000cae4    00000036     driverlib.a : gpio.obj (.text:GPIODirModeSet)
                  2000cb1a    00000036     simplelink.a : netapp.obj (.text:sl_NetAppMDNSUnRegisterService)
                  2000cb50    00000034     driverlib.a : prcm.obj (.text:PRCMPeripheralStatusGet)
                  2000cb84    00000034                 : spi.obj (.text:SPIFIFOLevelSet)
                  2000cbb8    00000034     rtsv7M4_T_le_eabi.lib : feraiseexcept.obj (.text)
                  2000cbec    00000030     driverlib.a : pin.obj (.text:PinTypeGPIO)
                  2000cc1c    00000030                 : uart.obj (.text:UARTDisable)
                  2000cc4c    00000030     simplelink.a : device.obj (.text:_SlDrvDeviceEventHandler)
                  2000cc7c    00000030     rtsv7M4_T_le_eabi.lib : strncpy.obj (.text)
                  2000ccac    00000030                           : xferaise.obj (.text)
                  2000ccdc    00000030     simplelink.a : socket.obj (.text:sl_Close)
                  2000cd0c    00000030                  : wlan.obj (.text:sl_WlanProfileDel)
                  2000cd3c    00000030                  : wlan.obj (.text:sl_WlanSetMode)
                  2000cd6c    0000002e     rtsv7M4_T_le_eabi.lib : i_tofd_t2.obj (.text)
                  2000cd9a    0000002e                           : raise.obj (.text)
                  2000cdc8    0000002c     simplelink.a : cc_pal.obj (.text:NwpPowerOn)
                  2000cdf4    0000002c     driverlib.a : prcm.obj (.text:PRCMSysResetCauseGet)
                  2000ce20    0000002a     rtsv7M4_T_le_eabi.lib : xdclass.obj (.text)
                  2000ce4a    00000002     --HOLE-- [fill = 0]
                  2000ce4c    00000028     driverlib.a : prcm.obj (.text:PRCMPeripheralClkDisable)
                  2000ce74    00000024     simplelink.a : cc_pal.obj (.text:DmaSpiSwIntHandler)
                  2000ce98    00000024     driverlib.a : interrupt.obj (.text:IntUnregister)
                  2000cebc    00000024                 : uart.obj (.text:UARTEnable)
                  2000cee0    00000024     simplelink.a : driver.obj (.text:_SlDrvProtectionObjLockWaitForever)
                  2000cf04    00000024     rtsv7M4_T_le_eabi.lib : memmov.obj (.text)
                  2000cf28    00000022     driverlib.a : spi.obj (.text:SPIReset)
                  2000cf4a    00000022                 : spi.obj (.text:SPIWordCountSet)
                  2000cf6c    00000022     rtsv7M4_T_le_eabi.lib : frexp.obj (.text)
                  2000cf8e    00000020     driverlib.a : gpio.obj (.text:GPIOPinWrite)
                  2000cfae    00000002     --HOLE-- [fill = 0]
                  2000cfb0    00000020                 : interrupt.obj (.text:IntRegister)
                  2000cfd0    00000020     simplelink.a : driver.obj (.text:_SlDrvProtectionObjUnLock)
                  2000cff0    00000020     rtsv7M4_T_le_eabi.lib : memchr.obj (.text)
                  2000d010    0000001e     driverlib.a : gpio.obj (.text:GPIOIntRegister)
                  2000d02e    0000001e                 : uart.obj (.text:UARTCharPut)
                  2000d04c    0000001e     simplelink.a : driver.obj (.text:_SlDrvObjLockWaitForever)
                  2000d06a    0000001e                  : driver.obj (.text:_SlDrvSyncObjWaitForever)
                  2000d088    0000001e                  : cc_pal.obj (.text:cc_UDMAChannelSelect)
                  2000d0a6    0000001c     driverlib.a : uart.obj (.text:UARTCharGetNonBlocking)
                  2000d0c2    0000001c     rtsv7M4_T_le_eabi.lib : memccpy.obj (.text)
                  2000d0de    00000002     --HOLE-- [fill = 0]
                  2000d0e0    0000001c     driverlib.a : udma.obj (.text:uDMAChannelEnable)
                  2000d0fc    0000001a                 : gpio.obj (.text:GPIOIntEnable)
                  2000d116    0000001a                 : pin.obj (.text:PinTypeSPI)
                  2000d130    0000001a                 : pin.obj (.text:PinTypeUART)
                  2000d14a    0000001a                 : spi.obj (.text:SPIDmaDisable)
                  2000d164    0000001a                 : spi.obj (.text:SPIDmaEnable)
                  2000d17e    0000001a                 : spi.obj (.text:SPIFIFODisable)
                  2000d198    0000001a                 : spi.obj (.text:SPIFIFOEnable)
                  2000d1b2    0000001a                 : spi.obj (.text:SPIIntUnregister)
                  2000d1cc    0000001a     simplelink.a : driver.obj (.text:_SlDrvObjUnLock)
                  2000d1e6    0000001a                  : driver.obj (.text:_SlDrvSyncObjSignal)
                  2000d200    00000018     driverlib.a : gpio.obj (.text:GPIOPinRead)
                  2000d218    00000018                 : spi.obj (.text:SPICSDisable)
                  2000d230    00000018                 : spi.obj (.text:SPICSEnable)
                  2000d248    00000018                 : spi.obj (.text:SPIDisable)
                  2000d260    00000018                 : spi.obj (.text:SPIEnable)
                  2000d278    00000018                 : uart.obj (.text:UARTCharsAvail)
                  2000d290    00000018     simplelink.a : nonos.obj (.text:_SlNonOsSemSet)
                  2000d2a8    00000018                  : device.obj (.text:_sl_GetStartResponseConvert)
                  2000d2c0    00000018     rtsv7M4_T_le_eabi.lib : args_main.obj (.text)
                  2000d2d8    00000018                           : strcmp.obj (.text)
                  2000d2f0    00000016     driverlib.a : prcm.obj (.text:PRCMHIBRegRead)
                  2000d306    00000016                 : prcm.obj (.text:PRCMHIBRegWrite)
                  2000d31c    00000016     simplelink.a : driver.obj (.text:_SlDrvMemZero)
                  2000d332    00000016     rtsv7M4_T_le_eabi.lib : strchr.obj (.text)
                  2000d348    00000014     driverlib.a : cpu.obj (.text:CPUcpsie)
                  2000d35c    00000014                 : gpio.obj (.text:GPIOIntClear)
                  2000d370    00000014                 : interrupt.obj (.text:IntVTableBaseSet)
                  2000d384    00000014     rtsv7M4_T_le_eabi.lib : _lock.obj (.text)
                  2000d398    00000014                           : strcpy.obj (.text)
                  2000d3ac    00000014                           : strlen.obj (.text)
                  2000d3c0    0000000e     simplelink.a : driver.obj (.text:_SlDrvResetCmdExt)
                  2000d3ce    0000000e     rtsv7M4_T_le_eabi.lib : copy_decompress_none.obj (.text:decompress:none)
                  2000d3dc    0000000e     startup_ccs.obj (.text)
                  2000d3ea    00000002     --HOLE-- [fill = 0]
                  2000d3ec    0000000c     simplelink.a : cc_pal.obj (.text:NwpMaskInterrupt)
                  2000d3f8    0000000c                  : cc_pal.obj (.text:NwpUnMaskInterrupt)
                  2000d404    0000000c     rtsv7M4_T_le_eabi.lib : copy_zero_init.obj (.text:decompress:ZI)
                  2000d410    0000000c     simplelink.a : wlan.obj (.text:sl_WlanDisconnect)
                  2000d41c    0000000a     driverlib.a : interrupt.obj (.text:IntMasterEnable)
                  2000d426    00000006                 : utils.obj (.text:UtilsDelay)
                  2000d42c    00000006     rtsv7M4_T_le_eabi.lib : copy_decompress_rle.obj (.text:decompress:rle24)
                  2000d432    00000004                           : pre_init.obj (.text)

.const     0    2000d438    0000072c     
                  2000d438    00000101     rtsv7M4_T_le_eabi.lib : ctype.obj (.const:.string:_ctypes_)
                  2000d539    00000003     --HOLE-- [fill = 0]
                  2000d53c    00000100     driverlib.a : pin.obj (.const:g_ulPinToPadMap)
                  2000d63c    000000d4                 : interrupt.obj (.const:g_pulRegs)
                  2000d710    000000b0     simplelink.a : wlan.obj (.const:$P$T0$1)
                  2000d7c0    000000a8     driverlib.a : prcm.obj (.const:PRCM_PeriphRegsList)
                  2000d868    00000080                 : interrupt.obj (.const)
                  2000d8e8    0000005c     main.obj (.const:.string)
                  2000d944    0000003c     simplelink.a : driver.obj (.const:OpcodeTranslateTable)
                  2000d980    0000003c                  : wlan.obj (.const)
                  2000d9bc    00000038                  : driver.obj (.const:_SlActionLookupTable)
                  2000d9f4    00000034                  : driver.obj (.const)
                  2000da28    00000034                  : socket.obj (.const)
                  2000da5c    0000002c     main.obj (.const:$P$T1$2)
                  2000da88    00000028     simplelink.a : netapp.obj (.const)
                  2000dab0    00000024     driverlib.a : spi.obj (.const:g_ppulSPIIntMap)
                  2000dad4    00000022     main.obj (.const:.string:$P$T0$1)
                  2000daf6    00000002     --HOLE-- [fill = 0]
                  2000daf8    00000020     main.obj (.const)
                  2000db18    00000018     driverlib.a : spi.obj (.const)
                  2000db30    00000014     simplelink.a : device.obj (.const)
                  2000db44    00000010                  : socket.obj (.const:.string)
                  2000db54    00000008                  : device.obj (.const:.string)
                  2000db5c    00000008                  : netcfg.obj (.const)

.cinit     0    2000db68    000000f0     
                  2000db68    000000c7     (.cinit..data.load) [load image, compression = rle]
                  2000dc2f    00000001     --HOLE-- [fill = 0]
                  2000dc30    0000000c     (__TI_handler_table)
                  2000dc3c    00000004     --HOLE-- [fill = 0]
                  2000dc40    00000008     (.cinit..bss.load) [load image, compression = zero_init]
                  2000dc48    00000010     (__TI_cinit_table)

.sysmem    0    20017000    00008000     UNINITIALIZED
                  20017000    00000008     rtsv7M4_T_le_eabi.lib : memory.obj (.sysmem)
                  20017008    00007ff8     --HOLE--

.bss       0    2001f000    00000409     UNINITIALIZED
                  2001f000    00000168     simplelink.a : driver.obj (.bss:g_StatMem)
                  2001f168    00000120     rtsv7M4_T_le_eabi.lib : trgmsg.obj (.bss:__CIOBUF_)
                  2001f288    000000a0                           : defs.obj (.bss:__TI_tmpnams)
                  2001f328    00000050     simplelink.a : cc_pal.obj (.bss:g_ucDinDout)
                  2001f378    0000002c     main.obj (.bss:g_time)
                  2001f3a4    00000028     simplelink.a : nonos.obj (.bss:g__SlNonOsCB)
                  2001f3cc    00000024     main.obj (.bss:g_ucConnectionSSID)
                  2001f3f0    00000008     (.common:g_ucConnectionBSSID)
                  2001f3f8    00000008     (.common:parmbuf)
                  2001f400    00000004     (.common:__Errorlog)
                  2001f404    00000001     (.common:RxIrqCnt)
                  2001f405    00000001     (.common:g_cDummy)
                  2001f406    00000001     (.common:g_ucLED1Pin)
                  2001f407    00000001     (.common:g_ucLED2Pin)
                  2001f408    00000001     (.common:g_ucLED3Pin)

.TI.noinit 
*          0    2001f000    00000000     UNINITIALIZED

.data      0    2001f410    00000378     UNINITIALIZED
                  2001f410    000000f0     rtsv7M4_T_le_eabi.lib : defs.obj (.data:_ftable)
                  2001f500    000000d0                           : lowlev.obj (.data)
                  2001f5d0    000000b0                           : signal.obj (.data:sigtable)
                  2001f680    00000080                           : xvalues.obj (.data)
                  2001f700    00000020     gpio_if.obj (.data)
                  2001f720    00000010     main.obj (.data)
                  2001f730    00000010     rtsv7M4_T_le_eabi.lib : defs.obj (.data)
                  2001f740    0000000c                           : memory.obj (.data)
                  2001f74c    00000009     simplelink.a : cc_pal.obj (.data)
                  2001f755    00000003     --HOLE--
                  2001f758    00000009                  : driver.obj (.data)
                  2001f761    00000003     --HOLE--
                  2001f764    00000008     rtsv7M4_T_le_eabi.lib : _lock.obj (.data)
                  2001f76c    00000008                           : exit.obj (.data)
                  2001f774    00000008                           : feraiseexcept.obj (.data)
                  2001f77c    00000004                           : errno.obj (.data)
                  2001f780    00000004                           : fopen.obj (.data)
                  2001f784    00000004                           : stkdepth_vars.obj (.data)

.TI.persistent 
*          0    2001f410    00000000     UNINITIALIZED

.stack     0    2002f000    00001000     UNINITIALIZED
                  2002f000    00001000     --HOLE--


LINKER GENERATED COPY TABLES

__TI_cinit_table @ 2000dc48 records: 2, size/record: 8, table size: 16
	.data: load addr=2000db68, load size=000000c7 bytes, run addr=2001f410, run size=00000378 bytes, compression=rle
	.bss: load addr=2000dc40, load size=00000008 bytes, run addr=2001f000, run size=00000409 bytes, compression=zero_init


LINKER GENERATED HANDLER TABLE

__TI_handler_table @ 2000dc30 records: 3, size/record: 4, table size: 12
	index: 0, handler: __TI_decompress_rle24
	index: 1, handler: __TI_decompress_none
	index: 2, handler: __TI_zero_init


GLOBAL SYMBOLS: SORTED ALPHABETICALLY BY Name 

address   name                                  
-------   ----                                  
2000c7fd  C$$EXIT                               
2000bbb7  C$$IO$$                               
2000d349  CPUcpsie                              
20007ae1  ClearTerm                             
2000c943  CopyPingResultsToReport               
2000ce75  DmaSpiSwIntHandler                    
20007aeb  Error                                 
2000cae5  GPIODirModeSet                        
2000d35d  GPIOIntClear                          
2000d0fd  GPIOIntEnable                         
2000d011  GPIOIntRegister                       
2000b425  GPIOIntTypeSet                        
2000d201  GPIOPinRead                           
2000cf8f  GPIOPinWrite                          
200073e5  GPIO_IF_ConfigureNIntEnable           
20007471  GPIO_IF_Get                           
2000739f  GPIO_IF_GetPortNPin                   
20007161  GPIO_IF_LedConfigure                  
20007253  GPIO_IF_LedOff                        
2000719f  GPIO_IF_LedOn                         
20007307  GPIO_IF_LedStatus                     
20007371  GPIO_IF_LedToggle                     
2000742d  GPIO_IF_Set                           
20007b23  GetCmd                                
20007a59  HOSTclock                             
20007a21  HOSTclose                             
200079e3  HOSTgetenv                            
20007987  HOSTlseek                             
20007935  HOSTopen                              
200078e9  HOSTread                              
2000788b  HOSTrename                            
20007851  HOSTtime                              
20007819  HOSTunlink                            
200077cd  HOSTwrite                             
20007aa1  InitTerm                              
2000a935  IntDisable                            
2000a9dd  IntEnable                             
2000d41d  IntMasterEnable                       
2000c159  IntPendClear                          
2000c261  IntPrioritySet                        
2000cfb1  IntRegister                           
2000ce99  IntUnregister                         
2000d371  IntVTableBaseSet                      
20007abf  Message                               
2000d3ed  NwpMaskInterrupt                      
2000caad  NwpPowerOff                           
2000cdc9  NwpPowerOn                            
2000b3a1  NwpPowerOnPreamble                    
2000c905  NwpRegisterInterruptHandler           
2000d3f9  NwpUnMaskInterrupt                    
2000d944  OpcodeTranslateTable                  
200091bd  PRCMCC3200MCUInit                     
2000d2f1  PRCMHIBRegRead                        
2000d307  PRCMHIBRegWrite                       
2000ce4d  PRCMPeripheralClkDisable              
2000c981  PRCMPeripheralClkEnable               
2000aec1  PRCMPeripheralClockGet                
2000c1b1  PRCMPeripheralReset                   
2000cb51  PRCMPeripheralStatusGet               
2000cdf5  PRCMSysResetCauseGet                  
2000b185  PinConfigSet                          
2000c885  PinModeSet                            
2000a7d9  PinMuxConfig                          
2000cbed  PinTypeGPIO                           
2000d117  PinTypeSPI                            
2000d131  PinTypeUART                           
20007c61  Report                                
2000d3dd  ResetISR                              
2001f404  RxIrqCnt                              
2000da04  RxMsgClassLUT                         
UNDEFED   SHT$$INIT_ARRAY$$Base                 
UNDEFED   SHT$$INIT_ARRAY$$Limit                
2000d219  SPICSDisable                          
2000d231  SPICSEnable                           
2000aa85  SPIConfigSetExpClk                    
2000d249  SPIDisable                            
2000d14b  SPIDmaDisable                         
2000d165  SPIDmaEnable                          
2000d261  SPIEnable                             
2000d17f  SPIFIFODisable                        
2000d199  SPIFIFOEnable                         
2000cb85  SPIFIFOLevelSet                       
2000c655  SPIIntClear                           
2000c3ad  SPIIntEnable                          
2000d1b3  SPIIntUnregister                      
2000cf29  SPIReset                              
2000cf4b  SPIWordCountSet                       
200045d5  SimpleLinkGeneralEventHandler         
200045b1  SimpleLinkHttpServerCallback          
2000450f  SimpleLinkNetAppEventHandler          
200045f5  SimpleLinkSockEventHandler            
20004401  SimpleLinkWlanEventHandler            
2000db54  StartResponseLUT                      
20007bc9  TrimSpace                             
2000d0a7  UARTCharGetNonBlocking                
2000d02f  UARTCharPut                           
2000d279  UARTCharsAvail                        
2000b811  UARTConfigSetExpClk                   
2000cc1d  UARTDisable                           
2000cebd  UARTEnable                            
2000d427  UtilsDelay                            
2000ce21  _Dclass                               
2001f680  _Denorm                               
2000a4f1  _Dnorm                                
20009551  _Dscale                               
2000bd91  _Dunscale                             
2001f690  _Eps                                  
2001f77c  _Errno                                
2001f774  _Fenv                                 
2000ccad  _Feraise                              
2001f6a0  _Hugeval                              
2001f6b0  _Inf                                  
2001f6c0  _Nan                                  
2001f6e0  _Rteps                                
2000da3c  _SlAcceptCmdCtrl                      
2000d9bc  _SlActionLookupTable                  
2000a66d  _SlAsyncEventGenericHandler           
2000db3c  _SlDeviceGetCmdCtrl                   
2000db40  _SlDeviceSetCmdCtrl                   
2000c69d  _SlDrvBasicCmd                        
2000a035  _SlDrvClassifyRxMsg                   
2000b4a9  _SlDrvCmdOp                           
2000b9dd  _SlDrvCmdSend                         
20009425  _SlDrvDataReadOp                      
20009661  _SlDrvDataWriteOp                     
2000cc4d  _SlDrvDeviceEventHandler              
20009a7d  _SlDrvDriverCBDeinit                  
20008c49  _SlDrvDriverCBInit                    
2000d31d  _SlDrvMemZero                         
2000675d  _SlDrvMsgRead                         
2000a371  _SlDrvMsgReadCmdCtx                   
2000ab25  _SlDrvMsgReadSpawnCtx                 
20008571  _SlDrvMsgWrite                        
20009b7d  _SlDrvNetAppEventHandler              
2000d04d  _SlDrvObjLockWaitForever              
2000d1cd  _SlDrvObjUnLock                       
2000c445  _SlDrvProtectAsyncRespSetting         
2000cee1  _SlDrvProtectionObjLockWaitForever    
2000cfd1  _SlDrvProtectionObjUnLock             
200083a1  _SlDrvReleasePoolObj                  
2000d3c1  _SlDrvResetCmdExt                     
20007d21  _SlDrvRxHdrRead                       
2000c491  _SlDrvRxIrqHandler                    
2000d1e7  _SlDrvSyncObjSignal                   
2000d06b  _SlDrvSyncObjWaitForever              
20008ab9  _SlDrvWaitForPoolObj                  
2000db38  _SlEventMaskGetCmdCtrl                
2000db34  _SlEventMaskSetCmdCtrl                
20008dd1  _SlFindAndSetActiveObj                
2000da9c  _SlGetHostByNameCtrl                  
2000da98  _SlGetHostByServiceCtrl               
2000da90  _SlGetServiceListeCtrl                
2000da48  _SlGetSockOptCmdCtrl                  
2000da38  _SlListenCmdCtrl                      
2000daa8  _SlNetAppGetCmdCtrl                   
2000daa4  _SlNetAppSendTokenValueCmdCtrl        
2000daa0  _SlNetAppSetCmdCtrl                   
2000da88  _SlNetAppStartCtrl                    
2000da8c  _SlNetAppStopCtrl                     
2000db60  _SlNetCfgGetCmdCtrl                   
2000db5c  _SlNetCfgSetCmdCtrl                   
2000b8fd  _SlNonOsMainLoopTask                  
2000c045  _SlNonOsSemGet                        
2000d291  _SlNonOsSemSet                        
2000c0a1  _SlNonOsSpawn                         
2000db44  _SlPayloadByProtocolLUT               
2000d984  _SlPolicyGetCmdCtrl                   
2000d980  _SlPolicySetCmdCtrl                   
2000d98c  _SlProfileDelCmdCtrl                  
2000d988  _SlProfileGetCmdCtrl                  
2000da40  _SlRecvCmdCtrl                        
2000da30  _SlRecvfomCmdCtrl                     
2000da94  _SlRegisterServiceCtrl                
2000a431  _SlRemoveFromList                     
2000d994  _SlRxFilterAddtCmdCtrl                
2000d99c  _SlRxFilterGetCmdCtrl                 
2000d998  _SlRxFilterSetCmdCtrl                 
2000da4c  _SlSelectCmdCtrl                      
2000da34  _SlSendCmdCtrl                        
2000da44  _SlSetSockOptCmdCtrl                  
2000d9a0  _SlSmartConfigStartCmdCtrl            
2000da2c  _SlSockCloseCmdCtrl                   
2000da28  _SlSockSocketCmdCtrl                  
2000db30  _SlStopCmdCtrl                        
2000d9ac  _SlWlanCfgGetCmdCtrl                  
2000d9a8  _SlWlanCfgSetCmdCtrl                  
2000d990  _SlWlanGetNetworkListCtrl             
2000d9a4  _SlWlanSetModeCmdCtrl                 
2001f6d0  _Snan                                 
2001f778  _Tls_setup__Fenv                      
2001f6f0  _Xbig                                 
2001f6f8  _Zero                                 
2001f168  __CIOBUF_                             
20030000  __STACK_END                           
00001000  __STACK_SIZE                          
00008000  __SYSMEM_SIZE                         
2000dc48  __TI_CINIT_Base                       
2000dc58  __TI_CINIT_Limit                      
2000dc30  __TI_Handler_Table_Base               
2000dc3c  __TI_Handler_Table_Limit              
2000ba49  __TI_auto_init                        
20008805  __TI_cleanup                          
2001f76c  __TI_cleanup_ptr                      
2000acf9  __TI_closefile                        
2000d3cf  __TI_decompress_none                  
2000d42d  __TI_decompress_rle24                 
2000a2a9  __TI_doflush                          
2001f770  __TI_dtors_ptr                        
2001f730  __TI_ft_end                           
20006455  __TI_printfi                          
2000a8eb  __TI_rd_ok                            
2000bbbb  __TI_readmsg                          
2000db68  __TI_static_base__                    
2001f288  __TI_tmpnams                          
2000bb89  __TI_writemsg                         
2000a889  __TI_wrt_ok                           
2000d405  __TI_zero_init                        
2000b295  __aeabi_cdcmpeq                       
2000b295  __aeabi_cdcmple                       
2000b31b  __aeabi_cdrcmple                      
2000c6e5  __aeabi_d2iz                          
2000890b  __aeabi_dadd                          
20009085  __aeabi_ddiv                          
20009c7b  __aeabi_dmul                          
20008901  __aeabi_dsub                          
2000cd6d  __aeabi_i2d                           
2000b6a5  __aeabi_memclr                        
2000b6a5  __aeabi_memclr4                       
2000b6a5  __aeabi_memclr8                       
2000abc1  __aeabi_memcpy                        
2000abc1  __aeabi_memcpy4                       
2000abc1  __aeabi_memcpy8                       
2000b6a7  __aeabi_memset                        
2000b6a7  __aeabi_memset4                       
2000b6a7  __aeabi_memset8                       
2001f73c  __aeabi_stderr                        
2001f734  __aeabi_stdin                         
2001f738  __aeabi_stdout                        
200081ad  __aeabi_uldivmod                      
ffffffff  __binit__                             
ffffffff  __c_args__                            
2002f000  __stack                               
2000d2c1  _args_main                            
2000c9f9  _c_int00                              
2000d438  _ctypes_                              
2001f410  _ftable                               
2001f764  _lock                                 
2000d393  _nop                                  
2000d38b  _register_lock                        
2000d385  _register_unlock                      
2000c4dd  _sl_BuildAddress                      
2000d2a9  _sl_GetStartResponseConvert           
2000bf25  _sl_HandleAsync_Accept                
2000b721  _sl_HandleAsync_Connect               
2000b06d  _sl_HandleAsync_DnsGetHostByName      
2000a1e1  _sl_HandleAsync_DnsGetHostByService   
2000b629  _sl_HandleAsync_InitComplete          
2000b0f9  _sl_HandleAsync_PingResponse          
2000c2b5  _sl_HandleAsync_Select                
2000c35d  _sl_HandleAsync_Stop                  
2000bb21  _sl_NetAppSendTokenValue              
2000c9bd  _sl_TruncatePayloadByProtocol         
20017000  _sys_memory                           
2000d433  _system_pre_init                      
2001f768  _unlock                               
2000c801  abort                                 
20007721  add_device                            
2000c529  atoi                                  
ffffffff  binit                                 
200070f1  calloc                                
200076d1  close                                 
2000c575  copy_in                               
2000c809  exit                                  
2000ad5f  fclose                                
2000cbb9  feraiseexcept                         
2000a2f5  fflush                                
2000885b  fopen                                 
2000ad91  fputc                                 
200092f1  fputs                                 
20006e3f  free                                  
20008831  freopen                               
2000cf6d  frexp                                 
2000bdf9  fseek                                 
2001f760  gFirstCmdMode                         
2000d9fc  g_H2NCnysPattern                      
2000d9f4  g_H2NSyncPattern                      
2001f72c  g_Host                                
2001f74c  g_SpiFd                               
2001f000  g_StatMem                             
2001f3a4  g__SlNonOsCB                          
2001f405  g_cDummy                              
2001f758  g_pCB                                 
2001f750  g_pHostIntHdl                         
20004000  g_pfnVectors                          
2001f378  g_time                                
2001f3f0  g_ucConnectionBSSID                   
2001f3cc  g_ucConnectionSSID                    
2001f754  g_ucDMAEnabled                        
2001f328  g_ucDinDout                           
2001f406  g_ucLED1Pin                           
2001f407  g_ucLED2Pin                           
2001f408  g_ucLED3Pin                           
2001f714  g_uiLED1Port                          
2001f718  g_uiLED2Port                          
2001f71c  g_uiLED3Port                          
2001f728  g_ulGatewayIP                         
2001f724  g_ulPingPacketsRecv                   
2001f720  g_ulStatus                            
20005479  get                                   
2000c72d  ldexp                                 
200076ad  lseek                                 
2000c209  ltoa                                  
20005055  main                                  
2001f784  main_func_sp                          
20006dd7  malloc                                
2000700d  memalign                              
2000d0c3  memccpy                               
2000cff1  memchr                                
2000abc1  memcpy                                
2000cf05  memmove                               
2000b6ad  memset                                
20006d49  minit                                 
200075ff  open                                  
2001f75c  pPingCallBackFunc                     
200052fd  post                                  
2000b975  printf                                
2000ad91  putc                                  
2000ae15  putchar                               
200093fd  puts                                  
2000cd9b  raise                                 
200075db  read                                  
20006f01  realloc                               
20007551  remove                                
200075b3  remove_device                         
20007575  rename                                
20009f59  setvbuf                               
2000c8c5  signal                                
2000ccdd  sl_Close                              
20009769  sl_Connect                            
2000ac5d  sl_DevGet                             
2000bbf1  sl_DevSet                             
2000c841  sl_Htonl                              
2000ca35  sl_Htons                              
20009979  sl_NetAppDnsGetHostByName             
2000a725  sl_NetAppMDNSRegisterUnregisterService
2000cb1b  sl_NetAppMDNSUnRegisterService        
2000bc59  sl_NetCfgSet                          
2000b889  sl_Recv                               
20009871  sl_Send                               
2000bcc1  sl_SetSockOpt                         
2000c0fd  sl_Socket                             
2000a5b1  sl_Start                              
2000a10d  sl_Stop                               
20007f69  sl_WlanConnect                        
2000d411  sl_WlanDisconnect                     
2000bfe5  sl_WlanPolicySet                      
2000cd0d  sl_WlanProfileDel                     
2000c309  sl_WlanRxFilterSet                    
2000bd29  sl_WlanSet                            
2000cd3d  sl_WlanSetMode                        
2000b799  spi_Close                             
20008f41  spi_Open                              
20009d79  spi_Read                              
2000ae29  spi_Write                             
2000bf85  sprintf                               
2000d333  strchr                                
2000d2d9  strcmp                                
2000d399  strcpy                                
2000d3ad  strlen                                
2000cc7d  strncpy                               
2000c5c1  uDMAChannelAssign                     
2000be5d  uDMAChannelAttributeDisable           
2000bec1  uDMAChannelAttributeEnable            
2000ca71  uDMAChannelControlSet                 
2000d0e1  uDMAChannelEnable                     
20009e69  uDMAChannelTransferSet                
20007551  unlink                                
2000b20d  vsnprintf                             
200074c1  write                                 


GLOBAL SYMBOLS: SORTED BY Symbol Address 

address   name                                  
-------   ----                                  
00001000  __STACK_SIZE                          
00008000  __SYSMEM_SIZE                         
20004000  g_pfnVectors                          
20004401  SimpleLinkWlanEventHandler            
2000450f  SimpleLinkNetAppEventHandler          
200045b1  SimpleLinkHttpServerCallback          
200045d5  SimpleLinkGeneralEventHandler         
200045f5  SimpleLinkSockEventHandler            
20005055  main                                  
200052fd  post                                  
20005479  get                                   
20006455  __TI_printfi                          
2000675d  _SlDrvMsgRead                         
20006d49  minit                                 
20006dd7  malloc                                
20006e3f  free                                  
20006f01  realloc                               
2000700d  memalign                              
200070f1  calloc                                
20007161  GPIO_IF_LedConfigure                  
2000719f  GPIO_IF_LedOn                         
20007253  GPIO_IF_LedOff                        
20007307  GPIO_IF_LedStatus                     
20007371  GPIO_IF_LedToggle                     
2000739f  GPIO_IF_GetPortNPin                   
200073e5  GPIO_IF_ConfigureNIntEnable           
2000742d  GPIO_IF_Set                           
20007471  GPIO_IF_Get                           
200074c1  write                                 
20007551  remove                                
20007551  unlink                                
20007575  rename                                
200075b3  remove_device                         
200075db  read                                  
200075ff  open                                  
200076ad  lseek                                 
200076d1  close                                 
20007721  add_device                            
200077cd  HOSTwrite                             
20007819  HOSTunlink                            
20007851  HOSTtime                              
2000788b  HOSTrename                            
200078e9  HOSTread                              
20007935  HOSTopen                              
20007987  HOSTlseek                             
200079e3  HOSTgetenv                            
20007a21  HOSTclose                             
20007a59  HOSTclock                             
20007aa1  InitTerm                              
20007abf  Message                               
20007ae1  ClearTerm                             
20007aeb  Error                                 
20007b23  GetCmd                                
20007bc9  TrimSpace                             
20007c61  Report                                
20007d21  _SlDrvRxHdrRead                       
20007f69  sl_WlanConnect                        
200081ad  __aeabi_uldivmod                      
200083a1  _SlDrvReleasePoolObj                  
20008571  _SlDrvMsgWrite                        
20008805  __TI_cleanup                          
20008831  freopen                               
2000885b  fopen                                 
20008901  __aeabi_dsub                          
2000890b  __aeabi_dadd                          
20008ab9  _SlDrvWaitForPoolObj                  
20008c49  _SlDrvDriverCBInit                    
20008dd1  _SlFindAndSetActiveObj                
20008f41  spi_Open                              
20009085  __aeabi_ddiv                          
200091bd  PRCMCC3200MCUInit                     
200092f1  fputs                                 
200093fd  puts                                  
20009425  _SlDrvDataReadOp                      
20009551  _Dscale                               
20009661  _SlDrvDataWriteOp                     
20009769  sl_Connect                            
20009871  sl_Send                               
20009979  sl_NetAppDnsGetHostByName             
20009a7d  _SlDrvDriverCBDeinit                  
20009b7d  _SlDrvNetAppEventHandler              
20009c7b  __aeabi_dmul                          
20009d79  spi_Read                              
20009e69  uDMAChannelTransferSet                
20009f59  setvbuf                               
2000a035  _SlDrvClassifyRxMsg                   
2000a10d  sl_Stop                               
2000a1e1  _sl_HandleAsync_DnsGetHostByService   
2000a2a9  __TI_doflush                          
2000a2f5  fflush                                
2000a371  _SlDrvMsgReadCmdCtx                   
2000a431  _SlRemoveFromList                     
2000a4f1  _Dnorm                                
2000a5b1  sl_Start                              
2000a66d  _SlAsyncEventGenericHandler           
2000a725  sl_NetAppMDNSRegisterUnregisterService
2000a7d9  PinMuxConfig                          
2000a889  __TI_wrt_ok                           
2000a8eb  __TI_rd_ok                            
2000a935  IntDisable                            
2000a9dd  IntEnable                             
2000aa85  SPIConfigSetExpClk                    
2000ab25  _SlDrvMsgReadSpawnCtx                 
2000abc1  __aeabi_memcpy                        
2000abc1  __aeabi_memcpy4                       
2000abc1  __aeabi_memcpy8                       
2000abc1  memcpy                                
2000ac5d  sl_DevGet                             
2000acf9  __TI_closefile                        
2000ad5f  fclose                                
2000ad91  fputc                                 
2000ad91  putc                                  
2000ae15  putchar                               
2000ae29  spi_Write                             
2000aec1  PRCMPeripheralClockGet                
2000b06d  _sl_HandleAsync_DnsGetHostByName      
2000b0f9  _sl_HandleAsync_PingResponse          
2000b185  PinConfigSet                          
2000b20d  vsnprintf                             
2000b295  __aeabi_cdcmpeq                       
2000b295  __aeabi_cdcmple                       
2000b31b  __aeabi_cdrcmple                      
2000b3a1  NwpPowerOnPreamble                    
2000b425  GPIOIntTypeSet                        
2000b4a9  _SlDrvCmdOp                           
2000b629  _sl_HandleAsync_InitComplete          
2000b6a5  __aeabi_memclr                        
2000b6a5  __aeabi_memclr4                       
2000b6a5  __aeabi_memclr8                       
2000b6a7  __aeabi_memset                        
2000b6a7  __aeabi_memset4                       
2000b6a7  __aeabi_memset8                       
2000b6ad  memset                                
2000b721  _sl_HandleAsync_Connect               
2000b799  spi_Close                             
2000b811  UARTConfigSetExpClk                   
2000b889  sl_Recv                               
2000b8fd  _SlNonOsMainLoopTask                  
2000b975  printf                                
2000b9dd  _SlDrvCmdSend                         
2000ba49  __TI_auto_init                        
2000bb21  _sl_NetAppSendTokenValue              
2000bb89  __TI_writemsg                         
2000bbb7  C$$IO$$                               
2000bbbb  __TI_readmsg                          
2000bbf1  sl_DevSet                             
2000bc59  sl_NetCfgSet                          
2000bcc1  sl_SetSockOpt                         
2000bd29  sl_WlanSet                            
2000bd91  _Dunscale                             
2000bdf9  fseek                                 
2000be5d  uDMAChannelAttributeDisable           
2000bec1  uDMAChannelAttributeEnable            
2000bf25  _sl_HandleAsync_Accept                
2000bf85  sprintf                               
2000bfe5  sl_WlanPolicySet                      
2000c045  _SlNonOsSemGet                        
2000c0a1  _SlNonOsSpawn                         
2000c0fd  sl_Socket                             
2000c159  IntPendClear                          
2000c1b1  PRCMPeripheralReset                   
2000c209  ltoa                                  
2000c261  IntPrioritySet                        
2000c2b5  _sl_HandleAsync_Select                
2000c309  sl_WlanRxFilterSet                    
2000c35d  _sl_HandleAsync_Stop                  
2000c3ad  SPIIntEnable                          
2000c445  _SlDrvProtectAsyncRespSetting         
2000c491  _SlDrvRxIrqHandler                    
2000c4dd  _sl_BuildAddress                      
2000c529  atoi                                  
2000c575  copy_in                               
2000c5c1  uDMAChannelAssign                     
2000c655  SPIIntClear                           
2000c69d  _SlDrvBasicCmd                        
2000c6e5  __aeabi_d2iz                          
2000c72d  ldexp                                 
2000c7fd  C$$EXIT                               
2000c801  abort                                 
2000c809  exit                                  
2000c841  sl_Htonl                              
2000c885  PinModeSet                            
2000c8c5  signal                                
2000c905  NwpRegisterInterruptHandler           
2000c943  CopyPingResultsToReport               
2000c981  PRCMPeripheralClkEnable               
2000c9bd  _sl_TruncatePayloadByProtocol         
2000c9f9  _c_int00                              
2000ca35  sl_Htons                              
2000ca71  uDMAChannelControlSet                 
2000caad  NwpPowerOff                           
2000cae5  GPIODirModeSet                        
2000cb1b  sl_NetAppMDNSUnRegisterService        
2000cb51  PRCMPeripheralStatusGet               
2000cb85  SPIFIFOLevelSet                       
2000cbb9  feraiseexcept                         
2000cbed  PinTypeGPIO                           
2000cc1d  UARTDisable                           
2000cc4d  _SlDrvDeviceEventHandler              
2000cc7d  strncpy                               
2000ccad  _Feraise                              
2000ccdd  sl_Close                              
2000cd0d  sl_WlanProfileDel                     
2000cd3d  sl_WlanSetMode                        
2000cd6d  __aeabi_i2d                           
2000cd9b  raise                                 
2000cdc9  NwpPowerOn                            
2000cdf5  PRCMSysResetCauseGet                  
2000ce21  _Dclass                               
2000ce4d  PRCMPeripheralClkDisable              
2000ce75  DmaSpiSwIntHandler                    
2000ce99  IntUnregister                         
2000cebd  UARTEnable                            
2000cee1  _SlDrvProtectionObjLockWaitForever    
2000cf05  memmove                               
2000cf29  SPIReset                              
2000cf4b  SPIWordCountSet                       
2000cf6d  frexp                                 
2000cf8f  GPIOPinWrite                          
2000cfb1  IntRegister                           
2000cfd1  _SlDrvProtectionObjUnLock             
2000cff1  memchr                                
2000d011  GPIOIntRegister                       
2000d02f  UARTCharPut                           
2000d04d  _SlDrvObjLockWaitForever              
2000d06b  _SlDrvSyncObjWaitForever              
2000d0a7  UARTCharGetNonBlocking                
2000d0c3  memccpy                               
2000d0e1  uDMAChannelEnable                     
2000d0fd  GPIOIntEnable                         
2000d117  PinTypeSPI                            
2000d131  PinTypeUART                           
2000d14b  SPIDmaDisable                         
2000d165  SPIDmaEnable                          
2000d17f  SPIFIFODisable                        
2000d199  SPIFIFOEnable                         
2000d1b3  SPIIntUnregister                      
2000d1cd  _SlDrvObjUnLock                       
2000d1e7  _SlDrvSyncObjSignal                   
2000d201  GPIOPinRead                           
2000d219  SPICSDisable                          
2000d231  SPICSEnable                           
2000d249  SPIDisable                            
2000d261  SPIEnable                             
2000d279  UARTCharsAvail                        
2000d291  _SlNonOsSemSet                        
2000d2a9  _sl_GetStartResponseConvert           
2000d2c1  _args_main                            
2000d2d9  strcmp                                
2000d2f1  PRCMHIBRegRead                        
2000d307  PRCMHIBRegWrite                       
2000d31d  _SlDrvMemZero                         
2000d333  strchr                                
2000d349  CPUcpsie                              
2000d35d  GPIOIntClear                          
2000d371  IntVTableBaseSet                      
2000d385  _register_unlock                      
2000d38b  _register_lock                        
2000d393  _nop                                  
2000d399  strcpy                                
2000d3ad  strlen                                
2000d3c1  _SlDrvResetCmdExt                     
2000d3cf  __TI_decompress_none                  
2000d3dd  ResetISR                              
2000d3ed  NwpMaskInterrupt                      
2000d3f9  NwpUnMaskInterrupt                    
2000d405  __TI_zero_init                        
2000d411  sl_WlanDisconnect                     
2000d41d  IntMasterEnable                       
2000d427  UtilsDelay                            
2000d42d  __TI_decompress_rle24                 
2000d433  _system_pre_init                      
2000d438  _ctypes_                              
2000d944  OpcodeTranslateTable                  
2000d980  _SlPolicySetCmdCtrl                   
2000d984  _SlPolicyGetCmdCtrl                   
2000d988  _SlProfileGetCmdCtrl                  
2000d98c  _SlProfileDelCmdCtrl                  
2000d990  _SlWlanGetNetworkListCtrl             
2000d994  _SlRxFilterAddtCmdCtrl                
2000d998  _SlRxFilterSetCmdCtrl                 
2000d99c  _SlRxFilterGetCmdCtrl                 
2000d9a0  _SlSmartConfigStartCmdCtrl            
2000d9a4  _SlWlanSetModeCmdCtrl                 
2000d9a8  _SlWlanCfgSetCmdCtrl                  
2000d9ac  _SlWlanCfgGetCmdCtrl                  
2000d9bc  _SlActionLookupTable                  
2000d9f4  g_H2NSyncPattern                      
2000d9fc  g_H2NCnysPattern                      
2000da04  RxMsgClassLUT                         
2000da28  _SlSockSocketCmdCtrl                  
2000da2c  _SlSockCloseCmdCtrl                   
2000da30  _SlRecvfomCmdCtrl                     
2000da34  _SlSendCmdCtrl                        
2000da38  _SlListenCmdCtrl                      
2000da3c  _SlAcceptCmdCtrl                      
2000da40  _SlRecvCmdCtrl                        
2000da44  _SlSetSockOptCmdCtrl                  
2000da48  _SlGetSockOptCmdCtrl                  
2000da4c  _SlSelectCmdCtrl                      
2000da88  _SlNetAppStartCtrl                    
2000da8c  _SlNetAppStopCtrl                     
2000da90  _SlGetServiceListeCtrl                
2000da94  _SlRegisterServiceCtrl                
2000da98  _SlGetHostByServiceCtrl               
2000da9c  _SlGetHostByNameCtrl                  
2000daa0  _SlNetAppSetCmdCtrl                   
2000daa4  _SlNetAppSendTokenValueCmdCtrl        
2000daa8  _SlNetAppGetCmdCtrl                   
2000db30  _SlStopCmdCtrl                        
2000db34  _SlEventMaskSetCmdCtrl                
2000db38  _SlEventMaskGetCmdCtrl                
2000db3c  _SlDeviceGetCmdCtrl                   
2000db40  _SlDeviceSetCmdCtrl                   
2000db44  _SlPayloadByProtocolLUT               
2000db54  StartResponseLUT                      
2000db5c  _SlNetCfgSetCmdCtrl                   
2000db60  _SlNetCfgGetCmdCtrl                   
2000db68  __TI_static_base__                    
2000dc30  __TI_Handler_Table_Base               
2000dc3c  __TI_Handler_Table_Limit              
2000dc48  __TI_CINIT_Base                       
2000dc58  __TI_CINIT_Limit                      
20017000  _sys_memory                           
2001f000  g_StatMem                             
2001f168  __CIOBUF_                             
2001f288  __TI_tmpnams                          
2001f328  g_ucDinDout                           
2001f378  g_time                                
2001f3a4  g__SlNonOsCB                          
2001f3cc  g_ucConnectionSSID                    
2001f3f0  g_ucConnectionBSSID                   
2001f404  RxIrqCnt                              
2001f405  g_cDummy                              
2001f406  g_ucLED1Pin                           
2001f407  g_ucLED2Pin                           
2001f408  g_ucLED3Pin                           
2001f410  _ftable                               
2001f680  _Denorm                               
2001f690  _Eps                                  
2001f6a0  _Hugeval                              
2001f6b0  _Inf                                  
2001f6c0  _Nan                                  
2001f6d0  _Snan                                 
2001f6e0  _Rteps                                
2001f6f0  _Xbig                                 
2001f6f8  _Zero                                 
2001f714  g_uiLED1Port                          
2001f718  g_uiLED2Port                          
2001f71c  g_uiLED3Port                          
2001f720  g_ulStatus                            
2001f724  g_ulPingPacketsRecv                   
2001f728  g_ulGatewayIP                         
2001f72c  g_Host                                
2001f730  __TI_ft_end                           
2001f734  __aeabi_stdin                         
2001f738  __aeabi_stdout                        
2001f73c  __aeabi_stderr                        
2001f74c  g_SpiFd                               
2001f750  g_pHostIntHdl                         
2001f754  g_ucDMAEnabled                        
2001f758  g_pCB                                 
2001f75c  pPingCallBackFunc                     
2001f760  gFirstCmdMode                         
2001f764  _lock                                 
2001f768  _unlock                               
2001f76c  __TI_cleanup_ptr                      
2001f770  __TI_dtors_ptr                        
2001f774  _Fenv                                 
2001f778  _Tls_setup__Fenv                      
2001f77c  _Errno                                
2001f784  main_func_sp                          
2002f000  __stack                               
20030000  __STACK_END                           
ffffffff  __binit__                             
ffffffff  __c_args__                            
ffffffff  binit                                 
UNDEFED   SHT$$INIT_ARRAY$$Base                 
UNDEFED   SHT$$INIT_ARRAY$$Limit                

[379 symbols]
