<?xml version="1.0"?>
<link_info>
   <banner>TI ARM Linker PC v5.2.6</banner>
   <copyright>Copyright (c) 1996-2015 Texas Instruments Incorporated</copyright>
   <link_time>0x56832649</link_time>
   <link_errors>0x0</link_errors>
   <output_file>ssl.out</output_file>
   <entry_point>
      <name>_c_int00</name>
      <address>0x20008a6d</address>
   </entry_point>
   <input_file_list>
      <input_file id="fl-2">
         <path>.\</path>
         <kind>object</kind>
         <file>gpio_if.obj</file>
         <name>gpio_if.obj</name>
      </input_file>
      <input_file id="fl-3">
         <path>.\</path>
         <kind>object</kind>
         <file>main.obj</file>
         <name>main.obj</name>
      </input_file>
      <input_file id="fl-4">
         <path>.\</path>
         <kind>object</kind>
         <file>pinmux.obj</file>
         <name>pinmux.obj</name>
      </input_file>
      <input_file id="fl-5">
         <path>.\</path>
         <kind>object</kind>
         <file>startup_ccs.obj</file>
         <name>startup_ccs.obj</name>
      </input_file>
      <input_file id="fl-6">
         <path>.\</path>
         <kind>object</kind>
         <file>uart_if.obj</file>
         <name>uart_if.obj</name>
      </input_file>
      <input_file id="fl-12e">
         <path>C:\ti\ccsv6\tools\compiler\ti-cgt-arm_5.2.6\lib\</path>
         <kind>archive</kind>
         <file>rtsv7M4_T_le_eabi.lib</file>
         <name>boot.obj</name>
      </input_file>
      <input_file id="fl-12f">
         <path>C:\ti\ccsv6\tools\compiler\ti-cgt-arm_5.2.6\lib\</path>
         <kind>archive</kind>
         <file>rtsv7M4_T_le_eabi.lib</file>
         <name>copy_decompress_none.obj</name>
      </input_file>
      <input_file id="fl-130">
         <path>C:\ti\ccsv6\tools\compiler\ti-cgt-arm_5.2.6\lib\</path>
         <kind>archive</kind>
         <file>rtsv7M4_T_le_eabi.lib</file>
         <name>copy_decompress_rle.obj</name>
      </input_file>
      <input_file id="fl-131">
         <path>C:\ti\ccsv6\tools\compiler\ti-cgt-arm_5.2.6\lib\</path>
         <kind>archive</kind>
         <file>rtsv7M4_T_le_eabi.lib</file>
         <name>copy_zero_init.obj</name>
      </input_file>
      <input_file id="fl-132">
         <path>C:\ti\ccsv6\tools\compiler\ti-cgt-arm_5.2.6\lib\</path>
         <kind>archive</kind>
         <file>rtsv7M4_T_le_eabi.lib</file>
         <name>exit.obj</name>
      </input_file>
      <input_file id="fl-133">
         <path>C:\ti\ccsv6\tools\compiler\ti-cgt-arm_5.2.6\lib\</path>
         <kind>archive</kind>
         <file>rtsv7M4_T_le_eabi.lib</file>
         <name>memcpy_t2.obj</name>
      </input_file>
      <input_file id="fl-134">
         <path>C:\ti\ccsv6\tools\compiler\ti-cgt-arm_5.2.6\lib\</path>
         <kind>archive</kind>
         <file>rtsv7M4_T_le_eabi.lib</file>
         <name>memmov.obj</name>
      </input_file>
      <input_file id="fl-135">
         <path>C:\ti\ccsv6\tools\compiler\ti-cgt-arm_5.2.6\lib\</path>
         <kind>archive</kind>
         <file>rtsv7M4_T_le_eabi.lib</file>
         <name>memset_t2.obj</name>
      </input_file>
      <input_file id="fl-136">
         <path>C:\ti\ccsv6\tools\compiler\ti-cgt-arm_5.2.6\lib\</path>
         <kind>archive</kind>
         <file>rtsv7M4_T_le_eabi.lib</file>
         <name>pre_init.obj</name>
      </input_file>
      <input_file id="fl-137">
         <path>C:\ti\ccsv6\tools\compiler\ti-cgt-arm_5.2.6\lib\</path>
         <kind>archive</kind>
         <file>rtsv7M4_T_le_eabi.lib</file>
         <name>stkdepth_vars.obj</name>
      </input_file>
      <input_file id="fl-138">
         <path>C:\ti\ccsv6\tools\compiler\ti-cgt-arm_5.2.6\lib\</path>
         <kind>archive</kind>
         <file>rtsv7M4_T_le_eabi.lib</file>
         <name>strlen.obj</name>
      </input_file>
      <input_file id="fl-139">
         <path>C:\ti\ccsv6\tools\compiler\ti-cgt-arm_5.2.6\lib\</path>
         <kind>archive</kind>
         <file>rtsv7M4_T_le_eabi.lib</file>
         <name>_lock.obj</name>
      </input_file>
      <input_file id="fl-13a">
         <path>C:\ti\ccsv6\tools\compiler\ti-cgt-arm_5.2.6\lib\</path>
         <kind>archive</kind>
         <file>rtsv7M4_T_le_eabi.lib</file>
         <name>args_main.obj</name>
      </input_file>
      <input_file id="fl-13b">
         <path>C:\ti\ccsv6\tools\compiler\ti-cgt-arm_5.2.6\lib\</path>
         <kind>archive</kind>
         <file>rtsv7M4_T_le_eabi.lib</file>
         <name>autoinit.obj</name>
      </input_file>
      <input_file id="fl-13c">
         <path>C:\ti\ccsv6\tools\compiler\ti-cgt-arm_5.2.6\lib\</path>
         <kind>archive</kind>
         <file>rtsv7M4_T_le_eabi.lib</file>
         <name>cpy_tbl.obj</name>
      </input_file>
      <input_file id="fl-13d">
         <path>C:\ti\CC3200SDK_1.1.0\cc3200-sdk\example\ssl\ccs\..\..\..\driverlib\ccs\Release\</path>
         <kind>archive</kind>
         <file>driverlib.a</file>
         <name>gpio.obj</name>
      </input_file>
      <input_file id="fl-13e">
         <path>C:\ti\CC3200SDK_1.1.0\cc3200-sdk\example\ssl\ccs\..\..\..\driverlib\ccs\Release\</path>
         <kind>archive</kind>
         <file>driverlib.a</file>
         <name>interrupt.obj</name>
      </input_file>
      <input_file id="fl-13f">
         <path>C:\ti\CC3200SDK_1.1.0\cc3200-sdk\example\ssl\ccs\..\..\..\driverlib\ccs\Release\</path>
         <kind>archive</kind>
         <file>driverlib.a</file>
         <name>pin.obj</name>
      </input_file>
      <input_file id="fl-140">
         <path>C:\ti\CC3200SDK_1.1.0\cc3200-sdk\example\ssl\ccs\..\..\..\driverlib\ccs\Release\</path>
         <kind>archive</kind>
         <file>driverlib.a</file>
         <name>prcm.obj</name>
      </input_file>
      <input_file id="fl-141">
         <path>C:\ti\CC3200SDK_1.1.0\cc3200-sdk\example\ssl\ccs\..\..\..\driverlib\ccs\Release\</path>
         <kind>archive</kind>
         <file>driverlib.a</file>
         <name>uart.obj</name>
      </input_file>
      <input_file id="fl-142">
         <path>C:\ti\CC3200SDK_1.1.0\cc3200-sdk\example\ssl\ccs\..\..\..\driverlib\ccs\Release\</path>
         <kind>archive</kind>
         <file>driverlib.a</file>
         <name>utils.obj</name>
      </input_file>
      <input_file id="fl-143">
         <path>C:\ti\CC3200SDK_1.1.0\cc3200-sdk\example\ssl\ccs\..\..\..\driverlib\ccs\Release\</path>
         <kind>archive</kind>
         <file>driverlib.a</file>
         <name>cpu.obj</name>
      </input_file>
      <input_file id="fl-144">
         <path>C:\ti\CC3200SDK_1.1.0\cc3200-sdk\example\ssl\ccs\..\..\..\driverlib\ccs\Release\</path>
         <kind>archive</kind>
         <file>driverlib.a</file>
         <name>flash.obj</name>
      </input_file>
      <input_file id="fl-145">
         <path>C:\ti\CC3200SDK_1.1.0\cc3200-sdk\example\ssl\ccs\..\..\..\simplelink\ccs\NON_OS\</path>
         <kind>archive</kind>
         <file>simplelink.a</file>
         <name>device.obj</name>
      </input_file>
      <input_file id="fl-146">
         <path>C:\ti\CC3200SDK_1.1.0\cc3200-sdk\example\ssl\ccs\..\..\..\simplelink\ccs\NON_OS\</path>
         <kind>archive</kind>
         <file>simplelink.a</file>
         <name>driver.obj</name>
      </input_file>
      <input_file id="fl-147">
         <path>C:\ti\CC3200SDK_1.1.0\cc3200-sdk\example\ssl\ccs\..\..\..\simplelink\ccs\NON_OS\</path>
         <kind>archive</kind>
         <file>simplelink.a</file>
         <name>netapp.obj</name>
      </input_file>
      <input_file id="fl-148">
         <path>C:\ti\CC3200SDK_1.1.0\cc3200-sdk\example\ssl\ccs\..\..\..\simplelink\ccs\NON_OS\</path>
         <kind>archive</kind>
         <file>simplelink.a</file>
         <name>netcfg.obj</name>
      </input_file>
      <input_file id="fl-149">
         <path>C:\ti\CC3200SDK_1.1.0\cc3200-sdk\example\ssl\ccs\..\..\..\simplelink\ccs\NON_OS\</path>
         <kind>archive</kind>
         <file>simplelink.a</file>
         <name>nonos.obj</name>
      </input_file>
      <input_file id="fl-14a">
         <path>C:\ti\CC3200SDK_1.1.0\cc3200-sdk\example\ssl\ccs\..\..\..\simplelink\ccs\NON_OS\</path>
         <kind>archive</kind>
         <file>simplelink.a</file>
         <name>socket.obj</name>
      </input_file>
      <input_file id="fl-14b">
         <path>C:\ti\CC3200SDK_1.1.0\cc3200-sdk\example\ssl\ccs\..\..\..\simplelink\ccs\NON_OS\</path>
         <kind>archive</kind>
         <file>simplelink.a</file>
         <name>wlan.obj</name>
      </input_file>
      <input_file id="fl-14c">
         <path>C:\ti\CC3200SDK_1.1.0\cc3200-sdk\example\ssl\ccs\..\..\..\simplelink\ccs\NON_OS\</path>
         <kind>archive</kind>
         <file>simplelink.a</file>
         <name>cc_pal.obj</name>
      </input_file>
      <input_file id="fl-14d">
         <path>C:\ti\ccsv6\tools\compiler\ti-cgt-arm_5.2.6\lib\</path>
         <kind>archive</kind>
         <file>rtsv7M4_T_le_eabi.lib</file>
         <name>ll_lsr_t2.obj</name>
      </input_file>
      <input_file id="fl-14e">
         <path>C:\ti\ccsv6\tools\compiler\ti-cgt-arm_5.2.6\lib\</path>
         <kind>archive</kind>
         <file>rtsv7M4_T_le_eabi.lib</file>
         <name>ull_div_t2.obj</name>
      </input_file>
      <input_file id="fl-14f">
         <path>C:\ti\CC3200SDK_1.1.0\cc3200-sdk\example\ssl\ccs\..\..\..\driverlib\ccs\Release\</path>
         <kind>archive</kind>
         <file>driverlib.a</file>
         <name>spi.obj</name>
      </input_file>
      <input_file id="fl-150">
         <path>C:\ti\CC3200SDK_1.1.0\cc3200-sdk\example\ssl\ccs\..\..\..\driverlib\ccs\Release\</path>
         <kind>archive</kind>
         <file>driverlib.a</file>
         <name>udma.obj</name>
      </input_file>
   </input_file_list>
   <object_component_list>
      <object_component id="oc-f">
         <name>.intvecs</name>
         <load_address>0x20004000</load_address>
         <run_address>0x20004000</run_address>
         <size>0x400</size>
         <input_file_ref idref="fl-5"/>
      </object_component>
      <object_component id="oc-98">
         <name>.text</name>
         <load_address>0x20004400</load_address>
         <run_address>0x20004400</run_address>
         <size>0x618</size>
         <input_file_ref idref="fl-3"/>
      </object_component>
      <object_component id="oc-4e5">
         <name>.text:_SlDrvMsgRead</name>
         <load_address>0x20004a18</load_address>
         <run_address>0x20004a18</run_address>
         <size>0x5ec</size>
         <input_file_ref idref="fl-146"/>
      </object_component>
      <object_component id="oc-128">
         <name>.text</name>
         <load_address>0x20005004</load_address>
         <run_address>0x20005004</run_address>
         <size>0x39c</size>
         <input_file_ref idref="fl-2"/>
      </object_component>
      <object_component id="oc-52c">
         <name>.text:_SlDrvRxHdrRead</name>
         <load_address>0x200053a0</load_address>
         <run_address>0x200053a0</run_address>
         <size>0x248</size>
         <input_file_ref idref="fl-146"/>
      </object_component>
      <object_component id="oc-122">
         <name>.text:sl_WlanConnect</name>
         <load_address>0x200055e8</load_address>
         <run_address>0x200055e8</run_address>
         <size>0x244</size>
         <input_file_ref idref="fl-14b"/>
      </object_component>
      <object_component id="oc-1ed">
         <name>.text:_SlDrvReleasePoolObj</name>
         <load_address>0x2000582c</load_address>
         <run_address>0x2000582c</run_address>
         <size>0x1d0</size>
         <input_file_ref idref="fl-146"/>
      </object_component>
      <object_component id="oc-41e">
         <name>.text:_SlDrvMsgWrite</name>
         <load_address>0x200059fc</load_address>
         <run_address>0x200059fc</run_address>
         <size>0x1cc</size>
         <input_file_ref idref="fl-146"/>
      </object_component>
      <object_component id="oc-2d7">
         <name>.text:_SlDrvWaitForPoolObj</name>
         <load_address>0x20005bc8</load_address>
         <run_address>0x20005bc8</run_address>
         <size>0x190</size>
         <input_file_ref idref="fl-146"/>
      </object_component>
      <object_component id="oc-16b">
         <name>.text</name>
         <load_address>0x20005d58</load_address>
         <run_address>0x20005d58</run_address>
         <size>0x18c</size>
         <input_file_ref idref="fl-6"/>
      </object_component>
      <object_component id="oc-1c3">
         <name>.text:_SlDrvDriverCBInit</name>
         <load_address>0x20005ee4</load_address>
         <run_address>0x20005ee4</run_address>
         <size>0x188</size>
         <input_file_ref idref="fl-146"/>
      </object_component>
      <object_component id="oc-53e">
         <name>.text:_SlFindAndSetActiveObj</name>
         <load_address>0x2000606c</load_address>
         <run_address>0x2000606c</run_address>
         <size>0x170</size>
         <input_file_ref idref="fl-146"/>
      </object_component>
      <object_component id="oc-1c9">
         <name>.text:spi_Open</name>
         <load_address>0x200061dc</load_address>
         <run_address>0x200061dc</run_address>
         <size>0x144</size>
         <input_file_ref idref="fl-14c"/>
      </object_component>
      <object_component id="oc-11c">
         <name>.text:PRCMCC3200MCUInit</name>
         <load_address>0x20006320</load_address>
         <run_address>0x20006320</run_address>
         <size>0x134</size>
         <input_file_ref idref="fl-140"/>
      </object_component>
      <object_component id="oc-15f">
         <name>.text:sl_Connect</name>
         <load_address>0x20006454</load_address>
         <run_address>0x20006454</run_address>
         <size>0x108</size>
         <input_file_ref idref="fl-14a"/>
      </object_component>
      <object_component id="oc-141">
         <name>.text:sl_NetAppDnsGetHostByName</name>
         <load_address>0x2000655c</load_address>
         <run_address>0x2000655c</run_address>
         <size>0x104</size>
         <input_file_ref idref="fl-147"/>
      </object_component>
      <object_component id="oc-227">
         <name>.text:_SlDrvDriverCBDeinit</name>
         <load_address>0x20006660</load_address>
         <run_address>0x20006660</run_address>
         <size>0x100</size>
         <input_file_ref idref="fl-146"/>
      </object_component>
      <object_component id="oc-57a">
         <name>.text:_SlDrvNetAppEventHandler</name>
         <load_address>0x20006760</load_address>
         <run_address>0x20006760</run_address>
         <size>0xfe</size>
         <input_file_ref idref="fl-147"/>
      </object_component>
      <object_component id="oc-4d7">
         <name>.text:IntDefaultHandler</name>
         <load_address>0x2000685e</load_address>
         <run_address>0x2000685e</run_address>
         <size>0x2</size>
         <input_file_ref idref="fl-13e"/>
      </object_component>
      <object_component id="oc-538">
         <name>.text:spi_Read</name>
         <load_address>0x20006860</load_address>
         <run_address>0x20006860</run_address>
         <size>0xf0</size>
         <input_file_ref idref="fl-14c"/>
      </object_component>
      <object_component id="oc-5e8">
         <name>.text:uDMAChannelTransferSet</name>
         <load_address>0x20006950</load_address>
         <run_address>0x20006950</run_address>
         <size>0xf0</size>
         <input_file_ref idref="fl-150"/>
      </object_component>
      <object_component id="oc-532">
         <name>.text:_SlDrvClassifyRxMsg</name>
         <load_address>0x20006a40</load_address>
         <run_address>0x20006a40</run_address>
         <size>0xd8</size>
         <input_file_ref idref="fl-146"/>
      </object_component>
      <object_component id="oc-d1">
         <name>.text:sl_Stop</name>
         <load_address>0x20006b18</load_address>
         <run_address>0x20006b18</run_address>
         <size>0xd4</size>
         <input_file_ref idref="fl-145"/>
      </object_component>
      <object_component id="oc-5b2">
         <name>.text:_sl_HandleAsync_DnsGetHostByService</name>
         <load_address>0x20006bec</load_address>
         <run_address>0x20006bec</run_address>
         <size>0xc8</size>
         <input_file_ref idref="fl-147"/>
      </object_component>
      <object_component id="oc-424">
         <name>.text:_SlDrvMsgReadCmdCtx</name>
         <load_address>0x20006cb4</load_address>
         <run_address>0x20006cb4</run_address>
         <size>0xc0</size>
         <input_file_ref idref="fl-146"/>
      </object_component>
      <object_component id="oc-3e1">
         <name>.text:_SlRemoveFromList</name>
         <load_address>0x20006d74</load_address>
         <run_address>0x20006d74</run_address>
         <size>0xc0</size>
         <input_file_ref idref="fl-146"/>
      </object_component>
      <object_component id="oc-bf">
         <name>.text:sl_Start</name>
         <load_address>0x20006e34</load_address>
         <run_address>0x20006e34</run_address>
         <size>0xbc</size>
         <input_file_ref idref="fl-145"/>
      </object_component>
      <object_component id="oc-4eb">
         <name>.text:_SlAsyncEventGenericHandler</name>
         <load_address>0x20006ef0</load_address>
         <run_address>0x20006ef0</run_address>
         <size>0xb8</size>
         <input_file_ref idref="fl-146"/>
      </object_component>
      <object_component id="oc-259">
         <name>.text:sl_NetAppMDNSRegisterUnregisterService</name>
         <load_address>0x20006fa8</load_address>
         <run_address>0x20006fa8</run_address>
         <size>0xb4</size>
         <input_file_ref idref="fl-147"/>
      </object_component>
      <object_component id="oc-165">
         <name>.text</name>
         <load_address>0x2000705c</load_address>
         <run_address>0x2000705c</run_address>
         <size>0xb0</size>
         <input_file_ref idref="fl-4"/>
      </object_component>
      <object_component id="oc-3c6">
         <name>.text:IntDisable</name>
         <load_address>0x2000710c</load_address>
         <run_address>0x2000710c</run_address>
         <size>0xa8</size>
         <input_file_ref idref="fl-13e"/>
      </object_component>
      <object_component id="oc-116">
         <name>.text:IntEnable</name>
         <load_address>0x200071b4</load_address>
         <run_address>0x200071b4</run_address>
         <size>0xa8</size>
         <input_file_ref idref="fl-13e"/>
      </object_component>
      <object_component id="oc-373">
         <name>.text:SPIConfigSetExpClk</name>
         <load_address>0x2000725c</load_address>
         <run_address>0x2000725c</run_address>
         <size>0xa0</size>
         <input_file_ref idref="fl-14f"/>
      </object_component>
      <object_component id="oc-3fa">
         <name>.text:_SlDrvMsgReadSpawnCtx</name>
         <load_address>0x200072fc</load_address>
         <run_address>0x200072fc</run_address>
         <size>0x9c</size>
         <input_file_ref idref="fl-146"/>
      </object_component>
      <object_component id="oc-33">
         <name>.text</name>
         <load_address>0x20007398</load_address>
         <run_address>0x20007398</run_address>
         <size>0x9c</size>
         <input_file_ref idref="fl-133"/>
      </object_component>
      <object_component id="oc-d7">
         <name>.text:sl_DevGet</name>
         <load_address>0x20007434</load_address>
         <run_address>0x20007434</run_address>
         <size>0x9c</size>
         <input_file_ref idref="fl-145"/>
      </object_component>
      <object_component id="oc-4f3">
         <name>.text:spi_Write</name>
         <load_address>0x200074d0</load_address>
         <run_address>0x200074d0</run_address>
         <size>0x98</size>
         <input_file_ref idref="fl-14c"/>
      </object_component>
      <object_component id="oc-36d">
         <name>.text:PRCMPeripheralClockGet</name>
         <load_address>0x20007568</load_address>
         <run_address>0x20007568</run_address>
         <size>0x94</size>
         <input_file_ref idref="fl-140"/>
      </object_component>
      <object_component id="oc-587">
         <name>.text:SetupDMAReceive</name>
         <load_address>0x200075fc</load_address>
         <run_address>0x200075fc</run_address>
         <size>0x8c</size>
         <input_file_ref idref="fl-14c"/>
      </object_component>
      <object_component id="oc-549">
         <name>.text:SetupDMASend</name>
         <load_address>0x20007688</load_address>
         <run_address>0x20007688</run_address>
         <size>0x8c</size>
         <input_file_ref idref="fl-14c"/>
      </object_component>
      <object_component id="oc-5ac">
         <name>.text:_sl_HandleAsync_DnsGetHostByName</name>
         <load_address>0x20007714</load_address>
         <run_address>0x20007714</run_address>
         <size>0x8c</size>
         <input_file_ref idref="fl-147"/>
      </object_component>
      <object_component id="oc-580">
         <name>.text:_sl_HandleAsync_PingResponse</name>
         <load_address>0x200077a0</load_address>
         <run_address>0x200077a0</run_address>
         <size>0x8c</size>
         <input_file_ref idref="fl-147"/>
      </object_component>
      <object_component id="oc-489">
         <name>.text:PinConfigSet</name>
         <load_address>0x2000782c</load_address>
         <run_address>0x2000782c</run_address>
         <size>0x88</size>
         <input_file_ref idref="fl-13f"/>
      </object_component>
      <object_component id="oc-1bd">
         <name>.text:NwpPowerOnPreamble</name>
         <load_address>0x200078b4</load_address>
         <run_address>0x200078b4</run_address>
         <size>0x84</size>
         <input_file_ref idref="fl-14c"/>
      </object_component>
      <object_component id="oc-29d">
         <name>.text:GPIOIntTypeSet</name>
         <load_address>0x20007938</load_address>
         <run_address>0x20007938</run_address>
         <size>0x82</size>
         <input_file_ref idref="fl-13d"/>
      </object_component>
      <object_component id="oc-211">
         <name>.text:_SlDrvCmdOp</name>
         <load_address>0x200079bc</load_address>
         <run_address>0x200079bc</run_address>
         <size>0x80</size>
         <input_file_ref idref="fl-146"/>
      </object_component>
      <object_component id="oc-58d">
         <name>.text:spi_Read_CPU</name>
         <load_address>0x20007a3c</load_address>
         <run_address>0x20007a3c</run_address>
         <size>0x80</size>
         <input_file_ref idref="fl-14c"/>
      </object_component>
      <object_component id="oc-55b">
         <name>.text:spi_Write_CPU</name>
         <load_address>0x20007abc</load_address>
         <run_address>0x20007abc</run_address>
         <size>0x80</size>
         <input_file_ref idref="fl-14c"/>
      </object_component>
      <object_component id="oc-566">
         <name>.text:_sl_HandleAsync_InitComplete</name>
         <load_address>0x20007b3c</load_address>
         <run_address>0x20007b3c</run_address>
         <size>0x7c</size>
         <input_file_ref idref="fl-145"/>
      </object_component>
      <object_component id="oc-4c">
         <name>.text</name>
         <load_address>0x20007bb8</load_address>
         <run_address>0x20007bb8</run_address>
         <size>0x7a</size>
         <input_file_ref idref="fl-135"/>
      </object_component>
      <object_component id="oc-5ce">
         <name>.text:_sl_HandleAsync_Connect</name>
         <load_address>0x20007c34</load_address>
         <run_address>0x20007c34</run_address>
         <size>0x78</size>
         <input_file_ref idref="fl-14a"/>
      </object_component>
      <object_component id="oc-221">
         <name>.text:spi_Close</name>
         <load_address>0x20007cac</load_address>
         <run_address>0x20007cac</run_address>
         <size>0x78</size>
         <input_file_ref idref="fl-14c"/>
      </object_component>
      <object_component id="oc-c5">
         <name>.text:_SlNonOsMainLoopTask</name>
         <load_address>0x20007d24</load_address>
         <run_address>0x20007d24</run_address>
         <size>0x70</size>
         <input_file_ref idref="fl-149"/>
      </object_component>
      <object_component id="oc-5f7">
         <name>.text:_SlDrvCmdSend</name>
         <load_address>0x20007d94</load_address>
         <run_address>0x20007d94</run_address>
         <size>0x6c</size>
         <input_file_ref idref="fl-146"/>
      </object_component>
      <object_component id="oc-5e">
         <name>.text</name>
         <load_address>0x20007e00</load_address>
         <run_address>0x20007e00</run_address>
         <size>0x6c</size>
         <input_file_ref idref="fl-13b"/>
      </object_component>
      <object_component id="oc-3f">
         <name>.text</name>
         <load_address>0x20007e6c</load_address>
         <run_address>0x20007e6c</run_address>
         <size>0x6a</size>
         <input_file_ref idref="fl-130"/>
      </object_component>
      <object_component id="oc-5b8">
         <name>.text:_sl_NetAppSendTokenValue</name>
         <load_address>0x20007ed8</load_address>
         <run_address>0x20007ed8</run_address>
         <size>0x68</size>
         <input_file_ref idref="fl-147"/>
      </object_component>
      <object_component id="oc-135">
         <name>.text:sl_DevSet</name>
         <load_address>0x20007f40</load_address>
         <run_address>0x20007f40</run_address>
         <size>0x68</size>
         <input_file_ref idref="fl-145"/>
      </object_component>
      <object_component id="oc-ef">
         <name>.text:sl_NetCfgSet</name>
         <load_address>0x20007fa8</load_address>
         <run_address>0x20007fa8</run_address>
         <size>0x68</size>
         <input_file_ref idref="fl-148"/>
      </object_component>
      <object_component id="oc-159">
         <name>.text:sl_SetSockOpt</name>
         <load_address>0x20008010</load_address>
         <run_address>0x20008010</run_address>
         <size>0x68</size>
         <input_file_ref idref="fl-14a"/>
      </object_component>
      <object_component id="oc-f5">
         <name>.text:sl_WlanSet</name>
         <load_address>0x20008078</load_address>
         <run_address>0x20008078</run_address>
         <size>0x68</size>
         <input_file_ref idref="fl-14b"/>
      </object_component>
      <object_component id="oc-4b0">
         <name>.text:uDMAChannelAttributeDisable</name>
         <load_address>0x200080e0</load_address>
         <run_address>0x200080e0</run_address>
         <size>0x64</size>
         <input_file_ref idref="fl-150"/>
      </object_component>
      <object_component id="oc-5e2">
         <name>.text:uDMAChannelAttributeEnable</name>
         <load_address>0x20008144</load_address>
         <run_address>0x20008144</run_address>
         <size>0x64</size>
         <input_file_ref idref="fl-150"/>
      </object_component>
      <object_component id="oc-5c8">
         <name>.text:_sl_HandleAsync_Accept</name>
         <load_address>0x200081a8</load_address>
         <run_address>0x200081a8</run_address>
         <size>0x60</size>
         <input_file_ref idref="fl-14a"/>
      </object_component>
      <object_component id="oc-dd">
         <name>.text:sl_WlanPolicySet</name>
         <load_address>0x20008208</load_address>
         <run_address>0x20008208</run_address>
         <size>0x60</size>
         <input_file_ref idref="fl-14b"/>
      </object_component>
      <object_component id="oc-351">
         <name>.text:_SlNonOsSemGet</name>
         <load_address>0x20008268</load_address>
         <run_address>0x20008268</run_address>
         <size>0x5c</size>
         <input_file_ref idref="fl-149"/>
      </object_component>
      <object_component id="oc-3f4">
         <name>.text:_SlNonOsSpawn</name>
         <load_address>0x200082c4</load_address>
         <run_address>0x200082c4</run_address>
         <size>0x5c</size>
         <input_file_ref idref="fl-149"/>
      </object_component>
      <object_component id="oc-153">
         <name>.text:sl_Socket</name>
         <load_address>0x20008320</load_address>
         <run_address>0x20008320</run_address>
         <size>0x5c</size>
         <input_file_ref idref="fl-14a"/>
      </object_component>
      <object_component id="oc-3d2">
         <name>.text:IntPendClear</name>
         <load_address>0x2000837c</load_address>
         <run_address>0x2000837c</run_address>
         <size>0x58</size>
         <input_file_ref idref="fl-13e"/>
      </object_component>
      <object_component id="oc-280">
         <name>.text:PRCMPeripheralReset</name>
         <load_address>0x200083d4</load_address>
         <run_address>0x200083d4</run_address>
         <size>0x58</size>
         <input_file_ref idref="fl-140"/>
      </object_component>
      <object_component id="oc-2a3">
         <name>.text:IntPrioritySet</name>
         <load_address>0x2000842c</load_address>
         <run_address>0x2000842c</run_address>
         <size>0x54</size>
         <input_file_ref idref="fl-13e"/>
      </object_component>
      <object_component id="oc-5d4">
         <name>.text:_sl_HandleAsync_Select</name>
         <load_address>0x20008480</load_address>
         <run_address>0x20008480</run_address>
         <size>0x54</size>
         <input_file_ref idref="fl-14a"/>
      </object_component>
      <object_component id="oc-104">
         <name>.text:sl_WlanRxFilterSet</name>
         <load_address>0x200084d4</load_address>
         <run_address>0x200084d4</run_address>
         <size>0x54</size>
         <input_file_ref idref="fl-14b"/>
      </object_component>
      <object_component id="oc-56c">
         <name>.text:_sl_HandleAsync_Stop</name>
         <load_address>0x20008528</load_address>
         <run_address>0x20008528</run_address>
         <size>0x50</size>
         <input_file_ref idref="fl-145"/>
      </object_component>
      <object_component id="oc-39d">
         <name>.text:SPIIntEnable</name>
         <load_address>0x20008578</load_address>
         <run_address>0x20008578</run_address>
         <size>0x4c</size>
         <input_file_ref idref="fl-14f"/>
      </object_component>
      <object_component id="oc-4fc">
         <name>.text:SPIIntNumberGet</name>
         <load_address>0x200085c4</load_address>
         <run_address>0x200085c4</run_address>
         <size>0x4c</size>
         <input_file_ref idref="fl-14f"/>
      </object_component>
      <object_component id="oc-1cf">
         <name>.text:_SlDrvProtectAsyncRespSetting</name>
         <load_address>0x20008610</load_address>
         <run_address>0x20008610</run_address>
         <size>0x4c</size>
         <input_file_ref idref="fl-146"/>
      </object_component>
      <object_component id="oc-1fc">
         <name>.text:_SlDrvRxIrqHandler</name>
         <load_address>0x2000865c</load_address>
         <run_address>0x2000865c</run_address>
         <size>0x4c</size>
         <input_file_ref idref="fl-146"/>
      </object_component>
      <object_component id="oc-2ff">
         <name>.text:_sl_BuildAddress</name>
         <load_address>0x200086a8</load_address>
         <run_address>0x200086a8</run_address>
         <size>0x4c</size>
         <input_file_ref idref="fl-14a"/>
      </object_component>
      <object_component id="oc-90">
         <name>.text</name>
         <load_address>0x200086f4</load_address>
         <run_address>0x200086f4</run_address>
         <size>0x4c</size>
         <input_file_ref idref="fl-13c"/>
      </object_component>
      <object_component id="oc-4aa">
         <name>.text:uDMAChannelAssign</name>
         <load_address>0x20008740</load_address>
         <run_address>0x20008740</run_address>
         <size>0x4c</size>
         <input_file_ref idref="fl-150"/>
      </object_component>
      <object_component id="oc-46d">
         <name>.text:GPIOGetIntNumber</name>
         <load_address>0x2000878c</load_address>
         <run_address>0x2000878c</run_address>
         <size>0x48</size>
         <input_file_ref idref="fl-13d"/>
      </object_component>
      <object_component id="oc-4c7">
         <name>.text:SPIIntClear</name>
         <load_address>0x200087d4</load_address>
         <run_address>0x200087d4</run_address>
         <size>0x48</size>
         <input_file_ref idref="fl-14f"/>
      </object_component>
      <object_component id="oc-244">
         <name>.text:_SlDrvBasicCmd</name>
         <load_address>0x2000881c</load_address>
         <run_address>0x2000881c</run_address>
         <size>0x48</size>
         <input_file_ref idref="fl-146"/>
      </object_component>
      <object_component id="oc-4bb">
         <name>.text:SPIDmaMaskGet</name>
         <load_address>0x20008864</load_address>
         <run_address>0x20008864</run_address>
         <size>0x44</size>
         <input_file_ref idref="fl-14f"/>
      </object_component>
      <object_component id="oc-59a">
         <name>.text:cc_SetupTransfer</name>
         <load_address>0x200088a8</load_address>
         <run_address>0x200088a8</run_address>
         <size>0x44</size>
         <input_file_ref idref="fl-14c"/>
      </object_component>
      <object_component id="oc-6a">
         <name>.text</name>
         <load_address>0x200088ec</load_address>
         <run_address>0x200088ec</run_address>
         <size>0x44</size>
         <input_file_ref idref="fl-132"/>
      </object_component>
      <object_component id="oc-14d">
         <name>.text:sl_Htonl</name>
         <load_address>0x20008930</load_address>
         <run_address>0x20008930</run_address>
         <size>0x42</size>
         <input_file_ref idref="fl-14a"/>
      </object_component>
      <object_component id="oc-48f">
         <name>.text:PinModeSet</name>
         <load_address>0x20008974</load_address>
         <run_address>0x20008974</run_address>
         <size>0x40</size>
         <input_file_ref idref="fl-13f"/>
      </object_component>
      <object_component id="oc-1db">
         <name>.text:NwpRegisterInterruptHandler</name>
         <load_address>0x200089b4</load_address>
         <run_address>0x200089b4</run_address>
         <size>0x3e</size>
         <input_file_ref idref="fl-14c"/>
      </object_component>
      <object_component id="oc-5bf">
         <name>.text:CopyPingResultsToReport</name>
         <load_address>0x200089f2</load_address>
         <run_address>0x200089f2</run_address>
         <size>0x3c</size>
         <input_file_ref idref="fl-147"/>
      </object_component>
      <object_component id="oc-27a">
         <name>.text:PRCMPeripheralClkEnable</name>
         <load_address>0x20008a30</load_address>
         <run_address>0x20008a30</run_address>
         <size>0x3c</size>
         <input_file_ref idref="fl-140"/>
      </object_component>
      <object_component id="oc-24">
         <name>.text</name>
         <load_address>0x20008a6c</load_address>
         <run_address>0x20008a6c</run_address>
         <size>0x3c</size>
         <input_file_ref idref="fl-12e"/>
      </object_component>
      <object_component id="oc-147">
         <name>.text:sl_Htons</name>
         <load_address>0x20008aa8</load_address>
         <run_address>0x20008aa8</run_address>
         <size>0x3c</size>
         <input_file_ref idref="fl-14a"/>
      </object_component>
      <object_component id="oc-5dc">
         <name>.text:uDMAChannelControlSet</name>
         <load_address>0x20008ae4</load_address>
         <run_address>0x20008ae4</run_address>
         <size>0x3c</size>
         <input_file_ref idref="fl-150"/>
      </object_component>
      <object_component id="oc-1d5">
         <name>.text:NwpPowerOff</name>
         <load_address>0x20008b20</load_address>
         <run_address>0x20008b20</run_address>
         <size>0x38</size>
         <input_file_ref idref="fl-14c"/>
      </object_component>
      <object_component id="oc-30c">
         <name>.text:GPIODirModeSet</name>
         <load_address>0x20008b58</load_address>
         <run_address>0x20008b58</run_address>
         <size>0x36</size>
         <input_file_ref idref="fl-13d"/>
      </object_component>
      <object_component id="oc-fe">
         <name>.text:sl_NetAppMDNSUnRegisterService</name>
         <load_address>0x20008b8e</load_address>
         <run_address>0x20008b8e</run_address>
         <size>0x36</size>
         <input_file_ref idref="fl-147"/>
      </object_component>
      <object_component id="oc-379">
         <name>.text:PRCMPeripheralStatusGet</name>
         <load_address>0x20008bc4</load_address>
         <run_address>0x20008bc4</run_address>
         <size>0x34</size>
         <input_file_ref idref="fl-140"/>
      </object_component>
      <object_component id="oc-391">
         <name>.text:SPIFIFOLevelSet</name>
         <load_address>0x20008bf8</load_address>
         <run_address>0x20008bf8</run_address>
         <size>0x34</size>
         <input_file_ref idref="fl-14f"/>
      </object_component>
      <object_component id="oc-306">
         <name>.text:PinTypeGPIO</name>
         <load_address>0x20008c2c</load_address>
         <run_address>0x20008c2c</run_address>
         <size>0x30</size>
         <input_file_ref idref="fl-13f"/>
      </object_component>
      <object_component id="oc-505">
         <name>.text:_SlDrvDeviceEventHandler</name>
         <load_address>0x20008c5c</load_address>
         <run_address>0x20008c5c</run_address>
         <size>0x30</size>
         <input_file_ref idref="fl-145"/>
      </object_component>
      <object_component id="oc-e3">
         <name>.text:sl_WlanProfileDel</name>
         <load_address>0x20008c8c</load_address>
         <run_address>0x20008c8c</run_address>
         <size>0x30</size>
         <input_file_ref idref="fl-14b"/>
      </object_component>
      <object_component id="oc-cb">
         <name>.text:sl_WlanSetMode</name>
         <load_address>0x20008cbc</load_address>
         <run_address>0x20008cbc</run_address>
         <size>0x30</size>
         <input_file_ref idref="fl-14b"/>
      </object_component>
      <object_component id="oc-1e1">
         <name>.text:NwpPowerOn</name>
         <load_address>0x20008cec</load_address>
         <run_address>0x20008cec</run_address>
         <size>0x2c</size>
         <input_file_ref idref="fl-14c"/>
      </object_component>
      <object_component id="oc-28c">
         <name>.text:PRCMSysResetCauseGet</name>
         <load_address>0x20008d18</load_address>
         <run_address>0x20008d18</run_address>
         <size>0x2c</size>
         <input_file_ref idref="fl-140"/>
      </object_component>
      <object_component id="oc-286">
         <name>.text:PRCMPeripheralClkDisable</name>
         <load_address>0x20008d44</load_address>
         <run_address>0x20008d44</run_address>
         <size>0x28</size>
         <input_file_ref idref="fl-140"/>
      </object_component>
      <object_component id="oc-3af">
         <name>.text:DmaSpiSwIntHandler</name>
         <load_address>0x20008d6c</load_address>
         <run_address>0x20008d6c</run_address>
         <size>0x24</size>
         <input_file_ref idref="fl-14c"/>
      </object_component>
      <object_component id="oc-3cc">
         <name>.text:IntUnregister</name>
         <load_address>0x20008d90</load_address>
         <run_address>0x20008d90</run_address>
         <size>0x24</size>
         <input_file_ref idref="fl-13e"/>
      </object_component>
      <object_component id="oc-2dd">
         <name>.text:_SlDrvProtectionObjLockWaitForever</name>
         <load_address>0x20008db4</load_address>
         <run_address>0x20008db4</run_address>
         <size>0x24</size>
         <input_file_ref idref="fl-146"/>
      </object_component>
      <object_component id="oc-331">
         <name>.text</name>
         <load_address>0x20008dd8</load_address>
         <run_address>0x20008dd8</run_address>
         <size>0x24</size>
         <input_file_ref idref="fl-134"/>
      </object_component>
      <object_component id="oc-367">
         <name>.text:SPIReset</name>
         <load_address>0x20008dfc</load_address>
         <run_address>0x20008dfc</run_address>
         <size>0x22</size>
         <input_file_ref idref="fl-14f"/>
      </object_component>
      <object_component id="oc-555">
         <name>.text:SPIWordCountSet</name>
         <load_address>0x20008e1e</load_address>
         <run_address>0x20008e1e</run_address>
         <size>0x22</size>
         <input_file_ref idref="fl-14f"/>
      </object_component>
      <object_component id="oc-2bb">
         <name>.text:GPIOPinWrite</name>
         <load_address>0x20008e40</load_address>
         <run_address>0x20008e40</run_address>
         <size>0x20</size>
         <input_file_ref idref="fl-13d"/>
      </object_component>
      <object_component id="oc-397">
         <name>.text:IntRegister</name>
         <load_address>0x20008e60</load_address>
         <run_address>0x20008e60</run_address>
         <size>0x20</size>
         <input_file_ref idref="fl-13e"/>
      </object_component>
      <object_component id="oc-2e3">
         <name>.text:_SlDrvProtectionObjUnLock</name>
         <load_address>0x20008e80</load_address>
         <run_address>0x20008e80</run_address>
         <size>0x20</size>
         <input_file_ref idref="fl-146"/>
      </object_component>
      <object_component id="oc-2a9">
         <name>.text:GPIOIntRegister</name>
         <load_address>0x20008ea0</load_address>
         <run_address>0x20008ea0</run_address>
         <size>0x1e</size>
         <input_file_ref idref="fl-13d"/>
      </object_component>
      <object_component id="oc-32b">
         <name>.text:UARTCharPut</name>
         <load_address>0x20008ebe</load_address>
         <run_address>0x20008ebe</run_address>
         <size>0x1e</size>
         <input_file_ref idref="fl-141"/>
      </object_component>
      <object_component id="oc-418">
         <name>.text:_SlDrvObjLockWaitForever</name>
         <load_address>0x20008edc</load_address>
         <run_address>0x20008edc</run_address>
         <size>0x1e</size>
         <input_file_ref idref="fl-146"/>
      </object_component>
      <object_component id="oc-1e7">
         <name>.text:_SlDrvSyncObjWaitForever</name>
         <load_address>0x20008efa</load_address>
         <run_address>0x20008efa</run_address>
         <size>0x1e</size>
         <input_file_ref idref="fl-146"/>
      </object_component>
      <object_component id="oc-37f">
         <name>.text:cc_UDMAChannelSelect</name>
         <load_address>0x20008f18</load_address>
         <run_address>0x20008f18</run_address>
         <size>0x1e</size>
         <input_file_ref idref="fl-14c"/>
      </object_component>
      <object_component id="oc-325">
         <name>.text:UARTCharGetNonBlocking</name>
         <load_address>0x20008f36</load_address>
         <run_address>0x20008f36</run_address>
         <size>0x1c</size>
         <input_file_ref idref="fl-141"/>
      </object_component>
      <object_component id="oc-5ee">
         <name>.text:uDMAChannelEnable</name>
         <load_address>0x20008f54</load_address>
         <run_address>0x20008f54</run_address>
         <size>0x1c</size>
         <input_file_ref idref="fl-150"/>
      </object_component>
      <object_component id="oc-2b5">
         <name>.text:GPIOIntEnable</name>
         <load_address>0x20008f70</load_address>
         <run_address>0x20008f70</run_address>
         <size>0x1a</size>
         <input_file_ref idref="fl-13d"/>
      </object_component>
      <object_component id="oc-312">
         <name>.text:PinTypeSPI</name>
         <load_address>0x20008f8a</load_address>
         <run_address>0x20008f8a</run_address>
         <size>0x1a</size>
         <input_file_ref idref="fl-13f"/>
      </object_component>
      <object_component id="oc-318">
         <name>.text:PinTypeUART</name>
         <load_address>0x20008fa4</load_address>
         <run_address>0x20008fa4</run_address>
         <size>0x1a</size>
         <input_file_ref idref="fl-13f"/>
      </object_component>
      <object_component id="oc-441">
         <name>.text:SPIDmaDisable</name>
         <load_address>0x20008fbe</load_address>
         <run_address>0x20008fbe</run_address>
         <size>0x1a</size>
         <input_file_ref idref="fl-14f"/>
      </object_component>
      <object_component id="oc-38b">
         <name>.text:SPIDmaEnable</name>
         <load_address>0x20008fd8</load_address>
         <run_address>0x20008fd8</run_address>
         <size>0x1a</size>
         <input_file_ref idref="fl-14f"/>
      </object_component>
      <object_component id="oc-43b">
         <name>.text:SPIFIFODisable</name>
         <load_address>0x20008ff2</load_address>
         <run_address>0x20008ff2</run_address>
         <size>0x1a</size>
         <input_file_ref idref="fl-14f"/>
      </object_component>
      <object_component id="oc-385">
         <name>.text:SPIFIFOEnable</name>
         <load_address>0x2000900c</load_address>
         <run_address>0x2000900c</run_address>
         <size>0x1a</size>
         <input_file_ref idref="fl-14f"/>
      </object_component>
      <object_component id="oc-435">
         <name>.text:SPIIntUnregister</name>
         <load_address>0x20009026</load_address>
         <run_address>0x20009026</run_address>
         <size>0x1a</size>
         <input_file_ref idref="fl-14f"/>
      </object_component>
      <object_component id="oc-42a">
         <name>.text:_SlDrvObjUnLock</name>
         <load_address>0x20009040</load_address>
         <run_address>0x20009040</run_address>
         <size>0x1a</size>
         <input_file_ref idref="fl-146"/>
      </object_component>
      <object_component id="oc-3e7">
         <name>.text:_SlDrvSyncObjSignal</name>
         <load_address>0x2000905a</load_address>
         <run_address>0x2000905a</run_address>
         <size>0x1a</size>
         <input_file_ref idref="fl-146"/>
      </object_component>
      <object_component id="oc-2c7">
         <name>.text:GPIOPinRead</name>
         <load_address>0x20009074</load_address>
         <run_address>0x20009074</run_address>
         <size>0x18</size>
         <input_file_ref idref="fl-13d"/>
      </object_component>
      <object_component id="oc-35b">
         <name>.text:SPICSDisable</name>
         <load_address>0x2000908c</load_address>
         <run_address>0x2000908c</run_address>
         <size>0x18</size>
         <input_file_ref idref="fl-14f"/>
      </object_component>
      <object_component id="oc-54f">
         <name>.text:SPICSEnable</name>
         <load_address>0x200090a4</load_address>
         <run_address>0x200090a4</run_address>
         <size>0x18</size>
         <input_file_ref idref="fl-14f"/>
      </object_component>
      <object_component id="oc-361">
         <name>.text:SPIDisable</name>
         <load_address>0x200090bc</load_address>
         <run_address>0x200090bc</run_address>
         <size>0x18</size>
         <input_file_ref idref="fl-14f"/>
      </object_component>
      <object_component id="oc-3a3">
         <name>.text:SPIEnable</name>
         <load_address>0x200090d4</load_address>
         <run_address>0x200090d4</run_address>
         <size>0x18</size>
         <input_file_ref idref="fl-14f"/>
      </object_component>
      <object_component id="oc-31f">
         <name>.text:UARTCharsAvail</name>
         <load_address>0x200090ec</load_address>
         <run_address>0x200090ec</run_address>
         <size>0x18</size>
         <input_file_ref idref="fl-141"/>
      </object_component>
      <object_component id="oc-34b">
         <name>.text:_SlNonOsSemSet</name>
         <load_address>0x20009104</load_address>
         <run_address>0x20009104</run_address>
         <size>0x18</size>
         <input_file_ref idref="fl-149"/>
      </object_component>
      <object_component id="oc-1f3">
         <name>.text:_sl_GetStartResponseConvert</name>
         <load_address>0x2000911c</load_address>
         <run_address>0x2000911c</run_address>
         <size>0x18</size>
         <input_file_ref idref="fl-145"/>
      </object_component>
      <object_component id="oc-64">
         <name>.text</name>
         <load_address>0x20009134</load_address>
         <run_address>0x20009134</run_address>
         <size>0x18</size>
         <input_file_ref idref="fl-13a"/>
      </object_component>
      <object_component id="oc-26e">
         <name>.text:PRCMHIBRegRead</name>
         <load_address>0x2000914c</load_address>
         <run_address>0x2000914c</run_address>
         <size>0x16</size>
         <input_file_ref idref="fl-140"/>
      </object_component>
      <object_component id="oc-274">
         <name>.text:PRCMHIBRegWrite</name>
         <load_address>0x20009162</load_address>
         <run_address>0x20009162</run_address>
         <size>0x16</size>
         <input_file_ref idref="fl-140"/>
      </object_component>
      <object_component id="oc-293">
         <name>.text:_SlDrvMemZero</name>
         <load_address>0x20009178</load_address>
         <run_address>0x20009178</run_address>
         <size>0x16</size>
         <input_file_ref idref="fl-146"/>
      </object_component>
      <object_component id="oc-263">
         <name>.text:CPUcpsie</name>
         <load_address>0x2000918e</load_address>
         <run_address>0x2000918e</run_address>
         <size>0x14</size>
         <input_file_ref idref="fl-143"/>
      </object_component>
      <object_component id="oc-2af">
         <name>.text:GPIOIntClear</name>
         <load_address>0x200091a2</load_address>
         <run_address>0x200091a2</run_address>
         <size>0x14</size>
         <input_file_ref idref="fl-13d"/>
      </object_component>
      <object_component id="oc-10a">
         <name>.text:IntVTableBaseSet</name>
         <load_address>0x200091b8</load_address>
         <run_address>0x200091b8</run_address>
         <size>0x14</size>
         <input_file_ref idref="fl-13e"/>
      </object_component>
      <object_component id="oc-190">
         <name>.text</name>
         <load_address>0x200091cc</load_address>
         <run_address>0x200091cc</run_address>
         <size>0x14</size>
         <input_file_ref idref="fl-139"/>
      </object_component>
      <object_component id="oc-13b">
         <name>.text</name>
         <load_address>0x200091e0</load_address>
         <run_address>0x200091e0</run_address>
         <size>0x14</size>
         <input_file_ref idref="fl-138"/>
      </object_component>
      <object_component id="oc-236">
         <name>.text:_SlDrvResetCmdExt</name>
         <load_address>0x200091f4</load_address>
         <run_address>0x200091f4</run_address>
         <size>0xe</size>
         <input_file_ref idref="fl-146"/>
      </object_component>
      <object_component id="oc-12">
         <name>.text:decompress:none</name>
         <load_address>0x20009202</load_address>
         <run_address>0x20009202</run_address>
         <size>0xe</size>
         <input_file_ref idref="fl-12f"/>
      </object_component>
      <object_component id="oc-2a">
         <name>.text</name>
         <load_address>0x20009210</load_address>
         <run_address>0x20009210</run_address>
         <size>0xe</size>
         <input_file_ref idref="fl-5"/>
      </object_component>
      <object_component id="oc-3bf">
         <name>.text:NwpMaskInterrupt</name>
         <load_address>0x20009220</load_address>
         <run_address>0x20009220</run_address>
         <size>0xc</size>
         <input_file_ref idref="fl-14c"/>
      </object_component>
      <object_component id="oc-3d9">
         <name>.text:NwpUnMaskInterrupt</name>
         <load_address>0x2000922c</load_address>
         <run_address>0x2000922c</run_address>
         <size>0xc</size>
         <input_file_ref idref="fl-14c"/>
      </object_component>
      <object_component id="oc-1e">
         <name>.text:decompress:ZI</name>
         <load_address>0x20009238</load_address>
         <run_address>0x20009238</run_address>
         <size>0xc</size>
         <input_file_ref idref="fl-131"/>
      </object_component>
      <object_component id="oc-e9">
         <name>.text:sl_WlanDisconnect</name>
         <load_address>0x20009244</load_address>
         <run_address>0x20009244</run_address>
         <size>0xc</size>
         <input_file_ref idref="fl-14b"/>
      </object_component>
      <object_component id="oc-110">
         <name>.text:IntMasterEnable</name>
         <load_address>0x20009250</load_address>
         <run_address>0x20009250</run_address>
         <size>0xa</size>
         <input_file_ref idref="fl-13e"/>
      </object_component>
      <object_component id="oc-12e">
         <name>.text:UtilsDelay</name>
         <load_address>0x2000925a</load_address>
         <run_address>0x2000925a</run_address>
         <size>0x6</size>
         <input_file_ref idref="fl-142"/>
      </object_component>
      <object_component id="oc-18">
         <name>.text:decompress:rle24</name>
         <load_address>0x20009260</load_address>
         <run_address>0x20009260</run_address>
         <size>0x6</size>
         <input_file_ref idref="fl-130"/>
      </object_component>
      <object_component id="oc-58">
         <name>.text</name>
         <load_address>0x20009266</load_address>
         <run_address>0x20009266</run_address>
         <size>0x4</size>
         <input_file_ref idref="fl-136"/>
      </object_component>
      <object_component id="oc-51d">
         <name>.const:g_ulPinToPadMap</name>
         <load_address>0x2000926c</load_address>
         <run_address>0x2000926c</run_address>
         <size>0x100</size>
         <input_file_ref idref="fl-13f"/>
      </object_component>
      <object_component id="oc-469">
         <name>.const:g_pulRegs</name>
         <load_address>0x2000936c</load_address>
         <run_address>0x2000936c</run_address>
         <size>0xd4</size>
         <input_file_ref idref="fl-13e"/>
      </object_component>
      <object_component id="oc-299">
         <name>.const:$P$T0$1</name>
         <load_address>0x20009440</load_address>
         <run_address>0x20009440</run_address>
         <size>0xb0</size>
         <input_file_ref idref="fl-14b"/>
      </object_component>
      <object_component id="oc-45d">
         <name>.const:PRCM_PeriphRegsList</name>
         <load_address>0x200094f0</load_address>
         <run_address>0x200094f0</run_address>
         <size>0xa8</size>
         <input_file_ref idref="fl-140"/>
      </object_component>
      <object_component id="oc-26a">
         <name>.const</name>
         <load_address>0x20009598</load_address>
         <run_address>0x20009598</run_address>
         <size>0x80</size>
         <input_file_ref idref="fl-13e"/>
      </object_component>
      <object_component id="oc-545">
         <name>.const:OpcodeTranslateTable</name>
         <load_address>0x20009618</load_address>
         <run_address>0x20009618</run_address>
         <size>0x3c</size>
         <input_file_ref idref="fl-146"/>
      </object_component>
      <object_component id="oc-217">
         <name>.const</name>
         <load_address>0x20009654</load_address>
         <run_address>0x20009654</run_address>
         <size>0x3c</size>
         <input_file_ref idref="fl-14b"/>
      </object_component>
      <object_component id="oc-594">
         <name>.const:_SlActionLookupTable</name>
         <load_address>0x20009690</load_address>
         <run_address>0x20009690</run_address>
         <size>0x38</size>
         <input_file_ref idref="fl-146"/>
      </object_component>
      <object_component id="oc-44c">
         <name>.const</name>
         <load_address>0x200096c8</load_address>
         <run_address>0x200096c8</run_address>
         <size>0x34</size>
         <input_file_ref idref="fl-146"/>
      </object_component>
      <object_component id="oc-2f5">
         <name>.const</name>
         <load_address>0x200096fc</load_address>
         <run_address>0x200096fc</run_address>
         <size>0x34</size>
         <input_file_ref idref="fl-14a"/>
      </object_component>
      <object_component id="oc-12f">
         <name>.const:$P$T0$1</name>
         <load_address>0x20009730</load_address>
         <run_address>0x20009730</run_address>
         <size>0x2c</size>
         <input_file_ref idref="fl-3"/>
      </object_component>
      <object_component id="oc-2e9">
         <name>.const</name>
         <load_address>0x2000975c</load_address>
         <run_address>0x2000975c</run_address>
         <size>0x28</size>
         <input_file_ref idref="fl-147"/>
      </object_component>
      <object_component id="oc-562">
         <name>.const:g_ppulSPIIntMap</name>
         <load_address>0x20009784</load_address>
         <run_address>0x20009784</run_address>
         <size>0x24</size>
         <input_file_ref idref="fl-14f"/>
      </object_component>
      <object_component id="oc-132">
         <name>.const</name>
         <load_address>0x200097a8</load_address>
         <run_address>0x200097a8</run_address>
         <size>0x20</size>
         <input_file_ref idref="fl-3"/>
      </object_component>
      <object_component id="oc-526">
         <name>.const</name>
         <load_address>0x200097c8</load_address>
         <run_address>0x200097c8</run_address>
         <size>0x18</size>
         <input_file_ref idref="fl-14f"/>
      </object_component>
      <object_component id="oc-22d">
         <name>.const</name>
         <load_address>0x200097e0</load_address>
         <run_address>0x200097e0</run_address>
         <size>0x14</size>
         <input_file_ref idref="fl-145"/>
      </object_component>
      <object_component id="oc-256">
         <name>.const:.string</name>
         <load_address>0x200097f4</load_address>
         <run_address>0x200097f4</run_address>
         <size>0x10</size>
         <input_file_ref idref="fl-3"/>
      </object_component>
      <object_component id="oc-3ee">
         <name>.const:.string</name>
         <load_address>0x20009804</load_address>
         <run_address>0x20009804</run_address>
         <size>0x8</size>
         <input_file_ref idref="fl-145"/>
      </object_component>
      <object_component id="oc-24b">
         <name>.const</name>
         <load_address>0x2000980c</load_address>
         <run_address>0x2000980c</run_address>
         <size>0x8</size>
         <input_file_ref idref="fl-148"/>
      </object_component>
      <object_component id="oc-632">
         <name>.cinit..data.load</name>
         <load_address>0x20009818</load_address>
         <run_address>0x20009818</run_address>
         <size>0x2f</size>
      </object_component>
      <object_component id="oc-630">
         <name>__TI_handler_table</name>
         <load_address>0x20009848</load_address>
         <run_address>0x20009848</run_address>
         <size>0xc</size>
      </object_component>
      <object_component id="oc-633">
         <name>.cinit..bss.load</name>
         <load_address>0x20009858</load_address>
         <run_address>0x20009858</run_address>
         <size>0x8</size>
      </object_component>
      <object_component id="oc-631">
         <name>__TI_cinit_table</name>
         <load_address>0x20009860</load_address>
         <run_address>0x20009860</run_address>
         <size>0x10</size>
      </object_component>
      <object_component id="oc-29">
         <name>.stack</name>
         <uninitialized>true</uninitialized>
         <run_address>0x2002f000</run_address>
         <size>0x0</size>
         <input_file_ref idref="fl-12e"/>
      </object_component>
      <object_component id="oc-634">
         <name>.stack</name>
         <uninitialized>true</uninitialized>
         <run_address>0x2002f000</run_address>
         <size>0x0</size>
      </object_component>
      <object_component id="oc-b9">
         <name>.bss:g_ucConnectionSSID</name>
         <uninitialized>true</uninitialized>
         <run_address>0x2001720c</run_address>
         <size>0x24</size>
         <input_file_ref idref="fl-3"/>
      </object_component>
      <object_component id="oc-171">
         <name>.bss:g_time</name>
         <uninitialized>true</uninitialized>
         <run_address>0x200171b8</run_address>
         <size>0x2c</size>
         <input_file_ref idref="fl-3"/>
      </object_component>
      <object_component id="oc-357">
         <name>.bss:g_StatMem</name>
         <uninitialized>true</uninitialized>
         <run_address>0x20017000</run_address>
         <size>0x168</size>
         <input_file_ref idref="fl-146"/>
      </object_component>
      <object_component id="oc-209">
         <name>.bss:g__SlNonOsCB</name>
         <uninitialized>true</uninitialized>
         <run_address>0x200171e4</run_address>
         <size>0x28</size>
         <input_file_ref idref="fl-149"/>
      </object_component>
      <object_component id="oc-3ac">
         <name>.bss:g_ucDinDout</name>
         <uninitialized>true</uninitialized>
         <run_address>0x20017168</run_address>
         <size>0x50</size>
         <input_file_ref idref="fl-14c"/>
      </object_component>
      <object_component id="oc-2c4">
         <name>.common:g_ucLED1Pin</name>
         <uninitialized>true</uninitialized>
         <run_address>0x2001723e</run_address>
         <size>0x1</size>
      </object_component>
      <object_component id="oc-2cd">
         <name>.common:g_ucLED2Pin</name>
         <uninitialized>true</uninitialized>
         <run_address>0x2001723f</run_address>
         <size>0x1</size>
      </object_component>
      <object_component id="oc-2ce">
         <name>.common:g_ucLED3Pin</name>
         <uninitialized>true</uninitialized>
         <run_address>0x20017240</run_address>
         <size>0x1</size>
      </object_component>
      <object_component id="oc-bc">
         <name>.common:g_ucConnectionBSSID</name>
         <uninitialized>true</uninitialized>
         <run_address>0x20017230</run_address>
         <size>0x8</size>
      </object_component>
      <object_component id="oc-337">
         <name>.common:__Errorlog</name>
         <uninitialized>true</uninitialized>
         <run_address>0x20017238</run_address>
         <size>0x4</size>
      </object_component>
      <object_component id="oc-20c">
         <name>.common:RxIrqCnt</name>
         <uninitialized>true</uninitialized>
         <run_address>0x2001723c</run_address>
         <size>0x1</size>
      </object_component>
      <object_component id="oc-3b5">
         <name>.common:g_cDummy</name>
         <uninitialized>true</uninitialized>
         <run_address>0x2001723d</run_address>
         <size>0x1</size>
      </object_component>
      <object_component id="oc-2c1">
         <name>.data</name>
         <load_address>0x20017244</load_address>
         <run_address>0x20017244</run_address>
         <size>0x20</size>
         <input_file_ref idref="fl-2"/>
      </object_component>
      <object_component id="oc-fb">
         <name>.data</name>
         <load_address>0x20017264</load_address>
         <run_address>0x20017264</run_address>
         <size>0x10</size>
         <input_file_ref idref="fl-3"/>
      </object_component>
      <object_component id="oc-a3">
         <name>.data</name>
         <load_address>0x20017294</load_address>
         <run_address>0x20017294</run_address>
         <size>0x8</size>
         <input_file_ref idref="fl-132"/>
      </object_component>
      <object_component id="oc-70">
         <name>.data</name>
         <load_address>0x2001729c</load_address>
         <run_address>0x2001729c</run_address>
         <size>0x4</size>
         <input_file_ref idref="fl-137"/>
      </object_component>
      <object_component id="oc-a0">
         <name>.data</name>
         <load_address>0x2001728c</load_address>
         <run_address>0x2001728c</run_address>
         <size>0x8</size>
         <input_file_ref idref="fl-139"/>
      </object_component>
      <object_component id="oc-1f9">
         <name>.data</name>
         <load_address>0x20017280</load_address>
         <run_address>0x20017280</run_address>
         <size>0x9</size>
         <input_file_ref idref="fl-146"/>
      </object_component>
      <object_component id="oc-3a9">
         <name>.data</name>
         <load_address>0x20017274</load_address>
         <run_address>0x20017274</run_address>
         <size>0x9</size>
         <input_file_ref idref="fl-14c"/>
      </object_component>
      <object_component id="oc-2c5">
         <name>.debug_info</name>
         <load_address>0x0</load_address>
         <run_address>0x0</run_address>
         <size>0x2da</size>
         <input_file_ref idref="fl-2"/>
      </object_component>
      <object_component id="oc-2c2">
         <name>.debug_info</name>
         <load_address>0x2da</load_address>
         <run_address>0x2da</run_address>
         <size>0x167</size>
         <input_file_ref idref="fl-2"/>
      </object_component>
      <object_component id="oc-129">
         <name>.debug_info</name>
         <load_address>0x441</load_address>
         <run_address>0x441</run_address>
         <size>0xef1</size>
         <input_file_ref idref="fl-2"/>
      </object_component>
      <object_component id="oc-513">
         <name>.debug_info</name>
         <load_address>0x1332</load_address>
         <run_address>0x1332</run_address>
         <size>0x62</size>
         <input_file_ref idref="fl-2"/>
      </object_component>
      <object_component id="oc-77">
         <name>.debug_info</name>
         <load_address>0x1394</load_address>
         <run_address>0x1394</run_address>
         <size>0x84</size>
         <input_file_ref idref="fl-2"/>
      </object_component>
      <object_component id="oc-1b3">
         <name>.debug_info</name>
         <load_address>0x1418</load_address>
         <run_address>0x1418</run_address>
         <size>0x2c</size>
         <input_file_ref idref="fl-2"/>
      </object_component>
      <object_component id="oc-bd">
         <name>.debug_info</name>
         <load_address>0x1444</load_address>
         <run_address>0x1444</run_address>
         <size>0xb02</size>
         <input_file_ref idref="fl-3"/>
      </object_component>
      <object_component id="oc-fc">
         <name>.debug_info</name>
         <load_address>0x1f46</load_address>
         <run_address>0x1f46</run_address>
         <size>0x146</size>
         <input_file_ref idref="fl-3"/>
      </object_component>
      <object_component id="oc-ba">
         <name>.debug_info</name>
         <load_address>0x208c</load_address>
         <run_address>0x208c</run_address>
         <size>0xd7</size>
         <input_file_ref idref="fl-3"/>
      </object_component>
      <object_component id="oc-172">
         <name>.debug_info</name>
         <load_address>0x2163</load_address>
         <run_address>0x2163</run_address>
         <size>0xbf</size>
         <input_file_ref idref="fl-3"/>
      </object_component>
      <object_component id="oc-130">
         <name>.debug_info</name>
         <load_address>0x2222</load_address>
         <run_address>0x2222</run_address>
         <size>0xc1</size>
         <input_file_ref idref="fl-3"/>
      </object_component>
      <object_component id="oc-133">
         <name>.debug_info</name>
         <load_address>0x22e3</load_address>
         <run_address>0x22e3</run_address>
         <size>0xe0</size>
         <input_file_ref idref="fl-3"/>
      </object_component>
      <object_component id="oc-99">
         <name>.debug_info</name>
         <load_address>0x23c3</load_address>
         <run_address>0x23c3</run_address>
         <size>0xdcd</size>
         <input_file_ref idref="fl-3"/>
      </object_component>
      <object_component id="oc-175">
         <name>.debug_info</name>
         <load_address>0x3190</load_address>
         <run_address>0x3190</run_address>
         <size>0x370</size>
         <input_file_ref idref="fl-3"/>
      </object_component>
      <object_component id="oc-1ae">
         <name>.debug_info</name>
         <load_address>0x3500</load_address>
         <run_address>0x3500</run_address>
         <size>0xe6</size>
         <input_file_ref idref="fl-3"/>
      </object_component>
      <object_component id="oc-184">
         <name>.debug_info</name>
         <load_address>0x35e6</load_address>
         <run_address>0x35e6</run_address>
         <size>0x87f</size>
         <input_file_ref idref="fl-3"/>
      </object_component>
      <object_component id="oc-1a9">
         <name>.debug_info</name>
         <load_address>0x3e65</load_address>
         <run_address>0x3e65</run_address>
         <size>0x611</size>
         <input_file_ref idref="fl-3"/>
      </object_component>
      <object_component id="oc-17f">
         <name>.debug_info</name>
         <load_address>0x4476</load_address>
         <run_address>0x4476</run_address>
         <size>0x92b</size>
         <input_file_ref idref="fl-3"/>
      </object_component>
      <object_component id="oc-342">
         <name>.debug_info</name>
         <load_address>0x4da1</load_address>
         <run_address>0x4da1</run_address>
         <size>0x137</size>
         <input_file_ref idref="fl-3"/>
      </object_component>
      <object_component id="oc-17a">
         <name>.debug_info</name>
         <load_address>0x4ed8</load_address>
         <run_address>0x4ed8</run_address>
         <size>0x6c8</size>
         <input_file_ref idref="fl-3"/>
      </object_component>
      <object_component id="oc-3b9">
         <name>.debug_info</name>
         <load_address>0x55a0</load_address>
         <run_address>0x55a0</run_address>
         <size>0x39</size>
         <input_file_ref idref="fl-3"/>
      </object_component>
      <object_component id="oc-1b8">
         <name>.debug_info</name>
         <load_address>0x55d9</load_address>
         <run_address>0x55d9</run_address>
         <size>0x46</size>
         <input_file_ref idref="fl-3"/>
      </object_component>
      <object_component id="oc-87">
         <name>.debug_info</name>
         <load_address>0x561f</load_address>
         <run_address>0x561f</run_address>
         <size>0x2c</size>
         <input_file_ref idref="fl-3"/>
      </object_component>
      <object_component id="oc-166">
         <name>.debug_info</name>
         <load_address>0x564b</load_address>
         <run_address>0x564b</run_address>
         <size>0x284</size>
         <input_file_ref idref="fl-4"/>
      </object_component>
      <object_component id="oc-32">
         <name>.debug_info</name>
         <load_address>0x58cf</load_address>
         <run_address>0x58cf</run_address>
         <size>0x11a</size>
         <input_file_ref idref="fl-5"/>
      </object_component>
      <object_component id="oc-10">
         <name>.debug_info</name>
         <load_address>0x59e9</load_address>
         <run_address>0x59e9</run_address>
         <size>0xff</size>
         <input_file_ref idref="fl-5"/>
      </object_component>
      <object_component id="oc-2d">
         <name>.debug_info</name>
         <load_address>0x5ae8</load_address>
         <run_address>0x5ae8</run_address>
         <size>0x420</size>
         <input_file_ref idref="fl-5"/>
      </object_component>
      <object_component id="oc-338">
         <name>.debug_info</name>
         <load_address>0x5f08</load_address>
         <run_address>0x5f08</run_address>
         <size>0x265</size>
         <input_file_ref idref="fl-6"/>
      </object_component>
      <object_component id="oc-16c">
         <name>.debug_info</name>
         <load_address>0x616d</load_address>
         <run_address>0x616d</run_address>
         <size>0x7a1</size>
         <input_file_ref idref="fl-6"/>
      </object_component>
      <object_component id="oc-33b">
         <name>.debug_info</name>
         <load_address>0x690e</load_address>
         <run_address>0x690e</run_address>
         <size>0x110</size>
         <input_file_ref idref="fl-6"/>
      </object_component>
      <object_component id="oc-26">
         <name>.debug_info</name>
         <load_address>0x6a1e</load_address>
         <run_address>0x6a1e</run_address>
         <size>0x11c</size>
         <input_file_ref idref="fl-12e"/>
      </object_component>
      <object_component id="oc-3e">
         <name>.debug_info</name>
         <load_address>0x6b3a</load_address>
         <run_address>0x6b3a</run_address>
         <size>0x109</size>
         <input_file_ref idref="fl-12f"/>
      </object_component>
      <object_component id="oc-14">
         <name>.debug_info</name>
         <load_address>0x6c43</load_address>
         <run_address>0x6c43</run_address>
         <size>0x1a8</size>
         <input_file_ref idref="fl-12f"/>
      </object_component>
      <object_component id="oc-39">
         <name>.debug_info</name>
         <load_address>0x6deb</load_address>
         <run_address>0x6deb</run_address>
         <size>0x46</size>
         <input_file_ref idref="fl-12f"/>
      </object_component>
      <object_component id="oc-7d">
         <name>.debug_info</name>
         <load_address>0x6e31</load_address>
         <run_address>0x6e31</run_address>
         <size>0x2c</size>
         <input_file_ref idref="fl-12f"/>
      </object_component>
      <object_component id="oc-46">
         <name>.debug_info</name>
         <load_address>0x6e5d</load_address>
         <run_address>0x6e5d</run_address>
         <size>0xfd</size>
         <input_file_ref idref="fl-130"/>
      </object_component>
      <object_component id="oc-43">
         <name>.debug_info</name>
         <load_address>0x6f5a</load_address>
         <run_address>0x6f5a</run_address>
         <size>0x210</size>
         <input_file_ref idref="fl-130"/>
      </object_component>
      <object_component id="oc-1c">
         <name>.debug_info</name>
         <load_address>0x716a</load_address>
         <run_address>0x716a</run_address>
         <size>0x17a</size>
         <input_file_ref idref="fl-130"/>
      </object_component>
      <object_component id="oc-47">
         <name>.debug_info</name>
         <load_address>0x72e4</load_address>
         <run_address>0x72e4</run_address>
         <size>0x39</size>
         <input_file_ref idref="fl-130"/>
      </object_component>
      <object_component id="oc-57">
         <name>.debug_info</name>
         <load_address>0x731d</load_address>
         <run_address>0x731d</run_address>
         <size>0xf8</size>
         <input_file_ref idref="fl-131"/>
      </object_component>
      <object_component id="oc-22">
         <name>.debug_info</name>
         <load_address>0x7415</load_address>
         <run_address>0x7415</run_address>
         <size>0x173</size>
         <input_file_ref idref="fl-131"/>
      </object_component>
      <object_component id="oc-52">
         <name>.debug_info</name>
         <load_address>0x7588</load_address>
         <run_address>0x7588</run_address>
         <size>0x46</size>
         <input_file_ref idref="fl-131"/>
      </object_component>
      <object_component id="oc-a7">
         <name>.debug_info</name>
         <load_address>0x75ce</load_address>
         <run_address>0x75ce</run_address>
         <size>0x15a</size>
         <input_file_ref idref="fl-132"/>
      </object_component>
      <object_component id="oc-a4">
         <name>.debug_info</name>
         <load_address>0x7728</load_address>
         <run_address>0x7728</run_address>
         <size>0xff</size>
         <input_file_ref idref="fl-132"/>
      </object_component>
      <object_component id="oc-6c">
         <name>.debug_info</name>
         <load_address>0x7827</load_address>
         <run_address>0x7827</run_address>
         <size>0x1d6</size>
         <input_file_ref idref="fl-132"/>
      </object_component>
      <object_component id="oc-34">
         <name>.debug_info</name>
         <load_address>0x79fd</load_address>
         <run_address>0x79fd</run_address>
         <size>0xde</size>
         <input_file_ref idref="fl-133"/>
      </object_component>
      <object_component id="oc-49d">
         <name>.debug_info</name>
         <load_address>0x7adb</load_address>
         <run_address>0x7adb</run_address>
         <size>0xf5</size>
         <input_file_ref idref="fl-134"/>
      </object_component>
      <object_component id="oc-332">
         <name>.debug_info</name>
         <load_address>0x7bd0</load_address>
         <run_address>0x7bd0</run_address>
         <size>0x174</size>
         <input_file_ref idref="fl-134"/>
      </object_component>
      <object_component id="oc-4d">
         <name>.debug_info</name>
         <load_address>0x7d44</load_address>
         <run_address>0x7d44</run_address>
         <size>0x10c</size>
         <input_file_ref idref="fl-135"/>
      </object_component>
      <object_component id="oc-5b">
         <name>.debug_info</name>
         <load_address>0x7e50</load_address>
         <run_address>0x7e50</run_address>
         <size>0x111</size>
         <input_file_ref idref="fl-136"/>
      </object_component>
      <object_component id="oc-71">
         <name>.debug_info</name>
         <load_address>0x7f61</load_address>
         <run_address>0x7f61</run_address>
         <size>0xd2</size>
         <input_file_ref idref="fl-137"/>
      </object_component>
      <object_component id="oc-2d6">
         <name>.debug_info</name>
         <load_address>0x8033</load_address>
         <run_address>0x8033</run_address>
         <size>0xb3</size>
         <input_file_ref idref="fl-138"/>
      </object_component>
      <object_component id="oc-13d">
         <name>.debug_info</name>
         <load_address>0x80e6</load_address>
         <run_address>0x80e6</run_address>
         <size>0x193</size>
         <input_file_ref idref="fl-138"/>
      </object_component>
      <object_component id="oc-198">
         <name>.debug_info</name>
[...]
         <object_component_ref idref="oc-44c"/>
      </symbol>
      <symbol id="sm-7ee">
         <name>g_StatMem</name>
         <value>0x20017000</value>
         <object_component_ref idref="oc-357"/>
      </symbol>
      <symbol id="sm-7ef">
         <name>_SlFindAndSetActiveObj</name>
         <value>0x2000606d</value>
         <object_component_ref idref="oc-53e"/>
      </symbol>
      <symbol id="sm-7f0">
         <name>_SlDrvMemZero</name>
         <value>0x20009179</value>
         <object_component_ref idref="oc-293"/>
      </symbol>
      <symbol id="sm-7f1">
         <name>_SlDrvWaitForPoolObj</name>
         <value>0x20005bc9</value>
         <object_component_ref idref="oc-2d7"/>
      </symbol>
      <symbol id="sm-7f2">
         <name>_SlDrvSyncObjSignal</name>
         <value>0x2000905b</value>
         <object_component_ref idref="oc-3e7"/>
      </symbol>
      <symbol id="sm-7f3">
         <name>g_H2NCnysPattern</name>
         <value>0x200096d0</value>
         <object_component_ref idref="oc-44c"/>
      </symbol>
      <symbol id="sm-7f4">
         <name>_SlDrvMsgWrite</name>
         <value>0x200059fd</value>
         <object_component_ref idref="oc-41e"/>
      </symbol>
      <symbol id="sm-7f5">
         <name>_SlDrvRxIrqHandler</name>
         <value>0x2000865d</value>
         <object_component_ref idref="oc-1fc"/>
      </symbol>
      <symbol id="sm-7f6">
         <name>_SlDrvMsgRead</name>
         <value>0x20004a19</value>
         <object_component_ref idref="oc-4e5"/>
      </symbol>
      <symbol id="sm-7f7">
         <name>_SlDrvSyncObjWaitForever</name>
         <value>0x20008efb</value>
         <object_component_ref idref="oc-1e7"/>
      </symbol>
      <symbol id="sm-7f8">
         <name>g_H2NSyncPattern</name>
         <value>0x200096c8</value>
         <object_component_ref idref="oc-44c"/>
      </symbol>
      <symbol id="sm-7f9">
         <name>_SlDrvCmdSend</name>
         <value>0x20007d95</value>
         <object_component_ref idref="oc-5f7"/>
      </symbol>
      <symbol id="sm-7fa">
         <name>_SlActionLookupTable</name>
         <value>0x20009690</value>
         <object_component_ref idref="oc-594"/>
      </symbol>
      <symbol id="sm-88c">
         <name>sl_NetAppMDNSUnRegisterService</name>
         <value>0x20008b8f</value>
         <object_component_ref idref="oc-fe"/>
      </symbol>
      <symbol id="sm-88d">
         <name>_SlNetAppSendTokenValueCmdCtrl</name>
         <value>0x20009778</value>
         <object_component_ref idref="oc-2e9"/>
      </symbol>
      <symbol id="sm-88e">
         <name>_SlGetServiceListeCtrl</name>
         <value>0x20009764</value>
         <object_component_ref idref="oc-2e9"/>
      </symbol>
      <symbol id="sm-88f">
         <name>_SlNetAppStopCtrl</name>
         <value>0x20009760</value>
         <object_component_ref idref="oc-2e9"/>
      </symbol>
      <symbol id="sm-890">
         <name>_SlNetAppSetCmdCtrl</name>
         <value>0x20009774</value>
         <object_component_ref idref="oc-2e9"/>
      </symbol>
      <symbol id="sm-891">
         <name>_SlNetAppGetCmdCtrl</name>
         <value>0x2000977c</value>
         <object_component_ref idref="oc-2e9"/>
      </symbol>
      <symbol id="sm-892">
         <name>sl_NetAppDnsGetHostByName</name>
         <value>0x2000655d</value>
         <object_component_ref idref="oc-141"/>
      </symbol>
      <symbol id="sm-893">
         <name>_sl_HandleAsync_DnsGetHostByName</name>
         <value>0x20007715</value>
         <object_component_ref idref="oc-5ac"/>
      </symbol>
      <symbol id="sm-894">
         <name>_SlRegisterServiceCtrl</name>
         <value>0x20009768</value>
         <object_component_ref idref="oc-2e9"/>
      </symbol>
      <symbol id="sm-895">
         <name>_sl_HandleAsync_PingResponse</name>
         <value>0x200077a1</value>
         <object_component_ref idref="oc-580"/>
      </symbol>
      <symbol id="sm-896">
         <name>_SlNetAppStartCtrl</name>
         <value>0x2000975c</value>
         <object_component_ref idref="oc-2e9"/>
      </symbol>
      <symbol id="sm-897">
         <name>_SlDrvNetAppEventHandler</name>
         <value>0x20006761</value>
         <object_component_ref idref="oc-57a"/>
      </symbol>
      <symbol id="sm-898">
         <name>_sl_HandleAsync_DnsGetHostByService</name>
         <value>0x20006bed</value>
         <object_component_ref idref="oc-5b2"/>
      </symbol>
      <symbol id="sm-899">
         <name>_sl_NetAppSendTokenValue</name>
         <value>0x20007ed9</value>
         <object_component_ref idref="oc-5b8"/>
      </symbol>
      <symbol id="sm-89a">
         <name>CopyPingResultsToReport</name>
         <value>0x200089f3</value>
         <object_component_ref idref="oc-5bf"/>
      </symbol>
      <symbol id="sm-89b">
         <name>_SlGetHostByNameCtrl</name>
         <value>0x20009770</value>
         <object_component_ref idref="oc-2e9"/>
      </symbol>
      <symbol id="sm-89c">
         <name>_SlGetHostByServiceCtrl</name>
         <value>0x2000976c</value>
         <object_component_ref idref="oc-2e9"/>
      </symbol>
      <symbol id="sm-89d">
         <name>sl_NetAppMDNSRegisterUnregisterService</name>
         <value>0x20006fa9</value>
         <object_component_ref idref="oc-259"/>
      </symbol>
      <symbol id="sm-8ba">
         <name>_SlNetCfgSetCmdCtrl</name>
         <value>0x2000980c</value>
         <object_component_ref idref="oc-24b"/>
      </symbol>
      <symbol id="sm-8bb">
         <name>_SlNetCfgGetCmdCtrl</name>
         <value>0x20009810</value>
         <object_component_ref idref="oc-24b"/>
      </symbol>
      <symbol id="sm-8bc">
         <name>sl_NetCfgSet</name>
         <value>0x20007fa9</value>
         <object_component_ref idref="oc-ef"/>
      </symbol>
      <symbol id="sm-8fe">
         <name>_SlNonOsSemSet</name>
         <value>0x20009105</value>
         <object_component_ref idref="oc-34b"/>
      </symbol>
      <symbol id="sm-8ff">
         <name>_SlNonOsSpawn</name>
         <value>0x200082c5</value>
         <object_component_ref idref="oc-3f4"/>
      </symbol>
      <symbol id="sm-900">
         <name>_SlNonOsSemGet</name>
         <value>0x20008269</value>
         <object_component_ref idref="oc-351"/>
      </symbol>
      <symbol id="sm-901">
         <name>_SlNonOsMainLoopTask</name>
         <value>0x20007d25</value>
         <object_component_ref idref="oc-c5"/>
      </symbol>
      <symbol id="sm-902">
         <name>g__SlNonOsCB</name>
         <value>0x200171e4</value>
         <object_component_ref idref="oc-209"/>
      </symbol>
      <symbol id="sm-995">
         <name>_SlSockCloseCmdCtrl</name>
         <value>0x20009700</value>
         <object_component_ref idref="oc-2f5"/>
      </symbol>
      <symbol id="sm-996">
         <name>_SlSendCmdCtrl</name>
         <value>0x20009708</value>
         <object_component_ref idref="oc-2f5"/>
      </symbol>
      <symbol id="sm-997">
         <name>_sl_BuildAddress</name>
         <value>0x200086a9</value>
         <object_component_ref idref="oc-2ff"/>
      </symbol>
      <symbol id="sm-998">
         <name>_sl_HandleAsync_Connect</name>
         <value>0x20007c35</value>
         <object_component_ref idref="oc-5ce"/>
      </symbol>
      <symbol id="sm-999">
         <name>sl_Htonl</name>
         <value>0x20008931</value>
         <object_component_ref idref="oc-14d"/>
      </symbol>
      <symbol id="sm-99a">
         <name>sl_Htons</name>
         <value>0x20008aa9</value>
         <object_component_ref idref="oc-147"/>
      </symbol>
      <symbol id="sm-99b">
         <name>_SlSelectCmdCtrl</name>
         <value>0x20009720</value>
         <object_component_ref idref="oc-2f5"/>
      </symbol>
      <symbol id="sm-99c">
         <name>sl_Connect</name>
         <value>0x20006455</value>
         <object_component_ref idref="oc-15f"/>
      </symbol>
      <symbol id="sm-99d">
         <name>sl_Socket</name>
         <value>0x20008321</value>
         <object_component_ref idref="oc-153"/>
      </symbol>
      <symbol id="sm-99e">
         <name>_sl_HandleAsync_Select</name>
         <value>0x20008481</value>
         <object_component_ref idref="oc-5d4"/>
      </symbol>
      <symbol id="sm-99f">
         <name>_SlSockSocketCmdCtrl</name>
         <value>0x200096fc</value>
         <object_component_ref idref="oc-2f5"/>
      </symbol>
      <symbol id="sm-9a0">
         <name>_SlRecvfomCmdCtrl</name>
         <value>0x20009704</value>
         <object_component_ref idref="oc-2f5"/>
      </symbol>
      <symbol id="sm-9a1">
         <name>_SlSetSockOptCmdCtrl</name>
         <value>0x20009718</value>
         <object_component_ref idref="oc-2f5"/>
      </symbol>
      <symbol id="sm-9a2">
         <name>_SlAcceptCmdCtrl</name>
         <value>0x20009710</value>
         <object_component_ref idref="oc-2f5"/>
      </symbol>
      <symbol id="sm-9a3">
         <name>_SlListenCmdCtrl</name>
         <value>0x2000970c</value>
         <object_component_ref idref="oc-2f5"/>
      </symbol>
      <symbol id="sm-9a4">
         <name>_SlRecvCmdCtrl</name>
         <value>0x20009714</value>
         <object_component_ref idref="oc-2f5"/>
      </symbol>
      <symbol id="sm-9a5">
         <name>_SlGetSockOptCmdCtrl</name>
         <value>0x2000971c</value>
         <object_component_ref idref="oc-2f5"/>
      </symbol>
      <symbol id="sm-9a6">
         <name>_sl_HandleAsync_Accept</name>
         <value>0x200081a9</value>
         <object_component_ref idref="oc-5c8"/>
      </symbol>
      <symbol id="sm-9a7">
         <name>sl_SetSockOpt</name>
         <value>0x20008011</value>
         <object_component_ref idref="oc-159"/>
      </symbol>
      <symbol id="sm-a35">
         <name>sl_WlanDisconnect</name>
         <value>0x20009245</value>
         <object_component_ref idref="oc-e9"/>
      </symbol>
      <symbol id="sm-a36">
         <name>_SlPolicyGetCmdCtrl</name>
         <value>0x20009658</value>
         <object_component_ref idref="oc-217"/>
      </symbol>
      <symbol id="sm-a37">
         <name>_SlPolicySetCmdCtrl</name>
         <value>0x20009654</value>
         <object_component_ref idref="oc-217"/>
      </symbol>
      <symbol id="sm-a38">
         <name>_SlRxFilterGetCmdCtrl</name>
         <value>0x20009670</value>
         <object_component_ref idref="oc-217"/>
      </symbol>
      <symbol id="sm-a39">
         <name>_SlRxFilterSetCmdCtrl</name>
         <value>0x2000966c</value>
         <object_component_ref idref="oc-217"/>
      </symbol>
      <symbol id="sm-a3a">
         <name>_SlProfileGetCmdCtrl</name>
         <value>0x2000965c</value>
         <object_component_ref idref="oc-217"/>
      </symbol>
      <symbol id="sm-a3b">
         <name>_SlWlanGetNetworkListCtrl</name>
         <value>0x20009664</value>
         <object_component_ref idref="oc-217"/>
      </symbol>
      <symbol id="sm-a3c">
         <name>sl_WlanPolicySet</name>
         <value>0x20008209</value>
         <object_component_ref idref="oc-dd"/>
      </symbol>
      <symbol id="sm-a3d">
         <name>_SlProfileDelCmdCtrl</name>
         <value>0x20009660</value>
         <object_component_ref idref="oc-217"/>
      </symbol>
      <symbol id="sm-a3e">
         <name>_SlWlanSetModeCmdCtrl</name>
         <value>0x20009678</value>
         <object_component_ref idref="oc-217"/>
      </symbol>
      <symbol id="sm-a3f">
         <name>_SlWlanCfgSetCmdCtrl</name>
         <value>0x2000967c</value>
         <object_component_ref idref="oc-217"/>
      </symbol>
      <symbol id="sm-a40">
         <name>_SlWlanCfgGetCmdCtrl</name>
         <value>0x20009680</value>
         <object_component_ref idref="oc-217"/>
      </symbol>
      <symbol id="sm-a41">
         <name>sl_WlanProfileDel</name>
         <value>0x20008c8d</value>
         <object_component_ref idref="oc-e3"/>
      </symbol>
      <symbol id="sm-a42">
         <name>_SlRxFilterAddtCmdCtrl</name>
         <value>0x20009668</value>
         <object_component_ref idref="oc-217"/>
      </symbol>
      <symbol id="sm-a43">
         <name>sl_WlanRxFilterSet</name>
         <value>0x200084d5</value>
         <object_component_ref idref="oc-104"/>
      </symbol>
      <symbol id="sm-a44">
         <name>sl_WlanConnect</name>
         <value>0x200055e9</value>
         <object_component_ref idref="oc-122"/>
      </symbol>
      <symbol id="sm-a45">
         <name>sl_WlanSet</name>
         <value>0x20008079</value>
         <object_component_ref idref="oc-f5"/>
      </symbol>
      <symbol id="sm-a46">
         <name>_SlSmartConfigStartCmdCtrl</name>
         <value>0x20009674</value>
         <object_component_ref idref="oc-217"/>
      </symbol>
      <symbol id="sm-a47">
         <name>sl_WlanSetMode</name>
         <value>0x20008cbd</value>
         <object_component_ref idref="oc-cb"/>
      </symbol>
      <symbol id="sm-b5e">
         <name>g_cDummy</name>
         <value>0x2001723d</value>
      </symbol>
      <symbol id="sm-b5f">
         <name>NwpMaskInterrupt</name>
         <value>0x20009221</value>
         <object_component_ref idref="oc-3bf"/>
      </symbol>
      <symbol id="sm-b60">
         <name>NwpRegisterInterruptHandler</name>
         <value>0x200089b5</value>
         <object_component_ref idref="oc-1db"/>
      </symbol>
      <symbol id="sm-b61">
         <name>NwpPowerOnPreamble</name>
         <value>0x200078b5</value>
         <object_component_ref idref="oc-1bd"/>
      </symbol>
      <symbol id="sm-b62">
         <name>g_pHostIntHdl</name>
         <value>0x20017278</value>
         <object_component_ref idref="oc-3a9"/>
      </symbol>
      <symbol id="sm-b63">
         <name>NwpUnMaskInterrupt</name>
         <value>0x2000922d</value>
         <object_component_ref idref="oc-3d9"/>
      </symbol>
      <symbol id="sm-b64">
         <name>g_ucDinDout</name>
         <value>0x20017168</value>
         <object_component_ref idref="oc-3ac"/>
      </symbol>
      <symbol id="sm-b65">
         <name>NwpPowerOff</name>
         <value>0x20008b21</value>
         <object_component_ref idref="oc-1d5"/>
      </symbol>
      <symbol id="sm-b66">
         <name>spi_Read</name>
         <value>0x20006861</value>
         <object_component_ref idref="oc-538"/>
      </symbol>
      <symbol id="sm-b67">
         <name>DmaSpiSwIntHandler</name>
         <value>0x20008d6d</value>
         <object_component_ref idref="oc-3af"/>
      </symbol>
      <symbol id="sm-b68">
         <name>NwpPowerOn</name>
         <value>0x20008ced</value>
         <object_component_ref idref="oc-1e1"/>
      </symbol>
      <symbol id="sm-b69">
         <name>spi_Close</name>
         <value>0x20007cad</value>
         <object_component_ref idref="oc-221"/>
      </symbol>
      <symbol id="sm-b6a">
         <name>spi_Write</name>
         <value>0x200074d1</value>
         <object_component_ref idref="oc-4f3"/>
      </symbol>
      <symbol id="sm-b6b">
         <name>spi_Open</name>
         <value>0x200061dd</value>
         <object_component_ref idref="oc-1c9"/>
      </symbol>
      <symbol id="sm-b6c">
         <name>g_ucDMAEnabled</name>
         <value>0x2001727c</value>
         <object_component_ref idref="oc-3a9"/>
      </symbol>
      <symbol id="sm-b6d">
         <name>g_SpiFd</name>
         <value>0x20017274</value>
         <object_component_ref idref="oc-3a9"/>
      </symbol>
      <symbol id="sm-c3b">
         <name>SPIFIFODisable</name>
         <value>0x20008ff3</value>
         <object_component_ref idref="oc-43b"/>
      </symbol>
      <symbol id="sm-c3c">
         <name>SPICSEnable</name>
         <value>0x200090a5</value>
         <object_component_ref idref="oc-54f"/>
      </symbol>
      <symbol id="sm-c3d">
         <name>SPIDisable</name>
         <value>0x200090bd</value>
         <object_component_ref idref="oc-361"/>
      </symbol>
      <symbol id="sm-c3e">
         <name>SPIFIFOEnable</name>
         <value>0x2000900d</value>
         <object_component_ref idref="oc-385"/>
      </symbol>
      <symbol id="sm-c3f">
         <name>SPIWordCountSet</name>
         <value>0x20008e1f</value>
         <object_component_ref idref="oc-555"/>
      </symbol>
      <symbol id="sm-c40">
         <name>SPIEnable</name>
         <value>0x200090d5</value>
         <object_component_ref idref="oc-3a3"/>
      </symbol>
      <symbol id="sm-c41">
         <name>SPIDmaEnable</name>
         <value>0x20008fd9</value>
         <object_component_ref idref="oc-38b"/>
      </symbol>
      <symbol id="sm-c42">
         <name>SPIConfigSetExpClk</name>
         <value>0x2000725d</value>
         <object_component_ref idref="oc-373"/>
      </symbol>
      <symbol id="sm-c43">
         <name>SPIIntUnregister</name>
         <value>0x20009027</value>
         <object_component_ref idref="oc-435"/>
      </symbol>
      <symbol id="sm-c44">
         <name>SPIFIFOLevelSet</name>
         <value>0x20008bf9</value>
         <object_component_ref idref="oc-391"/>
      </symbol>
      <symbol id="sm-c45">
         <name>SPIDmaDisable</name>
         <value>0x20008fbf</value>
         <object_component_ref idref="oc-441"/>
      </symbol>
      <symbol id="sm-c46">
         <name>SPIReset</name>
         <value>0x20008dfd</value>
         <object_component_ref idref="oc-367"/>
      </symbol>
      <symbol id="sm-c47">
         <name>SPIIntEnable</name>
         <value>0x20008579</value>
         <object_component_ref idref="oc-39d"/>
      </symbol>
      <symbol id="sm-c48">
         <name>SPIIntClear</name>
         <value>0x200087d5</value>
         <object_component_ref idref="oc-4c7"/>
      </symbol>
      <symbol id="sm-c49">
         <name>SPICSDisable</name>
         <value>0x2000908d</value>
         <object_component_ref idref="oc-35b"/>
      </symbol>
      <symbol id="sm-ca0">
         <name>uDMAChannelControlSet</name>
         <value>0x20008ae5</value>
         <object_component_ref idref="oc-5dc"/>
      </symbol>
      <symbol id="sm-ca1">
         <name>uDMAChannelAttributeEnable</name>
         <value>0x20008145</value>
         <object_component_ref idref="oc-5e2"/>
      </symbol>
      <symbol id="sm-ca2">
         <name>uDMAChannelTransferSet</name>
         <value>0x20006951</value>
         <object_component_ref idref="oc-5e8"/>
      </symbol>
      <symbol id="sm-ca3">
         <name>uDMAChannelAssign</name>
         <value>0x20008741</value>
         <object_component_ref idref="oc-4aa"/>
      </symbol>
      <symbol id="sm-ca4">
         <name>uDMAChannelAttributeDisable</name>
         <value>0x200080e1</value>
         <object_component_ref idref="oc-4b0"/>
      </symbol>
      <symbol id="sm-ca5">
         <name>uDMAChannelEnable</name>
         <value>0x20008f55</value>
         <object_component_ref idref="oc-5ee"/>
      </symbol>
      <symbol id="sm-ca6">
         <name>__TI_static_base__</name>
         <value>0x20009818</value>
      </symbol>
      <symbol id="sm-ca9">
         <name>SHT$$INIT_ARRAY$$Limit</name>
         <value>0x0</value>
      </symbol>
      <symbol id="sm-caa">
         <name>SHT$$INIT_ARRAY$$Base</name>
         <value>0x0</value>
      </symbol>
   </symbol_table>
   <title>Link successful</title>
</link_info>
